[2026-06-30T14:01:34Z] auto-run start: state=INIT
[2026-06-30T14:01:35Z] auto-run: running step=planner
[2026-06-30T14:01:35Z] prompt: resolved=prompts/generic/planner.md source=generic
[2026-06-30T14:01:35Z] prompt: generic fallback — injecting runs/T218/ticket.md
[2026-06-30T14:01:35Z] compose: global-context=docs/ai/global-context.md
[2026-06-30T14:01:35Z] compose: role=ai/roles/planner.md
[2026-06-30T14:01:35Z] compose: skill=ai/skills/workflow-discipline.md
[2026-06-30T14:01:35Z] compose: skill=ai/skills/architecture-discipline.md
[2026-06-30T14:01:35Z] compose: skill=ai/skills/documentation.md
[2026-06-30T14:01:35Z] compose: task (canonical prompt)
[2026-06-30T14:01:35Z] snapshot: runtime-prompt=runs/T218/prompts/planner-attempt-1.md
[2026-06-30T14:05:38Z] auto-run: step=planner done rc=0
[2026-06-30T14:28:58Z] auto-run start: state=PLAN_FIX_REQUIRED
[2026-06-30T14:28:58Z] auto-run: running step=planner
[2026-06-30T14:28:58Z] auto-run: fix context: previous_output=runs/T218/plan.md
[2026-06-30T14:28:58Z] auto-run: fix context: review=runs/T218/reviews/plan-review-batch-status-and-retry-semantics.md
[2026-06-30T14:28:58Z] auto-run: fix context: fix_instructions=runs/T218/fixes/plan-fix-batch-status-and-retry-semantics.md
[2026-06-30T14:28:58Z] auto-run: fix context: context_file=runs/T218/fixes/context-20260630T142858Z.md
[2026-06-30T14:28:58Z] prompt: resolved=prompts/generic/planner.md source=generic
[2026-06-30T14:28:58Z] prompt: generic fallback — injecting runs/T218/ticket.md
[2026-06-30T14:28:58Z] compose: global-context=docs/ai/global-context.md
[2026-06-30T14:28:58Z] compose: role=ai/roles/planner.md
[2026-06-30T14:28:58Z] compose: skill=ai/skills/workflow-discipline.md
[2026-06-30T14:28:58Z] compose: skill=ai/skills/architecture-discipline.md
[2026-06-30T14:28:58Z] compose: skill=ai/skills/documentation.md
[2026-06-30T14:28:58Z] compose: task (canonical prompt)
[2026-06-30T14:28:58Z] compose: extra-context=runs/T218/fixes/context-20260630T142858Z.md
[2026-06-30T14:28:58Z] snapshot: runtime-prompt=runs/T218/prompts/planner-attempt-2.md
[2026-06-30T14:30:26Z] auto-run: step=planner done rc=0
[2026-06-30T14:33:50Z] auto-run start: state=PLAN_APPROVED
[2026-06-30T14:33:50Z] auto-run: running step=coder
[2026-06-30T14:33:50Z] prompt: resolved=prompts/generic/coder.md source=generic
[2026-06-30T14:33:50Z] prompt: generic fallback — injecting runs/T218/ticket.md
[2026-06-30T14:33:50Z] compose: global-context=docs/ai/global-context.md
[2026-06-30T14:33:50Z] compose: role=ai/roles/coder.md
[2026-06-30T14:33:50Z] compose: skill=ai/skills/workflow-discipline.md
[2026-06-30T14:33:50Z] compose: skill=ai/skills/git-discipline.md
[2026-06-30T14:33:50Z] compose: skill=ai/skills/code-quality.md
[2026-06-30T14:33:50Z] compose: skill=ai/skills/refactor-safety.md
[2026-06-30T14:33:50Z] compose: skill=ai/skills/security.md
[2026-06-30T14:33:50Z] compose: task (canonical prompt)
[2026-06-30T14:33:50Z] snapshot: runtime-prompt=runs/T218/prompts/coder-attempt-1.md
[2026-06-30T14:52:25Z] auto-run start: state=IMPLEMENTATION_REVIEW_NEEDED
[2026-06-30T14:52:25Z] auto-run: running step=review
[2026-06-30T14:52:25Z] auto-run: review decision context: context_file=runs/T218/reviews/review-decision-context-IMPLEMENTATION_REVIEW_NEEDED.md
[2026-06-30T14:52:25Z] prompt: resolved=prompts/generic/review.md source=generic
[2026-06-30T14:52:25Z] prompt: generic fallback — injecting runs/T218/ticket.md
[2026-06-30T14:52:25Z] compose: global-context=docs/ai/global-context.md
[2026-06-30T14:52:25Z] compose: role=ai/roles/reviewer.md
[2026-06-30T14:52:25Z] compose: skill=ai/skills/workflow-discipline.md
[2026-06-30T14:52:25Z] compose: skill=ai/skills/code-quality.md
[2026-06-30T14:52:25Z] compose: skill=ai/skills/refactor-safety.md
[2026-06-30T14:52:25Z] compose: skill=ai/skills/security.md
[2026-06-30T14:52:25Z] compose: task (canonical prompt)
[2026-06-30T14:52:25Z] compose: extra-context=runs/T218/reviews/review-decision-context-IMPLEMENTATION_REVIEW_NEEDED.md
[2026-06-30T14:52:25Z] snapshot: runtime-prompt=runs/T218/prompts/review-attempt-1.md
[2026-06-30T15:34:57Z] auto-run start: state=IMPLEMENTATION_APPROVED
[2026-06-30T15:34:57Z] auto-run: running step=tester
[2026-06-30T15:34:58Z] prompt: resolved=prompts/generic/tester.md source=generic
[2026-06-30T15:34:58Z] prompt: generic fallback — injecting runs/T218/ticket.md
[2026-06-30T15:34:58Z] compose: global-context=docs/ai/global-context.md
[2026-06-30T15:34:58Z] compose: role=ai/roles/tester.md
[2026-06-30T15:34:58Z] compose: skill=ai/skills/workflow-discipline.md
[2026-06-30T15:34:58Z] compose: skill=ai/skills/testing.md
[2026-06-30T15:34:58Z] compose: skill=ai/skills/debugging.md
[2026-06-30T15:34:58Z] compose: task (canonical prompt)
[2026-06-30T15:34:58Z] snapshot: runtime-prompt=runs/T218/prompts/tester-attempt-1.md
[2026-06-30T15:41:10Z] auto-run: step=tester done rc=0
[2026-06-30T15:41:10Z] auto-run: transition IMPLEMENTATION_APPROVED → TEST_COMPLETE
[2026-06-30T15:41:10Z] auto-run: auto-commit triggered (step=tester, include_code=True)
[2026-06-30T15:41:10Z] commit-checkpoint: unstaged runtime garbage: ['runs/T218/daemon.lock', 'runs/T218/runtime.log']
[2026-06-30T15:41:10Z] commit-checkpoint: sha=7ad8a772 files=4 title='test(T218/workflow): tester — update 4 file(s)'
[2026-06-30T15:41:10Z] auto-run: auto-push triggered
[2026-06-30T15:41:10Z] push: tolerating runtime dirty files (not blocking): ['runs/T218/daemon.lock', 'runs/T218/runtime.log']
[2026-06-30T15:41:10Z] push: pushing branch=ticket/T218-add-batch-based-backlog-ingestion-and-dependency-a
[2026-06-30T15:41:12Z] push: done branch=ticket/T218-add-batch-based-backlog-ingestion-and-dependency-a
