[2026-06-03T21:40:08Z] auto-run start: state=INIT
[2026-06-03T21:40:08Z] auto-run: running step=planner
[2026-06-03T21:40:08Z] prompt: resolved=prompts/generic/planner.md source=generic
[2026-06-03T21:40:08Z] prompt: generic fallback — injecting runs/T171/ticket.md
[2026-06-03T21:40:08Z] compose: global-context=docs/ai/global-context.md
[2026-06-03T21:40:08Z] compose: role=ai/roles/planner.md
[2026-06-03T21:40:08Z] compose: skill=ai/skills/workflow-discipline.md
[2026-06-03T21:40:08Z] compose: skill=ai/skills/architecture-discipline.md
[2026-06-03T21:40:08Z] compose: skill=ai/skills/documentation.md
[2026-06-03T21:40:08Z] compose: task (canonical prompt)
[2026-06-03T21:40:08Z] snapshot: runtime-prompt=runs/T171/prompts/planner-attempt-1.md
[2026-06-03T21:40:39Z] auto-run start: state=INIT
[2026-06-03T21:40:39Z] auto-run: running step=planner
[2026-06-03T21:40:39Z] prompt: resolved=prompts/generic/planner.md source=generic
[2026-06-03T21:40:39Z] prompt: generic fallback — injecting runs/T171/ticket.md
[2026-06-03T21:40:39Z] compose: global-context=docs/ai/global-context.md
[2026-06-03T21:40:39Z] compose: role=ai/roles/planner.md
[2026-06-03T21:40:39Z] compose: skill=ai/skills/workflow-discipline.md
[2026-06-03T21:40:39Z] compose: skill=ai/skills/architecture-discipline.md
[2026-06-03T21:40:39Z] compose: skill=ai/skills/documentation.md
[2026-06-03T21:40:39Z] compose: task (canonical prompt)
[2026-06-03T21:40:39Z] snapshot: runtime-prompt=runs/T171/prompts/planner-attempt-2.md
[2026-06-03T21:42:10Z] auto-run: step=planner done rc=0
