[2026-05-26T07:38:31Z] auto-run start: state=INIT
[2026-05-26T07:38:31Z] auto-run: running step=planner
[2026-05-26T07:38:31Z] prompt: resolved=prompts/generic/planner.md source=generic
[2026-05-26T07:38:31Z] prompt: generic fallback — injecting runs/T148/ticket.md
[2026-05-26T07:38:31Z] compose: global-context=docs/ai/global-context.md
[2026-05-26T07:38:31Z] compose: role=ai/roles/planner.md
[2026-05-26T07:38:31Z] compose: skill=ai/skills/workflow-discipline.md
[2026-05-26T07:38:31Z] compose: skill=ai/skills/architecture-discipline.md
[2026-05-26T07:38:31Z] compose: skill=ai/skills/documentation.md
[2026-05-26T07:38:31Z] compose: task (canonical prompt)
[2026-05-26T07:38:31Z] snapshot: runtime-prompt=runs/T148/prompts/planner-attempt-1.md
[2026-05-26T07:40:59Z] auto-run: step=planner done rc=0
[2026-05-26T07:41:01Z] planner checkpoint: committed
[2026-05-26T07:41:01Z] planner checkpoint: pushed
[2026-05-26T07:41:01Z] planner validation success
[2026-05-26T07:41:01Z] auto-run: transition INIT → PLAN_REVIEW_NEEDED
[2026-05-26T07:41:01Z] auto-run: auto-commit triggered (step=planner, include_code=True)
[2026-05-26T07:41:01Z] commit-checkpoint: unstaged runtime garbage: ['runs/T148/runtime.log']
[2026-05-26T07:41:01Z] commit-checkpoint: sha=478ba402 files=2 title='docs(T148/workflow): planner — update 2 file(s)'
[2026-05-26T07:41:01Z] auto-run: auto-push triggered
[2026-05-26T07:41:01Z] push: tolerating runtime dirty files (not blocking): ['runs/T148/runtime.log']
[2026-05-26T07:41:01Z] push: pushing branch=ticket/T148-t148-generic-sandbox-undeploy-lifecycle
[2026-05-26T07:41:03Z] push: done branch=ticket/T148-t148-generic-sandbox-undeploy-lifecycle
[2026-05-26T07:49:58Z] auto-run start: state=PLAN_APPROVED
[2026-05-26T07:49:58Z] auto-run: running step=coder
[2026-05-26T07:49:58Z] prompt: resolved=prompts/generic/coder.md source=generic
[2026-05-26T07:49:58Z] prompt: generic fallback — injecting runs/T148/ticket.md
[2026-05-26T07:49:58Z] compose: global-context=docs/ai/global-context.md
[2026-05-26T07:49:58Z] compose: role=ai/roles/coder.md
[2026-05-26T07:49:58Z] compose: skill=ai/skills/workflow-discipline.md
[2026-05-26T07:49:58Z] compose: skill=ai/skills/git-discipline.md
[2026-05-26T07:49:58Z] compose: skill=ai/skills/code-quality.md
[2026-05-26T07:49:58Z] compose: skill=ai/skills/refactor-safety.md
[2026-05-26T07:49:58Z] compose: skill=ai/skills/security.md
[2026-05-26T07:49:58Z] compose: task (canonical prompt)
[2026-05-26T07:49:58Z] snapshot: runtime-prompt=runs/T148/prompts/coder-attempt-1.md
