[2026-06-21T19:10:14Z] auto-run start: state=INIT
[2026-06-21T19:10:14Z] auto-run: running step=planner
[2026-06-21T19:10:14Z] prompt: resolved=prompts/generic/planner.md source=generic
[2026-06-21T19:10:14Z] prompt: generic fallback — injecting runs/T200/ticket.md
[2026-06-21T19:10:14Z] compose: global-context=docs/ai/global-context.md
[2026-06-21T19:10:14Z] compose: role=ai/roles/planner.md
[2026-06-21T19:10:14Z] compose: skill=ai/skills/workflow-discipline.md
[2026-06-21T19:10:14Z] compose: skill=ai/skills/architecture-discipline.md
[2026-06-21T19:10:14Z] compose: skill=ai/skills/documentation.md
[2026-06-21T19:10:14Z] compose: task (canonical prompt)
[2026-06-21T19:10:14Z] snapshot: runtime-prompt=runs/T200/prompts/planner-attempt-1.md
[2026-06-21T19:12:29Z] auto-run: step=planner done rc=0
[2026-06-21T19:12:31Z] planner checkpoint: committed
[2026-06-21T19:12:31Z] planner checkpoint: pushed
[2026-06-21T19:12:31Z] planner validation success
[2026-06-21T19:12:31Z] auto-run: transition INIT → PLAN_REVIEW_NEEDED
[2026-06-21T19:12:31Z] auto-run: auto-commit triggered (step=planner, include_code=True)
[2026-06-21T19:12:31Z] commit-checkpoint: unstaged runtime garbage: ['runs/T200/runtime.log']
[2026-06-21T19:12:31Z] commit-checkpoint: sha=33241f8c files=2 title='docs(T200/workflow): planner — update 2 file(s)'
[2026-06-21T19:12:31Z] auto-run: auto-push triggered
[2026-06-21T19:12:31Z] push: tolerating runtime dirty files (not blocking): ['runs/T200/runtime.log']
[2026-06-21T19:12:31Z] push: pushing branch=ticket/T200-add-human-approval-workflow-and-ready-to-take-life
[2026-06-21T19:12:33Z] push: done branch=ticket/T200-add-human-approval-workflow-and-ready-to-take-life
