[2026-05-23T13:36:41Z] auto-run start: state=INIT
[2026-05-23T13:36:41Z] auto-run: running step=planner
[2026-05-23T13:36:41Z] prompt: resolved=prompts/generic/planner.md source=generic
[2026-05-23T13:36:41Z] prompt: generic fallback — injecting runs/T142/ticket.md
[2026-05-23T13:36:41Z] compose: global-context=docs/ai/global-context.md
[2026-05-23T13:36:41Z] compose: role=ai/roles/planner.md
[2026-05-23T13:36:41Z] compose: skill=ai/skills/workflow-discipline.md
[2026-05-23T13:36:41Z] compose: skill=ai/skills/architecture-discipline.md
[2026-05-23T13:36:41Z] compose: skill=ai/skills/documentation.md
[2026-05-23T13:36:41Z] compose: task (canonical prompt)
[2026-05-23T13:36:41Z] snapshot: runtime-prompt=runs/T142/prompts/planner-attempt-1.md
[2026-05-23T13:39:25Z] auto-run: step=planner done rc=0
[2026-05-23T13:39:27Z] planner checkpoint: committed
[2026-05-23T13:39:27Z] planner checkpoint: pushed
[2026-05-23T13:39:27Z] planner validation success
[2026-05-23T13:39:27Z] auto-run: transition INIT → PLAN_REVIEW_NEEDED
[2026-05-23T13:39:27Z] auto-run: auto-commit triggered (step=planner, include_code=True)
[2026-05-23T13:39:28Z] commit-checkpoint: unstaged runtime garbage: ['runs/T142/runtime.log']
[2026-05-23T13:39:28Z] commit-checkpoint: sha=e01b71c2 files=2 title='docs(T142/workflow): planner — update 2 file(s)'
[2026-05-23T13:39:28Z] auto-run: auto-push triggered
[2026-05-23T13:39:28Z] push: tolerating runtime dirty files (not blocking): ['runs/T142/runtime.log']
[2026-05-23T13:39:28Z] push: pushing branch=ticket/T142-t142-sandbox-root-separation-and-portable-environm
[2026-05-23T13:39:29Z] push: done branch=ticket/T142-t142-sandbox-root-separation-and-portable-environm
[2026-05-23T13:58:30Z] auto-run start: state=IMPLEMENTATION_APPROVED
[2026-05-23T13:58:30Z] auto-run: running step=tester
[2026-05-23T13:58:30Z] prompt: resolved=prompts/generic/tester.md source=generic
[2026-05-23T13:58:30Z] prompt: generic fallback — injecting runs/T142/ticket.md
[2026-05-23T13:58:30Z] compose: global-context=docs/ai/global-context.md
[2026-05-23T13:58:30Z] compose: role=ai/roles/tester.md
[2026-05-23T13:58:30Z] compose: skill=ai/skills/workflow-discipline.md
[2026-05-23T13:58:30Z] compose: skill=ai/skills/testing.md
[2026-05-23T13:58:30Z] compose: skill=ai/skills/debugging.md
[2026-05-23T13:58:30Z] compose: task (canonical prompt)
[2026-05-23T13:58:30Z] snapshot: runtime-prompt=runs/T142/prompts/tester-attempt-1.md
