[2026-06-05T07:30:18Z] auto-run start: state=INIT
[2026-06-05T07:30:18Z] auto-run: running step=planner
[2026-06-05T07:30:18Z] prompt: resolved=prompts/generic/planner.md source=generic
[2026-06-05T07:30:18Z] prompt: generic fallback — injecting runs/T175/ticket.md
[2026-06-05T07:30:18Z] compose: global-context=docs/ai/global-context.md
[2026-06-05T07:30:18Z] compose: role=ai/roles/planner.md
[2026-06-05T07:30:18Z] compose: skill=ai/skills/workflow-discipline.md
[2026-06-05T07:30:18Z] compose: skill=ai/skills/architecture-discipline.md
[2026-06-05T07:30:18Z] compose: skill=ai/skills/documentation.md
[2026-06-05T07:30:18Z] compose: task (canonical prompt)
[2026-06-05T07:30:19Z] snapshot: runtime-prompt=runs/T175/prompts/planner-attempt-1.md
[2026-06-05T07:33:37Z] auto-run: step=planner done rc=0
[2026-06-05T07:33:39Z] planner checkpoint: committed
[2026-06-05T07:33:39Z] planner checkpoint: pushed
[2026-06-05T07:33:39Z] planner validation success
[2026-06-05T07:33:39Z] auto-run: transition INIT → PLAN_REVIEW_NEEDED
[2026-06-05T07:33:39Z] auto-run: auto-commit triggered (step=planner, include_code=True)
[2026-06-05T07:33:39Z] commit-checkpoint: unstaged runtime garbage: ['runs/T175/runtime.log']
[2026-06-05T07:33:39Z] commit-checkpoint: sha=a016d3c6 files=2 title='docs(T175/workflow): planner — update 2 file(s)'
[2026-06-05T07:33:39Z] auto-run: auto-push triggered
[2026-06-05T07:33:40Z] push: tolerating runtime dirty files (not blocking): ['runs/T175/runtime.log']
[2026-06-05T07:33:40Z] push: pushing branch=ticket/T175-t175-environment-creation-ui-must-expose-and-valid
[2026-06-05T07:33:42Z] push: done branch=ticket/T175-t175-environment-creation-ui-must-expose-and-valid
[2026-06-05T07:53:36Z] auto-run start: state=IMPLEMENTATION_APPROVED
[2026-06-05T07:53:36Z] auto-run: running step=tester
[2026-06-05T07:53:36Z] prompt: resolved=prompts/generic/tester.md source=generic
[2026-06-05T07:53:36Z] prompt: generic fallback — injecting runs/T175/ticket.md
[2026-06-05T07:53:36Z] compose: global-context=docs/ai/global-context.md
[2026-06-05T07:53:36Z] compose: role=ai/roles/tester.md
[2026-06-05T07:53:36Z] compose: skill=ai/skills/workflow-discipline.md
[2026-06-05T07:53:36Z] compose: skill=ai/skills/testing.md
[2026-06-05T07:53:36Z] compose: skill=ai/skills/debugging.md
[2026-06-05T07:53:36Z] compose: task (canonical prompt)
[2026-06-05T07:53:36Z] snapshot: runtime-prompt=runs/T175/prompts/tester-attempt-1.md
[2026-06-05T07:58:13Z] auto-run: step=tester done rc=0
[2026-06-05T07:58:13Z] auto-run: transition IMPLEMENTATION_APPROVED → TEST_COMPLETE
[2026-06-05T07:58:13Z] auto-run: auto-commit triggered (step=tester, include_code=True)
[2026-06-05T07:58:13Z] commit-checkpoint: unstaged runtime garbage: ['runs/T175/runtime.log']
[2026-06-05T07:58:13Z] commit-checkpoint: sha=fd2b8a6e files=5 title='test(T175/workflow): tester — update 5 file(s)'
[2026-06-05T07:58:13Z] auto-run: auto-push triggered
[2026-06-05T07:58:13Z] push: tolerating runtime dirty files (not blocking): ['runs/T175/runtime.log']
[2026-06-05T07:58:13Z] push: pushing branch=ticket/T175-t175-environment-creation-ui-must-expose-and-valid
[2026-06-05T07:58:15Z] push: done branch=ticket/T175-t175-environment-creation-ui-must-expose-and-valid
