[2026-06-24T17:16:27Z] auto-run start: state=INIT
[2026-06-24T17:16:27Z] auto-run: running step=planner
[2026-06-24T17:16:27Z] prompt: resolved=prompts/generic/planner.md source=generic
[2026-06-24T17:16:27Z] prompt: generic fallback — injecting runs/T213/ticket.md
[2026-06-24T17:16:27Z] compose: global-context=docs/ai/global-context.md
[2026-06-24T17:16:27Z] compose: role=ai/roles/planner.md
[2026-06-24T17:16:27Z] compose: skill=ai/skills/workflow-discipline.md
[2026-06-24T17:16:27Z] compose: skill=ai/skills/architecture-discipline.md
[2026-06-24T17:16:27Z] compose: skill=ai/skills/documentation.md
[2026-06-24T17:16:27Z] compose: task (canonical prompt)
[2026-06-24T17:16:27Z] snapshot: runtime-prompt=runs/T213/prompts/planner-attempt-1.md
[2026-06-24T17:20:02Z] auto-run: step=planner done rc=0
[2026-06-24T17:20:05Z] planner checkpoint: committed
[2026-06-24T17:20:05Z] planner checkpoint: pushed
[2026-06-24T17:20:05Z] planner validation success
[2026-06-24T17:20:05Z] auto-run: transition INIT → PLAN_REVIEW_NEEDED
[2026-06-24T17:20:05Z] auto-run: auto-commit triggered (step=planner, include_code=True)
[2026-06-24T17:20:05Z] commit-checkpoint: unstaged runtime garbage: ['runs/T213/runtime.log']
[2026-06-24T17:20:05Z] commit-checkpoint: sha=e3a01aa2 files=2 title='docs(T213/workflow): planner — update 2 file(s)'
[2026-06-24T17:20:05Z] auto-run: auto-push triggered
[2026-06-24T17:20:05Z] push: tolerating runtime dirty files (not blocking): ['runs/T213/runtime.log']
[2026-06-24T17:20:05Z] push: pushing branch=ticket/T213-fix-ticket-readiness-to-evaluate-only-workflow-ent
[2026-06-24T17:20:07Z] push: done branch=ticket/T213-fix-ticket-readiness-to-evaluate-only-workflow-ent
[2026-06-24T17:39:18Z] auto-run start: state=PLAN_APPROVED
[2026-06-24T17:39:18Z] auto-run: running step=coder
[2026-06-24T17:39:18Z] prompt: resolved=prompts/generic/coder.md source=generic
[2026-06-24T17:39:18Z] prompt: generic fallback — injecting runs/T213/ticket.md
[2026-06-24T17:39:18Z] compose: global-context=docs/ai/global-context.md
[2026-06-24T17:39:18Z] compose: role=ai/roles/coder.md
[2026-06-24T17:39:18Z] compose: skill=ai/skills/workflow-discipline.md
[2026-06-24T17:39:18Z] compose: skill=ai/skills/git-discipline.md
[2026-06-24T17:39:18Z] compose: skill=ai/skills/code-quality.md
[2026-06-24T17:39:18Z] compose: skill=ai/skills/refactor-safety.md
[2026-06-24T17:39:18Z] compose: skill=ai/skills/security.md
[2026-06-24T17:39:18Z] compose: task (canonical prompt)
[2026-06-24T17:39:18Z] snapshot: runtime-prompt=runs/T213/prompts/coder-attempt-1.md
