[2026-06-02T12:17:02Z] auto-run start: state=INIT
[2026-06-02T12:17:02Z] auto-run: running step=planner
[2026-06-02T12:17:02Z] prompt: resolved=prompts/generic/planner.md source=generic
[2026-06-02T12:17:02Z] prompt: generic fallback — injecting runs/T167/ticket.md
[2026-06-02T12:17:02Z] compose: global-context=docs/ai/global-context.md
[2026-06-02T12:17:02Z] compose: role=ai/roles/planner.md
[2026-06-02T12:17:02Z] compose: skill=ai/skills/workflow-discipline.md
[2026-06-02T12:17:02Z] compose: skill=ai/skills/architecture-discipline.md
[2026-06-02T12:17:02Z] compose: skill=ai/skills/documentation.md
[2026-06-02T12:17:02Z] compose: task (canonical prompt)
[2026-06-02T12:17:02Z] snapshot: runtime-prompt=runs/T167/prompts/planner-attempt-1.md
[2026-06-02T12:23:50Z] auto-run: step=planner done rc=0
[2026-06-02T12:23:52Z] planner checkpoint: committed
[2026-06-02T12:23:52Z] planner checkpoint: pushed
[2026-06-02T12:23:52Z] planner validation success
[2026-06-02T12:23:52Z] auto-run: transition INIT → PLAN_REVIEW_NEEDED
[2026-06-02T12:23:52Z] auto-run: auto-commit triggered (step=planner, include_code=True)
[2026-06-02T12:23:52Z] commit-checkpoint: unstaged runtime garbage: ['runs/T167/runtime.log']
[2026-06-02T12:23:52Z] commit-checkpoint: sha=0a50cbb5 files=2 title='docs(T167/workflow): planner — update 2 file(s)'
[2026-06-02T12:23:52Z] auto-run: auto-push triggered
[2026-06-02T12:23:52Z] push: tolerating runtime dirty files (not blocking): ['runs/T167/runtime.log']
[2026-06-02T12:23:52Z] push: pushing branch=ticket/T167-t167-fix-traefik-dns-service-discovery-by-enforcin
[2026-06-02T12:23:54Z] push: done branch=ticket/T167-t167-fix-traefik-dns-service-discovery-by-enforcin
[2026-06-02T13:06:41Z] auto-run start: state=PLAN_APPROVED
[2026-06-02T13:06:41Z] auto-run: running step=coder
[2026-06-02T13:06:41Z] prompt: resolved=prompts/generic/coder.md source=generic
[2026-06-02T13:06:41Z] prompt: generic fallback — injecting runs/T167/ticket.md
[2026-06-02T13:06:41Z] compose: global-context=docs/ai/global-context.md
[2026-06-02T13:06:41Z] compose: role=ai/roles/coder.md
[2026-06-02T13:06:41Z] compose: skill=ai/skills/workflow-discipline.md
[2026-06-02T13:06:41Z] compose: skill=ai/skills/git-discipline.md
[2026-06-02T13:06:41Z] compose: skill=ai/skills/code-quality.md
[2026-06-02T13:06:41Z] compose: skill=ai/skills/refactor-safety.md
[2026-06-02T13:06:41Z] compose: skill=ai/skills/security.md
[2026-06-02T13:06:41Z] compose: task (canonical prompt)
[2026-06-02T13:06:41Z] snapshot: runtime-prompt=runs/T167/prompts/coder-attempt-1.md
[2026-06-02T13:39:17Z] auto-run start: state=IMPLEMENTATION_APPROVED
[2026-06-02T13:39:17Z] auto-run: running step=tester
[2026-06-02T13:39:17Z] prompt: resolved=prompts/generic/tester.md source=generic
[2026-06-02T13:39:17Z] prompt: generic fallback — injecting runs/T167/ticket.md
[2026-06-02T13:39:17Z] compose: global-context=docs/ai/global-context.md
[2026-06-02T13:39:17Z] compose: role=ai/roles/tester.md
[2026-06-02T13:39:17Z] compose: skill=ai/skills/workflow-discipline.md
[2026-06-02T13:39:17Z] compose: skill=ai/skills/testing.md
[2026-06-02T13:39:17Z] compose: skill=ai/skills/debugging.md
[2026-06-02T13:39:17Z] compose: task (canonical prompt)
[2026-06-02T13:39:17Z] snapshot: runtime-prompt=runs/T167/prompts/tester-attempt-1.md
