[2026-05-15T15:59:52Z] intake: issue=#38 title='T034 — Visual workflow timeline in dashboard' branch=ticket/T100-t034-visual-workflow-timeline-in-dashboard
[2026-05-15T15:59:52Z] intake: done
[2026-05-15T15:59:52Z] bootstrap checkpoint completed
[2026-05-15T15:59:54Z] checkpoint push for T100
[2026-05-15T15:59:54Z] commit-checkpoint: skipped missing scope paths: package.json, package-lock.json
[2026-05-15T15:59:55Z] commit-checkpoint: sha=c234a40 message='T100: checkpoint [INIT] — update workflow artifacts'
[2026-05-15T15:59:57Z] auto-run start: state=INIT
[2026-05-15T15:59:57Z] auto-run: running step=planner
[2026-05-15T15:59:57Z] prompt: resolved=prompts/generic/planner.md source=generic
[2026-05-15T15:59:57Z] prompt: generic fallback — injecting runs/T100/ticket.md
[2026-05-15T15:59:57Z] compose: global-context=docs/ai/global-context.md
[2026-05-15T15:59:57Z] compose: role=ai/roles/planner.md
[2026-05-15T15:59:57Z] compose: skill=ai/skills/workflow-discipline.md
[2026-05-15T15:59:57Z] compose: skill=ai/skills/architecture-discipline.md
[2026-05-15T15:59:57Z] compose: skill=ai/skills/documentation.md
[2026-05-15T15:59:57Z] compose: task (canonical prompt)
[2026-05-15T15:59:57Z] snapshot: runtime-prompt=runs/T100/prompts/planner-attempt-1.md
[2026-05-15T16:04:11Z] auto-run: step=planner done rc=0
[2026-05-15T16:04:11Z] planner validation success
[2026-05-15T16:04:11Z] auto-run: transition INIT → PLAN_REVIEW_NEEDED
[2026-05-15T16:05:21Z] commit-checkpoint: skipped missing scope paths: package.json, package-lock.json
[2026-05-15T16:05:22Z] commit-checkpoint: sha=890972b message='T100: checkpoint [PLAN_REVIEW_NEEDED] — update workflow artifacts'
[2026-05-15T16:05:22Z] push: pushing branch=ticket/T100-t034-visual-workflow-timeline-in-dashboard
[2026-05-15T16:05:24Z] push: done branch=ticket/T100-t034-visual-workflow-timeline-in-dashboard
[2026-05-15T16:06:22Z] human-approval: approve-plan — PLAN_REVIEW_NEEDED → PLAN_APPROVED
[2026-05-15T16:06:41Z] commit-checkpoint: skipped missing scope paths: package.json, package-lock.json
[2026-05-15T16:06:41Z] commit-checkpoint: sha=99f5f60 message='T100: checkpoint [PLAN_APPROVED] — update workflow artifacts'
[2026-05-15T16:06:41Z] push: pushing branch=ticket/T100-t034-visual-workflow-timeline-in-dashboard
[2026-05-15T16:06:43Z] push: done branch=ticket/T100-t034-visual-workflow-timeline-in-dashboard
[2026-05-15T16:06:44Z] auto-run start: state=PLAN_APPROVED
[2026-05-15T16:06:44Z] auto-run: running step=coder
[2026-05-15T16:06:44Z] prompt: resolved=prompts/generic/coder.md source=generic
[2026-05-15T16:06:44Z] prompt: generic fallback — injecting runs/T100/ticket.md
[2026-05-15T16:06:44Z] compose: global-context=docs/ai/global-context.md
[2026-05-15T16:06:44Z] compose: role=ai/roles/coder.md
[2026-05-15T16:06:44Z] compose: skill=ai/skills/workflow-discipline.md
[2026-05-15T16:06:44Z] compose: skill=ai/skills/git-discipline.md
[2026-05-15T16:06:44Z] compose: skill=ai/skills/code-quality.md
[2026-05-15T16:06:44Z] compose: skill=ai/skills/refactor-safety.md
[2026-05-15T16:06:44Z] compose: skill=ai/skills/security.md
[2026-05-15T16:06:44Z] compose: task (canonical prompt)
[2026-05-15T16:06:44Z] snapshot: runtime-prompt=runs/T100/prompts/coder-attempt-1.md
[2026-05-15T16:16:07Z] auto-run: step=coder done rc=0
[2026-05-15T16:16:07Z] auto-run: transition PLAN_APPROVED → IMPLEMENTATION_REVIEW_NEEDED
[2026-05-15T16:19:10Z] commit-checkpoint: skipped missing scope paths: package.json, package-lock.json
[2026-05-15T16:19:11Z] commit-checkpoint: failed to stage ai/
[2026-05-15T16:19:11Z] push: warning — working tree dirty
[2026-05-15T16:19:11Z] push: pushing branch=ticket/T100-t034-visual-workflow-timeline-in-dashboard
[2026-05-15T16:19:12Z] push: done branch=ticket/T100-t034-visual-workflow-timeline-in-dashboard
[2026-05-15T16:19:23Z] commit-checkpoint: skipped missing scope paths: package.json, package-lock.json
[2026-05-15T16:19:23Z] commit-checkpoint: sha=e3a1857 message='T100: checkpoint [IMPLEMENTATION_REVIEW_NEEDED] — update workflow artifacts'
[2026-05-15T16:19:23Z] push: pushing branch=ticket/T100-t034-visual-workflow-timeline-in-dashboard
[2026-05-15T16:19:25Z] push: done branch=ticket/T100-t034-visual-workflow-timeline-in-dashboard
[2026-05-15T16:19:41Z] auto-run start: state=IMPLEMENTATION_REVIEW_NEEDED
[2026-05-15T16:19:41Z] auto-run: running step=review
[2026-05-15T16:19:41Z] auto-run: review decision context: context_file=runs/T100/reviews/review-decision-context-IMPLEMENTATION_REVIEW_NEEDED.md
[2026-05-15T16:19:41Z] prompt: resolved=prompts/generic/review.md source=generic
[2026-05-15T16:19:41Z] prompt: generic fallback — injecting runs/T100/ticket.md
[2026-05-15T16:19:41Z] compose: global-context=docs/ai/global-context.md
[2026-05-15T16:19:41Z] compose: role=ai/roles/reviewer.md
[2026-05-15T16:19:41Z] compose: skill=ai/skills/workflow-discipline.md
[2026-05-15T16:19:41Z] compose: skill=ai/skills/code-quality.md
[2026-05-15T16:19:41Z] compose: skill=ai/skills/refactor-safety.md
[2026-05-15T16:19:41Z] compose: skill=ai/skills/security.md
[2026-05-15T16:19:41Z] compose: task (canonical prompt)
[2026-05-15T16:19:41Z] compose: extra-context=runs/T100/reviews/review-decision-context-IMPLEMENTATION_REVIEW_NEEDED.md
[2026-05-15T16:19:41Z] snapshot: runtime-prompt=runs/T100/prompts/review-attempt-1.md
[2026-05-15T16:19:54Z] commit-checkpoint: skipped missing scope paths: package.json, package-lock.json
[2026-05-15T16:19:54Z] commit-checkpoint: sha=bccb6a3 message='T100: checkpoint [IMPLEMENTATION_REVIEW_NEEDED] — update workflow artifacts'
[2026-05-15T16:19:54Z] push: pushing branch=ticket/T100-t034-visual-workflow-timeline-in-dashboard
[2026-05-15T16:19:56Z] push: done branch=ticket/T100-t034-visual-workflow-timeline-in-dashboard
[2026-05-15T16:23:16Z] auto-run: step=review done rc=0
[2026-05-15T16:23:16Z] auto-run: review parsed from: runs/T100/reviews/implementation-review.md
[2026-05-15T16:23:16Z] auto-run: review keyword detected: IMPLEMENTATION_APPROVED
[2026-05-15T16:23:16Z] auto-run: transition IMPLEMENTATION_REVIEW_NEEDED → IMPLEMENTATION_APPROVED
[2026-05-15T16:23:47Z] commit-checkpoint: skipped missing scope paths: package.json, package-lock.json
[2026-05-15T16:23:47Z] commit-checkpoint: sha=19c3f77 message='T100: checkpoint [IMPLEMENTATION_APPROVED] — update workflow artifacts'
[2026-05-15T16:23:47Z] auto-run start: state=IMPLEMENTATION_APPROVED
[2026-05-15T16:23:47Z] auto-run: running step=tester
[2026-05-15T16:23:48Z] prompt: resolved=prompts/generic/tester.md source=generic
[2026-05-15T16:23:48Z] prompt: generic fallback — injecting runs/T100/ticket.md
[2026-05-15T16:23:48Z] compose: global-context=docs/ai/global-context.md
[2026-05-15T16:23:48Z] compose: role=ai/roles/tester.md
[2026-05-15T16:23:48Z] compose: skill=ai/skills/workflow-discipline.md
[2026-05-15T16:23:48Z] compose: skill=ai/skills/testing.md
[2026-05-15T16:23:48Z] compose: skill=ai/skills/debugging.md
[2026-05-15T16:23:48Z] compose: task (canonical prompt)
[2026-05-15T16:23:48Z] snapshot: runtime-prompt=runs/T100/prompts/tester-attempt-1.md
[2026-05-15T16:27:14Z] auto-run: step=tester done rc=0
[2026-05-15T16:27:14Z] auto-run: transition IMPLEMENTATION_APPROVED → TEST_COMPLETE
[2026-05-15T16:29:02Z] commit-checkpoint: skipped missing scope paths: package.json, package-lock.json
[2026-05-15T16:29:02Z] commit-checkpoint: sha=6776748 message='T100: checkpoint [TEST_COMPLETE] — update workflow artifacts'
[2026-05-15T16:29:02Z] push: pushing branch=ticket/T100-t034-visual-workflow-timeline-in-dashboard
[2026-05-15T16:29:04Z] push: done branch=ticket/T100-t034-visual-workflow-timeline-in-dashboard
