[2026-06-02T16:13:05Z] auto-run start: state=INIT
[2026-06-02T16:13:05Z] auto-run: running step=planner
[2026-06-02T16:13:05Z] prompt: resolved=prompts/generic/planner.md source=generic
[2026-06-02T16:13:05Z] prompt: generic fallback — injecting runs/T170/ticket.md
[2026-06-02T16:13:05Z] compose: global-context=docs/ai/global-context.md
[2026-06-02T16:13:05Z] compose: role=ai/roles/planner.md
[2026-06-02T16:13:05Z] compose: skill=ai/skills/workflow-discipline.md
[2026-06-02T16:13:05Z] compose: skill=ai/skills/architecture-discipline.md
[2026-06-02T16:13:05Z] compose: skill=ai/skills/documentation.md
[2026-06-02T16:13:05Z] compose: task (canonical prompt)
[2026-06-02T16:13:05Z] snapshot: runtime-prompt=runs/T170/prompts/planner-attempt-1.md
[2026-06-02T16:21:45Z] auto-run: step=planner done rc=0
[2026-06-02T16:21:48Z] planner checkpoint: committed
[2026-06-02T16:21:48Z] planner checkpoint: pushed
[2026-06-02T16:21:48Z] planner validation success
[2026-06-02T16:21:48Z] auto-run: transition INIT → PLAN_REVIEW_NEEDED
[2026-06-02T16:21:48Z] auto-run: auto-commit triggered (step=planner, include_code=True)
[2026-06-02T16:21:48Z] commit-checkpoint: unstaged runtime garbage: ['runs/T170/runtime.log']
[2026-06-02T16:21:48Z] commit-checkpoint: sha=7666fd50 files=2 title='docs(T170/workflow): planner — update 2 file(s)'
[2026-06-02T16:21:48Z] auto-run: auto-push triggered
[2026-06-02T16:21:48Z] push: tolerating runtime dirty files (not blocking): ['runs/T170/runtime.log']
[2026-06-02T16:21:48Z] push: pushing branch=ticket/T170-t170-attach-api-web-services-to-shared-runtime-net
[2026-06-02T16:21:50Z] push: done branch=ticket/T170-t170-attach-api-web-services-to-shared-runtime-net
[2026-06-02T17:37:04Z] auto-run start: state=PLAN_APPROVED
[2026-06-02T17:37:04Z] auto-run: running step=coder
[2026-06-02T17:37:04Z] prompt: resolved=prompts/generic/coder.md source=generic
[2026-06-02T17:37:04Z] prompt: generic fallback — injecting runs/T170/ticket.md
[2026-06-02T17:37:04Z] compose: global-context=docs/ai/global-context.md
[2026-06-02T17:37:04Z] compose: role=ai/roles/coder.md
[2026-06-02T17:37:04Z] compose: skill=ai/skills/workflow-discipline.md
[2026-06-02T17:37:04Z] compose: skill=ai/skills/git-discipline.md
[2026-06-02T17:37:04Z] compose: skill=ai/skills/code-quality.md
[2026-06-02T17:37:04Z] compose: skill=ai/skills/refactor-safety.md
[2026-06-02T17:37:04Z] compose: skill=ai/skills/security.md
[2026-06-02T17:37:04Z] compose: task (canonical prompt)
[2026-06-02T17:37:04Z] snapshot: runtime-prompt=runs/T170/prompts/coder-attempt-1.md
[2026-06-02T20:13:00Z] auto-run start: state=IMPLEMENTATION_APPROVED
[2026-06-02T20:13:00Z] auto-run: running step=tester
[2026-06-02T20:13:00Z] prompt: resolved=prompts/generic/tester.md source=generic
[2026-06-02T20:13:00Z] prompt: generic fallback — injecting runs/T170/ticket.md
[2026-06-02T20:13:00Z] compose: global-context=docs/ai/global-context.md
[2026-06-02T20:13:00Z] compose: role=ai/roles/tester.md
[2026-06-02T20:13:00Z] compose: skill=ai/skills/workflow-discipline.md
[2026-06-02T20:13:00Z] compose: skill=ai/skills/testing.md
[2026-06-02T20:13:00Z] compose: skill=ai/skills/debugging.md
[2026-06-02T20:13:00Z] compose: task (canonical prompt)
[2026-06-02T20:13:00Z] snapshot: runtime-prompt=runs/T170/prompts/tester-attempt-1.md
[2026-06-02T20:22:46Z] auto-run: step=tester done rc=0
[2026-06-02T20:22:46Z] auto-run: transition IMPLEMENTATION_APPROVED → TEST_COMPLETE
[2026-06-02T20:22:46Z] auto-run: auto-commit triggered (step=tester, include_code=True)
[2026-06-02T20:22:46Z] commit-checkpoint: unstaged runtime garbage: ['runs/T170/runtime.log']
[2026-06-02T20:22:47Z] commit-checkpoint: sha=edde716e files=4 title='test(T170/workflow): tester — update 4 file(s)'
[2026-06-02T20:22:47Z] auto-run: auto-push triggered
[2026-06-02T20:22:47Z] push: tolerating runtime dirty files (not blocking): ['runs/T170/runtime.log']
[2026-06-02T20:22:47Z] push: pushing branch=ticket/T170-t170-attach-api-web-services-to-shared-runtime-net
