[2026-05-26T21:13:09Z] auto-run start: state=INIT
[2026-05-26T21:13:09Z] auto-run: running step=planner
[2026-05-26T21:13:09Z] prompt: resolved=prompts/generic/planner.md source=generic
[2026-05-26T21:13:09Z] prompt: generic fallback — injecting runs/T153/ticket.md
[2026-05-26T21:13:09Z] compose: global-context=docs/ai/global-context.md
[2026-05-26T21:13:09Z] compose: role=ai/roles/planner.md
[2026-05-26T21:13:09Z] compose: skill=ai/skills/workflow-discipline.md
[2026-05-26T21:13:09Z] compose: skill=ai/skills/architecture-discipline.md
[2026-05-26T21:13:09Z] compose: skill=ai/skills/documentation.md
[2026-05-26T21:13:09Z] compose: task (canonical prompt)
[2026-05-26T21:13:09Z] snapshot: runtime-prompt=runs/T153/prompts/planner-attempt-1.md
[2026-05-26T21:16:40Z] auto-run: step=planner done rc=0
[2026-05-26T21:16:42Z] planner checkpoint: committed
[2026-05-26T21:16:42Z] planner checkpoint: pushed
[2026-05-26T21:16:42Z] planner validation success
[2026-05-26T21:16:42Z] auto-run: transition INIT → PLAN_REVIEW_NEEDED
[2026-05-26T21:16:42Z] auto-run: auto-commit triggered (step=planner, include_code=True)
[2026-05-26T21:16:42Z] commit-checkpoint: unstaged runtime garbage: ['runs/T153/runtime.log']
[2026-05-26T21:16:42Z] commit-checkpoint: sha=21727cd9 files=2 title='docs(T153/workflow): planner — update 2 file(s)'
[2026-05-26T21:16:42Z] auto-run: auto-push triggered
[2026-05-26T21:16:42Z] push: tolerating runtime dirty files (not blocking): ['runs/T153/runtime.log']
[2026-05-26T21:16:42Z] push: pushing branch=ticket/T153-t153-generic-smoke-tests-and-bounded-auto-fix-depl
[2026-05-26T21:16:44Z] push: done branch=ticket/T153-t153-generic-smoke-tests-and-bounded-auto-fix-depl
[2026-05-27T08:54:25Z] auto-run start: state=PLAN_FIX_REQUIRED
[2026-05-27T08:54:25Z] auto-run: running step=planner
[2026-05-27T08:54:25Z] auto-run: fix context: previous_output=runs/T153/plan.md
[2026-05-27T08:54:25Z] auto-run: fix context: review=runs/T153/reviews/plan-review.md
[2026-05-27T08:54:25Z] auto-run: fix context: fix_instructions=runs/T153/fixes/plan-fix-1.md
[2026-05-27T08:54:25Z] auto-run: fix context: context_file=runs/T153/fixes/context-20260527T085425Z.md
[2026-05-27T08:54:25Z] prompt: resolved=prompts/generic/planner.md source=generic
[2026-05-27T08:54:25Z] prompt: generic fallback — injecting runs/T153/ticket.md
[2026-05-27T08:54:25Z] compose: global-context=docs/ai/global-context.md
[2026-05-27T08:54:25Z] compose: role=ai/roles/planner.md
[2026-05-27T08:54:25Z] compose: skill=ai/skills/workflow-discipline.md
[2026-05-27T08:54:25Z] compose: skill=ai/skills/architecture-discipline.md
[2026-05-27T08:54:25Z] compose: skill=ai/skills/documentation.md
[2026-05-27T08:54:25Z] compose: task (canonical prompt)
[2026-05-27T08:54:25Z] compose: extra-context=runs/T153/fixes/context-20260527T085425Z.md
[2026-05-27T08:54:25Z] snapshot: runtime-prompt=runs/T153/prompts/planner-attempt-2.md
[2026-05-27T08:57:45Z] auto-run: step=planner done rc=0
