[2026-05-14T22:05:48Z] ensure-branch: creating new branch ticket/T023-github-issue-intake
[2026-05-14T22:05:48Z] ensure-branch: done branch=ticket/T023-github-issue-intake
[2026-05-14T22:05:54Z] auto-init: state=INIT branch=ticket/T023-github-issue-intake
[2026-05-14T22:05:54Z] ticket-source: copied 'tickets/TODO/T023-github-issue-intake.md' → runs/T023/ticket.md
[2026-05-14T22:06:01Z] auto-run start: state=INIT
[2026-05-14T22:06:01Z] auto-run gate failed: working tree is not clean — commit or stash changes first
[2026-05-14T22:06:19Z] commit-checkpoint: sha=6fbf76d message='T023: checkpoint [INIT] — update workflow artifacts'
[2026-05-14T22:06:23Z] auto-run start: state=INIT
[2026-05-14T22:06:23Z] auto-run: running step=planner
[2026-05-14T22:06:23Z] prompt: resolved=prompts/generic/planner.md source=generic
[2026-05-14T22:06:23Z] prompt: generic fallback — injecting runs/T023/ticket.md
[2026-05-14T22:06:23Z] compose: global-context=docs/ai/global-context.md
[2026-05-14T22:06:23Z] compose: role=ai/roles/planner.md
[2026-05-14T22:06:23Z] compose: skill=ai/skills/workflow-discipline.md
[2026-05-14T22:06:23Z] compose: skill=ai/skills/architecture-discipline.md
[2026-05-14T22:06:23Z] compose: skill=ai/skills/documentation.md
[2026-05-14T22:06:23Z] compose: task (canonical prompt)
[2026-05-14T22:06:23Z] snapshot: runtime-prompt=runs/T023/prompts/planner-attempt-1.md
[2026-05-14T22:08:16Z] auto-run: step=planner done rc=0
[2026-05-14T22:08:16Z] planner validation success
[2026-05-14T22:08:16Z] auto-run: transition INIT → PLAN_REVIEW_NEEDED
[2026-05-14T22:09:51Z] human-approval: approve-plan — PLAN_REVIEW_NEEDED → PLAN_APPROVED
[2026-05-14T22:09:55Z] commit-checkpoint: sha=09e5c1e message='T023: checkpoint [PLAN_APPROVED] — update workflow artifacts'
[2026-05-14T22:09:59Z] auto-run start: state=PLAN_APPROVED
[2026-05-14T22:09:59Z] auto-run: running step=coder
[2026-05-14T22:09:59Z] prompt: resolved=prompts/generic/coder.md source=generic
[2026-05-14T22:09:59Z] prompt: generic fallback — injecting runs/T023/ticket.md
[2026-05-14T22:09:59Z] compose: global-context=docs/ai/global-context.md
[2026-05-14T22:09:59Z] compose: role=ai/roles/coder.md
[2026-05-14T22:09:59Z] compose: skill=ai/skills/workflow-discipline.md
[2026-05-14T22:09:59Z] compose: skill=ai/skills/git-discipline.md
[2026-05-14T22:09:59Z] compose: skill=ai/skills/code-quality.md
[2026-05-14T22:09:59Z] compose: skill=ai/skills/refactor-safety.md
[2026-05-14T22:09:59Z] compose: skill=ai/skills/security.md
[2026-05-14T22:09:59Z] compose: task (canonical prompt)
[2026-05-14T22:09:59Z] snapshot: runtime-prompt=runs/T023/prompts/coder-attempt-1.md
[2026-05-14T22:12:33Z] auto-run: step=coder done rc=0
[2026-05-14T22:12:33Z] auto-run: transition PLAN_APPROVED → IMPLEMENTATION_REVIEW_NEEDED
[2026-05-14T22:12:40Z] auto-run start: state=IMPLEMENTATION_REVIEW_NEEDED
[2026-05-14T22:12:40Z] auto-run gate failed: working tree is not clean — commit or stash changes first
[2026-05-14T22:12:44Z] commit-checkpoint: sha=30e46f5 message='T023: checkpoint [IMPLEMENTATION_REVIEW_NEEDED] — update workflow artifacts'
[2026-05-14T22:12:47Z] auto-run start: state=IMPLEMENTATION_REVIEW_NEEDED
[2026-05-14T22:12:47Z] auto-run: running step=review
[2026-05-14T22:12:47Z] auto-run: review decision context: context_file=runs/T023/reviews/review-decision-context-IMPLEMENTATION_REVIEW_NEEDED.md
[2026-05-14T22:12:47Z] prompt: resolved=prompts/generic/review.md source=generic
[2026-05-14T22:12:47Z] prompt: generic fallback — injecting runs/T023/ticket.md
[2026-05-14T22:12:47Z] compose: global-context=docs/ai/global-context.md
[2026-05-14T22:12:47Z] compose: role=ai/roles/reviewer.md
[2026-05-14T22:12:47Z] compose: skill=ai/skills/workflow-discipline.md
[2026-05-14T22:12:47Z] compose: skill=ai/skills/code-quality.md
[2026-05-14T22:12:47Z] compose: skill=ai/skills/refactor-safety.md
[2026-05-14T22:12:47Z] compose: skill=ai/skills/security.md
[2026-05-14T22:12:47Z] compose: task (canonical prompt)
[2026-05-14T22:12:47Z] compose: extra-context=runs/T023/reviews/review-decision-context-IMPLEMENTATION_REVIEW_NEEDED.md
[2026-05-14T22:12:47Z] snapshot: runtime-prompt=runs/T023/prompts/review-attempt-1.md
[2026-05-14T22:14:42Z] auto-run: step=review done rc=0
[2026-05-14T22:14:42Z] auto-run: review parsed from: runs/T023/reviews/implementation-review.md
[2026-05-14T22:14:42Z] auto-run: keyword detected: IMPLEMENTATION_APPROVED
[2026-05-14T22:14:42Z] auto-run: transition IMPLEMENTATION_REVIEW_NEEDED → IMPLEMENTATION_APPROVED
[2026-05-14T22:16:47Z] commit-checkpoint: sha=6715bd2 message='T023: checkpoint [IMPLEMENTATION_APPROVED] — update workflow artifacts'
[2026-05-14T22:16:54Z] push: pushing branch=ticket/T023-github-issue-intake
[2026-05-14T22:16:56Z] push: done branch=ticket/T023-github-issue-intake
[2026-05-14T22:17:00Z] auto-run start: state=IMPLEMENTATION_APPROVED
[2026-05-14T22:17:00Z] auto-run: running step=tester
[2026-05-14T22:17:01Z] prompt: resolved=prompts/generic/tester.md source=generic
[2026-05-14T22:17:01Z] prompt: generic fallback — injecting runs/T023/ticket.md
[2026-05-14T22:17:01Z] compose: global-context=docs/ai/global-context.md
[2026-05-14T22:17:01Z] compose: role=ai/roles/tester.md
[2026-05-14T22:17:01Z] compose: skill=ai/skills/workflow-discipline.md
[2026-05-14T22:17:01Z] compose: skill=ai/skills/testing.md
[2026-05-14T22:17:01Z] compose: skill=ai/skills/debugging.md
[2026-05-14T22:17:01Z] compose: task (canonical prompt)
[2026-05-14T22:17:01Z] snapshot: runtime-prompt=runs/T023/prompts/tester-attempt-1.md
[2026-05-14T22:18:01Z] auto-run: step=tester done rc=0
[2026-05-14T22:18:01Z] auto-run: transition IMPLEMENTATION_APPROVED → TEST_COMPLETE
[2026-05-14T22:18:31Z] commit-checkpoint: sha=a56f71e message='T023: checkpoint [TEST_COMPLETE] — update workflow artifacts'
[2026-05-14T22:18:35Z] push: pushing branch=ticket/T023-github-issue-intake
[2026-05-14T22:18:37Z] push: done branch=ticket/T023-github-issue-intake
[2026-05-15T06:52:45Z] push: refused — current branch 'ticket/T024-daemon-github-issue-polling' does not match state branch 'ticket/T023-github-issue-intake'
