[2026-07-01T09:11:42Z] auto-run start: state=INIT
[2026-07-01T09:11:42Z] auto-run: running step=planner
[2026-07-01T09:11:42Z] prompt: resolved=prompts/generic/planner.md source=generic
[2026-07-01T09:11:42Z] prompt: generic fallback — injecting runs/T221/ticket.md
[2026-07-01T09:11:42Z] compose: global-context=docs/ai/global-context.md
[2026-07-01T09:11:42Z] compose: role=ai/roles/planner.md
[2026-07-01T09:11:42Z] compose: skill=ai/skills/workflow-discipline.md
[2026-07-01T09:11:42Z] compose: skill=ai/skills/architecture-discipline.md
[2026-07-01T09:11:42Z] compose: skill=ai/skills/documentation.md
[2026-07-01T09:11:42Z] compose: task (canonical prompt)
[2026-07-01T09:11:42Z] snapshot: runtime-prompt=runs/T221/prompts/planner-attempt-1.md
[2026-07-01T09:15:22Z] auto-run: step=planner done rc=0
[2026-07-01T09:18:37Z] auto-run start: state=INIT
[2026-07-01T09:18:37Z] auto-run: running step=planner
[2026-07-01T09:18:37Z] prompt: resolved=prompts/generic/planner.md source=generic
[2026-07-01T09:18:37Z] prompt: generic fallback — injecting runs/T221/ticket.md
[2026-07-01T09:18:37Z] compose: global-context=docs/ai/global-context.md
[2026-07-01T09:18:37Z] compose: role=ai/roles/planner.md
[2026-07-01T09:18:37Z] compose: skill=ai/skills/workflow-discipline.md
[2026-07-01T09:18:37Z] compose: skill=ai/skills/architecture-discipline.md
[2026-07-01T09:18:37Z] compose: skill=ai/skills/documentation.md
[2026-07-01T09:18:37Z] compose: task (canonical prompt)
[2026-07-01T09:18:37Z] snapshot: runtime-prompt=runs/T221/prompts/planner-attempt-2.md
[2026-07-01T09:22:23Z] auto-run: step=planner done rc=0
