[2026-08-05T19:37:42Z] auto-run start: state=INIT
[2026-08-05T19:37:42Z] auto-run: running step=planner
[2026-08-05T19:37:42Z] prompt: resolved=prompts/generic/planner.md source=generic
[2026-08-05T19:37:42Z] prompt: generic fallback — injecting runs/T228/ticket.md
[2026-08-05T19:37:42Z] compose: global-context=docs/ai/global-context.md
[2026-08-05T19:37:42Z] compose: role=ai/roles/planner.md
[2026-08-05T19:37:42Z] compose: skill=ai/skills/workflow-discipline.md
[2026-08-05T19:37:42Z] compose: skill=ai/skills/architecture-discipline.md
[2026-08-05T19:37:42Z] compose: skill=ai/skills/documentation.md
[2026-08-05T19:37:42Z] compose: task (canonical prompt)
[2026-08-05T19:37:42Z] snapshot: runtime-prompt=runs/T228/prompts/planner-attempt-1.md
[2026-08-05T19:42:10Z] auto-run: step=planner done rc=0
[2026-08-05T19:42:12Z] planner checkpoint: committed
[2026-08-05T19:42:12Z] planner checkpoint: pushed
[2026-08-05T19:42:12Z] planner validation success
[2026-08-05T19:42:12Z] auto-run: transition INIT → PLAN_REVIEW_NEEDED
[2026-08-05T19:42:12Z] auto-run: auto-commit triggered (step=planner, include_code=True)
[2026-08-05T19:42:13Z] commit-checkpoint: unstaged runtime garbage: ['runs/T228/runtime.log', 'runs/T228/workflow-status.md']
[2026-08-05T19:42:13Z] commit-checkpoint: sha=58428517 files=1 title='docs(T228/workflow): planner — update 1 file(s)'
[2026-08-05T19:42:13Z] auto-run: auto-push triggered
[2026-08-05T19:42:13Z] push: tolerating runtime dirty files (not blocking): ['runs/T228/runtime.log', 'runs/T228/workflow-status.md']
[2026-08-05T19:42:13Z] push: pushing branch=ticket/T228-add-autonomous-unblock-this-ticket-recovery-action
[2026-08-05T19:42:15Z] push: done branch=ticket/T228-add-autonomous-unblock-this-ticket-recovery-action
[2026-08-05T19:57:35Z] auto-run start: state=PLAN_FIX_REQUIRED
[2026-08-05T19:57:35Z] auto-run: running step=planner
[2026-08-05T19:57:35Z] auto-run: fix context: previous_output=runs/T228/plan.md
[2026-08-05T19:57:35Z] auto-run: fix context: review=runs/T228/reviews/plan-review-01.md
[2026-08-05T19:57:35Z] auto-run: fix context: fix_instructions=runs/T228/fixes/plan-fix-01.md
[2026-08-05T19:57:35Z] auto-run: fix context: context_file=runs/T228/fixes/context-20260805T195735Z.md
[2026-08-05T19:57:35Z] prompt: resolved=prompts/generic/planner.md source=generic
[2026-08-05T19:57:35Z] prompt: generic fallback — injecting runs/T228/ticket.md
[2026-08-05T19:57:35Z] compose: global-context=docs/ai/global-context.md
[2026-08-05T19:57:35Z] compose: role=ai/roles/planner.md
[2026-08-05T19:57:35Z] compose: skill=ai/skills/workflow-discipline.md
[2026-08-05T19:57:35Z] compose: skill=ai/skills/architecture-discipline.md
[2026-08-05T19:57:35Z] compose: skill=ai/skills/documentation.md
[2026-08-05T19:57:35Z] compose: task (canonical prompt)
[2026-08-05T19:57:35Z] compose: extra-context=runs/T228/fixes/context-20260805T195735Z.md
[2026-08-05T19:57:35Z] snapshot: runtime-prompt=runs/T228/prompts/planner-attempt-2.md
[2026-08-05T19:58:45Z] compose: preferring on-disk runs/T228/plan.md over chatty stdout (agent Write beat meta-report)
[2026-08-05T19:58:45Z] auto-run: step=planner done rc=0
[2026-08-05T19:58:48Z] planner checkpoint: committed
[2026-08-05T19:58:48Z] planner checkpoint: pushed
[2026-08-05T19:58:48Z] planner validation success
[2026-08-05T19:58:48Z] auto-run: transition PLAN_FIX_REQUIRED → PLAN_REVIEW_NEEDED
[2026-08-05T19:58:48Z] auto-run: auto-commit triggered (step=planner, include_code=True)
[2026-08-05T19:58:48Z] commit-checkpoint: unstaged runtime garbage: ['runs/T228/runtime.log', 'runs/T228/workflow-status.md']
[2026-08-05T19:58:48Z] commit-checkpoint: sha=9692589e files=1 title='docs(T228/workflow): planner — update 1 file(s)'
[2026-08-05T19:58:48Z] auto-run: auto-push triggered
[2026-08-05T19:58:48Z] push: tolerating runtime dirty files (not blocking): ['runs/T228/runtime.log', 'runs/T228/workflow-status.md']
[2026-08-05T19:58:48Z] push: pushing branch=ticket/T228-add-autonomous-unblock-this-ticket-recovery-action
[2026-08-05T19:58:50Z] push: done branch=ticket/T228-add-autonomous-unblock-this-ticket-recovery-action
[2026-08-05T20:14:56Z] auto-run start: state=PLAN_FIX_REQUIRED
[2026-08-05T20:14:56Z] auto-run: running step=planner
[2026-08-05T20:14:56Z] auto-run: fix context: previous_output=runs/T228/plan.md
[2026-08-05T20:14:56Z] auto-run: fix context: review=runs/T228/reviews/plan-review-02.md
[2026-08-05T20:14:56Z] auto-run: fix context: fix_instructions=runs/T228/fixes/plan-fix-02.md
[2026-08-05T20:14:56Z] auto-run: fix context: context_file=runs/T228/fixes/context-20260805T201456Z.md
[2026-08-05T20:14:56Z] prompt: resolved=prompts/generic/planner.md source=generic
[2026-08-05T20:14:56Z] prompt: generic fallback — injecting runs/T228/ticket.md
[2026-08-05T20:14:56Z] compose: global-context=docs/ai/global-context.md
[2026-08-05T20:14:56Z] compose: role=ai/roles/planner.md
[2026-08-05T20:14:56Z] compose: skill=ai/skills/workflow-discipline.md
[2026-08-05T20:14:56Z] compose: skill=ai/skills/architecture-discipline.md
[2026-08-05T20:14:56Z] compose: skill=ai/skills/documentation.md
[2026-08-05T20:14:56Z] compose: task (canonical prompt)
[2026-08-05T20:14:56Z] compose: extra-context=runs/T228/fixes/context-20260805T201456Z.md
[2026-08-05T20:14:56Z] snapshot: runtime-prompt=runs/T228/prompts/planner-attempt-3.md
[2026-08-05T20:16:04Z] compose: preferring on-disk runs/T228/plan.md over chatty stdout (agent Write beat meta-report)
[2026-08-05T20:16:04Z] auto-run: step=planner done rc=0
[2026-08-05T20:16:06Z] planner checkpoint: committed
[2026-08-05T20:16:06Z] planner checkpoint: pushed
[2026-08-05T20:16:06Z] planner validation success
[2026-08-05T20:16:06Z] auto-run: transition PLAN_FIX_REQUIRED → PLAN_REVIEW_NEEDED
[2026-08-05T20:16:06Z] auto-run: auto-commit triggered (step=planner, include_code=True)
[2026-08-05T20:16:06Z] commit-checkpoint: unstaged runtime garbage: ['runs/T228/runtime.log', 'runs/T228/workflow-status.md']
[2026-08-05T20:16:06Z] commit-checkpoint: sha=f1c2d790 files=1 title='docs(T228/workflow): planner — update 1 file(s)'
[2026-08-05T20:16:06Z] auto-run: auto-push triggered
[2026-08-05T20:16:07Z] push: tolerating runtime dirty files (not blocking): ['runs/T228/runtime.log', 'runs/T228/workflow-status.md']
[2026-08-05T20:16:07Z] push: pushing branch=ticket/T228-add-autonomous-unblock-this-ticket-recovery-action
[2026-08-05T20:16:08Z] push: done branch=ticket/T228-add-autonomous-unblock-this-ticket-recovery-action
[2026-08-05T20:21:38Z] auto-run start: state=PLAN_FIX_REQUIRED
[2026-08-05T20:21:38Z] auto-run: running step=planner
[2026-08-05T20:21:38Z] auto-run: fix context: previous_output=runs/T228/plan.md
[2026-08-05T20:21:38Z] auto-run: fix context: review=runs/T228/reviews/plan-review-02.md
[2026-08-05T20:21:38Z] auto-run: fix context: fix_instructions=runs/T228/fixes/plan-fix-02.md
[2026-08-05T20:21:38Z] auto-run: fix context: context_file=runs/T228/fixes/context-20260805T202138Z.md
[2026-08-05T20:21:38Z] prompt: resolved=prompts/generic/planner.md source=generic
[2026-08-05T20:21:38Z] prompt: generic fallback — injecting runs/T228/ticket.md
[2026-08-05T20:21:38Z] compose: global-context=docs/ai/global-context.md
[2026-08-05T20:21:38Z] compose: role=ai/roles/planner.md
[2026-08-05T20:21:38Z] compose: skill=ai/skills/workflow-discipline.md
[2026-08-05T20:21:38Z] compose: skill=ai/skills/architecture-discipline.md
[2026-08-05T20:21:38Z] compose: skill=ai/skills/documentation.md
[2026-08-05T20:21:38Z] compose: task (canonical prompt)
[2026-08-05T20:21:38Z] compose: extra-context=runs/T228/fixes/context-20260805T202138Z.md
[2026-08-05T20:21:38Z] snapshot: runtime-prompt=runs/T228/prompts/planner-attempt-4.md
[2026-08-05T20:22:46Z] compose: preferring on-disk runs/T228/plan.md over chatty stdout (agent Write beat meta-report)
[2026-08-05T20:22:46Z] auto-run: step=planner done rc=0
[2026-08-05T20:22:49Z] planner checkpoint: committed
[2026-08-05T20:22:49Z] planner checkpoint: pushed
[2026-08-05T20:22:49Z] planner validation success
[2026-08-05T20:22:49Z] auto-run: transition PLAN_FIX_REQUIRED → PLAN_REVIEW_NEEDED
[2026-08-05T20:22:49Z] auto-run: auto-commit triggered (step=planner, include_code=True)
[2026-08-05T20:22:49Z] commit-checkpoint: unstaged runtime garbage: ['runs/T228/runtime.log', 'runs/T228/workflow-status.md']
[2026-08-05T20:22:49Z] commit-checkpoint: sha=3f16f93b files=1 title='docs(T228/workflow): planner — update 1 file(s)'
[2026-08-05T20:22:49Z] auto-run: auto-push triggered
[2026-08-05T20:22:49Z] push: tolerating runtime dirty files (not blocking): ['runs/T228/runtime.log', 'runs/T228/workflow-status.md']
[2026-08-05T20:22:49Z] push: pushing branch=ticket/T228-add-autonomous-unblock-this-ticket-recovery-action
[2026-08-05T20:22:51Z] push: done branch=ticket/T228-add-autonomous-unblock-this-ticket-recovery-action
[2026-08-05T21:12:34Z] auto-run start: state=PLAN_FIX_REQUIRED
[2026-08-05T21:12:34Z] auto-run: running step=planner
[2026-08-05T21:12:34Z] auto-run: fix context: previous_output=runs/T228/plan.md
[2026-08-05T21:12:34Z] auto-run: fix context: review=runs/T228/reviews/plan-review-02.md
[2026-08-05T21:12:34Z] auto-run: fix context: fix_instructions=runs/T228/fixes/plan-fix-03.md
[2026-08-05T21:12:34Z] auto-run: fix context: context_file=runs/T228/fixes/context-20260805T211234Z.md
[2026-08-05T21:12:34Z] prompt: resolved=prompts/generic/planner.md source=generic
[2026-08-05T21:12:34Z] prompt: generic fallback — injecting runs/T228/ticket.md
[2026-08-05T21:12:34Z] compose: global-context=docs/ai/global-context.md
[2026-08-05T21:12:34Z] compose: role=ai/roles/planner.md
[2026-08-05T21:12:34Z] compose: skill=ai/skills/workflow-discipline.md
[2026-08-05T21:12:34Z] compose: skill=ai/skills/architecture-discipline.md
[2026-08-05T21:12:34Z] compose: skill=ai/skills/documentation.md
[2026-08-05T21:12:34Z] compose: task (canonical prompt)
[2026-08-05T21:12:34Z] compose: extra-context=runs/T228/fixes/context-20260805T211234Z.md
[2026-08-05T21:12:34Z] snapshot: runtime-prompt=runs/T228/prompts/planner-attempt-5.md
[2026-08-05T21:16:47Z] compose: preferring on-disk runs/T228/plan.md over chatty stdout (agent Write beat meta-report)
[2026-08-05T21:16:47Z] auto-run: step=planner done rc=0
