[2026-05-21T08:40:26Z] auto-run start: state=INIT
[2026-05-21T08:40:26Z] auto-run: running step=planner
[2026-05-21T08:40:26Z] prompt: resolved=prompts/generic/planner.md source=generic
[2026-05-21T08:40:26Z] prompt: generic fallback — injecting runs/T121/ticket.md
[2026-05-21T08:40:26Z] compose: global-context=docs/ai/global-context.md
[2026-05-21T08:40:26Z] compose: role=ai/roles/planner.md
[2026-05-21T08:40:26Z] compose: skill=ai/skills/workflow-discipline.md
[2026-05-21T08:40:26Z] compose: skill=ai/skills/architecture-discipline.md
[2026-05-21T08:40:26Z] compose: skill=ai/skills/documentation.md
[2026-05-21T08:40:26Z] compose: task (canonical prompt)
[2026-05-21T08:40:26Z] snapshot: runtime-prompt=runs/T121/prompts/planner-attempt-1.md
[2026-05-21T08:48:05Z] auto-run: step=planner done rc=0
[2026-05-21T08:48:07Z] planner checkpoint: committed
[2026-05-21T08:48:07Z] planner checkpoint: pushed
[2026-05-21T08:48:07Z] planner validation failed: plan sans section reconnue (Objective/Included/Excluded/Acceptance criteria — ou équivalents FR)
[2026-05-21T08:48:07Z] planner validation: rejected — state unchanged
[2026-05-21T08:48:07Z] runtime failure: planner_invalid
[2026-05-21T08:59:32Z] auto-run start: state=INIT
[2026-05-21T08:59:32Z] auto-run: running step=planner
[2026-05-21T08:59:32Z] prompt: resolved=prompts/generic/planner.md source=generic
[2026-05-21T08:59:32Z] prompt: generic fallback — injecting runs/T121/ticket.md
[2026-05-21T08:59:32Z] compose: global-context=docs/ai/global-context.md
[2026-05-21T08:59:32Z] compose: role=ai/roles/planner.md
[2026-05-21T08:59:32Z] compose: skill=ai/skills/workflow-discipline.md
[2026-05-21T08:59:32Z] compose: skill=ai/skills/architecture-discipline.md
[2026-05-21T08:59:32Z] compose: skill=ai/skills/documentation.md
[2026-05-21T08:59:32Z] compose: task (canonical prompt)
[2026-05-21T08:59:32Z] snapshot: runtime-prompt=runs/T121/prompts/planner-attempt-2.md
[2026-05-21T09:04:25Z] auto-run: step=planner done rc=0
[2026-05-21T09:04:27Z] planner checkpoint: committed
[2026-05-21T09:04:27Z] planner checkpoint: pushed
[2026-05-21T09:04:27Z] planner validation success
[2026-05-21T09:04:27Z] auto-run: transition INIT → PLAN_REVIEW_NEEDED
[2026-05-21T09:04:27Z] auto-run: auto-commit triggered (step=planner)
[2026-05-21T09:04:27Z] commit-checkpoint: sha=10cdd3b files=2 title='docs(T121/workflow): planner — update 2 file(s)'
[2026-05-21T09:04:27Z] auto-run: auto-push triggered
[2026-05-21T09:04:27Z] push: tolerating runtime dirty files (not blocking): ['runs/T121/runtime.log']
[2026-05-21T09:04:27Z] push: pushing branch=ticket/T121-t121-reconnect-dashboard-controls-to-canonical-run
[2026-05-21T09:04:29Z] push: done branch=ticket/T121-t121-reconnect-dashboard-controls-to-canonical-run
[2026-05-21T09:12:55Z] human-approval: approve-plan — PLAN_REVIEW_NEEDED → PLAN_APPROVED
[2026-05-21T09:13:07Z] commit-checkpoint: refused — failed to determine current git branch
[2026-05-21T09:13:08Z] push: refused — failed to determine current git branch
[2026-05-21T09:25:22Z] auto-run start: state=IMPLEMENTATION_APPROVED
[2026-05-21T09:25:22Z] auto-run: running step=tester
[2026-05-21T09:25:22Z] prompt: resolved=prompts/generic/tester.md source=generic
[2026-05-21T09:25:22Z] prompt: generic fallback — injecting runs/T121/ticket.md
[2026-05-21T09:25:22Z] compose: global-context=docs/ai/global-context.md
[2026-05-21T09:25:22Z] compose: role=ai/roles/tester.md
[2026-05-21T09:25:22Z] compose: skill=ai/skills/workflow-discipline.md
[2026-05-21T09:25:22Z] compose: skill=ai/skills/testing.md
[2026-05-21T09:25:22Z] compose: skill=ai/skills/debugging.md
[2026-05-21T09:25:22Z] compose: task (canonical prompt)
[2026-05-21T09:25:22Z] snapshot: runtime-prompt=runs/T121/prompts/tester-attempt-1.md
[2026-05-21T09:30:34Z] auto-run: step=tester done rc=0
[2026-05-21T09:30:34Z] auto-run: transition IMPLEMENTATION_APPROVED → TEST_COMPLETE
[2026-05-21T09:30:34Z] auto-run: auto-commit triggered (step=tester)
[2026-05-21T09:30:34Z] commit-checkpoint: sha=aa70127 files=4 title='test(T121/workflow): tester — update 4 file(s)'
[2026-05-21T09:30:34Z] auto-run: auto-push triggered
[2026-05-21T09:30:34Z] push: tolerating runtime dirty files (not blocking): ['runs/T121/runtime.log']
[2026-05-21T09:30:34Z] push: pushing branch=ticket/T121-t121-reconnect-dashboard-controls-to-canonical-run
[2026-05-21T09:30:37Z] push: done branch=ticket/T121-t121-reconnect-dashboard-controls-to-canonical-run
