[2026-05-18T06:59:07Z] auto-run start: state=INIT
[2026-05-18T06:59:07Z] auto-run: running step=planner
[2026-05-18T06:59:07Z] prompt: resolved=prompts/generic/planner.md source=generic
[2026-05-18T06:59:07Z] prompt: generic fallback — injecting runs/T109/ticket.md
[2026-05-18T06:59:07Z] compose: global-context=docs/ai/global-context.md
[2026-05-18T06:59:07Z] compose: role=ai/roles/planner.md
[2026-05-18T06:59:07Z] compose: skill=ai/skills/workflow-discipline.md
[2026-05-18T06:59:07Z] compose: skill=ai/skills/architecture-discipline.md
[2026-05-18T06:59:07Z] compose: skill=ai/skills/documentation.md
[2026-05-18T06:59:07Z] compose: task (canonical prompt)
[2026-05-18T06:59:07Z] snapshot: runtime-prompt=runs/T109/prompts/planner-attempt-1.md
[2026-05-18T07:03:40Z] auto-run: step=planner done rc=0
[2026-05-18T07:03:40Z] planner validation success
[2026-05-18T07:03:40Z] auto-run: transition INIT → PLAN_REVIEW_NEEDED
[2026-05-18T07:04:19Z] commit-checkpoint: skipped missing scope paths: package.json, package-lock.json
[2026-05-18T07:04:19Z] commit-checkpoint: sha=0c0f797 message='T109: checkpoint [PLAN_REVIEW_NEEDED] — update workflow artifacts'
[2026-05-18T07:04:19Z] push: pushing branch=ticket/T109-t109-atomic-runtime-checkpoint-and-worktree-safe-c
[2026-05-18T07:04:21Z] push: done branch=ticket/T109-t109-atomic-runtime-checkpoint-and-worktree-safe-c
[2026-05-18T07:04:55Z] commit-checkpoint: skipped missing scope paths: package.json, package-lock.json
[2026-05-18T07:04:55Z] commit-checkpoint: refused — nothing to commit in runs/
[2026-05-18T07:04:55Z] push: pushing branch=ticket/T109-t109-atomic-runtime-checkpoint-and-worktree-safe-c
[2026-05-18T07:04:57Z] push: done branch=ticket/T109-t109-atomic-runtime-checkpoint-and-worktree-safe-c
[2026-05-18T07:05:31Z] commit-checkpoint: skipped missing scope paths: package.json, package-lock.json
[2026-05-18T07:05:31Z] commit-checkpoint: refused — nothing to commit in runs/
[2026-05-18T07:05:31Z] push: pushing branch=ticket/T109-t109-atomic-runtime-checkpoint-and-worktree-safe-c
[2026-05-18T07:05:33Z] push: done branch=ticket/T109-t109-atomic-runtime-checkpoint-and-worktree-safe-c
[2026-05-18T07:06:00Z] human-approval: approve-plan — PLAN_REVIEW_NEEDED → PLAN_APPROVED
[2026-05-18T07:06:09Z] auto-run start: state=PLAN_APPROVED
[2026-05-18T07:06:09Z] auto-run gate failed: working tree is not clean — commit or stash changes first
[2026-05-18T07:06:18Z] push: warning — working tree dirty
[2026-05-18T07:06:18Z] push: pushing branch=ticket/T109-t109-atomic-runtime-checkpoint-and-worktree-safe-c
[2026-05-18T07:06:20Z] push: done branch=ticket/T109-t109-atomic-runtime-checkpoint-and-worktree-safe-c
[2026-05-18T07:06:45Z] auto-run start: state=PLAN_APPROVED
[2026-05-18T07:06:45Z] auto-run gate failed: working tree is not clean — commit or stash changes first
[2026-05-18T07:07:21Z] auto-run start: state=PLAN_APPROVED
[2026-05-18T07:07:21Z] auto-run gate failed: working tree is not clean — commit or stash changes first
[2026-05-18T07:07:56Z] auto-run start: state=PLAN_APPROVED
[2026-05-18T07:07:56Z] auto-run gate failed: working tree is not clean — commit or stash changes first
[2026-05-18T07:08:32Z] auto-run start: state=PLAN_APPROVED
[2026-05-18T07:08:32Z] auto-run gate failed: working tree is not clean — commit or stash changes first
[2026-05-18T07:09:08Z] auto-run start: state=PLAN_APPROVED
[2026-05-18T07:09:08Z] auto-run gate failed: working tree is not clean — commit or stash changes first
[2026-05-18T07:09:44Z] auto-run start: state=PLAN_APPROVED
[2026-05-18T07:09:44Z] auto-run gate failed: working tree is not clean — commit or stash changes first
[2026-05-18T07:10:20Z] auto-run start: state=PLAN_APPROVED
[2026-05-18T07:10:20Z] auto-run gate failed: working tree is not clean — commit or stash changes first
[2026-05-18T07:10:56Z] auto-run start: state=PLAN_APPROVED
[2026-05-18T07:10:56Z] auto-run gate failed: working tree is not clean — commit or stash changes first
[2026-05-18T07:11:32Z] auto-run start: state=PLAN_APPROVED
[2026-05-18T07:11:32Z] auto-run gate failed: working tree is not clean — commit or stash changes first
[2026-05-18T07:12:08Z] auto-run start: state=PLAN_APPROVED
[2026-05-18T07:12:08Z] auto-run gate failed: working tree is not clean — commit or stash changes first
[2026-05-18T07:12:43Z] auto-run start: state=PLAN_APPROVED
[2026-05-18T07:12:43Z] auto-run gate failed: working tree is not clean — commit or stash changes first
[2026-05-18T07:13:19Z] auto-run start: state=PLAN_APPROVED
[2026-05-18T07:13:19Z] auto-run gate failed: working tree is not clean — commit or stash changes first
[2026-05-18T07:13:55Z] auto-run start: state=PLAN_APPROVED
[2026-05-18T07:13:55Z] auto-run gate failed: working tree is not clean — commit or stash changes first
[2026-05-18T07:14:31Z] auto-run start: state=PLAN_APPROVED
[2026-05-18T07:14:31Z] auto-run gate failed: working tree is not clean — commit or stash changes first
[2026-05-18T07:15:07Z] auto-run start: state=PLAN_APPROVED
[2026-05-18T07:15:07Z] auto-run gate failed: working tree is not clean — commit or stash changes first
[2026-05-18T07:15:43Z] auto-run start: state=PLAN_APPROVED
[2026-05-18T07:15:43Z] auto-run gate failed: working tree is not clean — commit or stash changes first
[2026-05-18T07:16:19Z] auto-run start: state=PLAN_APPROVED
[2026-05-18T07:16:19Z] auto-run gate failed: working tree is not clean — commit or stash changes first
[2026-05-18T07:16:54Z] auto-run start: state=PLAN_APPROVED
[2026-05-18T07:16:54Z] auto-run gate failed: working tree is not clean — commit or stash changes first
[2026-05-18T07:17:30Z] auto-run start: state=PLAN_APPROVED
[2026-05-18T07:17:30Z] auto-run gate failed: working tree is not clean — commit or stash changes first
[2026-05-18T07:18:06Z] auto-run start: state=PLAN_APPROVED
[2026-05-18T07:18:06Z] auto-run gate failed: working tree is not clean — commit or stash changes first
[2026-05-18T07:18:42Z] auto-run start: state=PLAN_APPROVED
[2026-05-18T07:18:42Z] auto-run gate failed: working tree is not clean — commit or stash changes first
[2026-05-18T07:19:18Z] auto-run start: state=PLAN_APPROVED
[2026-05-18T07:19:18Z] auto-run gate failed: working tree is not clean — commit or stash changes first
[2026-05-18T07:19:53Z] auto-run start: state=PLAN_APPROVED
[2026-05-18T07:19:53Z] auto-run gate failed: working tree is not clean — commit or stash changes first
[2026-05-18T07:20:29Z] auto-run start: state=PLAN_APPROVED
[2026-05-18T07:20:29Z] auto-run gate failed: working tree is not clean — commit or stash changes first
[2026-05-18T07:21:05Z] auto-run start: state=PLAN_APPROVED
[2026-05-18T07:21:05Z] auto-run gate failed: working tree is not clean — commit or stash changes first
[2026-05-18T07:21:07Z] commit-checkpoint: skipped missing scope paths: package.json, package-lock.json
[2026-05-18T07:21:07Z] commit-checkpoint: sha=f4f5ecc message='T109: checkpoint [PLAN_APPROVED] — update workflow artifacts'
[2026-05-18T07:21:13Z] push: pushing branch=ticket/T109-t109-atomic-runtime-checkpoint-and-worktree-safe-c
[2026-05-18T07:21:15Z] push: done branch=ticket/T109-t109-atomic-runtime-checkpoint-and-worktree-safe-c
[2026-05-18T07:21:41Z] auto-run start: state=PLAN_APPROVED
[2026-05-18T07:21:41Z] auto-run: running step=coder
[2026-05-18T07:21:41Z] prompt: resolved=prompts/generic/coder.md source=generic
[2026-05-18T07:21:41Z] prompt: generic fallback — injecting runs/T109/ticket.md
[2026-05-18T07:21:41Z] compose: global-context=docs/ai/global-context.md
[2026-05-18T07:21:41Z] compose: role=ai/roles/coder.md
[2026-05-18T07:21:41Z] compose: skill=ai/skills/workflow-discipline.md
[2026-05-18T07:21:41Z] compose: skill=ai/skills/git-discipline.md
[2026-05-18T07:21:41Z] compose: skill=ai/skills/code-quality.md
[2026-05-18T07:21:41Z] compose: skill=ai/skills/refactor-safety.md
[2026-05-18T07:21:41Z] compose: skill=ai/skills/security.md
[2026-05-18T07:21:41Z] compose: task (canonical prompt)
[2026-05-18T07:21:41Z] snapshot: runtime-prompt=runs/T109/prompts/coder-attempt-1.md
[2026-05-18T07:27:40Z] commit-checkpoint: skipped missing scope paths: package.json, package-lock.json
[2026-05-18T07:27:40Z] commit-checkpoint: sha=1c3cb88 message='T109: checkpoint [PLAN_APPROVED] — update workflow artifacts'
[2026-05-18T07:27:42Z] push: pushing branch=ticket/T109-t109-atomic-runtime-checkpoint-and-worktree-safe-c
[2026-05-18T07:27:43Z] push: done branch=ticket/T109-t109-atomic-runtime-checkpoint-and-worktree-safe-c
[2026-05-18T07:32:07Z] auto-run: step=coder done rc=0
[2026-05-18T07:32:07Z] auto-run: transition PLAN_APPROVED → IMPLEMENTATION_REVIEW_NEEDED
[2026-05-18T07:32:43Z] auto-run start: state=IMPLEMENTATION_REVIEW_NEEDED
[2026-05-18T07:32:43Z] auto-run gate failed: working tree is not clean — commit or stash changes first
[2026-05-18T07:33:18Z] auto-run start: state=IMPLEMENTATION_REVIEW_NEEDED
[2026-05-18T07:33:18Z] auto-run gate failed: working tree is not clean — commit or stash changes first
[2026-05-18T07:33:54Z] auto-run start: state=IMPLEMENTATION_REVIEW_NEEDED
[2026-05-18T07:33:54Z] auto-run gate failed: working tree is not clean — commit or stash changes first
[2026-05-18T07:34:30Z] auto-run start: state=IMPLEMENTATION_REVIEW_NEEDED
[2026-05-18T07:34:30Z] auto-run gate failed: working tree is not clean — commit or stash changes first
[2026-05-18T07:35:06Z] auto-run start: state=IMPLEMENTATION_REVIEW_NEEDED
[2026-05-18T07:35:06Z] auto-run gate failed: working tree is not clean — commit or stash changes first
[2026-05-18T07:35:42Z] auto-run start: state=IMPLEMENTATION_REVIEW_NEEDED
[2026-05-18T07:35:42Z] auto-run gate failed: working tree is not clean — commit or stash changes first
[2026-05-18T07:36:18Z] auto-run start: state=IMPLEMENTATION_REVIEW_NEEDED
[2026-05-18T07:36:18Z] auto-run gate failed: working tree is not clean — commit or stash changes first
[2026-05-18T07:36:54Z] auto-run start: state=IMPLEMENTATION_REVIEW_NEEDED
[2026-05-18T07:36:54Z] auto-run gate failed: working tree is not clean — commit or stash changes first
[2026-05-18T07:37:30Z] auto-run start: state=IMPLEMENTATION_REVIEW_NEEDED
[2026-05-18T07:37:30Z] auto-run gate failed: working tree is not clean — commit or stash changes first
[2026-05-18T07:38:06Z] auto-run start: state=IMPLEMENTATION_REVIEW_NEEDED
[2026-05-18T07:38:06Z] auto-run gate failed: working tree is not clean — commit or stash changes first
[2026-05-18T07:38:41Z] auto-run start: state=IMPLEMENTATION_REVIEW_NEEDED
[2026-05-18T07:38:42Z] auto-run gate failed: working tree is not clean — commit or stash changes first
[2026-05-18T07:39:17Z] auto-run start: state=IMPLEMENTATION_REVIEW_NEEDED
[2026-05-18T07:39:17Z] auto-run gate failed: working tree is not clean — commit or stash changes first
[2026-05-18T07:39:53Z] auto-run start: state=IMPLEMENTATION_REVIEW_NEEDED
[2026-05-18T07:39:53Z] auto-run gate failed: working tree is not clean — commit or stash changes first
[2026-05-18T07:40:29Z] auto-run start: state=IMPLEMENTATION_REVIEW_NEEDED
[2026-05-18T07:40:29Z] auto-run gate failed: working tree is not clean — commit or stash changes first
[2026-05-18T07:41:05Z] auto-run start: state=IMPLEMENTATION_REVIEW_NEEDED
[2026-05-18T07:41:05Z] auto-run gate failed: working tree is not clean — commit or stash changes first
[2026-05-18T07:41:41Z] auto-run start: state=IMPLEMENTATION_REVIEW_NEEDED
[2026-05-18T07:41:41Z] auto-run gate failed: working tree is not clean — commit or stash changes first
[2026-05-18T07:42:17Z] auto-run start: state=IMPLEMENTATION_REVIEW_NEEDED
[2026-05-18T07:42:17Z] auto-run gate failed: working tree is not clean — commit or stash changes first
[2026-05-18T07:42:53Z] auto-run start: state=IMPLEMENTATION_REVIEW_NEEDED
[2026-05-18T07:42:53Z] auto-run gate failed: working tree is not clean — commit or stash changes first
[2026-05-18T07:42:54Z] commit-checkpoint: skipped missing scope paths: package.json, package-lock.json
[2026-05-18T07:42:55Z] commit-checkpoint: sha=2e5c376 message='T109: checkpoint [IMPLEMENTATION_REVIEW_NEEDED] — update workflow artifacts'
[2026-05-18T07:42:57Z] push: warning — working tree dirty
[2026-05-18T07:42:57Z] push: pushing branch=ticket/T109-t109-atomic-runtime-checkpoint-and-worktree-safe-c
[2026-05-18T07:42:59Z] push: done branch=ticket/T109-t109-atomic-runtime-checkpoint-and-worktree-safe-c
[2026-05-18T07:43:29Z] auto-run start: state=IMPLEMENTATION_REVIEW_NEEDED
[2026-05-18T07:43:29Z] auto-run gate failed: working tree is not clean — commit or stash changes first
[2026-05-18T07:44:05Z] auto-run start: state=IMPLEMENTATION_REVIEW_NEEDED
[2026-05-18T07:44:05Z] auto-run gate failed: working tree is not clean — commit or stash changes first
[2026-05-18T07:44:41Z] auto-run start: state=IMPLEMENTATION_REVIEW_NEEDED
[2026-05-18T07:44:41Z] auto-run gate failed: working tree is not clean — commit or stash changes first
[2026-05-18T07:45:17Z] auto-run start: state=IMPLEMENTATION_REVIEW_NEEDED
[2026-05-18T07:45:17Z] auto-run gate failed: working tree is not clean — commit or stash changes first
[2026-05-18T07:45:53Z] auto-run start: state=IMPLEMENTATION_REVIEW_NEEDED
[2026-05-18T07:45:53Z] auto-run gate failed: working tree is not clean — commit or stash changes first
[2026-05-18T07:46:28Z] auto-run start: state=IMPLEMENTATION_REVIEW_NEEDED
[2026-05-18T07:46:28Z] auto-run gate failed: working tree is not clean — commit or stash changes first
[2026-05-18T07:47:04Z] auto-run start: state=IMPLEMENTATION_REVIEW_NEEDED
[2026-05-18T07:47:04Z] auto-run gate failed: working tree is not clean — commit or stash changes first
[2026-05-18T07:47:40Z] auto-run start: state=IMPLEMENTATION_REVIEW_NEEDED
[2026-05-18T07:47:40Z] auto-run gate failed: working tree is not clean — commit or stash changes first
[2026-05-18T07:48:16Z] auto-run start: state=IMPLEMENTATION_REVIEW_NEEDED
[2026-05-18T07:48:16Z] auto-run gate failed: working tree is not clean — commit or stash changes first
[2026-05-18T07:48:52Z] auto-run start: state=IMPLEMENTATION_REVIEW_NEEDED
[2026-05-18T07:48:52Z] auto-run gate failed: working tree is not clean — commit or stash changes first
[2026-05-18T07:49:28Z] auto-run start: state=IMPLEMENTATION_REVIEW_NEEDED
[2026-05-18T07:49:28Z] auto-run gate failed: working tree is not clean — commit or stash changes first
[2026-05-18T07:50:04Z] auto-run start: state=IMPLEMENTATION_REVIEW_NEEDED
[2026-05-18T07:50:04Z] auto-run gate failed: working tree is not clean — commit or stash changes first
[2026-05-18T07:50:40Z] auto-run start: state=IMPLEMENTATION_REVIEW_NEEDED
[2026-05-18T07:50:40Z] auto-run gate failed: working tree is not clean — commit or stash changes first
[2026-05-18T07:51:15Z] auto-run start: state=IMPLEMENTATION_REVIEW_NEEDED
[2026-05-18T07:51:15Z] auto-run gate failed: working tree is not clean — commit or stash changes first
[2026-05-18T07:51:51Z] auto-run start: state=IMPLEMENTATION_REVIEW_NEEDED
[2026-05-18T07:51:51Z] auto-run gate failed: working tree is not clean — commit or stash changes first
[2026-05-18T07:52:27Z] auto-run start: state=IMPLEMENTATION_REVIEW_NEEDED
[2026-05-18T07:52:27Z] auto-run gate failed: working tree is not clean — commit or stash changes first
[2026-05-18T07:53:03Z] auto-run start: state=IMPLEMENTATION_REVIEW_NEEDED
[2026-05-18T07:53:03Z] auto-run gate failed: working tree is not clean — commit or stash changes first
[2026-05-18T07:53:39Z] auto-run start: state=IMPLEMENTATION_REVIEW_NEEDED
[2026-05-18T07:53:39Z] auto-run gate failed: working tree is not clean — commit or stash changes first
[2026-05-18T07:54:15Z] auto-run start: state=IMPLEMENTATION_REVIEW_NEEDED
[2026-05-18T07:54:15Z] auto-run gate failed: working tree is not clean — commit or stash changes first
[2026-05-18T07:54:51Z] auto-run start: state=IMPLEMENTATION_REVIEW_NEEDED
[2026-05-18T07:54:51Z] auto-run gate failed: working tree is not clean — commit or stash changes first
[2026-05-18T07:55:26Z] auto-run start: state=IMPLEMENTATION_REVIEW_NEEDED
[2026-05-18T07:55:26Z] auto-run gate failed: working tree is not clean — commit or stash changes first
[2026-05-18T07:55:57Z] commit-checkpoint: skipped missing scope paths: package.json, package-lock.json
[2026-05-18T07:55:57Z] commit-checkpoint: sha=7eb10f6 message='T109: checkpoint [IMPLEMENTATION_REVIEW_NEEDED] — update workflow artifacts'
[2026-05-18T07:55:59Z] human-approval: approve-implementation — IMPLEMENTATION_REVIEW_NEEDED → IMPLEMENTATION_APPROVED
[2026-05-18T07:56:00Z] push: warning — working tree dirty
[2026-05-18T07:56:00Z] push: pushing branch=ticket/T109-t109-atomic-runtime-checkpoint-and-worktree-safe-c
[2026-05-18T07:56:02Z] auto-run start: state=IMPLEMENTATION_APPROVED
[2026-05-18T07:56:02Z] auto-run gate failed: working tree is not clean — commit or stash changes first
[2026-05-18T07:56:02Z] push: done branch=ticket/T109-t109-atomic-runtime-checkpoint-and-worktree-safe-c
[2026-05-18T07:56:20Z] human-approval: refused 'approve-implementation' — expected 'IMPLEMENTATION_REVIEW_NEEDED', got 'IMPLEMENTATION_APPROVED'
[2026-05-18T07:56:25Z] commit-checkpoint: skipped missing scope paths: package.json, package-lock.json
[2026-05-18T07:56:25Z] commit-checkpoint: sha=375c656 message='T109: checkpoint [IMPLEMENTATION_APPROVED] — update workflow artifacts'
[2026-05-18T07:56:27Z] push: warning — working tree dirty
[2026-05-18T07:56:27Z] push: pushing branch=ticket/T109-t109-atomic-runtime-checkpoint-and-worktree-safe-c
[2026-05-18T07:56:29Z] push: done branch=ticket/T109-t109-atomic-runtime-checkpoint-and-worktree-safe-c
[2026-05-18T07:56:38Z] auto-run start: state=IMPLEMENTATION_APPROVED
[2026-05-18T07:56:38Z] auto-run gate failed: working tree is not clean — commit or stash changes first
[2026-05-18T07:57:14Z] auto-run start: state=IMPLEMENTATION_APPROVED
[2026-05-18T07:57:14Z] auto-run gate failed: working tree is not clean — commit or stash changes first
[2026-05-18T07:57:49Z] auto-run start: state=IMPLEMENTATION_APPROVED
[2026-05-18T07:57:50Z] auto-run gate failed: working tree is not clean — commit or stash changes first
[2026-05-18T07:58:25Z] auto-run start: state=IMPLEMENTATION_APPROVED
[2026-05-18T07:58:25Z] auto-run gate failed: working tree is not clean — commit or stash changes first
[2026-05-18T07:59:01Z] auto-run start: state=IMPLEMENTATION_APPROVED
[2026-05-18T07:59:01Z] auto-run gate failed: working tree is not clean — commit or stash changes first
[2026-05-18T07:59:37Z] auto-run start: state=IMPLEMENTATION_APPROVED
[2026-05-18T07:59:37Z] auto-run gate failed: working tree is not clean — commit or stash changes first
[2026-05-18T08:00:13Z] auto-run start: state=IMPLEMENTATION_APPROVED
[2026-05-18T08:00:13Z] auto-run gate failed: working tree is not clean — commit or stash changes first
[2026-05-18T08:00:49Z] auto-run start: state=IMPLEMENTATION_APPROVED
[2026-05-18T08:00:49Z] auto-run gate failed: working tree is not clean — commit or stash changes first
[2026-05-18T08:01:25Z] auto-run start: state=IMPLEMENTATION_APPROVED
[2026-05-18T08:01:25Z] auto-run gate failed: working tree is not clean — commit or stash changes first
[2026-05-18T08:02:01Z] auto-run start: state=IMPLEMENTATION_APPROVED
[2026-05-18T08:02:01Z] auto-run gate failed: working tree is not clean — commit or stash changes first
[2026-05-18T08:02:37Z] auto-run start: state=IMPLEMENTATION_APPROVED
[2026-05-18T08:02:37Z] auto-run gate failed: working tree is not clean — commit or stash changes first
[2026-05-18T08:03:13Z] auto-run start: state=IMPLEMENTATION_APPROVED
[2026-05-18T08:03:13Z] auto-run gate failed: working tree is not clean — commit or stash changes first
[2026-05-18T08:03:49Z] auto-run start: state=IMPLEMENTATION_APPROVED
[2026-05-18T08:03:49Z] auto-run gate failed: working tree is not clean — commit or stash changes first
[2026-05-18T08:04:25Z] auto-run start: state=IMPLEMENTATION_APPROVED
[2026-05-18T08:04:25Z] auto-run gate failed: working tree is not clean — commit or stash changes first
[2026-05-18T08:05:01Z] auto-run start: state=IMPLEMENTATION_APPROVED
[2026-05-18T08:05:01Z] auto-run gate failed: working tree is not clean — commit or stash changes first
[2026-05-18T08:05:37Z] auto-run start: state=IMPLEMENTATION_APPROVED
[2026-05-18T08:05:37Z] auto-run gate failed: working tree is not clean — commit or stash changes first
[2026-05-18T08:06:13Z] auto-run start: state=IMPLEMENTATION_APPROVED
[2026-05-18T08:06:13Z] auto-run gate failed: working tree is not clean — commit or stash changes first
[2026-05-18T08:06:49Z] auto-run start: state=IMPLEMENTATION_APPROVED
[2026-05-18T08:06:49Z] auto-run gate failed: working tree is not clean — commit or stash changes first
[2026-05-18T08:07:25Z] auto-run start: state=IMPLEMENTATION_APPROVED
[2026-05-18T08:07:25Z] auto-run gate failed: working tree is not clean — commit or stash changes first
[2026-05-18T08:08:01Z] auto-run start: state=IMPLEMENTATION_APPROVED
[2026-05-18T08:08:01Z] auto-run gate failed: working tree is not clean — commit or stash changes first
[2026-05-18T08:08:37Z] auto-run start: state=IMPLEMENTATION_APPROVED
[2026-05-18T08:08:37Z] auto-run gate failed: working tree is not clean — commit or stash changes first
[2026-05-18T08:09:13Z] auto-run start: state=IMPLEMENTATION_APPROVED
[2026-05-18T08:09:13Z] auto-run gate failed: working tree is not clean — commit or stash changes first
[2026-05-18T08:09:49Z] auto-run start: state=IMPLEMENTATION_APPROVED
[2026-05-18T08:09:49Z] auto-run gate failed: working tree is not clean — commit or stash changes first
[2026-05-18T08:10:24Z] auto-run start: state=IMPLEMENTATION_APPROVED
[2026-05-18T08:10:24Z] auto-run gate failed: working tree is not clean — commit or stash changes first
[2026-05-18T08:11:01Z] auto-run start: state=IMPLEMENTATION_APPROVED
[2026-05-18T08:11:01Z] auto-run gate failed: working tree is not clean — commit or stash changes first
[2026-05-18T08:11:37Z] auto-run start: state=IMPLEMENTATION_APPROVED
[2026-05-18T08:11:37Z] auto-run gate failed: working tree is not clean — commit or stash changes first
[2026-05-18T08:12:13Z] auto-run start: state=IMPLEMENTATION_APPROVED
[2026-05-18T08:12:13Z] auto-run gate failed: working tree is not clean — commit or stash changes first
[2026-05-18T08:12:48Z] auto-run start: state=IMPLEMENTATION_APPROVED
[2026-05-18T08:12:49Z] auto-run gate failed: working tree is not clean — commit or stash changes first
[2026-05-18T08:13:24Z] auto-run start: state=IMPLEMENTATION_APPROVED
[2026-05-18T08:13:25Z] auto-run gate failed: working tree is not clean — commit or stash changes first
[2026-05-18T08:14:01Z] auto-run start: state=IMPLEMENTATION_APPROVED
[2026-05-18T08:14:01Z] auto-run gate failed: working tree is not clean — commit or stash changes first
[2026-05-18T08:14:37Z] auto-run start: state=IMPLEMENTATION_APPROVED
[2026-05-18T08:14:37Z] auto-run gate failed: working tree is not clean — commit or stash changes first
[2026-05-18T08:15:13Z] auto-run start: state=IMPLEMENTATION_APPROVED
[2026-05-18T08:15:13Z] auto-run gate failed: working tree is not clean — commit or stash changes first
[2026-05-18T08:15:49Z] auto-run start: state=IMPLEMENTATION_APPROVED
[2026-05-18T08:15:49Z] auto-run gate failed: working tree is not clean — commit or stash changes first
[2026-05-18T08:16:25Z] auto-run start: state=IMPLEMENTATION_APPROVED
[2026-05-18T08:16:25Z] auto-run gate failed: working tree is not clean — commit or stash changes first
[2026-05-18T08:17:01Z] auto-run start: state=IMPLEMENTATION_APPROVED
[2026-05-18T08:17:01Z] auto-run gate failed: working tree is not clean — commit or stash changes first
[2026-05-18T08:17:37Z] auto-run start: state=IMPLEMENTATION_APPROVED
[2026-05-18T08:17:37Z] auto-run gate failed: working tree is not clean — commit or stash changes first
[2026-05-18T08:18:13Z] auto-run start: state=IMPLEMENTATION_APPROVED
[2026-05-18T08:18:13Z] auto-run gate failed: working tree is not clean — commit or stash changes first
[2026-05-18T08:18:48Z] auto-run start: state=IMPLEMENTATION_APPROVED
[2026-05-18T08:18:49Z] auto-run gate failed: working tree is not clean — commit or stash changes first
[2026-05-18T08:19:25Z] auto-run start: state=IMPLEMENTATION_APPROVED
[2026-05-18T08:19:25Z] auto-run gate failed: working tree is not clean — commit or stash changes first
[2026-05-18T08:20:01Z] auto-run start: state=IMPLEMENTATION_APPROVED
[2026-05-18T08:20:01Z] auto-run gate failed: working tree is not clean — commit or stash changes first
[2026-05-18T08:20:38Z] auto-run start: state=IMPLEMENTATION_APPROVED
[2026-05-18T08:20:38Z] auto-run gate failed: working tree is not clean — commit or stash changes first
[2026-05-18T08:21:13Z] auto-run start: state=IMPLEMENTATION_APPROVED
[2026-05-18T08:21:13Z] auto-run gate failed: working tree is not clean — commit or stash changes first
[2026-05-18T08:21:33Z] commit-checkpoint: skipped missing scope paths: package.json, package-lock.json
[2026-05-18T08:21:34Z] commit-checkpoint: sha=1758072 message='T109: checkpoint [IMPLEMENTATION_APPROVED] — update workflow artifacts'
[2026-05-18T08:21:36Z] push: warning — working tree dirty
[2026-05-18T08:21:36Z] push: pushing branch=ticket/T109-t109-atomic-runtime-checkpoint-and-worktree-safe-c
[2026-05-18T08:21:38Z] push: done branch=ticket/T109-t109-atomic-runtime-checkpoint-and-worktree-safe-c
[2026-05-18T08:21:49Z] auto-run start: state=IMPLEMENTATION_APPROVED
[2026-05-18T08:21:49Z] auto-run gate failed: working tree is not clean — commit or stash changes first
[2026-05-18T08:22:25Z] auto-run start: state=IMPLEMENTATION_APPROVED
[2026-05-18T08:22:25Z] auto-run gate failed: working tree is not clean — commit or stash changes first
[2026-05-18T08:23:01Z] auto-run start: state=IMPLEMENTATION_APPROVED
[2026-05-18T08:23:01Z] auto-run gate failed: working tree is not clean — commit or stash changes first
[2026-05-18T08:23:37Z] auto-run start: state=IMPLEMENTATION_APPROVED
[2026-05-18T08:23:37Z] auto-run gate failed: working tree is not clean — commit or stash changes first
[2026-05-18T08:24:13Z] auto-run start: state=IMPLEMENTATION_APPROVED
[2026-05-18T08:24:13Z] auto-run gate failed: working tree is not clean — commit or stash changes first
[2026-05-18T08:24:49Z] auto-run start: state=IMPLEMENTATION_APPROVED
[2026-05-18T08:24:49Z] auto-run gate failed: working tree is not clean — commit or stash changes first
[2026-05-18T08:25:25Z] auto-run start: state=IMPLEMENTATION_APPROVED
[2026-05-18T08:25:25Z] auto-run gate failed: working tree is not clean — commit or stash changes first
[2026-05-18T08:25:39Z] push: warning — working tree dirty
[2026-05-18T08:25:39Z] push: pushing branch=ticket/T109-t109-atomic-runtime-checkpoint-and-worktree-safe-c
[2026-05-18T08:25:40Z] commit-checkpoint: skipped missing scope paths: package.json, package-lock.json
[2026-05-18T08:25:40Z] commit-checkpoint: sha=b2a2886 message='T109: checkpoint [IMPLEMENTATION_APPROVED] — update workflow artifacts'
[2026-05-18T08:25:41Z] push: done branch=ticket/T109-t109-atomic-runtime-checkpoint-and-worktree-safe-c
[2026-05-18T08:26:01Z] auto-run start: state=IMPLEMENTATION_APPROVED
[2026-05-18T08:26:01Z] auto-run gate failed: working tree is not clean — commit or stash changes first
[2026-05-18T08:26:37Z] auto-run start: state=IMPLEMENTATION_APPROVED
[2026-05-18T08:26:37Z] auto-run gate failed: working tree is not clean — commit or stash changes first
[2026-05-18T08:27:13Z] auto-run start: state=IMPLEMENTATION_APPROVED
[2026-05-18T08:27:13Z] auto-run gate failed: working tree is not clean — commit or stash changes first
[2026-05-18T08:27:49Z] auto-run start: state=IMPLEMENTATION_APPROVED
[2026-05-18T08:27:49Z] auto-run gate failed: working tree is not clean — commit or stash changes first
[2026-05-18T08:28:25Z] auto-run start: state=IMPLEMENTATION_APPROVED
[2026-05-18T08:28:25Z] auto-run gate failed: working tree is not clean — commit or stash changes first
[2026-05-18T08:29:01Z] auto-run start: state=IMPLEMENTATION_APPROVED
[2026-05-18T08:29:01Z] auto-run gate failed: working tree is not clean — commit or stash changes first
[2026-05-18T08:29:37Z] auto-run start: state=IMPLEMENTATION_APPROVED
[2026-05-18T08:29:37Z] auto-run gate failed: working tree is not clean — commit or stash changes first
[2026-05-18T08:30:12Z] auto-run start: state=IMPLEMENTATION_APPROVED
[2026-05-18T08:30:12Z] auto-run gate failed: working tree is not clean — commit or stash changes first
[2026-05-18T08:30:48Z] auto-run start: state=IMPLEMENTATION_APPROVED
[2026-05-18T08:30:48Z] auto-run gate failed: working tree is not clean — commit or stash changes first
[2026-05-18T08:31:24Z] auto-run start: state=IMPLEMENTATION_APPROVED
[2026-05-18T08:31:24Z] auto-run gate failed: working tree is not clean — commit or stash changes first
[2026-05-18T08:32:00Z] auto-run start: state=IMPLEMENTATION_APPROVED
[2026-05-18T08:32:00Z] auto-run gate failed: working tree is not clean — commit or stash changes first
[2026-05-18T08:32:36Z] auto-run start: state=IMPLEMENTATION_APPROVED
[2026-05-18T08:32:36Z] auto-run gate failed: working tree is not clean — commit or stash changes first
[2026-05-18T08:33:12Z] auto-run start: state=IMPLEMENTATION_APPROVED
[2026-05-18T08:33:12Z] auto-run gate failed: working tree is not clean — commit or stash changes first
[2026-05-18T08:33:48Z] auto-run start: state=IMPLEMENTATION_APPROVED
[2026-05-18T08:33:48Z] auto-run gate failed: working tree is not clean — commit or stash changes first
[2026-05-18T08:34:23Z] auto-run start: state=IMPLEMENTATION_APPROVED
[2026-05-18T08:34:23Z] auto-run gate failed: working tree is not clean — commit or stash changes first
[2026-05-18T08:34:59Z] auto-run start: state=IMPLEMENTATION_APPROVED
[2026-05-18T08:34:59Z] auto-run gate failed: working tree is not clean — commit or stash changes first
[2026-05-18T08:35:35Z] auto-run start: state=IMPLEMENTATION_APPROVED
[2026-05-18T08:35:35Z] auto-run gate failed: working tree is not clean — commit or stash changes first
[2026-05-18T08:36:11Z] auto-run start: state=IMPLEMENTATION_APPROVED
[2026-05-18T08:36:11Z] auto-run gate failed: working tree is not clean — commit or stash changes first
[2026-05-18T08:36:47Z] auto-run start: state=IMPLEMENTATION_APPROVED
[2026-05-18T08:36:47Z] auto-run gate failed: working tree is not clean — commit or stash changes first
[2026-05-18T08:37:23Z] auto-run start: state=IMPLEMENTATION_APPROVED
[2026-05-18T08:37:23Z] auto-run gate failed: working tree is not clean — commit or stash changes first
[2026-05-18T08:37:58Z] auto-run start: state=IMPLEMENTATION_APPROVED
[2026-05-18T08:37:58Z] auto-run gate failed: working tree is not clean — commit or stash changes first
[2026-05-18T08:38:34Z] commit-checkpoint: skipped missing scope paths: package.json, package-lock.json
