[2026-07-28T17:28:22Z] auto-run start: state=INIT
[2026-07-28T17:28:23Z] auto-run: running step=planner
[2026-07-28T17:28:23Z] prompt: resolved=prompts/generic/planner.md source=generic
[2026-07-28T17:28:23Z] prompt: generic fallback — injecting runs/T225/ticket.md
[2026-07-28T17:28:23Z] compose: global-context=docs/ai/global-context.md
[2026-07-28T17:28:23Z] compose: role=ai/roles/planner.md
[2026-07-28T17:28:23Z] compose: skill=ai/skills/workflow-discipline.md
[2026-07-28T17:28:23Z] compose: skill=ai/skills/architecture-discipline.md
[2026-07-28T17:28:23Z] compose: skill=ai/skills/documentation.md
[2026-07-28T17:28:23Z] compose: task (canonical prompt)
[2026-07-28T17:28:23Z] snapshot: runtime-prompt=runs/T225/prompts/planner-attempt-1.md
[2026-07-28T17:32:47Z] auto-run: step=planner done rc=0
[2026-07-28T17:32:50Z] planner checkpoint: committed
[2026-07-28T17:32:50Z] planner checkpoint: pushed
[2026-07-28T17:32:50Z] planner validation success
[2026-07-28T17:32:50Z] auto-run: transition INIT → PLAN_REVIEW_NEEDED
[2026-07-28T17:32:50Z] auto-run: auto-commit triggered (step=planner, include_code=True)
[2026-07-28T17:32:50Z] commit-checkpoint: unstaged runtime garbage: ['runs/T225/runtime.log', 'runs/T225/workflow-status.md']
[2026-07-28T17:32:50Z] commit-checkpoint: sha=1847d402 files=1 title='docs(T225/workflow): planner — update 1 file(s)'
[2026-07-28T17:32:50Z] auto-run: auto-push triggered
[2026-07-28T17:32:50Z] push: tolerating runtime dirty files (not blocking): ['runs/T225/runtime.log', 'runs/T225/workflow-status.md']
[2026-07-28T17:32:50Z] push: pushing branch=ticket/T225-add-persistent-ai-project-workspace-with-controlle
[2026-07-28T17:32:53Z] push: done branch=ticket/T225-add-persistent-ai-project-workspace-with-controlle
