[2026-06-05T12:55:13Z] auto-run start: state=INIT
[2026-06-05T12:55:13Z] auto-run: running step=planner
[2026-06-05T12:55:13Z] prompt: resolved=prompts/generic/planner.md source=generic
[2026-06-05T12:55:13Z] prompt: generic fallback — injecting runs/T178/ticket.md
[2026-06-05T12:55:13Z] compose: global-context=docs/ai/global-context.md
[2026-06-05T12:55:13Z] compose: role=ai/roles/planner.md
[2026-06-05T12:55:13Z] compose: skill=ai/skills/workflow-discipline.md
[2026-06-05T12:55:13Z] compose: skill=ai/skills/architecture-discipline.md
[2026-06-05T12:55:13Z] compose: skill=ai/skills/documentation.md
[2026-06-05T12:55:13Z] compose: task (canonical prompt)
[2026-06-05T12:55:13Z] snapshot: runtime-prompt=runs/T178/prompts/planner-attempt-1.md
[2026-06-05T12:57:52Z] auto-run: step=planner done rc=0
[2026-06-05T12:57:54Z] planner checkpoint: committed
[2026-06-05T12:57:54Z] planner checkpoint: pushed
[2026-06-05T12:57:54Z] planner validation success
[2026-06-05T12:57:54Z] auto-run: transition INIT → PLAN_REVIEW_NEEDED
[2026-06-05T12:57:54Z] auto-run: auto-commit triggered (step=planner, include_code=True)
[2026-06-05T12:57:54Z] commit-checkpoint: unstaged runtime garbage: ['runs/T178/runtime.log']
[2026-06-05T12:57:54Z] commit-checkpoint: sha=84965104 files=2 title='docs(T178/workflow): planner — update 2 file(s)'
[2026-06-05T12:57:54Z] auto-run: auto-push triggered
[2026-06-05T12:57:54Z] push: tolerating runtime dirty files (not blocking): ['runs/T178/runtime.log']
[2026-06-05T12:57:54Z] push: pushing branch=ticket/T178-t178-supervisor-runtime-root-override-fix-not-appl
[2026-06-05T12:57:56Z] push: done branch=ticket/T178-t178-supervisor-runtime-root-override-fix-not-appl
