[2026-05-27T19:40:32Z] auto-run start: state=INIT
[2026-05-27T19:40:32Z] auto-run: running step=planner
[2026-05-27T19:40:32Z] prompt: resolved=prompts/generic/planner.md source=generic
[2026-05-27T19:40:32Z] prompt: generic fallback — injecting runs/T154/ticket.md
[2026-05-27T19:40:32Z] compose: global-context=docs/ai/global-context.md
[2026-05-27T19:40:32Z] compose: role=ai/roles/planner.md
[2026-05-27T19:40:32Z] compose: skill=ai/skills/workflow-discipline.md
[2026-05-27T19:40:32Z] compose: skill=ai/skills/architecture-discipline.md
[2026-05-27T19:40:32Z] compose: skill=ai/skills/documentation.md
[2026-05-27T19:40:32Z] compose: task (canonical prompt)
[2026-05-27T19:40:32Z] snapshot: runtime-prompt=runs/T154/prompts/planner-attempt-1.md
[2026-05-27T19:44:18Z] auto-run: step=planner done rc=0
[2026-05-27T19:44:20Z] planner checkpoint: committed
[2026-05-27T19:44:20Z] planner checkpoint: pushed
[2026-05-27T19:44:20Z] planner validation success
[2026-05-27T19:44:20Z] auto-run: transition INIT → PLAN_REVIEW_NEEDED
[2026-05-27T19:44:20Z] auto-run: auto-commit triggered (step=planner, include_code=True)
[2026-05-27T19:44:20Z] commit-checkpoint: unstaged runtime garbage: ['runs/T154/runtime.log']
[2026-05-27T19:44:20Z] commit-checkpoint: sha=da976511 files=2 title='docs(T154/workflow): planner — update 2 file(s)'
[2026-05-27T19:44:20Z] auto-run: auto-push triggered
[2026-05-27T19:44:20Z] push: tolerating runtime dirty files (not blocking): ['runs/T154/runtime.log']
[2026-05-27T19:44:20Z] push: pushing branch=ticket/T154-t154-stabilize-traefik-dynamic-route-lifecycle
[2026-05-27T19:44:23Z] push: done branch=ticket/T154-t154-stabilize-traefik-dynamic-route-lifecycle
[2026-05-27T19:57:55Z] human-approval: approve-plan — PLAN_REVIEW_NEEDED → PLAN_APPROVED
