[2026-05-21T13:27:15Z] auto-run start: state=INIT
[2026-05-21T13:27:15Z] auto-run: running step=planner
[2026-05-21T13:27:15Z] prompt: resolved=prompts/generic/planner.md source=generic
[2026-05-21T13:27:15Z] prompt: generic fallback — injecting runs/T123/ticket.md
[2026-05-21T13:27:15Z] compose: global-context=docs/ai/global-context.md
[2026-05-21T13:27:15Z] compose: role=ai/roles/planner.md
[2026-05-21T13:27:15Z] compose: skill=ai/skills/workflow-discipline.md
[2026-05-21T13:27:15Z] compose: skill=ai/skills/architecture-discipline.md
[2026-05-21T13:27:15Z] compose: skill=ai/skills/documentation.md
[2026-05-21T13:27:15Z] compose: task (canonical prompt)
[2026-05-21T13:27:15Z] snapshot: runtime-prompt=runs/T123/prompts/planner-attempt-1.md
[2026-05-21T13:32:19Z] auto-run: step=planner done rc=0
[2026-05-21T13:32:21Z] planner checkpoint: committed
[2026-05-21T13:32:21Z] planner checkpoint: pushed
[2026-05-21T13:32:21Z] planner validation success
[2026-05-21T13:32:21Z] auto-run: transition INIT → PLAN_REVIEW_NEEDED
[2026-05-21T13:32:21Z] auto-run: auto-commit triggered (step=planner, include_code=True)
[2026-05-21T13:32:22Z] commit-checkpoint: unstaged runtime garbage: ['runs/T123/runtime.log']
[2026-05-21T13:32:22Z] commit-checkpoint: sha=0f3e626 files=2 title='docs(T123/workflow): planner — update 2 file(s)'
[2026-05-21T13:32:22Z] auto-run: auto-push triggered
[2026-05-21T13:32:22Z] push: tolerating runtime dirty files (not blocking): ['runs/T123/runtime.log']
[2026-05-21T13:32:22Z] push: pushing branch=ticket/T123-t123-persistent-daemon-runtime-status-streaming-in
[2026-05-21T13:32:24Z] push: done branch=ticket/T123-t123-persistent-daemon-runtime-status-streaming-in
