[2026-05-23T14:56:32Z] auto-run start: state=INIT
[2026-05-23T14:56:32Z] auto-run: running step=planner
[2026-05-23T14:56:32Z] prompt: resolved=prompts/generic/planner.md source=generic
[2026-05-23T14:56:32Z] prompt: generic fallback — injecting runs/T143/ticket.md
[2026-05-23T14:56:32Z] compose: global-context=docs/ai/global-context.md
[2026-05-23T14:56:32Z] compose: role=ai/roles/planner.md
[2026-05-23T14:56:32Z] compose: skill=ai/skills/workflow-discipline.md
[2026-05-23T14:56:32Z] compose: skill=ai/skills/architecture-discipline.md
[2026-05-23T14:56:32Z] compose: skill=ai/skills/documentation.md
[2026-05-23T14:56:32Z] compose: task (canonical prompt)
[2026-05-23T14:56:32Z] snapshot: runtime-prompt=runs/T143/prompts/planner-attempt-1.md
[2026-05-23T15:02:30Z] auto-run: step=planner done rc=0
[2026-05-23T15:02:32Z] planner checkpoint: committed
[2026-05-23T15:02:32Z] planner checkpoint: pushed
[2026-05-23T15:02:32Z] planner validation success
[2026-05-23T15:02:32Z] auto-run: transition INIT → PLAN_REVIEW_NEEDED
[2026-05-23T15:02:32Z] auto-run: auto-commit triggered (step=planner, include_code=True)
[2026-05-23T15:02:32Z] commit-checkpoint: unstaged runtime garbage: ['runs/T143/runtime.log']
[2026-05-23T15:02:33Z] commit-checkpoint: sha=49bc521c files=2 title='docs(T143/workflow): planner — update 2 file(s)'
[2026-05-23T15:02:33Z] auto-run: auto-push triggered
[2026-05-23T15:02:33Z] push: tolerating runtime dirty files (not blocking): ['runs/T143/runtime.log']
[2026-05-23T15:02:33Z] push: pushing branch=ticket/T143-t143-conflict-resolver-agent-for-pr-branch-rebases
[2026-05-23T15:02:35Z] push: done branch=ticket/T143-t143-conflict-resolver-agent-for-pr-branch-rebases
[2026-05-23T15:39:02Z] auto-run start: state=PLAN_FIX_REQUIRED
[2026-05-23T15:39:02Z] auto-run: running step=planner
[2026-05-23T15:39:02Z] auto-run: fix context: previous_output=runs/T143/plan.md
[2026-05-23T15:39:02Z] auto-run: fix context: review=runs/T143/reviews/plan-review.md
[2026-05-23T15:39:02Z] auto-run: fix context: fix_instructions=runs/T143/fixes/plan-fix-v1.md
[2026-05-23T15:39:02Z] auto-run: fix context: context_file=runs/T143/fixes/context-20260523T153902Z.md
[2026-05-23T15:39:02Z] prompt: resolved=prompts/generic/planner.md source=generic
[2026-05-23T15:39:02Z] prompt: generic fallback — injecting runs/T143/ticket.md
[2026-05-23T15:39:02Z] compose: global-context=docs/ai/global-context.md
[2026-05-23T15:39:02Z] compose: role=ai/roles/planner.md
[2026-05-23T15:39:02Z] compose: skill=ai/skills/workflow-discipline.md
[2026-05-23T15:39:02Z] compose: skill=ai/skills/architecture-discipline.md
[2026-05-23T15:39:02Z] compose: skill=ai/skills/documentation.md
[2026-05-23T15:39:02Z] compose: task (canonical prompt)
[2026-05-23T15:39:02Z] compose: extra-context=runs/T143/fixes/context-20260523T153902Z.md
[2026-05-23T15:39:02Z] snapshot: runtime-prompt=runs/T143/prompts/planner-attempt-2.md
[2026-05-23T15:40:46Z] auto-run: step=planner done rc=0
[2026-05-23T15:40:48Z] planner checkpoint: committed
[2026-05-23T15:40:48Z] planner checkpoint: pushed
[2026-05-23T15:40:48Z] planner validation success
[2026-05-23T15:40:48Z] auto-run: transition PLAN_FIX_REQUIRED → PLAN_REVIEW_NEEDED
[2026-05-23T15:40:48Z] auto-run: auto-commit triggered (step=planner, include_code=True)
[2026-05-23T15:40:48Z] commit-checkpoint: unstaged runtime garbage: ['runs/T143/runtime.log']
[2026-05-23T15:40:49Z] commit-checkpoint: sha=b1913364 files=2 title='docs(T143/workflow): planner — update 2 file(s)'
[2026-05-23T15:40:49Z] auto-run: auto-push triggered
[2026-05-23T15:40:49Z] push: tolerating runtime dirty files (not blocking): ['runs/T143/runtime.log']
[2026-05-23T15:40:49Z] push: pushing branch=ticket/T143-t143-conflict-resolver-agent-for-pr-branch-rebases
[2026-05-23T15:40:51Z] push: done branch=ticket/T143-t143-conflict-resolver-agent-for-pr-branch-rebases
[2026-05-23T15:42:04Z] auto-run start: state=PLAN_APPROVED
[2026-05-23T15:42:04Z] auto-run: running step=coder
[2026-05-23T15:42:04Z] prompt: resolved=prompts/generic/coder.md source=generic
[2026-05-23T15:42:04Z] prompt: generic fallback — injecting runs/T143/ticket.md
[2026-05-23T15:42:04Z] compose: global-context=docs/ai/global-context.md
[2026-05-23T15:42:04Z] compose: role=ai/roles/coder.md
[2026-05-23T15:42:04Z] compose: skill=ai/skills/workflow-discipline.md
[2026-05-23T15:42:04Z] compose: skill=ai/skills/git-discipline.md
[2026-05-23T15:42:04Z] compose: skill=ai/skills/code-quality.md
[2026-05-23T15:42:04Z] compose: skill=ai/skills/refactor-safety.md
[2026-05-23T15:42:04Z] compose: skill=ai/skills/security.md
[2026-05-23T15:42:04Z] compose: task (canonical prompt)
[2026-05-23T15:42:04Z] snapshot: runtime-prompt=runs/T143/prompts/coder-attempt-1.md
