[2026-05-12T15:41:45Z] ensure-branch: creating new branch ticket/T018-runtime-capability-and-failure-detection
[2026-05-12T15:41:45Z] ensure-branch: done branch=ticket/T018-runtime-capability-and-failure-detection
[2026-05-12T15:41:50Z] auto-init: state=INIT branch=ticket/T018-runtime-capability-and-failure-detection
[2026-05-12T15:41:57Z] auto-run start: state=INIT
[2026-05-12T15:41:57Z] auto-run: running step=planner
[2026-05-12T15:41:57Z] compose: global-context=docs/ai/global-context.md
[2026-05-12T15:41:57Z] compose: role=ai/roles/planner.md
[2026-05-12T15:41:57Z] compose: skill=ai/skills/workflow-discipline.md
[2026-05-12T15:41:57Z] compose: skill=ai/skills/architecture-discipline.md
[2026-05-12T15:41:57Z] compose: skill=ai/skills/documentation.md
[2026-05-12T15:41:57Z] compose: task (canonical prompt)
[2026-05-12T15:41:57Z] snapshot: runtime-prompt=runs/T018/prompts/planner-attempt-1.md
[2026-05-12T15:44:39Z] auto-run: step=planner done rc=0
[2026-05-12T15:44:39Z] planner validation success
[2026-05-12T15:44:39Z] auto-run: transition INIT → PLAN_REVIEW_NEEDED
[2026-05-12T15:45:33Z] set-state: PLAN_REVIEW_NEEDED → PLAN_APPROVED (human)
[2026-05-12T15:45:37Z] commit-checkpoint: sha=a823778 message='T018: checkpoint [PLAN_APPROVED] — update workflow artifacts'
[2026-05-12T15:45:42Z] auto-run start: state=PLAN_APPROVED
[2026-05-12T15:45:42Z] auto-run: running step=coder
[2026-05-12T15:45:42Z] compose: global-context=docs/ai/global-context.md
[2026-05-12T15:45:42Z] compose: role=ai/roles/coder.md
[2026-05-12T15:45:42Z] compose: skill=ai/skills/workflow-discipline.md
[2026-05-12T15:45:42Z] compose: skill=ai/skills/git-discipline.md
[2026-05-12T15:45:42Z] compose: skill=ai/skills/code-quality.md
[2026-05-12T15:45:42Z] compose: skill=ai/skills/refactor-safety.md
[2026-05-12T15:45:42Z] compose: skill=ai/skills/security.md
[2026-05-12T15:45:42Z] compose: task (canonical prompt)
[2026-05-12T15:45:42Z] snapshot: runtime-prompt=runs/T018/prompts/coder-attempt-1.md
[2026-05-12T15:49:20Z] auto-run: step=coder done rc=0
[2026-05-12T15:49:20Z] auto-run: transition PLAN_APPROVED → IMPLEMENTATION_REVIEW_NEEDED
[2026-05-12T15:53:28Z] auto-run start: state=IMPLEMENTATION_REVIEW_NEEDED
[2026-05-12T15:53:28Z] auto-run gate failed: working tree is not clean — commit or stash changes first
[2026-05-12T15:53:52Z] commit-checkpoint: sha=8496acd message='T018: checkpoint [IMPLEMENTATION_REVIEW_NEEDED] — update workflow artifacts'
[2026-05-12T15:53:54Z] auto-run start: state=IMPLEMENTATION_REVIEW_NEEDED
[2026-05-12T15:53:54Z] auto-run: running step=review
[2026-05-12T15:53:54Z] auto-run: review decision context: context_file=runs/T018/reviews/review-decision-context-IMPLEMENTATION_REVIEW_NEEDED.md
[2026-05-12T15:53:54Z] compose: global-context=docs/ai/global-context.md
[2026-05-12T15:53:54Z] compose: role=ai/roles/reviewer.md
[2026-05-12T15:53:54Z] compose: skill=ai/skills/workflow-discipline.md
[2026-05-12T15:53:54Z] compose: skill=ai/skills/code-quality.md
[2026-05-12T15:53:54Z] compose: skill=ai/skills/refactor-safety.md
[2026-05-12T15:53:54Z] compose: skill=ai/skills/security.md
[2026-05-12T15:53:54Z] compose: task (canonical prompt)
[2026-05-12T15:53:54Z] compose: extra-context=runs/T018/reviews/review-decision-context-IMPLEMENTATION_REVIEW_NEEDED.md
[2026-05-12T15:53:54Z] snapshot: runtime-prompt=runs/T018/prompts/review-attempt-1.md
[2026-05-12T15:55:52Z] runtime warning: write_permission_missing (rc=0, non-blocking)
[2026-05-12T15:55:52Z] auto-run: step=review done rc=0
[2026-05-12T15:55:52Z] auto-run: review parsed from: runs/T018/reviews/implementation-review.md
[2026-05-12T15:55:52Z] auto-run: keyword detected: IMPLEMENTATION_APPROVED
[2026-05-12T15:55:52Z] auto-run: transition IMPLEMENTATION_REVIEW_NEEDED → IMPLEMENTATION_APPROVED
[2026-05-12T15:56:36Z] commit-checkpoint: sha=73edd45 message='T018: checkpoint [IMPLEMENTATION_APPROVED] — update workflow artifacts'
[2026-05-12T15:56:42Z] auto-run start: state=IMPLEMENTATION_APPROVED
[2026-05-12T15:56:42Z] auto-run: running step=tester
[2026-05-12T15:56:42Z] compose: global-context=docs/ai/global-context.md
[2026-05-12T15:56:42Z] compose: role=ai/roles/tester.md
[2026-05-12T15:56:42Z] compose: skill=ai/skills/workflow-discipline.md
[2026-05-12T15:56:42Z] compose: skill=ai/skills/testing.md
[2026-05-12T15:56:42Z] compose: skill=ai/skills/debugging.md
[2026-05-12T15:56:42Z] compose: task (canonical prompt)
[2026-05-12T15:56:42Z] snapshot: runtime-prompt=runs/T018/prompts/tester-attempt-1.md
[2026-05-12T15:58:33Z] runtime warning: write_permission_missing (rc=0, non-blocking)
[2026-05-12T15:58:33Z] auto-run: step=tester done rc=0
[2026-05-12T15:58:33Z] auto-run: transition IMPLEMENTATION_APPROVED → TEST_COMPLETE
[2026-05-12T15:58:40Z] commit-checkpoint: sha=10e70f5 message='T018: checkpoint [TEST_COMPLETE] — update workflow artifacts'
[2026-05-12T15:58:52Z] push: pushing branch=ticket/T018-runtime-capability-and-failure-detection
[2026-05-12T15:58:54Z] push: done branch=ticket/T018-runtime-capability-and-failure-detection
