[2026-06-21T19:05:55Z] auto-run start: state=INIT
[2026-06-21T19:05:55Z] auto-run: running step=planner
[2026-06-21T19:05:55Z] prompt: resolved=prompts/generic/planner.md source=generic
[2026-06-21T19:05:55Z] prompt: generic fallback — injecting runs/T199/ticket.md
[2026-06-21T19:05:55Z] compose: global-context=docs/ai/global-context.md
[2026-06-21T19:05:55Z] compose: role=ai/roles/planner.md
[2026-06-21T19:05:55Z] compose: skill=ai/skills/workflow-discipline.md
[2026-06-21T19:05:55Z] compose: skill=ai/skills/architecture-discipline.md
[2026-06-21T19:05:55Z] compose: skill=ai/skills/documentation.md
[2026-06-21T19:05:55Z] compose: task (canonical prompt)
[2026-06-21T19:05:55Z] snapshot: runtime-prompt=runs/T199/prompts/planner-attempt-1.md
[2026-06-21T19:09:27Z] auto-run: step=planner done rc=0
[2026-06-21T19:09:29Z] planner checkpoint: committed
[2026-06-21T19:09:29Z] planner checkpoint: pushed
[2026-06-21T19:09:29Z] planner validation success
[2026-06-21T19:09:29Z] auto-run: transition INIT → PLAN_REVIEW_NEEDED
[2026-06-21T19:09:29Z] auto-run: auto-commit triggered (step=planner, include_code=True)
[2026-06-21T19:09:29Z] commit-checkpoint: unstaged runtime garbage: ['runs/T199/runtime.log']
[2026-06-21T19:09:29Z] commit-checkpoint: sha=634b02df files=2 title='docs(T199/workflow): planner — update 2 file(s)'
[2026-06-21T19:09:29Z] auto-run: auto-push triggered
[2026-06-21T19:09:30Z] push: tolerating runtime dirty files (not blocking): ['runs/T199/runtime.log']
[2026-06-21T19:09:30Z] push: pushing branch=ticket/T199-add-human-approval-workflow-and-ready-to-take-life
[2026-06-21T19:09:32Z] push: done branch=ticket/T199-add-human-approval-workflow-and-ready-to-take-life
[2026-06-21T19:14:48Z] auto-run start: state=PLAN_FIX_REQUIRED
[2026-06-21T19:14:48Z] auto-run: running step=planner
[2026-06-21T19:14:48Z] auto-run: fix context: previous_output=runs/T199/plan.md
[2026-06-21T19:14:48Z] auto-run: fix context: review=runs/T199/reviews/plan-review-approval-idempotency.md
[2026-06-21T19:14:48Z] auto-run: fix context: fix_instructions=runs/T199/fixes/plan-fix-approval-idempotency.md
[2026-06-21T19:14:48Z] auto-run: fix context: context_file=runs/T199/fixes/context-20260621T191448Z.md
[2026-06-21T19:14:48Z] prompt: resolved=prompts/generic/planner.md source=generic
[2026-06-21T19:14:48Z] prompt: generic fallback — injecting runs/T199/ticket.md
[2026-06-21T19:14:48Z] compose: global-context=docs/ai/global-context.md
[2026-06-21T19:14:48Z] compose: role=ai/roles/planner.md
[2026-06-21T19:14:48Z] compose: skill=ai/skills/workflow-discipline.md
[2026-06-21T19:14:48Z] compose: skill=ai/skills/architecture-discipline.md
[2026-06-21T19:14:48Z] compose: skill=ai/skills/documentation.md
[2026-06-21T19:14:48Z] compose: task (canonical prompt)
[2026-06-21T19:14:48Z] compose: extra-context=runs/T199/fixes/context-20260621T191448Z.md
[2026-06-21T19:14:48Z] snapshot: runtime-prompt=runs/T199/prompts/planner-attempt-2.md
[2026-06-21T19:15:52Z] auto-run: step=planner done rc=0
