[2026-05-14T21:33:14Z] ensure-branch: creating new branch ticket/T022-generic-workflow-prompts
[2026-05-14T21:33:14Z] ensure-branch: done branch=ticket/T022-generic-workflow-prompts
[2026-05-14T21:33:17Z] auto-init: state=INIT branch=ticket/T022-generic-workflow-prompts
[2026-05-14T21:33:17Z] ticket-source: copied 'tickets/TODO/T022-generic-workflow-prompts.md' → runs/T022/ticket.md
[2026-05-14T21:33:30Z] auto-run start: state=INIT
[2026-05-14T21:33:30Z] auto-run gate failed: working tree is not clean — commit or stash changes first
[2026-05-14T21:33:41Z] auto-run start: state=INIT
[2026-05-14T21:33:41Z] auto-run gate failed: working tree is not clean — commit or stash changes first
[2026-05-14T21:33:52Z] commit-checkpoint: sha=b0a9724 message='T022: checkpoint [INIT] — update workflow artifacts'
[2026-05-14T21:33:54Z] auto-run start: state=INIT
[2026-05-14T21:33:54Z] auto-run: running step=planner
[2026-05-14T21:33:54Z] compose: global-context=docs/ai/global-context.md
[2026-05-14T21:33:54Z] compose: role=ai/roles/planner.md
[2026-05-14T21:33:54Z] compose: skill=ai/skills/workflow-discipline.md
[2026-05-14T21:33:54Z] compose: skill=ai/skills/architecture-discipline.md
[2026-05-14T21:33:54Z] compose: skill=ai/skills/documentation.md
[2026-05-14T21:33:54Z] compose: task (canonical prompt)
[2026-05-14T21:33:54Z] snapshot: runtime-prompt=runs/T022/prompts/planner-attempt-1.md
[2026-05-14T21:37:43Z] auto-run: step=planner done rc=0
[2026-05-14T21:37:43Z] planner validation failed: plan trop court (97 mots, minimum 100)
[2026-05-14T21:37:43Z] planner validation: rejected — state unchanged
[2026-05-14T21:40:07Z] set-state: INIT → PLAN_APPROVED (human)
[2026-05-14T21:40:12Z] commit-checkpoint: sha=2fb6861 message='T022: checkpoint [PLAN_APPROVED] — update workflow artifacts'
[2026-05-14T21:40:16Z] auto-run start: state=PLAN_APPROVED
[2026-05-14T21:40:16Z] auto-run: running step=coder
[2026-05-14T21:40:16Z] compose: global-context=docs/ai/global-context.md
[2026-05-14T21:40:16Z] compose: role=ai/roles/coder.md
[2026-05-14T21:40:16Z] compose: skill=ai/skills/workflow-discipline.md
[2026-05-14T21:40:16Z] compose: skill=ai/skills/git-discipline.md
[2026-05-14T21:40:16Z] compose: skill=ai/skills/code-quality.md
[2026-05-14T21:40:16Z] compose: skill=ai/skills/refactor-safety.md
[2026-05-14T21:40:16Z] compose: skill=ai/skills/security.md
[2026-05-14T21:40:16Z] compose: task (canonical prompt)
[2026-05-14T21:40:16Z] snapshot: runtime-prompt=runs/T022/prompts/coder-attempt-1.md
[2026-05-14T21:43:37Z] auto-run: step=coder done rc=0
[2026-05-14T21:43:37Z] auto-run: transition PLAN_APPROVED → IMPLEMENTATION_REVIEW_NEEDED
[2026-05-14T21:43:41Z] auto-run start: state=IMPLEMENTATION_REVIEW_NEEDED
[2026-05-14T21:43:41Z] auto-run gate failed: working tree is not clean — commit or stash changes first
[2026-05-14T21:43:46Z] commit-checkpoint: sha=2f86eb3 message='T022: checkpoint [IMPLEMENTATION_REVIEW_NEEDED] — update workflow artifacts'
[2026-05-14T21:43:49Z] auto-run start: state=IMPLEMENTATION_REVIEW_NEEDED
[2026-05-14T21:43:49Z] auto-run: running step=review
[2026-05-14T21:43:49Z] auto-run: review decision context: context_file=runs/T022/reviews/review-decision-context-IMPLEMENTATION_REVIEW_NEEDED.md
[2026-05-14T21:43:49Z] prompt: resolved=prompts/T022-review.md source=ticket-specific
[2026-05-14T21:43:49Z] compose: global-context=docs/ai/global-context.md
[2026-05-14T21:43:49Z] compose: role=ai/roles/reviewer.md
[2026-05-14T21:43:49Z] compose: skill=ai/skills/workflow-discipline.md
[2026-05-14T21:43:49Z] compose: skill=ai/skills/code-quality.md
[2026-05-14T21:43:49Z] compose: skill=ai/skills/refactor-safety.md
[2026-05-14T21:43:49Z] compose: skill=ai/skills/security.md
[2026-05-14T21:43:49Z] compose: task (canonical prompt)
[2026-05-14T21:43:49Z] compose: extra-context=runs/T022/reviews/review-decision-context-IMPLEMENTATION_REVIEW_NEEDED.md
[2026-05-14T21:43:49Z] snapshot: runtime-prompt=runs/T022/prompts/review-attempt-1.md
[2026-05-14T21:46:59Z] auto-run: step=review done rc=0
[2026-05-14T21:46:59Z] auto-run: review parsed from: runs/T022/reviews/implementation-review.md
[2026-05-14T21:46:59Z] auto-run: keyword detected: IMPLEMENTATION_APPROVED
[2026-05-14T21:46:59Z] auto-run: transition IMPLEMENTATION_REVIEW_NEEDED → IMPLEMENTATION_APPROVED
[2026-05-14T21:48:19Z] commit-checkpoint: sha=b1f9c0a message='T022: checkpoint [IMPLEMENTATION_APPROVED] — update workflow artifacts'
[2026-05-14T21:48:33Z] push: pushing branch=ticket/T022-generic-workflow-prompts
[2026-05-14T21:48:35Z] push: done branch=ticket/T022-generic-workflow-prompts
[2026-05-14T21:48:37Z] auto-run start: state=IMPLEMENTATION_APPROVED
[2026-05-14T21:48:37Z] auto-run: running step=tester
[2026-05-14T21:48:37Z] prompt: resolved=prompts/T022-tester.md source=ticket-specific
[2026-05-14T21:48:37Z] compose: global-context=docs/ai/global-context.md
[2026-05-14T21:48:37Z] compose: role=ai/roles/tester.md
[2026-05-14T21:48:37Z] compose: skill=ai/skills/workflow-discipline.md
[2026-05-14T21:48:37Z] compose: skill=ai/skills/testing.md
[2026-05-14T21:48:37Z] compose: skill=ai/skills/debugging.md
[2026-05-14T21:48:37Z] compose: task (canonical prompt)
[2026-05-14T21:48:37Z] snapshot: runtime-prompt=runs/T022/prompts/tester-attempt-1.md
[2026-05-14T21:49:14Z] prompt: resolved=prompts/T022-planner.md source=ticket-specific
[2026-05-14T21:49:14Z] compose: global-context=docs/ai/global-context.md
[2026-05-14T21:49:14Z] compose: role=ai/roles/planner.md
[2026-05-14T21:49:14Z] compose: skill=ai/skills/workflow-discipline.md
[2026-05-14T21:49:14Z] compose: skill=ai/skills/architecture-discipline.md
[2026-05-14T21:49:14Z] compose: skill=ai/skills/documentation.md
[2026-05-14T21:49:14Z] compose: task (canonical prompt)
[2026-05-14T21:50:19Z] auto-run: step=tester done rc=0
[2026-05-14T21:50:19Z] auto-run: transition IMPLEMENTATION_APPROVED → TEST_COMPLETE
[2026-05-14T21:53:14Z] commit-checkpoint: sha=123caa1 message='T022: checkpoint [TEST_COMPLETE] — update workflow artifacts'
[2026-05-14T21:53:18Z] push: pushing branch=ticket/T022-generic-workflow-prompts
[2026-05-14T21:53:20Z] push: done branch=ticket/T022-generic-workflow-prompts
[2026-05-14T22:06:13Z] commit-checkpoint: refused — current branch 'ticket/T023-github-issue-intake' does not match state branch 'ticket/T022-generic-workflow-prompts'
