[2026-06-12T13:41:58Z] auto-run start: state=INIT
[2026-06-12T13:41:58Z] auto-run: running step=planner
[2026-06-12T13:41:58Z] prompt: resolved=prompts/generic/planner.md source=generic
[2026-06-12T13:41:58Z] prompt: generic fallback — injecting runs/T187/ticket.md
[2026-06-12T13:41:58Z] compose: global-context=docs/ai/global-context.md
[2026-06-12T13:41:58Z] compose: role=ai/roles/planner.md
[2026-06-12T13:41:58Z] compose: skill=ai/skills/workflow-discipline.md
[2026-06-12T13:41:58Z] compose: skill=ai/skills/architecture-discipline.md
[2026-06-12T13:41:58Z] compose: skill=ai/skills/documentation.md
[2026-06-12T13:41:58Z] compose: task (canonical prompt)
[2026-06-12T13:41:58Z] snapshot: runtime-prompt=runs/T187/prompts/planner-attempt-1.md
[2026-06-12T13:42:46Z] auto-run start: state=INIT
[2026-06-12T13:42:46Z] auto-run: running step=planner
[2026-06-12T13:42:46Z] prompt: resolved=prompts/generic/planner.md source=generic
[2026-06-12T13:42:46Z] prompt: generic fallback — injecting runs/T187/ticket.md
[2026-06-12T13:42:46Z] compose: global-context=docs/ai/global-context.md
[2026-06-12T13:42:46Z] compose: role=ai/roles/planner.md
[2026-06-12T13:42:46Z] compose: skill=ai/skills/workflow-discipline.md
[2026-06-12T13:42:46Z] compose: skill=ai/skills/architecture-discipline.md
[2026-06-12T13:42:46Z] compose: skill=ai/skills/documentation.md
[2026-06-12T13:42:46Z] compose: task (canonical prompt)
[2026-06-12T13:42:46Z] snapshot: runtime-prompt=runs/T187/prompts/planner-attempt-2.md
[2026-06-12T13:44:51Z] auto-run: step=planner done rc=0
