[2026-05-28T17:25:32Z] auto-run start: state=INIT
[2026-05-28T17:25:32Z] auto-run: running step=planner
[2026-05-28T17:25:32Z] prompt: resolved=prompts/generic/planner.md source=generic
[2026-05-28T17:25:32Z] prompt: generic fallback — injecting runs/T156/ticket.md
[2026-05-28T17:25:32Z] compose: global-context=docs/ai/global-context.md
[2026-05-28T17:25:32Z] compose: role=ai/roles/planner.md
[2026-05-28T17:25:32Z] compose: skill=ai/skills/workflow-discipline.md
[2026-05-28T17:25:32Z] compose: skill=ai/skills/architecture-discipline.md
[2026-05-28T17:25:32Z] compose: skill=ai/skills/documentation.md
[2026-05-28T17:25:32Z] compose: task (canonical prompt)
[2026-05-28T17:25:32Z] snapshot: runtime-prompt=runs/T156/prompts/planner-attempt-1.md
[2026-05-28T17:27:57Z] auto-run: step=planner done rc=0
[2026-05-28T17:27:59Z] planner checkpoint: committed
[2026-05-28T17:27:59Z] planner checkpoint: pushed
[2026-05-28T17:27:59Z] planner validation success
[2026-05-28T17:27:59Z] auto-run: transition INIT → PLAN_REVIEW_NEEDED
[2026-05-28T17:27:59Z] auto-run: auto-commit triggered (step=planner, include_code=True)
[2026-05-28T17:28:00Z] commit-checkpoint: unstaged runtime garbage: ['runs/T156/runtime.log']
[2026-05-28T17:28:00Z] commit-checkpoint: sha=bcb0f865 files=2 title='docs(T156/workflow): planner — update 2 file(s)'
[2026-05-28T17:28:00Z] auto-run: auto-push triggered
[2026-05-28T17:28:00Z] push: tolerating runtime dirty files (not blocking): ['runs/T156/runtime.log']
[2026-05-28T17:28:00Z] push: pushing branch=ticket/T156-t156-improve-runtime-tab-with-running-environments
[2026-05-28T17:28:02Z] push: done branch=ticket/T156-t156-improve-runtime-tab-with-running-environments
[2026-05-28T18:39:12Z] push: refused — failed to determine current git branch
[2026-05-28T18:39:14Z] commit-checkpoint: refused — failed to determine current git branch
[2026-05-28T19:28:23Z] auto-run start: state=IMPLEMENTATION_APPROVED
[2026-05-28T19:28:23Z] auto-run: running step=tester
[2026-05-28T19:28:23Z] prompt: resolved=prompts/generic/tester.md source=generic
[2026-05-28T19:28:23Z] prompt: generic fallback — injecting runs/T156/ticket.md
[2026-05-28T19:28:23Z] compose: global-context=docs/ai/global-context.md
[2026-05-28T19:28:23Z] compose: role=ai/roles/tester.md
[2026-05-28T19:28:23Z] compose: skill=ai/skills/workflow-discipline.md
[2026-05-28T19:28:23Z] compose: skill=ai/skills/testing.md
[2026-05-28T19:28:23Z] compose: skill=ai/skills/debugging.md
[2026-05-28T19:28:23Z] compose: task (canonical prompt)
[2026-05-28T19:28:23Z] snapshot: runtime-prompt=runs/T156/prompts/tester-attempt-1.md
[2026-05-28T19:31:51Z] auto-run: step=tester done rc=0
[2026-05-28T19:31:51Z] auto-run: transition IMPLEMENTATION_APPROVED → TEST_COMPLETE
[2026-05-28T19:31:51Z] auto-run: auto-commit triggered (step=tester, include_code=True)
[2026-05-28T19:31:51Z] commit-checkpoint: unstaged runtime garbage: ['runs/T156/runtime.log']
[2026-05-28T19:31:51Z] commit-checkpoint: sha=0063292a files=9 title='test(T156/dashboard,workflow): tester — update 9 file(s)'
[2026-05-28T19:31:51Z] auto-run: auto-push triggered
[2026-05-28T19:31:51Z] push: tolerating runtime dirty files (not blocking): ['runs/T156/runtime.log']
[2026-05-28T19:31:51Z] push: pushing branch=ticket/T156-t156-improve-runtime-tab-with-running-environments
[2026-05-28T19:31:54Z] push: done branch=ticket/T156-t156-improve-runtime-tab-with-running-environments
