[2026-05-19T07:23:43Z] intake: issue=#61 title='T113 — Isolate daemon and intake from developer main repository using dedicated worktrees' branch=ticket/T113-t113-isolate-daemon-and-intake-from-developer-main
[2026-05-19T07:23:43Z] intake: done
[2026-05-19T07:23:45Z] bootstrap checkpoint completed
[2026-05-19T07:23:45Z] checkpoint push for T113
[2026-05-19T07:23:45Z] intake: returned to branch 'main'
[2026-05-19T07:23:58Z] auto-run start: state=INIT
[2026-05-19T07:23:58Z] auto-run gate failed: working tree is not clean — commit or stash changes first
[2026-05-19T07:36:44Z] auto-run start: state=INIT
[2026-05-19T07:36:44Z] auto-run: running step=planner
[2026-05-19T07:36:44Z] prompt: resolved=prompts/generic/planner.md source=generic
[2026-05-19T07:36:44Z] prompt: generic fallback — injecting runs/T113/ticket.md
[2026-05-19T07:36:44Z] compose: global-context=docs/ai/global-context.md
[2026-05-19T07:36:44Z] compose: role=ai/roles/planner.md
[2026-05-19T07:36:44Z] compose: skill=ai/skills/workflow-discipline.md
[2026-05-19T07:36:44Z] compose: skill=ai/skills/architecture-discipline.md
[2026-05-19T07:36:44Z] compose: skill=ai/skills/documentation.md
[2026-05-19T07:36:44Z] compose: task (canonical prompt)
[2026-05-19T07:36:44Z] snapshot: runtime-prompt=runs/T113/prompts/planner-attempt-1.md
[2026-05-19T07:41:32Z] auto-run: step=planner done rc=0
[2026-05-19T07:41:32Z] planner validation success
[2026-05-19T07:41:32Z] auto-run: transition INIT → PLAN_REVIEW_NEEDED
[2026-05-19T07:51:13Z] auto-run start: state=PLAN_APPROVED
[2026-05-19T07:51:13Z] auto-run: running step=coder
[2026-05-19T07:51:13Z] prompt: resolved=prompts/generic/coder.md source=generic
[2026-05-19T07:51:13Z] prompt: generic fallback — injecting runs/T113/ticket.md
[2026-05-19T07:51:13Z] compose: global-context=docs/ai/global-context.md
[2026-05-19T07:51:13Z] compose: role=ai/roles/coder.md
[2026-05-19T07:51:13Z] compose: skill=ai/skills/workflow-discipline.md
[2026-05-19T07:51:13Z] compose: skill=ai/skills/git-discipline.md
[2026-05-19T07:51:13Z] compose: skill=ai/skills/code-quality.md
[2026-05-19T07:51:13Z] compose: skill=ai/skills/refactor-safety.md
[2026-05-19T07:51:13Z] compose: skill=ai/skills/security.md
[2026-05-19T07:51:13Z] compose: task (canonical prompt)
[2026-05-19T07:51:13Z] snapshot: runtime-prompt=runs/T113/prompts/coder-attempt-1.md
[2026-05-19T08:37:07Z] auto-run start: state=IMPLEMENTATION_REVIEW_NEEDED
[2026-05-19T08:37:07Z] auto-run: running step=review
[2026-05-19T08:37:07Z] auto-run: review decision context: context_file=runs/T113/reviews/review-decision-context-IMPLEMENTATION_REVIEW_NEEDED.md
[2026-05-19T08:37:07Z] prompt: resolved=prompts/generic/review.md source=generic
[2026-05-19T08:37:07Z] prompt: generic fallback — injecting runs/T113/ticket.md
[2026-05-19T08:37:07Z] compose: global-context=docs/ai/global-context.md
[2026-05-19T08:37:07Z] compose: role=ai/roles/reviewer.md
[2026-05-19T08:37:07Z] compose: skill=ai/skills/workflow-discipline.md
[2026-05-19T08:37:07Z] compose: skill=ai/skills/code-quality.md
[2026-05-19T08:37:07Z] compose: skill=ai/skills/refactor-safety.md
[2026-05-19T08:37:07Z] compose: skill=ai/skills/security.md
[2026-05-19T08:37:07Z] compose: task (canonical prompt)
[2026-05-19T08:37:07Z] compose: extra-context=runs/T113/reviews/review-decision-context-IMPLEMENTATION_REVIEW_NEEDED.md
[2026-05-19T08:37:07Z] snapshot: runtime-prompt=runs/T113/prompts/review-attempt-1.md
[2026-05-19T08:41:28Z] auto-run: step=review done rc=0
[2026-05-19T08:41:28Z] auto-run: review parsed from: runs/T113/reviews/implementation-review.md
[2026-05-19T08:41:28Z] auto-run: review keyword detected: IMPLEMENTATION_APPROVED
[2026-05-19T08:41:28Z] auto-run: transition IMPLEMENTATION_REVIEW_NEEDED → IMPLEMENTATION_APPROVED
[2026-05-19T08:45:09Z] auto-run start: state=IMPLEMENTATION_REVIEW_NEEDED
[2026-05-19T08:45:09Z] auto-run: running step=review
[2026-05-19T08:45:09Z] auto-run: review decision context: context_file=runs/T113/reviews/review-decision-context-IMPLEMENTATION_REVIEW_NEEDED.md
[2026-05-19T08:45:09Z] prompt: resolved=prompts/generic/review.md source=generic
[2026-05-19T08:45:09Z] prompt: generic fallback — injecting runs/T113/ticket.md
[2026-05-19T08:45:09Z] compose: global-context=docs/ai/global-context.md
[2026-05-19T08:45:09Z] compose: role=ai/roles/reviewer.md
[2026-05-19T08:45:09Z] compose: skill=ai/skills/workflow-discipline.md
[2026-05-19T08:45:09Z] compose: skill=ai/skills/code-quality.md
[2026-05-19T08:45:09Z] compose: skill=ai/skills/refactor-safety.md
[2026-05-19T08:45:09Z] compose: skill=ai/skills/security.md
[2026-05-19T08:45:09Z] compose: task (canonical prompt)
[2026-05-19T08:45:09Z] compose: extra-context=runs/T113/reviews/review-decision-context-IMPLEMENTATION_REVIEW_NEEDED.md
[2026-05-19T08:45:09Z] snapshot: runtime-prompt=runs/T113/prompts/review-attempt-2.md
[2026-05-19T08:49:42Z] auto-run: step=review done rc=0
[2026-05-19T08:49:42Z] auto-run: review parsed from: runs/T113/reviews/implementation-review.md
[2026-05-19T08:49:42Z] auto-run: review keyword detected: IMPLEMENTATION_APPROVED
[2026-05-19T08:49:42Z] auto-run: transition IMPLEMENTATION_REVIEW_NEEDED → IMPLEMENTATION_APPROVED
[2026-05-19T08:50:19Z] commit-checkpoint: skipped missing scope paths: package.json, package-lock.json
[2026-05-19T08:50:20Z] commit-checkpoint: out-of-scope skipped: ['.runtime/ai-dev-factory.sqlite']
[2026-05-19T08:50:20Z] commit-checkpoint: sha=c176941 message='T113: add reviewer artifacts and workflow updates'
[2026-05-19T08:52:58Z] auto-run start: state=IMPLEMENTATION_APPROVED
[2026-05-19T08:52:58Z] auto-run: running step=tester
[2026-05-19T08:52:58Z] prompt: resolved=prompts/generic/tester.md source=generic
[2026-05-19T08:52:58Z] prompt: generic fallback — injecting runs/T113/ticket.md
[2026-05-19T08:52:58Z] compose: global-context=docs/ai/global-context.md
[2026-05-19T08:52:58Z] compose: role=ai/roles/tester.md
[2026-05-19T08:52:58Z] compose: skill=ai/skills/workflow-discipline.md
[2026-05-19T08:52:58Z] compose: skill=ai/skills/testing.md
[2026-05-19T08:52:58Z] compose: skill=ai/skills/debugging.md
[2026-05-19T08:52:58Z] compose: task (canonical prompt)
[2026-05-19T08:52:58Z] snapshot: runtime-prompt=runs/T113/prompts/tester-attempt-1.md
[2026-05-19T08:58:19Z] auto-run: step=tester done rc=0
[2026-05-19T08:58:19Z] auto-run: transition IMPLEMENTATION_APPROVED → TEST_COMPLETE
[2026-05-19T09:24:27Z] set-state: TEST_COMPLETE → TEST_COMPLETE (human)
