[2026-05-28T20:00:14Z] auto-run start: state=INIT
[2026-05-28T20:00:14Z] auto-run: running step=planner
[2026-05-28T20:00:14Z] prompt: resolved=prompts/generic/planner.md source=generic
[2026-05-28T20:00:14Z] prompt: generic fallback — injecting runs/T158/ticket.md
[2026-05-28T20:00:14Z] compose: global-context=docs/ai/global-context.md
[2026-05-28T20:00:14Z] compose: role=ai/roles/planner.md
[2026-05-28T20:00:14Z] compose: skill=ai/skills/workflow-discipline.md
[2026-05-28T20:00:14Z] compose: skill=ai/skills/architecture-discipline.md
[2026-05-28T20:00:14Z] compose: skill=ai/skills/documentation.md
[2026-05-28T20:00:14Z] compose: task (canonical prompt)
[2026-05-28T20:00:14Z] snapshot: runtime-prompt=runs/T158/prompts/planner-attempt-1.md
[2026-05-28T20:02:55Z] auto-run: step=planner done rc=0
[2026-05-28T20:02:58Z] planner checkpoint: committed
[2026-05-28T20:02:58Z] planner checkpoint: pushed
[2026-05-28T20:02:58Z] planner validation success
[2026-05-28T20:02:58Z] auto-run: transition INIT → PLAN_REVIEW_NEEDED
[2026-05-28T20:02:58Z] auto-run: auto-commit triggered (step=planner, include_code=True)
[2026-05-28T20:02:58Z] commit-checkpoint: unstaged runtime garbage: ['runs/T158/runtime.log']
[2026-05-28T20:02:58Z] commit-checkpoint: sha=cf7029a5 files=2 title='docs(T158/workflow): planner — update 2 file(s)'
[2026-05-28T20:02:58Z] auto-run: auto-push triggered
[2026-05-28T20:02:58Z] push: tolerating runtime dirty files (not blocking): ['runs/T158/runtime.log']
[2026-05-28T20:02:58Z] push: pushing branch=ticket/T158-t158-add-named-environments-with-configurable-trae
[2026-05-28T20:27:46Z] auto-run start: state=PLAN_APPROVED
[2026-05-28T20:27:46Z] auto-run: running step=coder
[2026-05-28T20:27:47Z] prompt: resolved=prompts/generic/coder.md source=generic
[2026-05-28T20:27:47Z] prompt: generic fallback — injecting runs/T158/ticket.md
[2026-05-28T20:27:47Z] compose: global-context=docs/ai/global-context.md
[2026-05-28T20:27:47Z] compose: role=ai/roles/coder.md
[2026-05-28T20:27:47Z] compose: skill=ai/skills/workflow-discipline.md
[2026-05-28T20:27:47Z] compose: skill=ai/skills/git-discipline.md
[2026-05-28T20:27:47Z] compose: skill=ai/skills/code-quality.md
[2026-05-28T20:27:47Z] compose: skill=ai/skills/refactor-safety.md
[2026-05-28T20:27:47Z] compose: skill=ai/skills/security.md
[2026-05-28T20:27:47Z] compose: task (canonical prompt)
[2026-05-28T20:27:47Z] snapshot: runtime-prompt=runs/T158/prompts/coder-attempt-3.md
[2026-05-28T20:37:04Z] auto-run: step=coder done rc=0
[2026-05-28T20:37:04Z] auto-run: transition PLAN_APPROVED → IMPLEMENTATION_REVIEW_NEEDED
[2026-05-28T20:37:04Z] auto-run: auto-commit triggered (step=coder, include_code=True)
[2026-05-28T20:37:04Z] commit-checkpoint: unstaged runtime garbage: ['runs/T158/runtime.log']
[2026-05-28T20:37:04Z] commit-checkpoint: sha=e2ff7c2f files=3 title='chore(T158/workflow): coder — update 3 file(s)'
[2026-05-28T20:37:04Z] auto-run: auto-push triggered
[2026-05-28T20:37:04Z] push: tolerating runtime dirty files (not blocking): ['runs/T158/runtime.log']
[2026-05-28T20:37:04Z] push: pushing branch=ticket/T158-t158-add-named-environments-with-configurable-trae
[2026-05-28T20:42:50Z] auto-run start: state=IMPLEMENTATION_APPROVED
[2026-05-28T20:42:50Z] auto-run: running step=tester
[2026-05-28T20:42:50Z] prompt: resolved=prompts/generic/tester.md source=generic
[2026-05-28T20:42:50Z] prompt: generic fallback — injecting runs/T158/ticket.md
[2026-05-28T20:42:50Z] compose: global-context=docs/ai/global-context.md
[2026-05-28T20:42:50Z] compose: role=ai/roles/tester.md
[2026-05-28T20:42:50Z] compose: skill=ai/skills/workflow-discipline.md
[2026-05-28T20:42:50Z] compose: skill=ai/skills/testing.md
[2026-05-28T20:42:50Z] compose: skill=ai/skills/debugging.md
[2026-05-28T20:42:50Z] compose: task (canonical prompt)
[2026-05-28T20:42:50Z] snapshot: runtime-prompt=runs/T158/prompts/tester-attempt-1.md
