[2026-05-29T12:09:04Z] auto-run start: state=INIT
[2026-05-29T12:09:04Z] auto-run: running step=planner
[2026-05-29T12:09:04Z] prompt: resolved=prompts/generic/planner.md source=generic
[2026-05-29T12:09:04Z] prompt: generic fallback — injecting runs/T162/ticket.md
[2026-05-29T12:09:04Z] compose: global-context=docs/ai/global-context.md
[2026-05-29T12:09:04Z] compose: role=ai/roles/planner.md
[2026-05-29T12:09:04Z] compose: skill=ai/skills/workflow-discipline.md
[2026-05-29T12:09:04Z] compose: skill=ai/skills/architecture-discipline.md
[2026-05-29T12:09:04Z] compose: skill=ai/skills/documentation.md
[2026-05-29T12:09:04Z] compose: task (canonical prompt)
[2026-05-29T12:09:04Z] snapshot: runtime-prompt=runs/T162/prompts/planner-attempt-1.md
[2026-05-29T12:09:50Z] auto-run start: state=INIT
[2026-05-29T12:09:50Z] auto-run: running step=planner
[2026-05-29T12:09:50Z] prompt: resolved=prompts/generic/planner.md source=generic
[2026-05-29T12:09:50Z] prompt: generic fallback — injecting runs/T162/ticket.md
[2026-05-29T12:09:50Z] compose: global-context=docs/ai/global-context.md
[2026-05-29T12:09:50Z] compose: role=ai/roles/planner.md
[2026-05-29T12:09:50Z] compose: skill=ai/skills/workflow-discipline.md
[2026-05-29T12:09:50Z] compose: skill=ai/skills/architecture-discipline.md
[2026-05-29T12:09:50Z] compose: skill=ai/skills/documentation.md
[2026-05-29T12:09:50Z] compose: task (canonical prompt)
[2026-05-29T12:09:50Z] snapshot: runtime-prompt=runs/T162/prompts/planner-attempt-2.md
[2026-05-29T12:12:16Z] runtime failure: provider_error (rc=1)
[2026-05-29T12:12:16Z] auto-run: runtime failure: provider_error (rc=1)
[2026-05-29T12:12:16Z] auto-run: step=planner done rc=1
[2026-05-29T12:12:16Z] auto-run: runtime failure: provider_error (rc=1)
[2026-05-29T12:12:35Z] auto-run: step=planner done rc=0
