[2026-06-19T12:24:08Z] auto-run start: state=INIT
[2026-06-19T12:24:08Z] auto-run: running step=planner
[2026-06-19T12:24:08Z] prompt: resolved=prompts/generic/planner.md source=generic
[2026-06-19T12:24:08Z] prompt: generic fallback — injecting runs/T196/ticket.md
[2026-06-19T12:24:08Z] compose: global-context=docs/ai/global-context.md
[2026-06-19T12:24:08Z] compose: role=ai/roles/planner.md
[2026-06-19T12:24:08Z] compose: skill=ai/skills/workflow-discipline.md
[2026-06-19T12:24:08Z] compose: skill=ai/skills/architecture-discipline.md
[2026-06-19T12:24:08Z] compose: skill=ai/skills/documentation.md
[2026-06-19T12:24:08Z] compose: task (canonical prompt)
[2026-06-19T12:24:08Z] snapshot: runtime-prompt=runs/T196/prompts/planner-attempt-1.md
[2026-06-19T12:27:27Z] auto-run: step=planner done rc=0
[2026-06-19T12:27:29Z] planner checkpoint: committed
[2026-06-19T12:27:29Z] planner checkpoint: pushed
[2026-06-19T12:27:29Z] planner validation success
[2026-06-19T12:27:29Z] auto-run: transition INIT → PLAN_REVIEW_NEEDED
[2026-06-19T12:27:29Z] auto-run: auto-commit triggered (step=planner, include_code=True)
[2026-06-19T12:27:29Z] commit-checkpoint: unstaged runtime garbage: ['runs/T196/runtime.log']
[2026-06-19T12:27:29Z] commit-checkpoint: sha=fbb29ec0 files=2 title='docs(T196/workflow): planner — update 2 file(s)'
[2026-06-19T12:27:29Z] auto-run: auto-push triggered
[2026-06-19T12:27:29Z] push: tolerating runtime dirty files (not blocking): ['runs/T196/runtime.log']
[2026-06-19T12:27:29Z] push: pushing branch=ticket/T196-t196-add-ui-action-to-install-agent-layout-on-exis
[2026-06-19T12:27:31Z] push: done branch=ticket/T196-t196-add-ui-action-to-install-agent-layout-on-exis
