[2026-05-19T16:18:46Z] intake: issue=#68 title='T116 — Canonical Runtime Ownership and Multi-Runtime Foundation' branch=ticket/T116-t116-canonical-runtime-ownership-and-multi-runtime
[2026-05-19T16:18:46Z] intake: done
[2026-05-19T16:20:17Z] auto-run start: state=INIT
[2026-05-19T16:20:18Z] auto-run: running step=planner
[2026-05-19T16:20:18Z] prompt: resolved=prompts/generic/planner.md source=generic
[2026-05-19T16:20:18Z] prompt: generic fallback — injecting runs/T116/ticket.md
[2026-05-19T16:20:18Z] compose: global-context=docs/ai/global-context.md
[2026-05-19T16:20:18Z] compose: role=ai/roles/planner.md
[2026-05-19T16:20:18Z] compose: skill=ai/skills/workflow-discipline.md
[2026-05-19T16:20:18Z] compose: skill=ai/skills/architecture-discipline.md
[2026-05-19T16:20:18Z] compose: skill=ai/skills/documentation.md
[2026-05-19T16:20:18Z] compose: task (canonical prompt)
[2026-05-19T16:20:18Z] snapshot: runtime-prompt=runs/T116/prompts/planner-attempt-1.md
[2026-05-19T16:23:58Z] auto-run: step=planner done rc=0
[2026-05-19T16:23:58Z] planner validation success
[2026-05-19T16:23:58Z] auto-run: transition INIT → PLAN_REVIEW_NEEDED
[2026-05-19T16:24:46Z] commit-checkpoint: refused — failed to determine current git branch
[2026-05-19T16:25:59Z] auto-run start: state=PLAN_REVIEW_NEEDED
[2026-05-19T16:25:59Z] auto-run: running step=review
[2026-05-19T16:25:59Z] auto-run: review decision context: context_file=runs/T116/reviews/review-decision-context-PLAN_REVIEW_NEEDED.md
[2026-05-19T16:25:59Z] prompt: resolved=prompts/generic/review.md source=generic
[2026-05-19T16:25:59Z] prompt: generic fallback — injecting runs/T116/ticket.md
[2026-05-19T16:25:59Z] compose: global-context=docs/ai/global-context.md
[2026-05-19T16:25:59Z] compose: role=ai/roles/reviewer.md
[2026-05-19T16:25:59Z] compose: skill=ai/skills/workflow-discipline.md
[2026-05-19T16:25:59Z] compose: skill=ai/skills/code-quality.md
[2026-05-19T16:25:59Z] compose: skill=ai/skills/refactor-safety.md
[2026-05-19T16:25:59Z] compose: skill=ai/skills/security.md
[2026-05-19T16:25:59Z] compose: task (canonical prompt)
[2026-05-19T16:25:59Z] compose: extra-context=runs/T116/reviews/review-decision-context-PLAN_REVIEW_NEEDED.md
[2026-05-19T16:25:59Z] snapshot: runtime-prompt=runs/T116/prompts/review-attempt-1.md
[2026-05-19T16:27:21Z] human-approval: approve-plan — PLAN_REVIEW_NEEDED → PLAN_APPROVED
[2026-05-19T16:27:22Z] commit-checkpoint: refused — failed to determine current git branch
