[2026-05-12T08:12:14Z] ensure-branch: creating new branch ticket/T014-stabilize-flexible-planner-validator
[2026-05-12T08:12:14Z] ensure-branch: done branch=ticket/T014-stabilize-flexible-planner-validator
[2026-05-12T08:12:24Z] auto-init: state=INIT branch=ticket/T014-stabilize-flexible-planner-validator
[2026-05-12T08:12:36Z] auto-run start: state=INIT
[2026-05-12T08:12:37Z] auto-run: running step=planner
[2026-05-12T08:12:37Z] compose: global-context=docs/ai/global-context.md
[2026-05-12T08:12:37Z] compose: role=ai/roles/planner.md
[2026-05-12T08:12:37Z] compose: skill=ai/skills/workflow-discipline.md
[2026-05-12T08:12:37Z] compose: skill=ai/skills/architecture-discipline.md
[2026-05-12T08:12:37Z] compose: skill=ai/skills/documentation.md
[2026-05-12T08:12:37Z] compose: task (canonical prompt)
[2026-05-12T08:14:26Z] auto-run: step=planner done rc=0
[2026-05-12T08:14:26Z] planner validation failed: phrase interdite: «implémentation terminée»
[2026-05-12T08:14:26Z] planner validation: rejected — state unchanged
[2026-05-12T08:18:49Z] set-state: INIT → PLAN_REVIEW_NEEDED (human)
[2026-05-12T08:18:56Z] commit-checkpoint: sha=f963e07 message='T014: checkpoint [PLAN_REVIEW_NEEDED] — update workflow artifacts'
[2026-05-12T08:22:40Z] set-state: PLAN_REVIEW_NEEDED → PLAN_APPROVED (human)
[2026-05-12T08:22:44Z] commit-checkpoint: refused — nothing to commit in runs/
[2026-05-12T08:22:50Z] auto-run start: state=PLAN_APPROVED
[2026-05-12T08:22:50Z] auto-run: running step=coder
[2026-05-12T08:22:50Z] compose: global-context=docs/ai/global-context.md
[2026-05-12T08:22:50Z] compose: role=ai/roles/coder.md
[2026-05-12T08:22:50Z] compose: skill=ai/skills/workflow-discipline.md
[2026-05-12T08:22:50Z] compose: skill=ai/skills/git-discipline.md
[2026-05-12T08:22:50Z] compose: skill=ai/skills/code-quality.md
[2026-05-12T08:22:50Z] compose: skill=ai/skills/refactor-safety.md
[2026-05-12T08:22:50Z] compose: skill=ai/skills/security.md
[2026-05-12T08:22:50Z] compose: task (canonical prompt)
[2026-05-12T08:25:28Z] auto-run: step=coder done rc=0
[2026-05-12T08:25:28Z] auto-run: transition PLAN_APPROVED → IMPLEMENTATION_REVIEW_NEEDED
[2026-05-12T08:25:47Z] auto-run start: state=IMPLEMENTATION_REVIEW_NEEDED
[2026-05-12T08:25:47Z] auto-run gate failed: working tree is not clean — commit or stash changes first
[2026-05-12T08:25:54Z] commit-checkpoint: sha=dbacb87 message='T014: checkpoint [IMPLEMENTATION_REVIEW_NEEDED] — update workflow artifacts'
[2026-05-12T08:25:59Z] auto-run start: state=IMPLEMENTATION_REVIEW_NEEDED
[2026-05-12T08:25:59Z] auto-run: running step=review
[2026-05-12T08:26:00Z] compose: global-context=docs/ai/global-context.md
[2026-05-12T08:26:00Z] compose: role=ai/roles/reviewer.md
[2026-05-12T08:26:00Z] compose: skill=ai/skills/workflow-discipline.md
[2026-05-12T08:26:00Z] compose: skill=ai/skills/code-quality.md
[2026-05-12T08:26:00Z] compose: skill=ai/skills/refactor-safety.md
[2026-05-12T08:26:00Z] compose: skill=ai/skills/security.md
[2026-05-12T08:26:00Z] compose: task (canonical prompt)
[2026-05-12T08:28:31Z] auto-run: step=review done rc=0
[2026-05-12T08:28:31Z] auto-run: review parsed from: runs/T014/reviews/implementation-review.md
[2026-05-12T08:28:31Z] auto-run: no keyword found in runs/T014/reviews/implementation-review.md
[2026-05-12T08:34:39Z] set-state: IMPLEMENTATION_REVIEW_NEEDED → IMPLEMENTATION_FIX_REQUIRED (human)
[2026-05-12T08:34:50Z] commit-checkpoint: sha=087ab16 message='T014: checkpoint [IMPLEMENTATION_FIX_REQUIRED] — update workflow artifacts'
[2026-05-12T08:36:28Z] auto-run start: state=IMPLEMENTATION_FIX_REQUIRED
[2026-05-12T08:36:28Z] auto-run gate failed: working tree is not clean — commit or stash changes first
[2026-05-12T08:36:33Z] commit-checkpoint: refused — nothing to commit in runs/
[2026-05-12T08:38:23Z] auto-run start: state=IMPLEMENTATION_FIX_REQUIRED
[2026-05-12T08:38:23Z] auto-run: running step=coder
[2026-05-12T08:38:23Z] auto-run: fix context: previous_output=runs/T014/implementation-output.md
[2026-05-12T08:38:23Z] auto-run: fix context: review=runs/T014/reviews/implementation-review.md
[2026-05-12T08:38:23Z] auto-run: fix context: fix_instructions=runs/T014/fixes/implementation-fix-1.md
[2026-05-12T08:38:23Z] auto-run: fix context: context_file=runs/T014/fixes/context-20260512T083823Z.md
[2026-05-12T08:38:23Z] compose: global-context=docs/ai/global-context.md
[2026-05-12T08:38:23Z] compose: role=ai/roles/coder.md
[2026-05-12T08:38:23Z] compose: skill=ai/skills/workflow-discipline.md
[2026-05-12T08:38:23Z] compose: skill=ai/skills/git-discipline.md
[2026-05-12T08:38:23Z] compose: skill=ai/skills/code-quality.md
[2026-05-12T08:38:23Z] compose: skill=ai/skills/refactor-safety.md
[2026-05-12T08:38:23Z] compose: skill=ai/skills/security.md
[2026-05-12T08:38:23Z] compose: task (canonical prompt)
[2026-05-12T08:38:23Z] compose: extra-context=runs/T014/fixes/context-20260512T083823Z.md
[2026-05-12T08:39:18Z] auto-run: step=coder done rc=0
[2026-05-12T08:39:18Z] auto-run: transition IMPLEMENTATION_FIX_REQUIRED → IMPLEMENTATION_REVIEW_NEEDED
[2026-05-12T08:43:11Z] commit-checkpoint: sha=31a75c3 message='T014: checkpoint [IMPLEMENTATION_REVIEW_NEEDED] — update workflow artifacts'
[2026-05-12T08:43:17Z] auto-run start: state=IMPLEMENTATION_REVIEW_NEEDED
[2026-05-12T08:43:17Z] auto-run: running step=review
[2026-05-12T08:43:17Z] compose: global-context=docs/ai/global-context.md
[2026-05-12T08:43:17Z] compose: role=ai/roles/reviewer.md
[2026-05-12T08:43:17Z] compose: skill=ai/skills/workflow-discipline.md
[2026-05-12T08:43:17Z] compose: skill=ai/skills/code-quality.md
[2026-05-12T08:43:17Z] compose: skill=ai/skills/refactor-safety.md
[2026-05-12T08:43:17Z] compose: skill=ai/skills/security.md
[2026-05-12T08:43:17Z] compose: task (canonical prompt)
[2026-05-12T08:45:01Z] auto-run: step=review done rc=0
[2026-05-12T08:45:01Z] auto-run: review parsed from: runs/T014/reviews/implementation-review.md
[2026-05-12T08:45:01Z] auto-run: no keyword found in runs/T014/reviews/implementation-review.md
[2026-05-12T08:50:45Z] set-state: IMPLEMENTATION_REVIEW_NEEDED → IMPLEMENTATION_FIX_REQUIRED (human)
[2026-05-12T08:50:53Z] auto-run start: state=IMPLEMENTATION_FIX_REQUIRED
[2026-05-12T08:50:53Z] auto-run gate failed: working tree is not clean — commit or stash changes first
[2026-05-12T08:51:00Z] commit-checkpoint: sha=7a90d88 message='T014: checkpoint [IMPLEMENTATION_FIX_REQUIRED] — update workflow artifacts'
[2026-05-12T08:51:04Z] auto-run start: state=IMPLEMENTATION_FIX_REQUIRED
[2026-05-12T08:51:04Z] auto-run: running step=coder
[2026-05-12T08:51:04Z] auto-run: fix context: previous_output=runs/T014/implementation-output.md
[2026-05-12T08:51:04Z] auto-run: fix context: review=runs/T014/reviews/implementation-review.md
[2026-05-12T08:51:04Z] auto-run: fix context: fix_instructions=runs/T014/fixes/implementation-fix-1.md
[2026-05-12T08:51:04Z] auto-run: fix context: context_file=runs/T014/fixes/context-20260512T085104Z.md
[2026-05-12T08:51:04Z] compose: global-context=docs/ai/global-context.md
[2026-05-12T08:51:04Z] compose: role=ai/roles/coder.md
[2026-05-12T08:51:04Z] compose: skill=ai/skills/workflow-discipline.md
[2026-05-12T08:51:04Z] compose: skill=ai/skills/git-discipline.md
[2026-05-12T08:51:04Z] compose: skill=ai/skills/code-quality.md
[2026-05-12T08:51:04Z] compose: skill=ai/skills/refactor-safety.md
[2026-05-12T08:51:04Z] compose: skill=ai/skills/security.md
[2026-05-12T08:51:04Z] compose: task (canonical prompt)
[2026-05-12T08:51:04Z] compose: extra-context=runs/T014/fixes/context-20260512T085104Z.md
[2026-05-12T08:51:45Z] auto-run: step=coder done rc=0
[2026-05-12T08:51:45Z] auto-run: transition IMPLEMENTATION_FIX_REQUIRED → IMPLEMENTATION_REVIEW_NEEDED
[2026-05-12T08:52:34Z] commit-checkpoint: sha=9306fd5 message='T014: checkpoint [IMPLEMENTATION_REVIEW_NEEDED] — update workflow artifacts'
[2026-05-12T08:52:39Z] auto-run start: state=IMPLEMENTATION_REVIEW_NEEDED
[2026-05-12T08:52:39Z] auto-run gate failed: working tree is not clean — commit or stash changes first
[2026-05-12T08:52:51Z] commit-checkpoint: refused — nothing to commit in runs/
[2026-05-12T08:53:17Z] commit-checkpoint: refused — nothing to commit in runs/
[2026-05-12T08:54:03Z] auto-run start: state=IMPLEMENTATION_REVIEW_NEEDED
[2026-05-12T08:54:03Z] auto-run: running step=review
[2026-05-12T08:54:03Z] compose: global-context=docs/ai/global-context.md
[2026-05-12T08:54:03Z] compose: role=ai/roles/reviewer.md
[2026-05-12T08:54:03Z] compose: skill=ai/skills/workflow-discipline.md
[2026-05-12T08:54:03Z] compose: skill=ai/skills/code-quality.md
[2026-05-12T08:54:03Z] compose: skill=ai/skills/refactor-safety.md
[2026-05-12T08:54:03Z] compose: skill=ai/skills/security.md
[2026-05-12T08:54:03Z] compose: task (canonical prompt)
[2026-05-12T08:55:30Z] auto-run: step=review done rc=0
[2026-05-12T08:55:30Z] auto-run: review parsed from: runs/T014/reviews/implementation-review.md
[2026-05-12T08:55:30Z] auto-run: no keyword found in runs/T014/reviews/implementation-review.md
[2026-05-12T08:56:15Z] set-state: IMPLEMENTATION_REVIEW_NEEDED → IMPLEMENTATION_APPROVED (human)
[2026-05-12T08:56:20Z] commit-checkpoint: sha=b874c96 message='T014: checkpoint [IMPLEMENTATION_APPROVED] — update workflow artifacts'
[2026-05-12T08:56:26Z] auto-run start: state=IMPLEMENTATION_APPROVED
[2026-05-12T08:56:26Z] auto-run: running step=tester
[2026-05-12T08:56:26Z] compose: global-context=docs/ai/global-context.md
[2026-05-12T08:56:26Z] compose: role=ai/roles/tester.md
[2026-05-12T08:56:26Z] compose: skill=ai/skills/workflow-discipline.md
[2026-05-12T08:56:26Z] compose: skill=ai/skills/testing.md
[2026-05-12T08:56:26Z] compose: skill=ai/skills/debugging.md
[2026-05-12T08:56:26Z] compose: task (canonical prompt)
[2026-05-12T08:58:36Z] auto-run: step=tester done rc=0
[2026-05-12T08:58:36Z] auto-run: transition IMPLEMENTATION_APPROVED → TEST_COMPLETE
[2026-05-12T08:58:51Z] commit-checkpoint: sha=88c3878 message='T014: checkpoint [TEST_COMPLETE] — update workflow artifacts'
