[2026-05-18T21:23:31Z] intake: issue=#58 title='T111 — SQLite runtime state store for daemon, intake, workers and board' branch=ticket/T111-t111-sqlite-runtime-state-store-for-daemon-intake
[2026-05-18T21:23:31Z] intake: done
[2026-05-18T21:23:33Z] bootstrap checkpoint completed
[2026-05-18T21:23:33Z] checkpoint push for T111
[2026-05-18T21:23:33Z] intake: returned to branch 'main'
[2026-05-18T21:23:53Z] auto-run start: state=INIT
[2026-05-18T21:23:53Z] auto-run gate failed: working tree is not clean — commit or stash changes first
[2026-05-18T21:24:31Z] auto-run start: state=INIT
[2026-05-18T21:24:31Z] auto-run gate failed: working tree is not clean — commit or stash changes first
[2026-05-18T21:25:10Z] auto-run start: state=INIT
[2026-05-18T21:25:10Z] auto-run gate failed: working tree is not clean — commit or stash changes first
[2026-05-18T21:25:11Z] commit-checkpoint: skipped missing scope paths: package.json, package-lock.json
[2026-05-18T21:25:12Z] commit-checkpoint: sha=aca8b22 message='T111: checkpoint [INIT] — update workflow artifacts'
[2026-05-18T21:25:13Z] push: refused — DIRTY_RUNTIME_CHECKPOINT — uncommitted changes present before push
[2026-05-18T21:25:49Z] auto-run start: state=INIT
[2026-05-18T21:25:49Z] auto-run gate failed: working tree is not clean — commit or stash changes first
[2026-05-18T21:26:28Z] auto-run start: state=INIT
[2026-05-18T21:26:28Z] auto-run gate failed: working tree is not clean — commit or stash changes first
[2026-05-18T21:27:07Z] auto-run start: state=INIT
[2026-05-18T21:27:07Z] auto-run gate failed: working tree is not clean — commit or stash changes first
[2026-05-18T21:27:45Z] auto-run start: state=INIT
[2026-05-18T21:27:45Z] auto-run gate failed: working tree is not clean — commit or stash changes first
[2026-05-18T21:28:24Z] auto-run start: state=INIT
[2026-05-18T21:28:24Z] auto-run gate failed: working tree is not clean — commit or stash changes first
[2026-05-18T21:29:02Z] auto-run start: state=INIT
[2026-05-18T21:29:02Z] auto-run gate failed: working tree is not clean — commit or stash changes first
[2026-05-18T21:29:22Z] commit-checkpoint: skipped missing scope paths: package.json, package-lock.json
