[2026-06-23T01:24:58Z] auto-run start: state=INIT
[2026-06-23T01:24:58Z] auto-run: running step=planner
[2026-06-23T01:24:58Z] prompt: resolved=prompts/generic/planner.md source=generic
[2026-06-23T01:24:58Z] prompt: generic fallback — injecting runs/T206/ticket.md
[2026-06-23T01:24:58Z] compose: global-context=docs/ai/global-context.md
[2026-06-23T01:24:58Z] compose: role=ai/roles/planner.md
[2026-06-23T01:24:58Z] compose: skill=ai/skills/workflow-discipline.md
[2026-06-23T01:24:58Z] compose: skill=ai/skills/architecture-discipline.md
[2026-06-23T01:24:58Z] compose: skill=ai/skills/documentation.md
[2026-06-23T01:24:58Z] compose: task (canonical prompt)
[2026-06-23T01:24:58Z] snapshot: runtime-prompt=runs/T206/prompts/planner-attempt-1.md
[2026-06-23T01:29:19Z] auto-run: step=planner done rc=0
[2026-06-23T01:29:21Z] planner checkpoint: committed
[2026-06-23T01:29:21Z] planner checkpoint: pushed
[2026-06-23T01:29:21Z] planner validation success
[2026-06-23T01:29:21Z] auto-run: transition INIT → PLAN_REVIEW_NEEDED
[2026-06-23T01:29:21Z] auto-run: auto-commit triggered (step=planner, include_code=True)
[2026-06-23T01:29:21Z] commit-checkpoint: unstaged runtime garbage: ['runs/T206/runtime.log']
[2026-06-23T01:29:21Z] commit-checkpoint: sha=b6e6d77c files=2 title='docs(T206/workflow): planner — update 2 file(s)'
[2026-06-23T01:29:21Z] auto-run: auto-push triggered
[2026-06-23T01:29:21Z] push: tolerating runtime dirty files (not blocking): ['runs/T206/runtime.log']
[2026-06-23T01:29:21Z] push: pushing branch=ticket/T206-t206-fix-ticket-intelligence-analysis-never-comple
[2026-06-23T01:29:23Z] push: done branch=ticket/T206-t206-fix-ticket-intelligence-analysis-never-comple
[2026-06-23T09:13:31Z] auto-run start: state=IMPLEMENTATION_APPROVED
[2026-06-23T09:13:31Z] auto-run: running step=tester
[2026-06-23T09:13:31Z] prompt: resolved=prompts/generic/tester.md source=generic
[2026-06-23T09:13:31Z] prompt: generic fallback — injecting runs/T206/ticket.md
[2026-06-23T09:13:31Z] compose: global-context=docs/ai/global-context.md
[2026-06-23T09:13:31Z] compose: role=ai/roles/tester.md
[2026-06-23T09:13:31Z] compose: skill=ai/skills/workflow-discipline.md
[2026-06-23T09:13:31Z] compose: skill=ai/skills/testing.md
[2026-06-23T09:13:31Z] compose: skill=ai/skills/debugging.md
[2026-06-23T09:13:31Z] compose: task (canonical prompt)
[2026-06-23T09:13:31Z] snapshot: runtime-prompt=runs/T206/prompts/tester-attempt-1.md
[2026-06-23T09:29:06Z] auto-run: step=tester done rc=0
[2026-06-23T09:29:06Z] auto-run: transition IMPLEMENTATION_APPROVED → TEST_COMPLETE
[2026-06-23T09:29:06Z] auto-run: auto-commit triggered (step=tester, include_code=True)
[2026-06-23T09:29:06Z] commit-checkpoint: unstaged runtime garbage: ['runs/T206/runtime.log']
[2026-06-23T09:29:06Z] commit-checkpoint: sha=42c8a246 files=3 title='test(T206/workflow): tester — update 3 file(s)'
[2026-06-23T09:29:06Z] auto-run: auto-push triggered
[2026-06-23T09:29:06Z] push: tolerating runtime dirty files (not blocking): ['runs/T206/runtime.log']
[2026-06-23T09:29:06Z] push: pushing branch=ticket/T206-t206-fix-ticket-intelligence-analysis-never-comple
[2026-06-23T09:29:08Z] push: done branch=ticket/T206-t206-fix-ticket-intelligence-analysis-never-comple
