[2026-05-19T23:19:39Z] auto-run start: state=INIT
[2026-05-19T23:19:39Z] auto-run: running step=planner
[2026-05-19T23:19:39Z] prompt: resolved=prompts/generic/planner.md source=generic
[2026-05-19T23:19:39Z] prompt: generic fallback — injecting runs/T120/ticket.md
[2026-05-19T23:19:39Z] compose: global-context=docs/ai/global-context.md
[2026-05-19T23:19:39Z] compose: role=ai/roles/planner.md
[2026-05-19T23:19:39Z] compose: skill=ai/skills/workflow-discipline.md
[2026-05-19T23:19:39Z] compose: skill=ai/skills/architecture-discipline.md
[2026-05-19T23:19:39Z] compose: skill=ai/skills/documentation.md
[2026-05-19T23:19:39Z] compose: task (canonical prompt)
[2026-05-19T23:19:39Z] snapshot: runtime-prompt=runs/T120/prompts/planner-attempt-1.md
[2026-05-19T23:22:48Z] auto-run: step=planner done rc=0
[2026-05-20T06:29:12Z] auto-run start: state=INIT
[2026-05-20T06:29:12Z] auto-run: running step=planner
[2026-05-20T06:29:12Z] prompt: resolved=prompts/generic/planner.md source=generic
[2026-05-20T06:29:12Z] prompt: generic fallback — injecting runs/T120/ticket.md
[2026-05-20T06:29:12Z] compose: global-context=docs/ai/global-context.md
[2026-05-20T06:29:12Z] compose: role=ai/roles/planner.md
[2026-05-20T06:29:12Z] compose: skill=ai/skills/workflow-discipline.md
[2026-05-20T06:29:12Z] compose: skill=ai/skills/architecture-discipline.md
[2026-05-20T06:29:12Z] compose: skill=ai/skills/documentation.md
[2026-05-20T06:29:12Z] compose: task (canonical prompt)
[2026-05-20T06:29:12Z] snapshot: runtime-prompt=runs/T120/prompts/planner-attempt-2.md
[2026-05-20T06:32:13Z] auto-run: step=planner done rc=0
[2026-05-20T06:45:25Z] auto-run start: state=INIT
[2026-05-20T06:45:25Z] auto-run: running step=planner
[2026-05-20T06:45:25Z] prompt: resolved=prompts/generic/planner.md source=generic
[2026-05-20T06:45:25Z] prompt: generic fallback — injecting runs/T120/ticket.md
[2026-05-20T06:45:25Z] compose: global-context=docs/ai/global-context.md
[2026-05-20T06:45:25Z] compose: role=ai/roles/planner.md
[2026-05-20T06:45:25Z] compose: skill=ai/skills/workflow-discipline.md
[2026-05-20T06:45:25Z] compose: skill=ai/skills/architecture-discipline.md
[2026-05-20T06:45:25Z] compose: skill=ai/skills/documentation.md
[2026-05-20T06:45:25Z] compose: task (canonical prompt)
[2026-05-20T06:45:25Z] snapshot: runtime-prompt=runs/T120/prompts/planner-attempt-3.md
[2026-05-20T06:48:31Z] auto-run: step=planner done rc=0
[2026-05-20T06:48:34Z] planner checkpoint: committed
[2026-05-20T06:48:34Z] planner checkpoint: pushed
[2026-05-20T06:48:34Z] planner validation failed: plan sans section reconnue (Objective/Included/Excluded/Acceptance criteria — ou équivalents FR)
[2026-05-20T06:48:34Z] planner validation: rejected — state unchanged
[2026-05-20T06:48:34Z] runtime failure: planner_invalid
[2026-05-20T06:50:40Z] auto-run start: state=INIT
[2026-05-20T06:50:40Z] auto-run: running step=planner
[2026-05-20T06:50:40Z] prompt: resolved=prompts/generic/planner.md source=generic
[2026-05-20T06:50:40Z] prompt: generic fallback — injecting runs/T120/ticket.md
[2026-05-20T06:50:40Z] compose: global-context=docs/ai/global-context.md
[2026-05-20T06:50:40Z] compose: role=ai/roles/planner.md
[2026-05-20T06:50:40Z] compose: skill=ai/skills/workflow-discipline.md
[2026-05-20T06:50:40Z] compose: skill=ai/skills/architecture-discipline.md
[2026-05-20T06:50:40Z] compose: skill=ai/skills/documentation.md
[2026-05-20T06:50:40Z] compose: task (canonical prompt)
[2026-05-20T06:50:40Z] snapshot: runtime-prompt=runs/T120/prompts/planner-attempt-4.md
[2026-05-20T06:55:31Z] auto-run: step=planner done rc=0
[2026-05-20T06:55:33Z] planner checkpoint: committed
[2026-05-20T06:55:33Z] planner checkpoint: pushed
[2026-05-20T06:55:33Z] planner validation failed: plan sans section reconnue (Objective/Included/Excluded/Acceptance criteria — ou équivalents FR)
[2026-05-20T06:55:33Z] planner validation: rejected — state unchanged
[2026-05-20T06:55:33Z] runtime failure: planner_invalid
[2026-05-21T07:17:21Z] auto-run start: state=INIT
[2026-05-21T07:17:21Z] auto-run: running step=planner
[2026-05-21T07:17:21Z] prompt: resolved=prompts/generic/planner.md source=generic
[2026-05-21T07:17:21Z] prompt: generic fallback — injecting runs/T120/ticket.md
[2026-05-21T07:17:21Z] compose: global-context=docs/ai/global-context.md
[2026-05-21T07:17:21Z] compose: role=ai/roles/planner.md
[2026-05-21T07:17:21Z] compose: skill=ai/skills/workflow-discipline.md
[2026-05-21T07:17:21Z] compose: skill=ai/skills/architecture-discipline.md
[2026-05-21T07:17:21Z] compose: skill=ai/skills/documentation.md
[2026-05-21T07:17:21Z] compose: task (canonical prompt)
[2026-05-21T07:17:21Z] snapshot: runtime-prompt=runs/T120/prompts/planner-attempt-5.md
[2026-05-21T07:19:35Z] auto-run: step=planner done rc=0
[2026-05-21T07:19:37Z] planner checkpoint: committed
[2026-05-21T07:19:37Z] planner checkpoint: pushed
[2026-05-21T07:19:37Z] planner validation success
[2026-05-21T07:19:37Z] auto-run: transition INIT → PLAN_REVIEW_NEEDED
[2026-05-21T07:19:37Z] auto-run: auto-commit triggered
[2026-05-21T07:19:37Z] commit-checkpoint: sha=16ce11e message='T120: checkpoint [PLAN_REVIEW_NEEDED] — update workflow artifacts'
[2026-05-21T07:19:37Z] auto-run: auto-push triggered
[2026-05-21T07:19:37Z] push: refused — DIRTY_RUNTIME_CHECKPOINT — uncommitted changes present before push
[2026-05-21T07:19:37Z] auto-run: auto-push failed rc=2
[2026-05-21T07:24:29Z] human-approval: approve-plan — PLAN_REVIEW_NEEDED → PLAN_APPROVED
[2026-05-21T07:25:04Z] commit-checkpoint: refused — failed to determine current git branch
[2026-05-21T07:25:33Z] auto-run start: state=PLAN_APPROVED
[2026-05-21T07:25:33Z] auto-run: running step=coder
[2026-05-21T07:25:33Z] prompt: resolved=prompts/generic/coder.md source=generic
[2026-05-21T07:25:33Z] prompt: generic fallback — injecting runs/T120/ticket.md
[2026-05-21T07:25:33Z] compose: global-context=docs/ai/global-context.md
[2026-05-21T07:25:33Z] compose: role=ai/roles/coder.md
[2026-05-21T07:25:33Z] compose: skill=ai/skills/workflow-discipline.md
[2026-05-21T07:25:33Z] compose: skill=ai/skills/git-discipline.md
[2026-05-21T07:25:33Z] compose: skill=ai/skills/code-quality.md
[2026-05-21T07:25:33Z] compose: skill=ai/skills/refactor-safety.md
[2026-05-21T07:25:33Z] compose: skill=ai/skills/security.md
[2026-05-21T07:25:33Z] compose: task (canonical prompt)
[2026-05-21T07:25:33Z] snapshot: runtime-prompt=runs/T120/prompts/coder-attempt-1.md
[2026-05-21T07:29:04Z] auto-run: step=coder done rc=0
[2026-05-21T07:29:04Z] auto-run: transition PLAN_APPROVED → IMPLEMENTATION_REVIEW_NEEDED
[2026-05-21T07:29:04Z] auto-run: auto-commit triggered
[2026-05-21T07:29:04Z] commit-checkpoint: sha=5709886 message='T120: checkpoint [IMPLEMENTATION_REVIEW_NEEDED] — update workflow artifacts'
[2026-05-21T07:29:04Z] auto-run: auto-push triggered
[2026-05-21T07:29:04Z] push: refused — DIRTY_RUNTIME_CHECKPOINT — uncommitted changes present before push
[2026-05-21T07:29:04Z] auto-run: auto-push failed rc=2
