[2026-05-21T15:59:00Z] auto-run start: state=INIT
[2026-05-21T15:59:00Z] auto-run: running step=planner
[2026-05-21T15:59:00Z] prompt: resolved=prompts/generic/planner.md source=generic
[2026-05-21T15:59:00Z] prompt: generic fallback — injecting runs/T125/ticket.md
[2026-05-21T15:59:00Z] compose: global-context=docs/ai/global-context.md
[2026-05-21T15:59:00Z] compose: role=ai/roles/planner.md
[2026-05-21T15:59:00Z] compose: skill=ai/skills/workflow-discipline.md
[2026-05-21T15:59:00Z] compose: skill=ai/skills/architecture-discipline.md
[2026-05-21T15:59:00Z] compose: skill=ai/skills/documentation.md
[2026-05-21T15:59:00Z] compose: task (canonical prompt)
[2026-05-21T15:59:00Z] snapshot: runtime-prompt=runs/T125/prompts/planner-attempt-1.md
[2026-05-21T16:01:47Z] auto-run: step=planner done rc=0
[2026-05-21T16:01:50Z] planner checkpoint: committed
[2026-05-21T16:01:50Z] planner checkpoint: pushed
[2026-05-21T16:01:50Z] planner validation success
[2026-05-21T16:01:50Z] auto-run: transition INIT → PLAN_REVIEW_NEEDED
[2026-05-21T16:01:50Z] auto-run: auto-commit triggered (step=planner, include_code=True)
[2026-05-21T16:01:50Z] commit-checkpoint: unstaged runtime garbage: ['runs/T125/runtime.log']
[2026-05-21T16:01:50Z] commit-checkpoint: sha=6e6c6a9c files=2 title='docs(T125/workflow): planner — update 2 file(s)'
[2026-05-21T16:01:50Z] auto-run: auto-push triggered
[2026-05-21T16:01:50Z] push: tolerating runtime dirty files (not blocking): ['runs/T125/runtime.log']
[2026-05-21T16:01:50Z] push: pushing branch=ticket/T125-t125-project-scoped-runtime-apis-and-daemon-isolat
[2026-05-21T16:01:53Z] push: done branch=ticket/T125-t125-project-scoped-runtime-apis-and-daemon-isolat
[2026-05-21T16:07:46Z] human-approval: approve-plan — PLAN_REVIEW_NEEDED → PLAN_APPROVED
[2026-05-21T16:08:25Z] auto-run start: state=PLAN_APPROVED
[2026-05-21T16:08:25Z] auto-run: running step=coder
[2026-05-21T16:08:25Z] prompt: resolved=prompts/generic/coder.md source=generic
[2026-05-21T16:08:25Z] prompt: generic fallback — injecting runs/T125/ticket.md
[2026-05-21T16:08:25Z] compose: global-context=docs/ai/global-context.md
[2026-05-21T16:08:25Z] compose: role=ai/roles/coder.md
[2026-05-21T16:08:25Z] compose: skill=ai/skills/workflow-discipline.md
[2026-05-21T16:08:25Z] compose: skill=ai/skills/git-discipline.md
[2026-05-21T16:08:25Z] compose: skill=ai/skills/code-quality.md
[2026-05-21T16:08:25Z] compose: skill=ai/skills/refactor-safety.md
[2026-05-21T16:08:25Z] compose: skill=ai/skills/security.md
[2026-05-21T16:08:25Z] compose: task (canonical prompt)
[2026-05-21T16:08:25Z] snapshot: runtime-prompt=runs/T125/prompts/coder-attempt-1.md
[2026-05-21T16:35:13Z] auto-run start: state=IMPLEMENTATION_APPROVED
[2026-05-21T16:35:13Z] auto-run: running step=tester
[2026-05-21T16:35:13Z] prompt: resolved=prompts/generic/tester.md source=generic
[2026-05-21T16:35:13Z] prompt: generic fallback — injecting runs/T125/ticket.md
[2026-05-21T16:35:13Z] compose: global-context=docs/ai/global-context.md
[2026-05-21T16:35:13Z] compose: role=ai/roles/tester.md
[2026-05-21T16:35:13Z] compose: skill=ai/skills/workflow-discipline.md
[2026-05-21T16:35:13Z] compose: skill=ai/skills/testing.md
[2026-05-21T16:35:13Z] compose: skill=ai/skills/debugging.md
[2026-05-21T16:35:13Z] compose: task (canonical prompt)
[2026-05-21T16:35:13Z] snapshot: runtime-prompt=runs/T125/prompts/tester-attempt-1.md
[2026-05-21T16:39:06Z] auto-run: step=tester done rc=0
[2026-05-21T16:39:06Z] auto-run: transition IMPLEMENTATION_APPROVED → TEST_COMPLETE
[2026-05-21T16:39:06Z] auto-run: auto-commit triggered (step=tester, include_code=True)
[2026-05-21T16:39:06Z] commit-checkpoint: unstaged runtime garbage: ['runs/T125/runtime.log']
[2026-05-21T16:39:06Z] commit-checkpoint: sha=abcff6b2 files=4 title='test(T125/workflow): tester — update 4 file(s)'
[2026-05-21T16:39:06Z] auto-run: auto-push triggered
[2026-05-21T16:39:06Z] push: tolerating runtime dirty files (not blocking): ['runs/T125/runtime.log']
[2026-05-21T16:39:06Z] push: pushing branch=ticket/T125-t125-project-scoped-runtime-apis-and-daemon-isolat
[2026-05-21T16:39:09Z] push: done branch=ticket/T125-t125-project-scoped-runtime-apis-and-daemon-isolat
