[2026-06-15T20:37:21Z] auto-run start: state=INIT
[2026-06-15T20:37:22Z] auto-run: running step=planner
[2026-06-15T20:37:22Z] prompt: resolved=prompts/generic/planner.md source=generic
[2026-06-15T20:37:22Z] prompt: generic fallback — injecting runs/T189/ticket.md
[2026-06-15T20:37:22Z] compose: global-context=docs/ai/global-context.md
[2026-06-15T20:37:22Z] compose: role=ai/roles/planner.md
[2026-06-15T20:37:22Z] compose: skill=ai/skills/workflow-discipline.md
[2026-06-15T20:37:22Z] compose: skill=ai/skills/architecture-discipline.md
[2026-06-15T20:37:22Z] compose: skill=ai/skills/documentation.md
[2026-06-15T20:37:22Z] compose: task (canonical prompt)
[2026-06-15T20:37:22Z] snapshot: runtime-prompt=runs/T189/prompts/planner-attempt-1.md
[2026-06-15T20:40:19Z] auto-run: step=planner done rc=0
[2026-06-15T20:40:21Z] planner checkpoint: committed
[2026-06-15T20:40:21Z] planner checkpoint: pushed
[2026-06-15T20:40:21Z] planner validation success
[2026-06-15T20:40:21Z] auto-run: transition INIT → PLAN_REVIEW_NEEDED
[2026-06-15T20:40:21Z] auto-run: auto-commit triggered (step=planner, include_code=True)
[2026-06-15T20:40:22Z] commit-checkpoint: unstaged runtime garbage: ['runs/T189/runtime.log']
[2026-06-15T20:40:22Z] commit-checkpoint: sha=da4b1a96 files=2 title='docs(T189/workflow): planner — update 2 file(s)'
[2026-06-15T20:40:22Z] auto-run: auto-push triggered
[2026-06-15T20:40:22Z] push: tolerating runtime dirty files (not blocking): ['runs/T189/runtime.log']
[2026-06-15T20:40:22Z] push: pushing branch=ticket/T189-t189-project-bootstrap-must-create-a-dedicated-run
[2026-06-15T20:40:24Z] push: done branch=ticket/T189-t189-project-bootstrap-must-create-a-dedicated-run
[2026-06-15T20:47:58Z] auto-run start: state=PLAN_APPROVED
[2026-06-15T20:47:59Z] auto-run: running step=coder
[2026-06-15T20:47:59Z] prompt: resolved=prompts/generic/coder.md source=generic
[2026-06-15T20:47:59Z] prompt: generic fallback — injecting runs/T189/ticket.md
[2026-06-15T20:47:59Z] compose: global-context=docs/ai/global-context.md
[2026-06-15T20:47:59Z] compose: role=ai/roles/coder.md
[2026-06-15T20:47:59Z] compose: skill=ai/skills/workflow-discipline.md
[2026-06-15T20:47:59Z] compose: skill=ai/skills/git-discipline.md
[2026-06-15T20:47:59Z] compose: skill=ai/skills/code-quality.md
[2026-06-15T20:47:59Z] compose: skill=ai/skills/refactor-safety.md
[2026-06-15T20:47:59Z] compose: skill=ai/skills/security.md
[2026-06-15T20:47:59Z] compose: task (canonical prompt)
[2026-06-15T20:47:59Z] snapshot: runtime-prompt=runs/T189/prompts/coder-attempt-1.md
