[2026-06-09T15:47:41Z] auto-run start: state=INIT
[2026-06-09T15:47:41Z] auto-run: running step=planner
[2026-06-09T15:47:41Z] prompt: resolved=prompts/generic/planner.md source=generic
[2026-06-09T15:47:41Z] prompt: generic fallback — injecting runs/T182/ticket.md
[2026-06-09T15:47:41Z] compose: global-context=docs/ai/global-context.md
[2026-06-09T15:47:41Z] compose: role=ai/roles/planner.md
[2026-06-09T15:47:41Z] compose: skill=ai/skills/workflow-discipline.md
[2026-06-09T15:47:41Z] compose: skill=ai/skills/architecture-discipline.md
[2026-06-09T15:47:41Z] compose: skill=ai/skills/documentation.md
[2026-06-09T15:47:41Z] compose: task (canonical prompt)
[2026-06-09T15:47:41Z] snapshot: runtime-prompt=runs/T182/prompts/planner-attempt-1.md
[2026-06-09T15:50:08Z] auto-run: step=planner done rc=0
[2026-06-09T15:50:10Z] planner checkpoint: committed
[2026-06-09T15:50:10Z] planner checkpoint: pushed
[2026-06-09T15:50:10Z] planner validation success
[2026-06-09T15:50:10Z] auto-run: transition INIT → PLAN_REVIEW_NEEDED
[2026-06-09T15:50:10Z] auto-run: auto-commit triggered (step=planner, include_code=True)
[2026-06-09T15:50:10Z] commit-checkpoint: unstaged runtime garbage: ['runs/T182/runtime.log']
[2026-06-09T15:50:10Z] commit-checkpoint: sha=e0ea3b2a files=2 title='docs(T182/workflow): planner — update 2 file(s)'
[2026-06-09T15:50:10Z] auto-run: auto-push triggered
[2026-06-09T15:50:10Z] push: tolerating runtime dirty files (not blocking): ['runs/T182/runtime.log']
[2026-06-09T15:50:10Z] push: pushing branch=ticket/T182-t182-add-full-multi-project-workspace-ui-and-proje
[2026-06-09T15:50:12Z] push: done branch=ticket/T182-t182-add-full-multi-project-workspace-ui-and-proje
