[2026-05-12T09:40:38Z] ensure-branch: creating new branch ticket/T016-runtime-prompt-snapshots
[2026-05-12T09:40:38Z] ensure-branch: done branch=ticket/T016-runtime-prompt-snapshots
[2026-05-12T09:40:47Z] auto-init: state=INIT branch=ticket/T016-runtime-prompt-snapshots
[2026-05-12T09:40:54Z] auto-run start: state=INIT
[2026-05-12T09:40:54Z] auto-run: running step=planner
[2026-05-12T09:40:54Z] compose: global-context=docs/ai/global-context.md
[2026-05-12T09:40:54Z] compose: role=ai/roles/planner.md
[2026-05-12T09:40:54Z] compose: skill=ai/skills/workflow-discipline.md
[2026-05-12T09:40:54Z] compose: skill=ai/skills/architecture-discipline.md
[2026-05-12T09:40:54Z] compose: skill=ai/skills/documentation.md
[2026-05-12T09:40:54Z] compose: task (canonical prompt)
[2026-05-12T09:42:05Z] auto-run: step=planner done rc=0
[2026-05-12T09:42:05Z] planner validation failed: section manquante: «contexte» (attendu: ## contexte | ## diagnostic | ## contexte et diagnostic | ## contexte technique)
[2026-05-12T09:42:05Z] planner validation failed: section manquante: «objectif» (attendu: ## objectif | ## objectifs | ## but)
[2026-05-12T09:42:05Z] planner validation failed: section manquante: «inclus» (attendu: ## inclus | ## périmètre | ## scope | ## changements prévus | ## plan | ## étapes | ## étapes d’implémentation)
[2026-05-12T09:42:05Z] planner validation failed: section manquante: «hors scope» (attendu: ## hors scope | ## hors périmètre | ## non inclus | ## exclusions)
[2026-05-12T09:42:05Z] planner validation failed: section manquante: «critères d’acceptation» (attendu: ## critères d’acceptation | ## critères | ## validation | ## critères de validation | ## acceptance criteria)
[2026-05-12T09:42:05Z] planner validation: rejected — state unchanged
[2026-05-12T10:00:29Z] auto-run start: state=INIT
[2026-05-12T10:00:29Z] auto-run gate failed: working tree is not clean — commit or stash changes first
[2026-05-12T10:00:57Z] auto-run start: state=INIT
[2026-05-12T10:00:57Z] auto-run: running step=planner
[2026-05-12T10:00:57Z] compose: global-context=docs/ai/global-context.md
[2026-05-12T10:00:57Z] compose: role=ai/roles/planner.md
[2026-05-12T10:00:57Z] compose: skill=ai/skills/workflow-discipline.md
[2026-05-12T10:00:57Z] compose: skill=ai/skills/architecture-discipline.md
[2026-05-12T10:00:57Z] compose: skill=ai/skills/documentation.md
[2026-05-12T10:00:57Z] compose: task (canonical prompt)
[2026-05-12T10:02:42Z] auto-run: step=planner done rc=0
[2026-05-12T10:02:42Z] planner validation success
[2026-05-12T10:02:42Z] auto-run: transition INIT → PLAN_REVIEW_NEEDED
[2026-05-12T10:04:51Z] set-state: PLAN_REVIEW_NEEDED → PLAN_APPROVED (human)
[2026-05-12T10:04:55Z] commit-checkpoint: sha=b365c5a message='T016: checkpoint [PLAN_APPROVED] — update workflow artifacts'
[2026-05-12T10:05:00Z] auto-run start: state=PLAN_APPROVED
[2026-05-12T10:05:00Z] auto-run: running step=coder
[2026-05-12T10:05:00Z] compose: global-context=docs/ai/global-context.md
[2026-05-12T10:05:00Z] compose: role=ai/roles/coder.md
[2026-05-12T10:05:00Z] compose: skill=ai/skills/workflow-discipline.md
[2026-05-12T10:05:00Z] compose: skill=ai/skills/git-discipline.md
[2026-05-12T10:05:00Z] compose: skill=ai/skills/code-quality.md
[2026-05-12T10:05:00Z] compose: skill=ai/skills/refactor-safety.md
[2026-05-12T10:05:00Z] compose: skill=ai/skills/security.md
[2026-05-12T10:05:00Z] compose: task (canonical prompt)
[2026-05-12T10:06:00Z] auto-run: step=coder done rc=0
[2026-05-12T10:06:00Z] auto-run: transition PLAN_APPROVED → IMPLEMENTATION_REVIEW_NEEDED
[2026-05-12T10:06:22Z] commit-checkpoint: sha=398d5c2 message='T016: checkpoint [IMPLEMENTATION_REVIEW_NEEDED] — update workflow artifacts'
[2026-05-12T10:06:25Z] auto-run start: state=IMPLEMENTATION_REVIEW_NEEDED
[2026-05-12T10:06:25Z] auto-run gate failed: working tree is not clean — commit or stash changes first
[2026-05-12T10:06:43Z] auto-run start: state=IMPLEMENTATION_REVIEW_NEEDED
[2026-05-12T10:06:43Z] auto-run: running step=review
[2026-05-12T10:06:43Z] auto-run: review decision context: context_file=runs/T016/reviews/review-decision-context-IMPLEMENTATION_REVIEW_NEEDED.md
[2026-05-12T10:06:43Z] compose: global-context=docs/ai/global-context.md
[2026-05-12T10:06:43Z] compose: role=ai/roles/reviewer.md
[2026-05-12T10:06:43Z] compose: skill=ai/skills/workflow-discipline.md
[2026-05-12T10:06:43Z] compose: skill=ai/skills/code-quality.md
[2026-05-12T10:06:43Z] compose: skill=ai/skills/refactor-safety.md
[2026-05-12T10:06:43Z] compose: skill=ai/skills/security.md
[2026-05-12T10:06:43Z] compose: task (canonical prompt)
[2026-05-12T10:06:43Z] compose: extra-context=runs/T016/reviews/review-decision-context-IMPLEMENTATION_REVIEW_NEEDED.md
[2026-05-12T10:06:43Z] snapshot: runtime-prompt=runs/T016/prompts/review-attempt-1.md
[2026-05-12T10:07:28Z] auto-run: step=review done rc=0
[2026-05-12T10:07:28Z] auto-run: review parsed from: runs/T016/reviews/implementation-review.md
[2026-05-12T10:07:28Z] auto-run: keyword detected: IMPLEMENTATION_APPROVED
[2026-05-12T10:07:28Z] auto-run: transition IMPLEMENTATION_REVIEW_NEEDED → IMPLEMENTATION_APPROVED
[2026-05-12T10:09:04Z] commit-checkpoint: sha=ed73a6b message='T016: checkpoint [IMPLEMENTATION_APPROVED] — update workflow artifacts'
[2026-05-12T10:09:18Z] auto-run start: state=IMPLEMENTATION_APPROVED
[2026-05-12T10:09:19Z] auto-run: running step=tester
[2026-05-12T10:09:19Z] compose: global-context=docs/ai/global-context.md
[2026-05-12T10:09:19Z] compose: role=ai/roles/tester.md
[2026-05-12T10:09:19Z] compose: skill=ai/skills/workflow-discipline.md
[2026-05-12T10:09:19Z] compose: skill=ai/skills/testing.md
[2026-05-12T10:09:19Z] compose: skill=ai/skills/debugging.md
[2026-05-12T10:09:19Z] compose: task (canonical prompt)
[2026-05-12T10:09:19Z] snapshot: runtime-prompt=runs/T016/prompts/tester-attempt-1.md
[2026-05-12T10:10:29Z] auto-run: step=tester done rc=0
[2026-05-12T10:10:29Z] auto-run: transition IMPLEMENTATION_APPROVED → TEST_COMPLETE
[2026-05-12T10:10:51Z] commit-checkpoint: sha=df5f27e message='T016: checkpoint [TEST_COMPLETE] — update workflow artifacts'
