[2026-05-15T10:00:48Z] intake: issue=#27 title='T029 — Minimal dashboard UI for runtime orchestration' branch=ticket/T029-minimal-dashboard-ui
[2026-05-15T10:00:48Z] intake: done
[2026-05-15T10:00:55Z] auto-run start: state=INIT
[2026-05-15T10:00:55Z] auto-run gate failed: working tree is not clean — commit or stash changes first
[2026-05-15T10:01:06Z] commit-checkpoint: sha=3cda141 message='T029: checkpoint [INIT] — update workflow artifacts'
[2026-05-15T10:01:09Z] auto-run start: state=INIT
[2026-05-15T10:01:09Z] auto-run: running step=planner
[2026-05-15T10:01:09Z] prompt: resolved=prompts/generic/planner.md source=generic
[2026-05-15T10:01:09Z] prompt: generic fallback — injecting runs/T029/ticket.md
[2026-05-15T10:01:09Z] compose: global-context=docs/ai/global-context.md
[2026-05-15T10:01:09Z] compose: role=ai/roles/planner.md
[2026-05-15T10:01:09Z] compose: skill=ai/skills/workflow-discipline.md
[2026-05-15T10:01:09Z] compose: skill=ai/skills/architecture-discipline.md
[2026-05-15T10:01:09Z] compose: skill=ai/skills/documentation.md
[2026-05-15T10:01:09Z] compose: task (canonical prompt)
[2026-05-15T10:01:09Z] snapshot: runtime-prompt=runs/T029/prompts/planner-attempt-1.md
[2026-05-15T10:03:50Z] auto-run: step=planner done rc=0
[2026-05-15T10:03:50Z] planner validation success
[2026-05-15T10:03:50Z] auto-run: transition INIT → PLAN_REVIEW_NEEDED
[2026-05-15T10:06:24Z] human-approval: approve-plan — PLAN_REVIEW_NEEDED → PLAN_APPROVED
[2026-05-15T10:06:29Z] commit-checkpoint: sha=821b503 message='T029: checkpoint [PLAN_APPROVED] — update workflow artifacts'
[2026-05-15T10:06:34Z] auto-run start: state=PLAN_APPROVED
[2026-05-15T10:06:35Z] auto-run: running step=coder
[2026-05-15T10:06:35Z] prompt: resolved=prompts/generic/coder.md source=generic
[2026-05-15T10:06:35Z] prompt: generic fallback — injecting runs/T029/ticket.md
[2026-05-15T10:06:35Z] compose: global-context=docs/ai/global-context.md
[2026-05-15T10:06:35Z] compose: role=ai/roles/coder.md
[2026-05-15T10:06:35Z] compose: skill=ai/skills/workflow-discipline.md
[2026-05-15T10:06:35Z] compose: skill=ai/skills/git-discipline.md
[2026-05-15T10:06:35Z] compose: skill=ai/skills/code-quality.md
[2026-05-15T10:06:35Z] compose: skill=ai/skills/refactor-safety.md
[2026-05-15T10:06:35Z] compose: skill=ai/skills/security.md
[2026-05-15T10:06:35Z] compose: task (canonical prompt)
[2026-05-15T10:06:35Z] snapshot: runtime-prompt=runs/T029/prompts/coder-attempt-1.md
[2026-05-15T10:13:46Z] auto-run: step=coder done rc=0
[2026-05-15T10:13:46Z] auto-run: transition PLAN_APPROVED → IMPLEMENTATION_REVIEW_NEEDED
[2026-05-15T10:15:57Z] commit-checkpoint: out-of-scope skipped: ['apps/']
[2026-05-15T10:15:58Z] commit-checkpoint: sha=87fcb2a message='T029: checkpoint [IMPLEMENTATION_REVIEW_NEEDED] — update workflow artifacts'
[2026-05-15T10:16:37Z] commit-checkpoint: sha=2235b82 message='T029: checkpoint [IMPLEMENTATION_REVIEW_NEEDED] — update workflow artifacts'
[2026-05-15T10:16:48Z] auto-run start: state=IMPLEMENTATION_REVIEW_NEEDED
[2026-05-15T10:16:48Z] auto-run: running step=review
[2026-05-15T10:16:48Z] auto-run: review decision context: context_file=runs/T029/reviews/review-decision-context-IMPLEMENTATION_REVIEW_NEEDED.md
[2026-05-15T10:16:48Z] prompt: resolved=prompts/generic/review.md source=generic
[2026-05-15T10:16:48Z] prompt: generic fallback — injecting runs/T029/ticket.md
[2026-05-15T10:16:48Z] compose: global-context=docs/ai/global-context.md
[2026-05-15T10:16:48Z] compose: role=ai/roles/reviewer.md
[2026-05-15T10:16:48Z] compose: skill=ai/skills/workflow-discipline.md
[2026-05-15T10:16:48Z] compose: skill=ai/skills/code-quality.md
[2026-05-15T10:16:48Z] compose: skill=ai/skills/refactor-safety.md
[2026-05-15T10:16:48Z] compose: skill=ai/skills/security.md
[2026-05-15T10:16:48Z] compose: task (canonical prompt)
[2026-05-15T10:16:48Z] compose: extra-context=runs/T029/reviews/review-decision-context-IMPLEMENTATION_REVIEW_NEEDED.md
[2026-05-15T10:16:48Z] snapshot: runtime-prompt=runs/T029/prompts/review-attempt-1.md
[2026-05-15T10:19:53Z] auto-run: step=review done rc=0
[2026-05-15T10:19:53Z] auto-run: review parsed from: runs/T029/reviews/implementation-review.md
[2026-05-15T10:19:53Z] auto-run: review keyword detected: IMPLEMENTATION_FIX_REQUIRED
[2026-05-15T10:19:53Z] auto-run: transition IMPLEMENTATION_REVIEW_NEEDED → IMPLEMENTATION_FIX_REQUIRED
[2026-05-15T10:19:53Z] auto-run: fix artifact written: runs/T029/fixes/implementation-fix-1.md
[2026-05-15T10:41:59Z] commit-checkpoint: sha=0605151 message='T029: checkpoint [IMPLEMENTATION_FIX_REQUIRED] — update workflow artifacts'
[2026-05-15T10:42:01Z] auto-run start: state=IMPLEMENTATION_FIX_REQUIRED
[2026-05-15T10:42:01Z] auto-run: running step=coder
[2026-05-15T10:42:01Z] auto-run: fix context: previous_output=runs/T029/implementation-output.md
[2026-05-15T10:42:01Z] auto-run: fix context: review=runs/T029/reviews/implementation-review.md
[2026-05-15T10:42:01Z] auto-run: fix context: fix_instructions=runs/T029/fixes/implementation-fix-1.md
[2026-05-15T10:42:01Z] auto-run: fix context: context_file=runs/T029/fixes/context-20260515T104201Z.md
[2026-05-15T10:42:01Z] prompt: resolved=prompts/generic/coder.md source=generic
[2026-05-15T10:42:01Z] prompt: generic fallback — injecting runs/T029/ticket.md
[2026-05-15T10:42:01Z] compose: global-context=docs/ai/global-context.md
[2026-05-15T10:42:01Z] compose: role=ai/roles/coder.md
[2026-05-15T10:42:01Z] compose: skill=ai/skills/workflow-discipline.md
[2026-05-15T10:42:01Z] compose: skill=ai/skills/git-discipline.md
[2026-05-15T10:42:01Z] compose: skill=ai/skills/code-quality.md
[2026-05-15T10:42:01Z] compose: skill=ai/skills/refactor-safety.md
[2026-05-15T10:42:01Z] compose: skill=ai/skills/security.md
[2026-05-15T10:42:01Z] compose: task (canonical prompt)
[2026-05-15T10:42:01Z] compose: extra-context=runs/T029/fixes/context-20260515T104201Z.md
[2026-05-15T10:42:01Z] snapshot: runtime-prompt=runs/T029/prompts/coder-attempt-2.md
[2026-05-15T10:44:06Z] auto-run: step=coder done rc=0
[2026-05-15T10:44:06Z] auto-run: transition IMPLEMENTATION_FIX_REQUIRED → IMPLEMENTATION_REVIEW_NEEDED
[2026-05-15T10:44:29Z] commit-checkpoint: sha=5b6351b message='T029: checkpoint [IMPLEMENTATION_REVIEW_NEEDED] — update workflow artifacts'
[2026-05-15T10:44:32Z] auto-run start: state=IMPLEMENTATION_REVIEW_NEEDED
[2026-05-15T10:44:32Z] auto-run: running step=review
[2026-05-15T10:44:32Z] auto-run: review decision context: context_file=runs/T029/reviews/review-decision-context-IMPLEMENTATION_REVIEW_NEEDED.md
[2026-05-15T10:44:32Z] prompt: resolved=prompts/generic/review.md source=generic
[2026-05-15T10:44:32Z] prompt: generic fallback — injecting runs/T029/ticket.md
[2026-05-15T10:44:32Z] compose: global-context=docs/ai/global-context.md
[2026-05-15T10:44:32Z] compose: role=ai/roles/reviewer.md
[2026-05-15T10:44:32Z] compose: skill=ai/skills/workflow-discipline.md
[2026-05-15T10:44:32Z] compose: skill=ai/skills/code-quality.md
[2026-05-15T10:44:32Z] compose: skill=ai/skills/refactor-safety.md
[2026-05-15T10:44:32Z] compose: skill=ai/skills/security.md
[2026-05-15T10:44:32Z] compose: task (canonical prompt)
[2026-05-15T10:44:32Z] compose: extra-context=runs/T029/reviews/review-decision-context-IMPLEMENTATION_REVIEW_NEEDED.md
[2026-05-15T10:44:32Z] snapshot: runtime-prompt=runs/T029/prompts/review-attempt-2.md
[2026-05-15T10:47:46Z] auto-run: step=review done rc=0
[2026-05-15T10:47:46Z] auto-run: review parsed from: runs/T029/reviews/implementation-review.md
[2026-05-15T10:47:46Z] auto-run: review keyword detected: IMPLEMENTATION_FIX_REQUIRED
[2026-05-15T10:47:46Z] auto-run: transition IMPLEMENTATION_REVIEW_NEEDED → IMPLEMENTATION_FIX_REQUIRED
[2026-05-15T10:47:46Z] auto-run: fix artifact written: runs/T029/fixes/implementation-fix-2.md
[2026-05-15T10:49:00Z] commit-checkpoint: sha=8bfcf45 message='T029: checkpoint [IMPLEMENTATION_FIX_REQUIRED] — update workflow artifacts'
[2026-05-15T10:49:02Z] auto-run start: state=IMPLEMENTATION_FIX_REQUIRED
[2026-05-15T10:49:02Z] auto-run: running step=coder
[2026-05-15T10:49:02Z] auto-run: fix context: previous_output=runs/T029/implementation-output.md
[2026-05-15T10:49:02Z] auto-run: fix context: review=runs/T029/reviews/implementation-review.md
[2026-05-15T10:49:02Z] auto-run: fix context: fix_instructions=runs/T029/fixes/implementation-fix-2.md
[2026-05-15T10:49:02Z] auto-run: fix context: context_file=runs/T029/fixes/context-20260515T104902Z.md
[2026-05-15T10:49:02Z] prompt: resolved=prompts/generic/coder.md source=generic
[2026-05-15T10:49:02Z] prompt: generic fallback — injecting runs/T029/ticket.md
[2026-05-15T10:49:02Z] compose: global-context=docs/ai/global-context.md
[2026-05-15T10:49:02Z] compose: role=ai/roles/coder.md
[2026-05-15T10:49:02Z] compose: skill=ai/skills/workflow-discipline.md
[2026-05-15T10:49:02Z] compose: skill=ai/skills/git-discipline.md
[2026-05-15T10:49:02Z] compose: skill=ai/skills/code-quality.md
[2026-05-15T10:49:02Z] compose: skill=ai/skills/refactor-safety.md
[2026-05-15T10:49:02Z] compose: skill=ai/skills/security.md
[2026-05-15T10:49:02Z] compose: task (canonical prompt)
[2026-05-15T10:49:02Z] compose: extra-context=runs/T029/fixes/context-20260515T104902Z.md
[2026-05-15T10:49:02Z] snapshot: runtime-prompt=runs/T029/prompts/coder-attempt-3.md
[2026-05-15T10:52:16Z] auto-run: step=coder done rc=0
[2026-05-15T10:52:16Z] auto-run: transition IMPLEMENTATION_FIX_REQUIRED → IMPLEMENTATION_REVIEW_NEEDED
[2026-05-15T10:52:36Z] commit-checkpoint: sha=5e439ee message='T029: checkpoint [IMPLEMENTATION_REVIEW_NEEDED] — update workflow artifacts'
[2026-05-15T10:52:37Z] auto-run start: state=IMPLEMENTATION_REVIEW_NEEDED
[2026-05-15T10:52:37Z] auto-run: running step=review
[2026-05-15T10:52:37Z] auto-run: review decision context: context_file=runs/T029/reviews/review-decision-context-IMPLEMENTATION_REVIEW_NEEDED.md
[2026-05-15T10:52:37Z] prompt: resolved=prompts/generic/review.md source=generic
[2026-05-15T10:52:37Z] prompt: generic fallback — injecting runs/T029/ticket.md
[2026-05-15T10:52:37Z] compose: global-context=docs/ai/global-context.md
[2026-05-15T10:52:37Z] compose: role=ai/roles/reviewer.md
[2026-05-15T10:52:37Z] compose: skill=ai/skills/workflow-discipline.md
[2026-05-15T10:52:37Z] compose: skill=ai/skills/code-quality.md
[2026-05-15T10:52:37Z] compose: skill=ai/skills/refactor-safety.md
[2026-05-15T10:52:37Z] compose: skill=ai/skills/security.md
[2026-05-15T10:52:37Z] compose: task (canonical prompt)
[2026-05-15T10:52:37Z] compose: extra-context=runs/T029/reviews/review-decision-context-IMPLEMENTATION_REVIEW_NEEDED.md
[2026-05-15T10:52:37Z] snapshot: runtime-prompt=runs/T029/prompts/review-attempt-3.md
[2026-05-15T10:56:28Z] auto-run: step=review done rc=0
[2026-05-15T10:56:28Z] auto-run: review parsed from: runs/T029/reviews/implementation-review.md
[2026-05-15T10:56:28Z] auto-run: review keyword detected: IMPLEMENTATION_APPROVED
[2026-05-15T10:56:28Z] auto-run: transition IMPLEMENTATION_REVIEW_NEEDED → IMPLEMENTATION_APPROVED
[2026-05-15T11:16:18Z] commit-checkpoint: sha=bbc1393 message='T029: checkpoint [IMPLEMENTATION_APPROVED] — update workflow artifacts'
[2026-05-15T11:16:20Z] auto-run start: state=IMPLEMENTATION_APPROVED
[2026-05-15T11:16:21Z] auto-run: running step=tester
[2026-05-15T11:16:21Z] prompt: resolved=prompts/generic/tester.md source=generic
[2026-05-15T11:16:21Z] prompt: generic fallback — injecting runs/T029/ticket.md
[2026-05-15T11:16:21Z] compose: global-context=docs/ai/global-context.md
[2026-05-15T11:16:21Z] compose: role=ai/roles/tester.md
[2026-05-15T11:16:21Z] compose: skill=ai/skills/workflow-discipline.md
[2026-05-15T11:16:21Z] compose: skill=ai/skills/testing.md
[2026-05-15T11:16:21Z] compose: skill=ai/skills/debugging.md
[2026-05-15T11:16:21Z] compose: task (canonical prompt)
[2026-05-15T11:16:21Z] snapshot: runtime-prompt=runs/T029/prompts/tester-attempt-1.md
[2026-05-15T11:19:00Z] auto-run: step=tester done rc=0
[2026-05-15T11:19:00Z] auto-run: transition IMPLEMENTATION_APPROVED → TEST_COMPLETE
[2026-05-15T11:20:05Z] commit-checkpoint: sha=6297344 message='T029: checkpoint [TEST_COMPLETE] — update workflow artifacts'
[2026-05-15T11:20:14Z] push: pushing branch=ticket/T029-minimal-dashboard-ui
[2026-05-15T11:20:22Z] push: done branch=ticket/T029-minimal-dashboard-ui
[2026-05-15T11:26:08Z] human-approval: refused 'request-plan-fix' — expected 'PLAN_REVIEW_NEEDED', got 'TEST_COMPLETE'
