[2026-05-15T14:41:30Z] intake: issue=#34 title='T032 — Fix daemon command contract with run_ticket.py' branch=ticket/T032-t032-fix-daemon-command-contract-with-run-ticket-p
[2026-05-15T14:41:30Z] intake: done
[2026-05-15T14:41:30Z] auto-run start: state=INIT
[2026-05-15T14:41:31Z] auto-run gate failed: working tree is not clean — commit or stash changes first
[2026-05-15T14:42:01Z] auto-run start: state=INIT
[2026-05-15T14:42:01Z] auto-run gate failed: working tree is not clean — commit or stash changes first
[2026-05-15T14:42:32Z] auto-run start: state=INIT
[2026-05-15T14:42:32Z] auto-run gate failed: working tree is not clean — commit or stash changes first
[2026-05-15T14:43:03Z] auto-run start: state=INIT
[2026-05-15T14:43:03Z] auto-run gate failed: working tree is not clean — commit or stash changes first
[2026-05-15T14:43:33Z] auto-run start: state=INIT
[2026-05-15T14:43:33Z] auto-run gate failed: working tree is not clean — commit or stash changes first
[2026-05-15T14:44:04Z] auto-run start: state=INIT
[2026-05-15T14:44:04Z] auto-run gate failed: working tree is not clean — commit or stash changes first
[2026-05-15T14:44:35Z] auto-run start: state=INIT
[2026-05-15T14:44:35Z] auto-run gate failed: working tree is not clean — commit or stash changes first
[2026-05-15T14:45:06Z] auto-run start: state=INIT
[2026-05-15T14:45:06Z] auto-run gate failed: working tree is not clean — commit or stash changes first
[2026-05-15T14:45:36Z] auto-run start: state=INIT
[2026-05-15T14:45:37Z] auto-run gate failed: working tree is not clean — commit or stash changes first
[2026-05-15T14:46:07Z] auto-run start: state=INIT
[2026-05-15T14:46:07Z] auto-run gate failed: working tree is not clean — commit or stash changes first
[2026-05-15T14:46:38Z] auto-run start: state=INIT
[2026-05-15T14:46:38Z] auto-run gate failed: working tree is not clean — commit or stash changes first
[2026-05-15T14:47:09Z] auto-run start: state=INIT
[2026-05-15T14:47:09Z] auto-run gate failed: working tree is not clean — commit or stash changes first
[2026-05-15T14:47:39Z] auto-run start: state=INIT
[2026-05-15T14:47:39Z] auto-run gate failed: working tree is not clean — commit or stash changes first
[2026-05-15T14:48:10Z] auto-run start: state=INIT
[2026-05-15T14:48:10Z] auto-run gate failed: working tree is not clean — commit or stash changes first
[2026-05-15T14:48:31Z] auto-run start: state=INIT
[2026-05-15T14:48:31Z] auto-run: running step=planner
[2026-05-15T14:48:31Z] prompt: resolved=prompts/generic/planner.md source=generic
[2026-05-15T14:48:31Z] prompt: generic fallback — injecting runs/T032/ticket.md
[2026-05-15T14:48:31Z] compose: global-context=docs/ai/global-context.md
[2026-05-15T14:48:31Z] compose: role=ai/roles/planner.md
[2026-05-15T14:48:31Z] compose: skill=ai/skills/workflow-discipline.md
[2026-05-15T14:48:31Z] compose: skill=ai/skills/architecture-discipline.md
[2026-05-15T14:48:31Z] compose: skill=ai/skills/documentation.md
[2026-05-15T14:48:31Z] compose: task (canonical prompt)
[2026-05-15T14:48:31Z] snapshot: runtime-prompt=runs/T032/prompts/planner-attempt-1.md
[2026-05-15T14:48:41Z] auto-run start: state=INIT
[2026-05-15T14:48:41Z] auto-run gate failed: working tree is not clean — commit or stash changes first
[2026-05-15T14:49:11Z] auto-run start: state=INIT
[2026-05-15T14:49:12Z] auto-run gate failed: working tree is not clean — commit or stash changes first
[2026-05-15T14:49:40Z] auto-run start: state=INIT
[2026-05-15T14:49:40Z] auto-run gate failed: working tree is not clean — commit or stash changes first
[2026-05-15T14:50:11Z] auto-run start: state=INIT
[2026-05-15T14:50:11Z] auto-run gate failed: working tree is not clean — commit or stash changes first
[2026-05-15T14:50:18Z] auto-run: step=planner done rc=0
[2026-05-15T14:50:18Z] planner validation success
[2026-05-15T14:50:18Z] auto-run: transition INIT → PLAN_REVIEW_NEEDED
[2026-05-15T14:51:33Z] commit-checkpoint: skipped missing scope paths: package.json, package-lock.json
[2026-05-15T14:51:34Z] commit-checkpoint: sha=7fe613c message='T032: checkpoint [PLAN_REVIEW_NEEDED] — update workflow artifacts'
[2026-05-15T14:52:10Z] human-approval: approve-plan — PLAN_REVIEW_NEEDED → PLAN_APPROVED
[2026-05-15T14:52:18Z] auto-run start: state=PLAN_APPROVED
[2026-05-15T14:52:18Z] auto-run gate failed: working tree is not clean — commit or stash changes first
[2026-05-15T14:52:48Z] auto-run start: state=PLAN_APPROVED
[2026-05-15T14:52:49Z] auto-run gate failed: working tree is not clean — commit or stash changes first
[2026-05-15T14:53:19Z] auto-run start: state=PLAN_APPROVED
[2026-05-15T14:53:19Z] auto-run gate failed: working tree is not clean — commit or stash changes first
[2026-05-15T14:53:50Z] auto-run start: state=PLAN_APPROVED
[2026-05-15T14:53:50Z] auto-run gate failed: working tree is not clean — commit or stash changes first
[2026-05-15T14:54:20Z] auto-run start: state=PLAN_APPROVED
[2026-05-15T14:54:20Z] auto-run gate failed: working tree is not clean — commit or stash changes first
[2026-05-15T14:54:51Z] auto-run start: state=PLAN_APPROVED
[2026-05-15T14:54:51Z] auto-run gate failed: working tree is not clean — commit or stash changes first
[2026-05-15T14:55:22Z] auto-run start: state=PLAN_APPROVED
[2026-05-15T14:55:22Z] auto-run gate failed: working tree is not clean — commit or stash changes first
[2026-05-15T14:55:53Z] auto-run start: state=PLAN_APPROVED
[2026-05-15T14:55:53Z] auto-run gate failed: working tree is not clean — commit or stash changes first
[2026-05-15T14:56:23Z] auto-run start: state=PLAN_APPROVED
[2026-05-15T14:56:23Z] auto-run gate failed: working tree is not clean — commit or stash changes first
[2026-05-15T14:56:54Z] auto-run start: state=PLAN_APPROVED
[2026-05-15T14:56:54Z] auto-run gate failed: working tree is not clean — commit or stash changes first
[2026-05-15T14:57:25Z] auto-run start: state=PLAN_APPROVED
[2026-05-15T14:57:25Z] auto-run gate failed: working tree is not clean — commit or stash changes first
[2026-05-15T14:57:55Z] auto-run start: state=PLAN_APPROVED
[2026-05-15T14:57:55Z] auto-run gate failed: working tree is not clean — commit or stash changes first
[2026-05-15T14:58:26Z] auto-run start: state=PLAN_APPROVED
[2026-05-15T14:58:26Z] auto-run gate failed: working tree is not clean — commit or stash changes first
[2026-05-15T14:58:57Z] auto-run start: state=PLAN_APPROVED
[2026-05-15T14:58:57Z] auto-run gate failed: working tree is not clean — commit or stash changes first
[2026-05-15T14:59:27Z] auto-run start: state=PLAN_APPROVED
[2026-05-15T14:59:27Z] auto-run gate failed: working tree is not clean — commit or stash changes first
[2026-05-15T14:59:56Z] auto-run start: state=PLAN_APPROVED
[2026-05-15T14:59:56Z] auto-run gate failed: working tree is not clean — commit or stash changes first
[2026-05-15T15:00:26Z] auto-run start: state=PLAN_APPROVED
[2026-05-15T15:00:26Z] auto-run gate failed: working tree is not clean — commit or stash changes first
[2026-05-15T15:00:57Z] auto-run start: state=PLAN_APPROVED
[2026-05-15T15:00:57Z] auto-run gate failed: working tree is not clean — commit or stash changes first
[2026-05-15T15:01:28Z] auto-run start: state=PLAN_APPROVED
[2026-05-15T15:01:28Z] auto-run: running step=coder
[2026-05-15T15:01:28Z] prompt: resolved=prompts/generic/coder.md source=generic
[2026-05-15T15:01:28Z] prompt: generic fallback — injecting runs/T032/ticket.md
[2026-05-15T15:01:28Z] compose: global-context=docs/ai/global-context.md
[2026-05-15T15:01:28Z] compose: role=ai/roles/coder.md
[2026-05-15T15:01:28Z] compose: skill=ai/skills/workflow-discipline.md
[2026-05-15T15:01:28Z] compose: skill=ai/skills/git-discipline.md
[2026-05-15T15:01:28Z] compose: skill=ai/skills/code-quality.md
[2026-05-15T15:01:28Z] compose: skill=ai/skills/refactor-safety.md
[2026-05-15T15:01:28Z] compose: skill=ai/skills/security.md
[2026-05-15T15:01:28Z] compose: task (canonical prompt)
[2026-05-15T15:01:28Z] snapshot: runtime-prompt=runs/T032/prompts/coder-attempt-1.md
[2026-05-15T15:02:26Z] auto-run: step=coder done rc=0
[2026-05-15T15:02:26Z] auto-run: transition PLAN_APPROVED → IMPLEMENTATION_REVIEW_NEEDED
[2026-05-15T15:02:57Z] auto-run start: state=IMPLEMENTATION_REVIEW_NEEDED
[2026-05-15T15:02:57Z] auto-run gate failed: working tree is not clean — commit or stash changes first
[2026-05-15T15:03:27Z] auto-run start: state=IMPLEMENTATION_REVIEW_NEEDED
[2026-05-15T15:03:27Z] auto-run gate failed: working tree is not clean — commit or stash changes first
[2026-05-15T15:03:58Z] auto-run start: state=IMPLEMENTATION_REVIEW_NEEDED
[2026-05-15T15:03:58Z] auto-run gate failed: working tree is not clean — commit or stash changes first
[2026-05-15T15:04:29Z] auto-run start: state=IMPLEMENTATION_REVIEW_NEEDED
[2026-05-15T15:04:29Z] auto-run gate failed: working tree is not clean — commit or stash changes first
[2026-05-15T15:04:59Z] auto-run start: state=IMPLEMENTATION_REVIEW_NEEDED
[2026-05-15T15:04:59Z] auto-run gate failed: working tree is not clean — commit or stash changes first
[2026-05-15T15:05:04Z] commit-checkpoint: skipped missing scope paths: package.json, package-lock.json
[2026-05-15T15:05:04Z] commit-checkpoint: sha=db77598 message='T032: checkpoint [IMPLEMENTATION_REVIEW_NEEDED] — update workflow artifacts'
[2026-05-15T15:05:30Z] auto-run start: state=IMPLEMENTATION_REVIEW_NEEDED
[2026-05-15T15:05:30Z] auto-run: running step=review
[2026-05-15T15:05:30Z] auto-run: review decision context: context_file=runs/T032/reviews/review-decision-context-IMPLEMENTATION_REVIEW_NEEDED.md
[2026-05-15T15:05:30Z] prompt: resolved=prompts/generic/review.md source=generic
[2026-05-15T15:05:30Z] prompt: generic fallback — injecting runs/T032/ticket.md
[2026-05-15T15:05:30Z] compose: global-context=docs/ai/global-context.md
[2026-05-15T15:05:30Z] compose: role=ai/roles/reviewer.md
[2026-05-15T15:05:30Z] compose: skill=ai/skills/workflow-discipline.md
[2026-05-15T15:05:30Z] compose: skill=ai/skills/code-quality.md
[2026-05-15T15:05:30Z] compose: skill=ai/skills/refactor-safety.md
[2026-05-15T15:05:30Z] compose: skill=ai/skills/security.md
[2026-05-15T15:05:30Z] compose: task (canonical prompt)
[2026-05-15T15:05:30Z] compose: extra-context=runs/T032/reviews/review-decision-context-IMPLEMENTATION_REVIEW_NEEDED.md
[2026-05-15T15:05:30Z] snapshot: runtime-prompt=runs/T032/prompts/review-attempt-1.md
[2026-05-15T15:07:09Z] auto-run: step=review done rc=0
[2026-05-15T15:07:09Z] auto-run: review parsed from: runs/T032/reviews/implementation-review.md
[2026-05-15T15:07:09Z] auto-run: review keyword detected: IMPLEMENTATION_APPROVED
[2026-05-15T15:07:09Z] auto-run: transition IMPLEMENTATION_REVIEW_NEEDED → IMPLEMENTATION_APPROVED
[2026-05-15T15:07:40Z] auto-run start: state=IMPLEMENTATION_APPROVED
[2026-05-15T15:07:40Z] auto-run gate failed: working tree is not clean — commit or stash changes first
[2026-05-15T15:07:50Z] commit-checkpoint: skipped missing scope paths: package.json, package-lock.json
[2026-05-15T15:07:50Z] commit-checkpoint: sha=1e87abe message='T032: checkpoint [IMPLEMENTATION_APPROVED] — update workflow artifacts'
[2026-05-15T15:08:11Z] auto-run start: state=IMPLEMENTATION_APPROVED
[2026-05-15T15:08:11Z] auto-run: running step=tester
[2026-05-15T15:08:11Z] prompt: resolved=prompts/generic/tester.md source=generic
[2026-05-15T15:08:11Z] prompt: generic fallback — injecting runs/T032/ticket.md
[2026-05-15T15:08:11Z] compose: global-context=docs/ai/global-context.md
[2026-05-15T15:08:11Z] compose: role=ai/roles/tester.md
[2026-05-15T15:08:11Z] compose: skill=ai/skills/workflow-discipline.md
[2026-05-15T15:08:11Z] compose: skill=ai/skills/testing.md
[2026-05-15T15:08:11Z] compose: skill=ai/skills/debugging.md
[2026-05-15T15:08:11Z] compose: task (canonical prompt)
[2026-05-15T15:08:11Z] snapshot: runtime-prompt=runs/T032/prompts/tester-attempt-1.md
[2026-05-15T15:09:28Z] auto-run: step=tester done rc=0
[2026-05-15T15:09:28Z] auto-run: transition IMPLEMENTATION_APPROVED → TEST_COMPLETE
[2026-05-15T15:09:50Z] commit-checkpoint: skipped missing scope paths: package.json, package-lock.json
[2026-05-15T15:09:51Z] commit-checkpoint: sha=00a6658 message='T032: checkpoint [TEST_COMPLETE] — update workflow artifacts'
[2026-05-15T15:10:01Z] push: pushing branch=ticket/T032-t032-fix-daemon-command-contract-with-run-ticket-p
[2026-05-15T15:10:03Z] push: done branch=ticket/T032-t032-fix-daemon-command-contract-with-run-ticket-p
