[2026-06-19T21:20:09Z] auto-run start: state=INIT
[2026-06-19T21:20:09Z] auto-run: running step=planner
[2026-06-19T21:20:09Z] prompt: resolved=prompts/generic/planner.md source=generic
[2026-06-19T21:20:09Z] prompt: generic fallback — injecting runs/T197/ticket.md
[2026-06-19T21:20:09Z] compose: global-context=docs/ai/global-context.md
[2026-06-19T21:20:09Z] compose: role=ai/roles/planner.md
[2026-06-19T21:20:09Z] compose: skill=ai/skills/workflow-discipline.md
[2026-06-19T21:20:09Z] compose: skill=ai/skills/architecture-discipline.md
[2026-06-19T21:20:09Z] compose: skill=ai/skills/documentation.md
[2026-06-19T21:20:09Z] compose: task (canonical prompt)
[2026-06-19T21:20:09Z] snapshot: runtime-prompt=runs/T197/prompts/planner-attempt-1.md
[2026-06-19T21:22:30Z] auto-run: step=planner done rc=0
[2026-06-19T21:22:32Z] planner checkpoint: committed
[2026-06-19T21:22:32Z] planner checkpoint: pushed
[2026-06-19T21:22:32Z] planner validation success
[2026-06-19T21:22:32Z] auto-run: transition INIT → PLAN_REVIEW_NEEDED
[2026-06-19T21:22:32Z] auto-run: auto-commit triggered (step=planner, include_code=True)
[2026-06-19T21:22:32Z] commit-checkpoint: unstaged runtime garbage: ['runs/T197/runtime.log']
[2026-06-19T21:22:32Z] commit-checkpoint: sha=245d0757 files=2 title='docs(T197/workflow): planner — update 2 file(s)'
[2026-06-19T21:22:32Z] auto-run: auto-push triggered
[2026-06-19T21:22:32Z] push: tolerating runtime dirty files (not blocking): ['runs/T197/runtime.log']
[2026-06-19T21:22:32Z] push: pushing branch=ticket/T197-add-advisory-ticket-intelligence-analysis-before-d
[2026-06-19T21:22:34Z] push: done branch=ticket/T197-add-advisory-ticket-intelligence-analysis-before-d
[2026-06-19T21:27:28Z] auto-run start: state=PLAN_FIX_REQUIRED
[2026-06-19T21:27:28Z] auto-run: running step=planner
[2026-06-19T21:27:28Z] auto-run: fix context: previous_output=runs/T197/plan.md
[2026-06-19T21:27:28Z] auto-run: fix context: review=runs/T197/reviews/plan-review-async-and-model-abstraction.md
[2026-06-19T21:27:28Z] auto-run: fix context: fix_instructions=runs/T197/fixes/plan-fix-async-and-model-abstraction.md
[2026-06-19T21:27:28Z] auto-run: fix context: context_file=runs/T197/fixes/context-20260619T212728Z.md
[2026-06-19T21:27:28Z] prompt: resolved=prompts/generic/planner.md source=generic
[2026-06-19T21:27:28Z] prompt: generic fallback — injecting runs/T197/ticket.md
[2026-06-19T21:27:28Z] compose: global-context=docs/ai/global-context.md
[2026-06-19T21:27:28Z] compose: role=ai/roles/planner.md
[2026-06-19T21:27:28Z] compose: skill=ai/skills/workflow-discipline.md
[2026-06-19T21:27:28Z] compose: skill=ai/skills/architecture-discipline.md
[2026-06-19T21:27:28Z] compose: skill=ai/skills/documentation.md
[2026-06-19T21:27:28Z] compose: task (canonical prompt)
[2026-06-19T21:27:28Z] compose: extra-context=runs/T197/fixes/context-20260619T212728Z.md
[2026-06-19T21:27:28Z] snapshot: runtime-prompt=runs/T197/prompts/planner-attempt-2.md
[2026-06-19T21:29:32Z] auto-run: step=planner done rc=0
