[2026-05-15T21:02:09Z] intake: issue=#43 title='T102 — Daemon intake synchronization, queue policy and board view' branch=ticket/T102-t102-daemon-intake-synchronization-queue-policy-an
[2026-05-15T21:02:09Z] intake: done
[2026-05-15T21:02:09Z] bootstrap checkpoint completed
[2026-05-15T21:02:11Z] checkpoint push for T102
[2026-05-15T21:02:12Z] commit-checkpoint: skipped missing scope paths: package.json, package-lock.json
[2026-05-15T21:02:12Z] commit-checkpoint: sha=d70e0fb message='T102: checkpoint [INIT] — update workflow artifacts'
[2026-05-15T21:02:12Z] auto-run start: state=INIT
[2026-05-15T21:02:12Z] auto-run: running step=planner
[2026-05-15T21:02:12Z] prompt: resolved=prompts/generic/planner.md source=generic
[2026-05-15T21:02:12Z] prompt: generic fallback — injecting runs/T102/ticket.md
[2026-05-15T21:02:12Z] compose: global-context=docs/ai/global-context.md
[2026-05-15T21:02:12Z] compose: role=ai/roles/planner.md
[2026-05-15T21:02:12Z] compose: skill=ai/skills/workflow-discipline.md
[2026-05-15T21:02:12Z] compose: skill=ai/skills/architecture-discipline.md
[2026-05-15T21:02:12Z] compose: skill=ai/skills/documentation.md
[2026-05-15T21:02:12Z] compose: task (canonical prompt)
[2026-05-15T21:02:12Z] snapshot: runtime-prompt=runs/T102/prompts/planner-attempt-1.md
[2026-05-15T21:07:06Z] auto-run: step=planner done rc=0
[2026-05-15T21:07:06Z] planner validation success
[2026-05-15T21:07:06Z] auto-run: transition INIT → PLAN_REVIEW_NEEDED
[2026-05-15T21:09:08Z] commit-checkpoint: skipped missing scope paths: package.json, package-lock.json
[2026-05-15T21:09:09Z] commit-checkpoint: sha=64f7ad8 message='T102: checkpoint [PLAN_REVIEW_NEEDED] — update workflow artifacts'
[2026-05-15T21:09:09Z] push: pushing branch=ticket/T102-t102-daemon-intake-synchronization-queue-policy-an
[2026-05-15T21:09:11Z] push: done branch=ticket/T102-t102-daemon-intake-synchronization-queue-policy-an
[2026-05-15T21:10:02Z] human-approval: approve-plan — PLAN_REVIEW_NEEDED → PLAN_APPROVED
[2026-05-15T21:10:10Z] auto-run start: state=PLAN_APPROVED
[2026-05-15T21:10:10Z] auto-run: running step=coder
[2026-05-15T21:10:10Z] prompt: resolved=prompts/generic/coder.md source=generic
[2026-05-15T21:10:10Z] prompt: generic fallback — injecting runs/T102/ticket.md
[2026-05-15T21:10:10Z] compose: global-context=docs/ai/global-context.md
[2026-05-15T21:10:10Z] compose: role=ai/roles/coder.md
[2026-05-15T21:10:10Z] compose: skill=ai/skills/workflow-discipline.md
[2026-05-15T21:10:10Z] compose: skill=ai/skills/git-discipline.md
[2026-05-15T21:10:10Z] compose: skill=ai/skills/code-quality.md
[2026-05-15T21:10:10Z] compose: skill=ai/skills/refactor-safety.md
[2026-05-15T21:10:10Z] compose: skill=ai/skills/security.md
[2026-05-15T21:10:10Z] compose: task (canonical prompt)
[2026-05-15T21:10:10Z] snapshot: runtime-prompt=runs/T102/prompts/coder-attempt-1.md
[2026-05-15T21:15:33Z] auto-run: step=coder done rc=0
[2026-05-15T21:15:33Z] auto-run: transition PLAN_APPROVED → IMPLEMENTATION_REVIEW_NEEDED
[2026-05-15T21:16:04Z] commit-checkpoint: skipped missing scope paths: package.json, package-lock.json
[2026-05-15T21:16:04Z] commit-checkpoint: sha=a791537 message='T102: checkpoint [IMPLEMENTATION_REVIEW_NEEDED] — update workflow artifacts'
[2026-05-15T21:16:04Z] auto-run start: state=IMPLEMENTATION_REVIEW_NEEDED
[2026-05-15T21:16:04Z] auto-run: running step=review
[2026-05-15T21:16:04Z] auto-run: review decision context: context_file=runs/T102/reviews/review-decision-context-IMPLEMENTATION_REVIEW_NEEDED.md
[2026-05-15T21:16:04Z] prompt: resolved=prompts/generic/review.md source=generic
[2026-05-15T21:16:04Z] prompt: generic fallback — injecting runs/T102/ticket.md
[2026-05-15T21:16:04Z] compose: global-context=docs/ai/global-context.md
[2026-05-15T21:16:04Z] compose: role=ai/roles/reviewer.md
[2026-05-15T21:16:04Z] compose: skill=ai/skills/workflow-discipline.md
[2026-05-15T21:16:04Z] compose: skill=ai/skills/code-quality.md
[2026-05-15T21:16:04Z] compose: skill=ai/skills/refactor-safety.md
[2026-05-15T21:16:04Z] compose: skill=ai/skills/security.md
[2026-05-15T21:16:04Z] compose: task (canonical prompt)
[2026-05-15T21:16:04Z] compose: extra-context=runs/T102/reviews/review-decision-context-IMPLEMENTATION_REVIEW_NEEDED.md
[2026-05-15T21:16:04Z] snapshot: runtime-prompt=runs/T102/prompts/review-attempt-1.md
[2026-05-15T21:20:46Z] auto-run: step=review done rc=0
[2026-05-15T21:20:46Z] auto-run: review parsed from: runs/T102/reviews/implementation-review.md
[2026-05-15T21:20:46Z] auto-run: review keyword detected: IMPLEMENTATION_FIX_REQUIRED
[2026-05-15T21:20:46Z] auto-run: transition IMPLEMENTATION_REVIEW_NEEDED → IMPLEMENTATION_FIX_REQUIRED
[2026-05-15T21:20:46Z] auto-run: fix artifact written: runs/T102/fixes/implementation-fix-1.md
[2026-05-15T21:21:17Z] commit-checkpoint: skipped missing scope paths: package.json, package-lock.json
[2026-05-15T21:21:17Z] commit-checkpoint: sha=a3a99f5 message='T102: checkpoint [IMPLEMENTATION_FIX_REQUIRED] — update workflow artifacts'
[2026-05-15T21:21:17Z] auto-run start: state=IMPLEMENTATION_FIX_REQUIRED
[2026-05-15T21:21:17Z] auto-run: running step=coder
[2026-05-15T21:21:17Z] auto-run: fix context: previous_output=runs/T102/implementation-output.md
[2026-05-15T21:21:17Z] auto-run: fix context: review=runs/T102/reviews/implementation-review.md
[2026-05-15T21:21:17Z] auto-run: fix context: fix_instructions=runs/T102/fixes/implementation-fix-1.md
[2026-05-15T21:21:17Z] auto-run: fix context: context_file=runs/T102/fixes/context-20260515T212117Z.md
[2026-05-15T21:21:17Z] prompt: resolved=prompts/generic/coder.md source=generic
[2026-05-15T21:21:17Z] prompt: generic fallback — injecting runs/T102/ticket.md
[2026-05-15T21:21:17Z] compose: global-context=docs/ai/global-context.md
[2026-05-15T21:21:17Z] compose: role=ai/roles/coder.md
[2026-05-15T21:21:17Z] compose: skill=ai/skills/workflow-discipline.md
[2026-05-15T21:21:17Z] compose: skill=ai/skills/git-discipline.md
[2026-05-15T21:21:17Z] compose: skill=ai/skills/code-quality.md
[2026-05-15T21:21:17Z] compose: skill=ai/skills/refactor-safety.md
[2026-05-15T21:21:17Z] compose: skill=ai/skills/security.md
[2026-05-15T21:21:17Z] compose: task (canonical prompt)
[2026-05-15T21:21:17Z] compose: extra-context=runs/T102/fixes/context-20260515T212117Z.md
[2026-05-15T21:21:17Z] snapshot: runtime-prompt=runs/T102/prompts/coder-attempt-2.md
[2026-05-15T21:21:49Z] auto-run: step=coder done rc=0
[2026-05-15T21:21:49Z] auto-run: transition IMPLEMENTATION_FIX_REQUIRED → IMPLEMENTATION_REVIEW_NEEDED
[2026-05-15T21:22:20Z] commit-checkpoint: skipped missing scope paths: package.json, package-lock.json
[2026-05-15T21:22:21Z] commit-checkpoint: sha=cbc939f message='T102: checkpoint [IMPLEMENTATION_REVIEW_NEEDED] — update workflow artifacts'
[2026-05-15T21:22:21Z] auto-run start: state=IMPLEMENTATION_REVIEW_NEEDED
[2026-05-15T21:22:21Z] auto-run: running step=review
[2026-05-15T21:22:21Z] auto-run: review decision context: context_file=runs/T102/reviews/review-decision-context-IMPLEMENTATION_REVIEW_NEEDED.md
[2026-05-15T21:22:21Z] prompt: resolved=prompts/generic/review.md source=generic
[2026-05-15T21:22:21Z] prompt: generic fallback — injecting runs/T102/ticket.md
[2026-05-15T21:22:21Z] compose: global-context=docs/ai/global-context.md
[2026-05-15T21:22:21Z] compose: role=ai/roles/reviewer.md
[2026-05-15T21:22:21Z] compose: skill=ai/skills/workflow-discipline.md
[2026-05-15T21:22:21Z] compose: skill=ai/skills/code-quality.md
[2026-05-15T21:22:21Z] compose: skill=ai/skills/refactor-safety.md
[2026-05-15T21:22:21Z] compose: skill=ai/skills/security.md
[2026-05-15T21:22:21Z] compose: task (canonical prompt)
[2026-05-15T21:22:21Z] compose: extra-context=runs/T102/reviews/review-decision-context-IMPLEMENTATION_REVIEW_NEEDED.md
[2026-05-15T21:22:21Z] snapshot: runtime-prompt=runs/T102/prompts/review-attempt-2.md
[2026-05-15T21:26:50Z] auto-run: step=review done rc=0
[2026-05-15T21:26:50Z] auto-run: review parsed from: runs/T102/reviews/implementation-review.md
[2026-05-15T21:26:50Z] auto-run: review keyword detected: IMPLEMENTATION_APPROVED
[2026-05-15T21:26:50Z] auto-run: transition IMPLEMENTATION_REVIEW_NEEDED → IMPLEMENTATION_APPROVED
[2026-05-15T21:27:21Z] commit-checkpoint: skipped missing scope paths: package.json, package-lock.json
[2026-05-15T21:27:21Z] commit-checkpoint: sha=fd2eec7 message='T102: checkpoint [IMPLEMENTATION_APPROVED] — update workflow artifacts'
[2026-05-15T21:27:21Z] auto-run start: state=IMPLEMENTATION_APPROVED
[2026-05-15T21:27:21Z] auto-run: running step=tester
[2026-05-15T21:27:21Z] prompt: resolved=prompts/generic/tester.md source=generic
[2026-05-15T21:27:21Z] prompt: generic fallback — injecting runs/T102/ticket.md
[2026-05-15T21:27:21Z] compose: global-context=docs/ai/global-context.md
[2026-05-15T21:27:21Z] compose: role=ai/roles/tester.md
[2026-05-15T21:27:21Z] compose: skill=ai/skills/workflow-discipline.md
[2026-05-15T21:27:21Z] compose: skill=ai/skills/testing.md
[2026-05-15T21:27:21Z] compose: skill=ai/skills/debugging.md
[2026-05-15T21:27:21Z] compose: task (canonical prompt)
[2026-05-15T21:27:21Z] snapshot: runtime-prompt=runs/T102/prompts/tester-attempt-1.md
[2026-05-15T21:35:24Z] auto-run: step=tester done rc=0
[2026-05-15T21:35:24Z] auto-run: transition IMPLEMENTATION_APPROVED → TEST_COMPLETE
[2026-05-15T21:35:54Z] commit-checkpoint: skipped missing scope paths: package.json, package-lock.json
[2026-05-15T21:35:55Z] commit-checkpoint: sha=5e8d23a message='T102: checkpoint [TEST_COMPLETE] — update workflow artifacts'
[2026-05-15T21:35:55Z] push: pushing branch=ticket/T102-t102-daemon-intake-synchronization-queue-policy-an
[2026-05-15T21:35:57Z] push: done branch=ticket/T102-t102-daemon-intake-synchronization-queue-policy-an
[2026-05-15T21:36:30Z] commit-checkpoint: skipped missing scope paths: package.json, package-lock.json
[2026-05-15T21:36:30Z] commit-checkpoint: refused — nothing to commit in runs/
[2026-05-15T21:37:02Z] commit-checkpoint: skipped missing scope paths: package.json, package-lock.json
[2026-05-15T21:37:02Z] commit-checkpoint: refused — nothing to commit in runs/
