[2026-06-05T08:07:40Z] auto-run start: state=INIT
[2026-06-05T08:07:40Z] auto-run: running step=planner
[2026-06-05T08:07:40Z] prompt: resolved=prompts/generic/planner.md source=generic
[2026-06-05T08:07:40Z] prompt: generic fallback — injecting runs/T176/ticket.md
[2026-06-05T08:07:40Z] compose: global-context=docs/ai/global-context.md
[2026-06-05T08:07:40Z] compose: role=ai/roles/planner.md
[2026-06-05T08:07:40Z] compose: skill=ai/skills/workflow-discipline.md
[2026-06-05T08:07:40Z] compose: skill=ai/skills/architecture-discipline.md
[2026-06-05T08:07:40Z] compose: skill=ai/skills/documentation.md
[2026-06-05T08:07:40Z] compose: task (canonical prompt)
[2026-06-05T08:07:40Z] snapshot: runtime-prompt=runs/T176/prompts/planner-attempt-1.md
[2026-06-05T08:10:46Z] auto-run: step=planner done rc=0
[2026-06-05T08:10:48Z] planner checkpoint: committed
[2026-06-05T08:10:48Z] planner checkpoint: pushed
[2026-06-05T08:10:48Z] planner validation success
[2026-06-05T08:10:48Z] auto-run: transition INIT → PLAN_REVIEW_NEEDED
[2026-06-05T08:10:48Z] auto-run: auto-commit triggered (step=planner, include_code=True)
[2026-06-05T08:10:49Z] commit-checkpoint: unstaged runtime garbage: ['runs/T176/runtime.log']
[2026-06-05T08:10:49Z] commit-checkpoint: sha=47a20e47 files=2 title='docs(T176/workflow): planner — update 2 file(s)'
[2026-06-05T08:10:49Z] auto-run: auto-push triggered
[2026-06-05T08:10:49Z] push: tolerating runtime dirty files (not blocking): ['runs/T176/runtime.log']
[2026-06-05T08:10:49Z] push: pushing branch=ticket/T176-t176-redeploy-must-rehydrate-missing-sandbox-sourc
[2026-06-05T08:10:51Z] push: done branch=ticket/T176-t176-redeploy-must-rehydrate-missing-sandbox-sourc
