[2026-06-09T13:35:31Z] auto-run start: state=INIT
[2026-06-09T13:35:31Z] auto-run: running step=planner
[2026-06-09T13:35:31Z] prompt: resolved=prompts/generic/planner.md source=generic
[2026-06-09T13:35:31Z] prompt: generic fallback — injecting runs/T181/ticket.md
[2026-06-09T13:35:31Z] compose: global-context=docs/ai/global-context.md
[2026-06-09T13:35:31Z] compose: role=ai/roles/planner.md
[2026-06-09T13:35:31Z] compose: skill=ai/skills/workflow-discipline.md
[2026-06-09T13:35:31Z] compose: skill=ai/skills/architecture-discipline.md
[2026-06-09T13:35:31Z] compose: skill=ai/skills/documentation.md
[2026-06-09T13:35:31Z] compose: task (canonical prompt)
[2026-06-09T13:35:31Z] snapshot: runtime-prompt=runs/T181/prompts/planner-attempt-1.md
[2026-06-09T13:40:35Z] auto-run: step=planner done rc=0
[2026-06-09T13:40:37Z] planner checkpoint: committed
[2026-06-09T13:40:37Z] planner checkpoint: pushed
[2026-06-09T13:40:37Z] planner validation success
[2026-06-09T13:40:37Z] auto-run: transition INIT → PLAN_REVIEW_NEEDED
[2026-06-09T13:40:37Z] auto-run: auto-commit triggered (step=planner, include_code=True)
[2026-06-09T13:40:37Z] commit-checkpoint: unstaged runtime garbage: ['runs/T181/runtime.log']
[2026-06-09T13:40:38Z] commit-checkpoint: sha=27bf0541 files=2 title='docs(T181/workflow): planner — update 2 file(s)'
[2026-06-09T13:40:38Z] auto-run: auto-push triggered
[2026-06-09T13:40:38Z] push: tolerating runtime dirty files (not blocking): ['runs/T181/runtime.log']
[2026-06-09T13:40:38Z] push: pushing branch=ticket/T181-t181-add-existing-project-bootstrap-and-per-projec
[2026-06-09T13:40:40Z] push: done branch=ticket/T181-t181-add-existing-project-bootstrap-and-per-projec
[2026-06-09T13:54:39Z] auto-run start: state=PLAN_FIX_REQUIRED
[2026-06-09T13:54:39Z] auto-run: running step=planner
[2026-06-09T13:54:39Z] auto-run: fix context: previous_output=runs/T181/plan.md
[2026-06-09T13:54:39Z] auto-run: fix context: review=runs/T181/reviews/plan-review.md
[2026-06-09T13:54:39Z] auto-run: fix context: fix_instructions=runs/T181/fixes/plan-fix-project-id-and-runtime-isolation.md
[2026-06-09T13:54:39Z] auto-run: fix context: context_file=runs/T181/fixes/context-20260609T135439Z.md
[2026-06-09T13:54:39Z] prompt: resolved=prompts/generic/planner.md source=generic
[2026-06-09T13:54:39Z] prompt: generic fallback — injecting runs/T181/ticket.md
[2026-06-09T13:54:39Z] compose: global-context=docs/ai/global-context.md
[2026-06-09T13:54:39Z] compose: role=ai/roles/planner.md
[2026-06-09T13:54:39Z] compose: skill=ai/skills/workflow-discipline.md
[2026-06-09T13:54:39Z] compose: skill=ai/skills/architecture-discipline.md
[2026-06-09T13:54:39Z] compose: skill=ai/skills/documentation.md
[2026-06-09T13:54:39Z] compose: task (canonical prompt)
[2026-06-09T13:54:39Z] compose: extra-context=runs/T181/fixes/context-20260609T135439Z.md
[2026-06-09T13:54:39Z] snapshot: runtime-prompt=runs/T181/prompts/planner-attempt-2.md
[2026-06-09T13:56:55Z] auto-run: step=planner done rc=0
