[2026-08-10T20:20:05Z] auto-run start: state=INIT
[2026-08-10T20:20:05Z] auto-run: running step=planner
[2026-08-10T20:20:05Z] prompt: resolved=prompts/generic/planner.md source=generic
[2026-08-10T20:20:05Z] prompt: generic fallback — injecting runs/T229/ticket.md
[2026-08-10T20:20:05Z] compose: global-context=docs/ai/global-context.md
[2026-08-10T20:20:05Z] compose: role=ai/roles/planner.md
[2026-08-10T20:20:05Z] compose: skill=ai/skills/workflow-discipline.md
[2026-08-10T20:20:05Z] compose: skill=ai/skills/architecture-discipline.md
[2026-08-10T20:20:05Z] compose: skill=ai/skills/documentation.md
[2026-08-10T20:20:05Z] compose: task (canonical prompt)
[2026-08-10T20:20:05Z] snapshot: runtime-prompt=runs/T229/prompts/planner-attempt-1.md
[2026-08-10T20:23:39Z] auto-run: step=planner done rc=0
[2026-08-10T20:23:41Z] planner checkpoint: committed
[2026-08-10T20:23:41Z] planner checkpoint: pushed
[2026-08-10T20:23:41Z] planner validation success
[2026-08-10T20:23:41Z] auto-run: transition INIT → PLAN_REVIEW_NEEDED
[2026-08-10T20:23:41Z] auto-run: auto-commit triggered (step=planner, include_code=True)
[2026-08-10T20:23:41Z] commit-checkpoint: unstaged runtime garbage: ['runs/T229/runtime.log', 'runs/T229/workflow-status.md']
[2026-08-10T20:23:41Z] commit-checkpoint: sha=14c57129 files=1 title='docs(T229/workflow): planner — update 1 file(s)'
[2026-08-10T20:23:41Z] auto-run: auto-push triggered
[2026-08-10T20:23:41Z] push: tolerating runtime dirty files (not blocking): ['runs/T229/runtime.log', 'runs/T229/workflow-status.md']
[2026-08-10T20:23:41Z] push: pushing branch=ticket/T229-add-one-click-project-deployment-for-end-to-end-va
[2026-08-10T20:23:43Z] push: done branch=ticket/T229-add-one-click-project-deployment-for-end-to-end-va
