[2026-05-29T10:27:31Z] auto-run start: state=INIT
[2026-05-29T10:27:31Z] auto-run: running step=planner
[2026-05-29T10:27:31Z] prompt: resolved=prompts/generic/planner.md source=generic
[2026-05-29T10:27:31Z] prompt: generic fallback — injecting runs/T161/ticket.md
[2026-05-29T10:27:31Z] compose: global-context=docs/ai/global-context.md
[2026-05-29T10:27:31Z] compose: role=ai/roles/planner.md
[2026-05-29T10:27:31Z] compose: skill=ai/skills/workflow-discipline.md
[2026-05-29T10:27:31Z] compose: skill=ai/skills/architecture-discipline.md
[2026-05-29T10:27:31Z] compose: skill=ai/skills/documentation.md
[2026-05-29T10:27:31Z] compose: task (canonical prompt)
[2026-05-29T10:27:31Z] snapshot: runtime-prompt=runs/T161/prompts/planner-attempt-1.md
[2026-05-29T10:30:04Z] auto-run start: state=INIT
[2026-05-29T10:30:04Z] auto-run: running step=planner
[2026-05-29T10:30:04Z] prompt: resolved=prompts/generic/planner.md source=generic
[2026-05-29T10:30:04Z] prompt: generic fallback — injecting runs/T161/ticket.md
[2026-05-29T10:30:04Z] compose: global-context=docs/ai/global-context.md
[2026-05-29T10:30:04Z] compose: role=ai/roles/planner.md
[2026-05-29T10:30:04Z] compose: skill=ai/skills/workflow-discipline.md
[2026-05-29T10:30:04Z] compose: skill=ai/skills/architecture-discipline.md
[2026-05-29T10:30:04Z] compose: skill=ai/skills/documentation.md
[2026-05-29T10:30:04Z] compose: task (canonical prompt)
[2026-05-29T10:30:04Z] snapshot: runtime-prompt=runs/T161/prompts/planner-attempt-2.md
[2026-05-29T10:30:57Z] auto-run: step=planner done rc=0
[2026-05-29T10:30:59Z] planner checkpoint: committed
[2026-05-29T10:30:59Z] planner checkpoint: pushed
[2026-05-29T10:30:59Z] planner validation success
[2026-05-29T10:30:59Z] auto-run: transition INIT → PLAN_REVIEW_NEEDED
[2026-05-29T10:30:59Z] auto-run: auto-commit triggered (step=planner, include_code=True)
[2026-05-29T10:30:59Z] commit-checkpoint: unstaged runtime garbage: ['runs/T161/runtime.log']
[2026-05-29T10:30:59Z] commit-checkpoint: sha=2d147ce7 files=2 title='docs(T161/workflow): planner — update 2 file(s)'
[2026-05-29T10:30:59Z] auto-run: auto-push triggered
[2026-05-29T10:31:00Z] push: tolerating runtime dirty files (not blocking): ['runs/T161/runtime.log']
[2026-05-29T10:31:00Z] push: pushing branch=ticket/T161-t161-fix-environments-create-flow-to-provision-rea
[2026-05-29T10:33:28Z] human-approval: approve-plan — PLAN_REVIEW_NEEDED → PLAN_APPROVED
[2026-05-29T10:33:45Z] auto-run: step=planner done rc=0
