[2026-06-01T19:45:11Z] auto-run start: state=INIT
[2026-06-01T19:45:11Z] auto-run: running step=planner
[2026-06-01T19:45:12Z] prompt: resolved=prompts/generic/planner.md source=generic
[2026-06-01T19:45:12Z] prompt: generic fallback — injecting runs/T165/ticket.md
[2026-06-01T19:45:12Z] compose: global-context=docs/ai/global-context.md
[2026-06-01T19:45:12Z] compose: role=ai/roles/planner.md
[2026-06-01T19:45:12Z] compose: skill=ai/skills/workflow-discipline.md
[2026-06-01T19:45:12Z] compose: skill=ai/skills/architecture-discipline.md
[2026-06-01T19:45:12Z] compose: skill=ai/skills/documentation.md
[2026-06-01T19:45:12Z] compose: task (canonical prompt)
[2026-06-01T19:45:12Z] snapshot: runtime-prompt=runs/T165/prompts/planner-attempt-1.md
[2026-06-01T19:51:51Z] auto-run: step=planner done rc=0
[2026-06-01T19:51:53Z] planner checkpoint: committed
[2026-06-01T19:51:53Z] planner checkpoint: pushed
[2026-06-01T19:51:53Z] planner validation success
[2026-06-01T19:51:53Z] auto-run: transition INIT → PLAN_REVIEW_NEEDED
[2026-06-01T19:51:53Z] auto-run: auto-commit triggered (step=planner, include_code=True)
[2026-06-01T19:51:53Z] commit-checkpoint: unstaged runtime garbage: ['runs/T165/runtime.log']
[2026-06-01T19:51:53Z] commit-checkpoint: sha=5bb80f49 files=2 title='docs(T165/workflow): planner — update 2 file(s)'
[2026-06-01T19:51:53Z] auto-run: auto-push triggered
[2026-06-01T19:51:53Z] push: tolerating runtime dirty files (not blocking): ['runs/T165/runtime.log']
[2026-06-01T19:51:53Z] push: pushing branch=ticket/T165-t165-environment-flows-must-ensure-traefik-infra-b
[2026-06-01T19:51:55Z] push: done branch=ticket/T165-t165-environment-flows-must-ensure-traefik-infra-b
[2026-06-01T20:00:41Z] auto-run start: state=PLAN_APPROVED
[2026-06-01T20:00:41Z] auto-run: running step=coder
[2026-06-01T20:00:41Z] prompt: resolved=prompts/generic/coder.md source=generic
[2026-06-01T20:00:41Z] prompt: generic fallback — injecting runs/T165/ticket.md
[2026-06-01T20:00:41Z] compose: global-context=docs/ai/global-context.md
[2026-06-01T20:00:41Z] compose: role=ai/roles/coder.md
[2026-06-01T20:00:41Z] compose: skill=ai/skills/workflow-discipline.md
[2026-06-01T20:00:41Z] compose: skill=ai/skills/git-discipline.md
[2026-06-01T20:00:41Z] compose: skill=ai/skills/code-quality.md
[2026-06-01T20:00:41Z] compose: skill=ai/skills/refactor-safety.md
[2026-06-01T20:00:41Z] compose: skill=ai/skills/security.md
[2026-06-01T20:00:41Z] compose: task (canonical prompt)
[2026-06-01T20:00:41Z] snapshot: runtime-prompt=runs/T165/prompts/coder-attempt-2.md
[2026-06-02T07:13:02Z] auto-run start: state=IMPLEMENTATION_APPROVED
[2026-06-02T07:13:02Z] auto-run: running step=tester
[2026-06-02T07:13:02Z] prompt: resolved=prompts/generic/tester.md source=generic
[2026-06-02T07:13:02Z] prompt: generic fallback — injecting runs/T165/ticket.md
[2026-06-02T07:13:02Z] compose: global-context=docs/ai/global-context.md
[2026-06-02T07:13:02Z] compose: role=ai/roles/tester.md
[2026-06-02T07:13:02Z] compose: skill=ai/skills/workflow-discipline.md
[2026-06-02T07:13:02Z] compose: skill=ai/skills/testing.md
[2026-06-02T07:13:02Z] compose: skill=ai/skills/debugging.md
[2026-06-02T07:13:02Z] compose: task (canonical prompt)
[2026-06-02T07:13:02Z] snapshot: runtime-prompt=runs/T165/prompts/tester-attempt-1.md
