[2026-06-04T15:11:48Z] auto-run start: state=INIT
[2026-06-04T15:11:48Z] auto-run: running step=planner
[2026-06-04T15:11:48Z] prompt: resolved=prompts/generic/planner.md source=generic
[2026-06-04T15:11:48Z] prompt: generic fallback — injecting runs/T174/ticket.md
[2026-06-04T15:11:48Z] compose: global-context=docs/ai/global-context.md
[2026-06-04T15:11:48Z] compose: role=ai/roles/planner.md
[2026-06-04T15:11:48Z] compose: skill=ai/skills/workflow-discipline.md
[2026-06-04T15:11:48Z] compose: skill=ai/skills/architecture-discipline.md
[2026-06-04T15:11:48Z] compose: skill=ai/skills/documentation.md
[2026-06-04T15:11:48Z] compose: task (canonical prompt)
[2026-06-04T15:11:48Z] snapshot: runtime-prompt=runs/T174/prompts/planner-attempt-1.md
[2026-06-04T15:13:49Z] auto-run: step=planner done rc=0
[2026-06-04T15:13:51Z] planner checkpoint: committed
[2026-06-04T15:13:51Z] planner checkpoint: pushed
[2026-06-04T15:13:51Z] planner validation success
[2026-06-04T15:13:51Z] auto-run: transition INIT → PLAN_REVIEW_NEEDED
[2026-06-04T15:13:51Z] auto-run: auto-commit triggered (step=planner, include_code=True)
[2026-06-04T15:13:51Z] commit-checkpoint: unstaged runtime garbage: ['runs/T174/runtime.log']
[2026-06-04T15:13:51Z] commit-checkpoint: sha=4793166a files=2 title='docs(T174/workflow): planner — update 2 file(s)'
[2026-06-04T15:13:51Z] auto-run: auto-push triggered
[2026-06-04T15:13:51Z] push: tolerating runtime dirty files (not blocking): ['runs/T174/runtime.log']
[2026-06-04T15:13:51Z] push: pushing branch=ticket/T174-t174-redesign-environment-creation-popup-with-proj
[2026-06-04T15:13:53Z] push: done branch=ticket/T174-t174-redesign-environment-creation-popup-with-proj
