[2026-05-19T18:54:06Z] intake: issue=#71 title='T117 — Restore fully autonomous daemon workflow after runtime migration' branch=ticket/T117-t117-restore-fully-autonomous-daemon-workflow-afte
[2026-05-19T18:54:06Z] intake: done
[2026-05-19T18:59:23Z] auto-run start: state=INIT
[2026-05-19T18:59:23Z] auto-run: running step=planner
[2026-05-19T18:59:23Z] prompt: resolved=prompts/generic/planner.md source=generic
[2026-05-19T18:59:23Z] prompt: generic fallback — injecting runs/T117/ticket.md
[2026-05-19T18:59:23Z] compose: global-context=docs/ai/global-context.md
[2026-05-19T18:59:23Z] compose: role=ai/roles/planner.md
[2026-05-19T18:59:23Z] compose: skill=ai/skills/workflow-discipline.md
[2026-05-19T18:59:23Z] compose: skill=ai/skills/architecture-discipline.md
[2026-05-19T18:59:23Z] compose: skill=ai/skills/documentation.md
[2026-05-19T18:59:23Z] compose: task (canonical prompt)
[2026-05-19T18:59:23Z] snapshot: runtime-prompt=runs/T117/prompts/planner-attempt-1.md
[2026-05-19T19:06:11Z] auto-run: step=planner done rc=0
[2026-05-19T19:06:11Z] planner validation success
[2026-05-19T19:06:11Z] auto-run: transition INIT → PLAN_REVIEW_NEEDED
[2026-05-19T19:07:20Z] commit-checkpoint: refused — failed to determine current git branch
[2026-05-19T19:09:46Z] human-approval: approve-plan — PLAN_REVIEW_NEEDED → PLAN_APPROVED
[2026-05-19T19:10:03Z] auto-run start: state=PLAN_APPROVED
[2026-05-19T19:10:03Z] auto-run gate failed: working tree is not clean — commit or stash changes first
[2026-05-19T19:10:07Z] commit-checkpoint: refused — failed to determine current git branch
[2026-05-19T19:10:37Z] auto-run start: state=PLAN_APPROVED
[2026-05-19T19:10:37Z] auto-run: running step=coder
[2026-05-19T19:10:37Z] prompt: resolved=prompts/generic/coder.md source=generic
[2026-05-19T19:10:37Z] prompt: generic fallback — injecting runs/T117/ticket.md
[2026-05-19T19:10:37Z] compose: global-context=docs/ai/global-context.md
[2026-05-19T19:10:37Z] compose: role=ai/roles/coder.md
[2026-05-19T19:10:37Z] compose: skill=ai/skills/workflow-discipline.md
[2026-05-19T19:10:37Z] compose: skill=ai/skills/git-discipline.md
[2026-05-19T19:10:37Z] compose: skill=ai/skills/code-quality.md
[2026-05-19T19:10:37Z] compose: skill=ai/skills/refactor-safety.md
[2026-05-19T19:10:37Z] compose: skill=ai/skills/security.md
[2026-05-19T19:10:37Z] compose: task (canonical prompt)
[2026-05-19T19:10:37Z] snapshot: runtime-prompt=runs/T117/prompts/coder-attempt-1.md
[2026-05-19T19:14:47Z] auto-run: step=coder done rc=0
[2026-05-19T19:14:47Z] auto-run: transition PLAN_APPROVED → IMPLEMENTATION_REVIEW_NEEDED
[2026-05-19T19:15:21Z] auto-run start: state=IMPLEMENTATION_REVIEW_NEEDED
[2026-05-19T19:15:21Z] auto-run gate failed: working tree is not clean — commit or stash changes first
[2026-05-19T19:15:54Z] auto-run start: state=IMPLEMENTATION_REVIEW_NEEDED
[2026-05-19T19:15:54Z] auto-run gate failed: working tree is not clean — commit or stash changes first
[2026-05-19T19:16:27Z] auto-run start: state=IMPLEMENTATION_REVIEW_NEEDED
[2026-05-19T19:16:28Z] auto-run: running step=review
[2026-05-19T19:16:28Z] auto-run: review decision context: context_file=runs/T117/reviews/review-decision-context-IMPLEMENTATION_REVIEW_NEEDED.md
[2026-05-19T19:16:28Z] prompt: resolved=prompts/generic/review.md source=generic
[2026-05-19T19:16:28Z] prompt: generic fallback — injecting runs/T117/ticket.md
[2026-05-19T19:16:28Z] compose: global-context=docs/ai/global-context.md
[2026-05-19T19:16:28Z] compose: role=ai/roles/reviewer.md
[2026-05-19T19:16:28Z] compose: skill=ai/skills/workflow-discipline.md
[2026-05-19T19:16:28Z] compose: skill=ai/skills/code-quality.md
[2026-05-19T19:16:28Z] compose: skill=ai/skills/refactor-safety.md
[2026-05-19T19:16:28Z] compose: skill=ai/skills/security.md
[2026-05-19T19:16:28Z] compose: task (canonical prompt)
[2026-05-19T19:16:28Z] compose: extra-context=runs/T117/reviews/review-decision-context-IMPLEMENTATION_REVIEW_NEEDED.md
[2026-05-19T19:16:28Z] snapshot: runtime-prompt=runs/T117/prompts/review-attempt-1.md
[2026-05-19T19:20:56Z] auto-run: step=review done rc=0
[2026-05-19T19:20:56Z] auto-run: review parsed from: runs/T117/reviews/implementation-review.md
[2026-05-19T19:20:56Z] auto-run: review keyword detected: IMPLEMENTATION_FIX_REQUIRED
[2026-05-19T19:20:56Z] auto-run: transition IMPLEMENTATION_REVIEW_NEEDED → IMPLEMENTATION_FIX_REQUIRED
[2026-05-19T19:20:56Z] auto-run: fix artifact written: runs/T117/fixes/implementation-fix-1.md
[2026-05-19T19:21:29Z] auto-run start: state=IMPLEMENTATION_FIX_REQUIRED
[2026-05-19T19:21:30Z] auto-run gate failed: working tree is not clean — commit or stash changes first
[2026-05-19T19:22:03Z] auto-run start: state=IMPLEMENTATION_FIX_REQUIRED
[2026-05-19T19:22:03Z] auto-run: running step=coder
[2026-05-19T19:22:03Z] auto-run: fix context: previous_output=runs/T117/implementation-output.md
[2026-05-19T19:22:03Z] auto-run: fix context: review=runs/T117/reviews/implementation-review.md
[2026-05-19T19:22:03Z] auto-run: fix context: fix_instructions=runs/T117/fixes/implementation-fix-1.md
[2026-05-19T19:22:03Z] auto-run: fix context: context_file=runs/T117/fixes/context-20260519T192203Z.md
[2026-05-19T19:22:03Z] prompt: resolved=prompts/generic/coder.md source=generic
[2026-05-19T19:22:03Z] prompt: generic fallback — injecting runs/T117/ticket.md
[2026-05-19T19:22:03Z] compose: global-context=docs/ai/global-context.md
[2026-05-19T19:22:03Z] compose: role=ai/roles/coder.md
[2026-05-19T19:22:03Z] compose: skill=ai/skills/workflow-discipline.md
[2026-05-19T19:22:03Z] compose: skill=ai/skills/git-discipline.md
[2026-05-19T19:22:03Z] compose: skill=ai/skills/code-quality.md
[2026-05-19T19:22:03Z] compose: skill=ai/skills/refactor-safety.md
[2026-05-19T19:22:03Z] compose: skill=ai/skills/security.md
[2026-05-19T19:22:03Z] compose: task (canonical prompt)
[2026-05-19T19:22:03Z] compose: extra-context=runs/T117/fixes/context-20260519T192203Z.md
[2026-05-19T19:22:03Z] snapshot: runtime-prompt=runs/T117/prompts/coder-attempt-2.md
[2026-05-19T19:24:18Z] auto-run: step=coder done rc=0
[2026-05-19T19:24:18Z] auto-run: transition IMPLEMENTATION_FIX_REQUIRED → IMPLEMENTATION_REVIEW_NEEDED
[2026-05-19T19:24:52Z] auto-run start: state=IMPLEMENTATION_REVIEW_NEEDED
[2026-05-19T19:24:52Z] auto-run gate failed: working tree is not clean — commit or stash changes first
[2026-05-19T19:25:25Z] auto-run start: state=IMPLEMENTATION_REVIEW_NEEDED
[2026-05-19T19:25:25Z] auto-run gate failed: working tree is not clean — commit or stash changes first
[2026-05-19T19:25:59Z] auto-run start: state=IMPLEMENTATION_REVIEW_NEEDED
[2026-05-19T19:25:59Z] auto-run gate failed: working tree is not clean — commit or stash changes first
[2026-05-19T19:26:32Z] auto-run start: state=IMPLEMENTATION_REVIEW_NEEDED
[2026-05-19T19:26:32Z] auto-run gate failed: working tree is not clean — commit or stash changes first
[2026-05-19T19:27:06Z] auto-run start: state=IMPLEMENTATION_REVIEW_NEEDED
[2026-05-19T19:27:06Z] auto-run gate failed: working tree is not clean — commit or stash changes first
[2026-05-19T19:27:39Z] auto-run start: state=IMPLEMENTATION_REVIEW_NEEDED
[2026-05-19T19:27:39Z] auto-run: running step=review
[2026-05-19T19:27:39Z] auto-run: review decision context: context_file=runs/T117/reviews/review-decision-context-IMPLEMENTATION_REVIEW_NEEDED.md
[2026-05-19T19:27:39Z] prompt: resolved=prompts/generic/review.md source=generic
[2026-05-19T19:27:39Z] prompt: generic fallback — injecting runs/T117/ticket.md
[2026-05-19T19:27:39Z] compose: global-context=docs/ai/global-context.md
[2026-05-19T19:27:39Z] compose: role=ai/roles/reviewer.md
[2026-05-19T19:27:39Z] compose: skill=ai/skills/workflow-discipline.md
[2026-05-19T19:27:39Z] compose: skill=ai/skills/code-quality.md
[2026-05-19T19:27:39Z] compose: skill=ai/skills/refactor-safety.md
[2026-05-19T19:27:39Z] compose: skill=ai/skills/security.md
[2026-05-19T19:27:39Z] compose: task (canonical prompt)
[2026-05-19T19:27:39Z] compose: extra-context=runs/T117/reviews/review-decision-context-IMPLEMENTATION_REVIEW_NEEDED.md
[2026-05-19T19:27:39Z] snapshot: runtime-prompt=runs/T117/prompts/review-attempt-2.md
[2026-05-19T19:31:57Z] auto-run: step=review done rc=0
[2026-05-19T19:31:57Z] auto-run: review parsed from: runs/T117/reviews/implementation-review.md
[2026-05-19T19:31:57Z] auto-run: review keyword detected: IMPLEMENTATION_APPROVED
[2026-05-19T19:31:57Z] auto-run: transition IMPLEMENTATION_REVIEW_NEEDED → IMPLEMENTATION_APPROVED
[2026-05-19T19:32:31Z] auto-run start: state=IMPLEMENTATION_APPROVED
[2026-05-19T19:32:31Z] auto-run gate failed: working tree is not clean — commit or stash changes first
[2026-05-19T19:33:04Z] auto-run start: state=IMPLEMENTATION_APPROVED
[2026-05-19T19:33:04Z] auto-run gate failed: working tree is not clean — commit or stash changes first
[2026-05-19T19:33:38Z] auto-run start: state=IMPLEMENTATION_APPROVED
[2026-05-19T19:33:38Z] auto-run gate failed: working tree is not clean — commit or stash changes first
[2026-05-19T19:34:11Z] auto-run start: state=IMPLEMENTATION_APPROVED
[2026-05-19T19:34:11Z] auto-run gate failed: working tree is not clean — commit or stash changes first
[2026-05-19T19:34:44Z] auto-run start: state=IMPLEMENTATION_APPROVED
[2026-05-19T19:34:45Z] auto-run gate failed: working tree is not clean — commit or stash changes first
[2026-05-19T19:35:18Z] auto-run start: state=IMPLEMENTATION_APPROVED
[2026-05-19T19:35:18Z] auto-run gate failed: working tree is not clean — commit or stash changes first
[2026-05-19T19:35:51Z] auto-run start: state=IMPLEMENTATION_APPROVED
[2026-05-19T19:35:51Z] auto-run gate failed: working tree is not clean — commit or stash changes first
[2026-05-19T19:36:25Z] auto-run start: state=IMPLEMENTATION_APPROVED
[2026-05-19T19:36:25Z] auto-run gate failed: working tree is not clean — commit or stash changes first
[2026-05-19T19:36:58Z] auto-run start: state=IMPLEMENTATION_APPROVED
[2026-05-19T19:36:58Z] auto-run gate failed: working tree is not clean — commit or stash changes first
[2026-05-19T19:37:32Z] auto-run start: state=IMPLEMENTATION_APPROVED
[2026-05-19T19:37:32Z] auto-run gate failed: working tree is not clean — commit or stash changes first
[2026-05-19T19:38:05Z] auto-run start: state=IMPLEMENTATION_APPROVED
[2026-05-19T19:38:05Z] auto-run gate failed: working tree is not clean — commit or stash changes first
[2026-05-19T19:38:40Z] auto-run start: state=IMPLEMENTATION_APPROVED
[2026-05-19T19:38:40Z] auto-run gate failed: working tree is not clean — commit or stash changes first
[2026-05-19T19:39:13Z] auto-run start: state=IMPLEMENTATION_APPROVED
[2026-05-19T19:39:13Z] auto-run gate failed: working tree is not clean — commit or stash changes first
[2026-05-19T19:39:47Z] auto-run start: state=IMPLEMENTATION_APPROVED
[2026-05-19T19:39:47Z] auto-run gate failed: working tree is not clean — commit or stash changes first
[2026-05-19T19:40:21Z] auto-run start: state=IMPLEMENTATION_APPROVED
[2026-05-19T19:40:21Z] auto-run gate failed: working tree is not clean — commit or stash changes first
[2026-05-19T19:40:54Z] auto-run start: state=IMPLEMENTATION_APPROVED
[2026-05-19T19:40:54Z] auto-run gate failed: working tree is not clean — commit or stash changes first
[2026-05-19T19:41:27Z] auto-run start: state=IMPLEMENTATION_APPROVED
[2026-05-19T19:41:28Z] auto-run gate failed: working tree is not clean — commit or stash changes first
[2026-05-19T19:42:01Z] auto-run start: state=IMPLEMENTATION_APPROVED
[2026-05-19T19:42:01Z] auto-run gate failed: working tree is not clean — commit or stash changes first
[2026-05-19T19:42:35Z] auto-run start: state=IMPLEMENTATION_APPROVED
[2026-05-19T19:42:35Z] auto-run gate failed: working tree is not clean — commit or stash changes first
[2026-05-19T19:43:08Z] auto-run start: state=IMPLEMENTATION_APPROVED
[2026-05-19T19:43:08Z] auto-run gate failed: working tree is not clean — commit or stash changes first
[2026-05-19T19:43:42Z] auto-run start: state=IMPLEMENTATION_APPROVED
[2026-05-19T19:43:42Z] auto-run gate failed: working tree is not clean — commit or stash changes first
[2026-05-19T19:44:16Z] auto-run start: state=IMPLEMENTATION_APPROVED
[2026-05-19T19:44:16Z] auto-run gate failed: working tree is not clean — commit or stash changes first
[2026-05-19T19:44:49Z] auto-run start: state=IMPLEMENTATION_APPROVED
[2026-05-19T19:44:49Z] auto-run gate failed: working tree is not clean — commit or stash changes first
[2026-05-19T19:45:23Z] auto-run start: state=IMPLEMENTATION_APPROVED
[2026-05-19T19:45:23Z] auto-run gate failed: working tree is not clean — commit or stash changes first
[2026-05-19T19:45:57Z] auto-run start: state=IMPLEMENTATION_APPROVED
[2026-05-19T19:45:57Z] auto-run gate failed: working tree is not clean — commit or stash changes first
[2026-05-19T19:46:30Z] auto-run start: state=IMPLEMENTATION_APPROVED
[2026-05-19T19:46:30Z] auto-run gate failed: working tree is not clean — commit or stash changes first
[2026-05-19T19:47:04Z] auto-run start: state=IMPLEMENTATION_APPROVED
[2026-05-19T19:47:04Z] auto-run gate failed: working tree is not clean — commit or stash changes first
[2026-05-19T19:47:38Z] auto-run start: state=IMPLEMENTATION_APPROVED
[2026-05-19T19:47:38Z] auto-run gate failed: working tree is not clean — commit or stash changes first
[2026-05-19T19:48:11Z] auto-run start: state=IMPLEMENTATION_APPROVED
[2026-05-19T19:48:11Z] auto-run gate failed: working tree is not clean — commit or stash changes first
[2026-05-19T19:48:45Z] auto-run start: state=IMPLEMENTATION_APPROVED
[2026-05-19T19:48:45Z] auto-run gate failed: working tree is not clean — commit or stash changes first
[2026-05-19T19:49:18Z] auto-run start: state=IMPLEMENTATION_APPROVED
[2026-05-19T19:49:18Z] auto-run gate failed: working tree is not clean — commit or stash changes first
[2026-05-19T19:49:52Z] auto-run start: state=IMPLEMENTATION_APPROVED
[2026-05-19T19:49:52Z] auto-run gate failed: working tree is not clean — commit or stash changes first
[2026-05-19T19:50:25Z] auto-run start: state=IMPLEMENTATION_APPROVED
[2026-05-19T19:50:25Z] auto-run gate failed: working tree is not clean — commit or stash changes first
[2026-05-19T19:50:59Z] auto-run start: state=IMPLEMENTATION_APPROVED
[2026-05-19T19:50:59Z] auto-run gate failed: working tree is not clean — commit or stash changes first
[2026-05-19T19:51:32Z] auto-run start: state=IMPLEMENTATION_APPROVED
[2026-05-19T19:51:32Z] auto-run gate failed: working tree is not clean — commit or stash changes first
[2026-05-19T19:52:06Z] auto-run start: state=IMPLEMENTATION_APPROVED
[2026-05-19T19:52:06Z] auto-run gate failed: working tree is not clean — commit or stash changes first
[2026-05-19T19:52:40Z] auto-run start: state=IMPLEMENTATION_APPROVED
[2026-05-19T19:52:40Z] auto-run gate failed: working tree is not clean — commit or stash changes first
[2026-05-19T19:53:13Z] auto-run start: state=IMPLEMENTATION_APPROVED
[2026-05-19T19:53:13Z] auto-run gate failed: working tree is not clean — commit or stash changes first
[2026-05-19T19:53:47Z] auto-run start: state=IMPLEMENTATION_APPROVED
[2026-05-19T19:53:47Z] auto-run gate failed: working tree is not clean — commit or stash changes first
[2026-05-19T19:54:20Z] auto-run start: state=IMPLEMENTATION_APPROVED
[2026-05-19T19:54:20Z] auto-run gate failed: working tree is not clean — commit or stash changes first
[2026-05-19T19:54:53Z] auto-run start: state=IMPLEMENTATION_APPROVED
[2026-05-19T19:54:54Z] auto-run gate failed: working tree is not clean — commit or stash changes first
[2026-05-19T19:55:27Z] auto-run start: state=IMPLEMENTATION_APPROVED
[2026-05-19T19:55:27Z] auto-run gate failed: working tree is not clean — commit or stash changes first
[2026-05-19T19:56:00Z] auto-run start: state=IMPLEMENTATION_APPROVED
[2026-05-19T19:56:00Z] auto-run gate failed: working tree is not clean — commit or stash changes first
[2026-05-19T19:56:34Z] auto-run start: state=IMPLEMENTATION_APPROVED
[2026-05-19T19:56:34Z] auto-run gate failed: working tree is not clean — commit or stash changes first
[2026-05-19T19:57:08Z] auto-run start: state=IMPLEMENTATION_APPROVED
[2026-05-19T19:57:08Z] auto-run gate failed: working tree is not clean — commit or stash changes first
[2026-05-19T19:57:41Z] auto-run start: state=IMPLEMENTATION_APPROVED
[2026-05-19T19:57:41Z] auto-run gate failed: working tree is not clean — commit or stash changes first
[2026-05-19T19:58:15Z] auto-run start: state=IMPLEMENTATION_APPROVED
[2026-05-19T19:58:15Z] auto-run gate failed: working tree is not clean — commit or stash changes first
[2026-05-19T19:58:48Z] auto-run start: state=IMPLEMENTATION_APPROVED
[2026-05-19T19:58:48Z] auto-run gate failed: working tree is not clean — commit or stash changes first
[2026-05-19T19:59:22Z] auto-run start: state=IMPLEMENTATION_APPROVED
[2026-05-19T19:59:22Z] auto-run gate failed: working tree is not clean — commit or stash changes first
[2026-05-19T19:59:55Z] auto-run start: state=IMPLEMENTATION_APPROVED
[2026-05-19T19:59:55Z] auto-run gate failed: working tree is not clean — commit or stash changes first
[2026-05-19T20:00:29Z] auto-run start: state=IMPLEMENTATION_APPROVED
[2026-05-19T20:00:29Z] auto-run gate failed: working tree is not clean — commit or stash changes first
[2026-05-19T20:01:03Z] auto-run start: state=IMPLEMENTATION_APPROVED
[2026-05-19T20:01:03Z] auto-run gate failed: working tree is not clean — commit or stash changes first
[2026-05-19T20:01:36Z] auto-run start: state=IMPLEMENTATION_APPROVED
[2026-05-19T20:01:36Z] auto-run gate failed: working tree is not clean — commit or stash changes first
[2026-05-19T20:02:10Z] auto-run start: state=IMPLEMENTATION_APPROVED
[2026-05-19T20:02:10Z] auto-run gate failed: working tree is not clean — commit or stash changes first
[2026-05-19T20:02:43Z] auto-run start: state=IMPLEMENTATION_APPROVED
[2026-05-19T20:02:43Z] auto-run gate failed: working tree is not clean — commit or stash changes first
[2026-05-19T20:03:17Z] auto-run start: state=IMPLEMENTATION_APPROVED
[2026-05-19T20:03:17Z] auto-run gate failed: working tree is not clean — commit or stash changes first
[2026-05-19T20:03:50Z] auto-run start: state=IMPLEMENTATION_APPROVED
[2026-05-19T20:03:50Z] auto-run gate failed: working tree is not clean — commit or stash changes first
[2026-05-19T20:04:24Z] auto-run start: state=IMPLEMENTATION_APPROVED
[2026-05-19T20:04:24Z] auto-run gate failed: working tree is not clean — commit or stash changes first
[2026-05-19T20:04:58Z] auto-run start: state=IMPLEMENTATION_APPROVED
[2026-05-19T20:04:58Z] auto-run gate failed: working tree is not clean — commit or stash changes first
[2026-05-19T20:05:31Z] auto-run start: state=IMPLEMENTATION_APPROVED
[2026-05-19T20:05:31Z] auto-run gate failed: working tree is not clean — commit or stash changes first
[2026-05-19T20:06:05Z] auto-run start: state=IMPLEMENTATION_APPROVED
[2026-05-19T20:06:05Z] auto-run gate failed: working tree is not clean — commit or stash changes first
[2026-05-19T20:06:39Z] auto-run start: state=IMPLEMENTATION_APPROVED
[2026-05-19T20:06:39Z] auto-run gate failed: working tree is not clean — commit or stash changes first
[2026-05-19T20:07:13Z] auto-run start: state=IMPLEMENTATION_APPROVED
[2026-05-19T20:07:13Z] auto-run gate failed: working tree is not clean — commit or stash changes first
[2026-05-19T20:07:46Z] auto-run start: state=IMPLEMENTATION_APPROVED
[2026-05-19T20:07:46Z] auto-run gate failed: working tree is not clean — commit or stash changes first
[2026-05-19T20:08:20Z] auto-run start: state=IMPLEMENTATION_APPROVED
[2026-05-19T20:08:20Z] auto-run gate failed: working tree is not clean — commit or stash changes first
[2026-05-19T20:08:53Z] auto-run start: state=IMPLEMENTATION_APPROVED
[2026-05-19T20:08:53Z] auto-run gate failed: working tree is not clean — commit or stash changes first
[2026-05-19T20:09:27Z] auto-run start: state=IMPLEMENTATION_APPROVED
[2026-05-19T20:09:27Z] auto-run gate failed: working tree is not clean — commit or stash changes first
[2026-05-19T20:10:00Z] auto-run start: state=IMPLEMENTATION_APPROVED
[2026-05-19T20:10:01Z] auto-run gate failed: working tree is not clean — commit or stash changes first
[2026-05-19T20:10:34Z] auto-run start: state=IMPLEMENTATION_APPROVED
[2026-05-19T20:10:34Z] auto-run gate failed: working tree is not clean — commit or stash changes first
[2026-05-19T20:11:08Z] auto-run start: state=IMPLEMENTATION_APPROVED
[2026-05-19T20:11:08Z] auto-run gate failed: working tree is not clean — commit or stash changes first
[2026-05-19T20:11:42Z] auto-run start: state=IMPLEMENTATION_APPROVED
[2026-05-19T20:11:42Z] auto-run gate failed: working tree is not clean — commit or stash changes first
[2026-05-19T20:12:15Z] auto-run start: state=IMPLEMENTATION_APPROVED
[2026-05-19T20:12:15Z] auto-run gate failed: working tree is not clean — commit or stash changes first
[2026-05-19T20:12:49Z] auto-run start: state=IMPLEMENTATION_APPROVED
[2026-05-19T20:12:49Z] auto-run gate failed: working tree is not clean — commit or stash changes first
[2026-05-19T20:13:22Z] auto-run start: state=IMPLEMENTATION_APPROVED
[2026-05-19T20:13:22Z] auto-run gate failed: working tree is not clean — commit or stash changes first
[2026-05-19T20:13:56Z] auto-run start: state=IMPLEMENTATION_APPROVED
[2026-05-19T20:13:56Z] auto-run gate failed: working tree is not clean — commit or stash changes first
[2026-05-19T20:14:29Z] auto-run start: state=IMPLEMENTATION_APPROVED
[2026-05-19T20:14:29Z] auto-run gate failed: working tree is not clean — commit or stash changes first
[2026-05-19T20:15:03Z] auto-run start: state=IMPLEMENTATION_APPROVED
[2026-05-19T20:15:03Z] auto-run gate failed: working tree is not clean — commit or stash changes first
[2026-05-19T20:15:37Z] auto-run start: state=IMPLEMENTATION_APPROVED
[2026-05-19T20:15:37Z] auto-run gate failed: working tree is not clean — commit or stash changes first
[2026-05-19T20:16:10Z] auto-run start: state=IMPLEMENTATION_APPROVED
[2026-05-19T20:16:11Z] auto-run gate failed: working tree is not clean — commit or stash changes first
[2026-05-19T20:16:45Z] auto-run start: state=IMPLEMENTATION_APPROVED
[2026-05-19T20:16:45Z] auto-run gate failed: working tree is not clean — commit or stash changes first
[2026-05-19T20:17:18Z] auto-run start: state=IMPLEMENTATION_APPROVED
[2026-05-19T20:17:18Z] auto-run gate failed: working tree is not clean — commit or stash changes first
[2026-05-19T20:17:52Z] auto-run start: state=IMPLEMENTATION_APPROVED
[2026-05-19T20:17:52Z] auto-run gate failed: working tree is not clean — commit or stash changes first
[2026-05-19T20:18:26Z] auto-run start: state=IMPLEMENTATION_APPROVED
[2026-05-19T20:18:26Z] auto-run gate failed: working tree is not clean — commit or stash changes first
[2026-05-19T20:18:59Z] auto-run start: state=IMPLEMENTATION_APPROVED
[2026-05-19T20:18:59Z] auto-run gate failed: working tree is not clean — commit or stash changes first
[2026-05-19T20:19:33Z] auto-run start: state=IMPLEMENTATION_APPROVED
[2026-05-19T20:19:33Z] auto-run gate failed: working tree is not clean — commit or stash changes first
[2026-05-19T20:20:06Z] auto-run start: state=IMPLEMENTATION_APPROVED
[2026-05-19T20:20:06Z] auto-run gate failed: working tree is not clean — commit or stash changes first
[2026-05-19T20:20:40Z] auto-run start: state=IMPLEMENTATION_APPROVED
[2026-05-19T20:20:40Z] auto-run gate failed: working tree is not clean — commit or stash changes first
[2026-05-19T20:21:14Z] auto-run start: state=IMPLEMENTATION_APPROVED
[2026-05-19T20:21:14Z] auto-run gate failed: working tree is not clean — commit or stash changes first
[2026-05-19T20:21:47Z] auto-run start: state=IMPLEMENTATION_APPROVED
[2026-05-19T20:21:47Z] auto-run gate failed: working tree is not clean — commit or stash changes first
[2026-05-19T20:22:21Z] auto-run start: state=IMPLEMENTATION_APPROVED
[2026-05-19T20:22:21Z] auto-run gate failed: working tree is not clean — commit or stash changes first
[2026-05-19T20:22:55Z] auto-run start: state=IMPLEMENTATION_APPROVED
[2026-05-19T20:22:55Z] auto-run gate failed: working tree is not clean — commit or stash changes first
[2026-05-19T20:23:28Z] auto-run start: state=IMPLEMENTATION_APPROVED
[2026-05-19T20:23:28Z] auto-run gate failed: working tree is not clean — commit or stash changes first
[2026-05-19T20:24:02Z] auto-run start: state=IMPLEMENTATION_APPROVED
[2026-05-19T20:24:02Z] auto-run gate failed: working tree is not clean — commit or stash changes first
[2026-05-19T20:24:36Z] auto-run start: state=IMPLEMENTATION_APPROVED
[2026-05-19T20:24:36Z] auto-run gate failed: working tree is not clean — commit or stash changes first
[2026-05-19T20:25:09Z] auto-run start: state=IMPLEMENTATION_APPROVED
[2026-05-19T20:25:09Z] auto-run gate failed: working tree is not clean — commit or stash changes first
[2026-05-19T20:25:43Z] auto-run start: state=IMPLEMENTATION_APPROVED
[2026-05-19T20:25:43Z] auto-run gate failed: working tree is not clean — commit or stash changes first
[2026-05-19T20:26:17Z] auto-run start: state=IMPLEMENTATION_APPROVED
[2026-05-19T20:26:17Z] auto-run gate failed: working tree is not clean — commit or stash changes first
[2026-05-19T20:26:50Z] auto-run start: state=IMPLEMENTATION_APPROVED
[2026-05-19T20:26:50Z] auto-run gate failed: working tree is not clean — commit or stash changes first
[2026-05-19T20:27:24Z] auto-run start: state=IMPLEMENTATION_APPROVED
[2026-05-19T20:27:24Z] auto-run gate failed: working tree is not clean — commit or stash changes first
[2026-05-19T20:27:57Z] auto-run start: state=IMPLEMENTATION_APPROVED
[2026-05-19T20:27:57Z] auto-run gate failed: working tree is not clean — commit or stash changes first
[2026-05-19T20:28:31Z] auto-run start: state=IMPLEMENTATION_APPROVED
[2026-05-19T20:28:31Z] auto-run gate failed: working tree is not clean — commit or stash changes first
[2026-05-19T20:29:05Z] auto-run start: state=IMPLEMENTATION_APPROVED
[2026-05-19T20:29:05Z] auto-run gate failed: working tree is not clean — commit or stash changes first
[2026-05-19T20:29:39Z] auto-run start: state=IMPLEMENTATION_APPROVED
[2026-05-19T20:29:39Z] auto-run gate failed: working tree is not clean — commit or stash changes first
[2026-05-19T20:30:13Z] auto-run start: state=IMPLEMENTATION_APPROVED
[2026-05-19T20:30:13Z] auto-run gate failed: working tree is not clean — commit or stash changes first
[2026-05-19T20:30:46Z] auto-run start: state=IMPLEMENTATION_APPROVED
[2026-05-19T20:30:46Z] auto-run gate failed: working tree is not clean — commit or stash changes first
[2026-05-19T20:31:20Z] auto-run start: state=IMPLEMENTATION_APPROVED
[2026-05-19T20:31:20Z] auto-run gate failed: working tree is not clean — commit or stash changes first
[2026-05-19T20:31:54Z] auto-run start: state=IMPLEMENTATION_APPROVED
[2026-05-19T20:31:54Z] auto-run gate failed: working tree is not clean — commit or stash changes first
[2026-05-19T20:32:27Z] auto-run start: state=IMPLEMENTATION_APPROVED
[2026-05-19T20:32:27Z] auto-run gate failed: working tree is not clean — commit or stash changes first
[2026-05-19T20:33:06Z] auto-run start: state=IMPLEMENTATION_APPROVED
[2026-05-19T20:33:06Z] auto-run gate failed: working tree is not clean — commit or stash changes first
[2026-05-19T20:33:39Z] auto-run start: state=IMPLEMENTATION_APPROVED
[2026-05-19T20:33:39Z] auto-run gate failed: working tree is not clean — commit or stash changes first
[2026-05-19T20:34:12Z] auto-run start: state=IMPLEMENTATION_APPROVED
[2026-05-19T20:34:13Z] auto-run gate failed: working tree is not clean — commit or stash changes first
[2026-05-19T20:34:46Z] auto-run start: state=IMPLEMENTATION_APPROVED
[2026-05-19T20:34:46Z] auto-run gate failed: working tree is not clean — commit or stash changes first
[2026-05-19T20:35:20Z] auto-run start: state=IMPLEMENTATION_APPROVED
[2026-05-19T20:35:20Z] auto-run gate failed: working tree is not clean — commit or stash changes first
[2026-05-19T20:35:53Z] auto-run start: state=IMPLEMENTATION_APPROVED
[2026-05-19T20:35:53Z] auto-run gate failed: working tree is not clean — commit or stash changes first
[2026-05-19T20:36:27Z] auto-run start: state=IMPLEMENTATION_APPROVED
[2026-05-19T20:36:27Z] auto-run gate failed: working tree is not clean — commit or stash changes first
[2026-05-19T20:37:01Z] auto-run start: state=IMPLEMENTATION_APPROVED
[2026-05-19T20:37:01Z] auto-run gate failed: working tree is not clean — commit or stash changes first
[2026-05-19T20:37:36Z] auto-run start: state=IMPLEMENTATION_APPROVED
[2026-05-19T20:37:36Z] auto-run gate failed: working tree is not clean — commit or stash changes first
[2026-05-19T20:38:09Z] auto-run start: state=IMPLEMENTATION_APPROVED
[2026-05-19T20:38:09Z] auto-run gate failed: working tree is not clean — commit or stash changes first
[2026-05-19T20:38:42Z] auto-run start: state=IMPLEMENTATION_APPROVED
[2026-05-19T20:38:42Z] auto-run gate failed: working tree is not clean — commit or stash changes first
[2026-05-19T20:39:16Z] auto-run start: state=IMPLEMENTATION_APPROVED
[2026-05-19T20:39:16Z] auto-run gate failed: working tree is not clean — commit or stash changes first
[2026-05-19T20:39:49Z] auto-run start: state=IMPLEMENTATION_APPROVED
[2026-05-19T20:39:49Z] auto-run gate failed: working tree is not clean — commit or stash changes first
[2026-05-19T20:40:23Z] auto-run start: state=IMPLEMENTATION_APPROVED
[2026-05-19T20:40:23Z] auto-run gate failed: working tree is not clean — commit or stash changes first
[2026-05-19T20:40:56Z] auto-run start: state=IMPLEMENTATION_APPROVED
[2026-05-19T20:40:57Z] auto-run gate failed: working tree is not clean — commit or stash changes first
[2026-05-19T20:41:30Z] auto-run start: state=IMPLEMENTATION_APPROVED
[2026-05-19T20:41:31Z] auto-run gate failed: working tree is not clean — commit or stash changes first
[2026-05-19T20:42:04Z] auto-run start: state=IMPLEMENTATION_APPROVED
[2026-05-19T20:42:04Z] auto-run gate failed: working tree is not clean — commit or stash changes first
[2026-05-19T20:42:37Z] auto-run start: state=IMPLEMENTATION_APPROVED
[2026-05-19T20:42:37Z] auto-run gate failed: working tree is not clean — commit or stash changes first
[2026-05-19T20:43:11Z] auto-run start: state=IMPLEMENTATION_APPROVED
[2026-05-19T20:43:11Z] auto-run gate failed: working tree is not clean — commit or stash changes first
[2026-05-19T20:43:45Z] auto-run start: state=IMPLEMENTATION_APPROVED
[2026-05-19T20:43:45Z] auto-run gate failed: working tree is not clean — commit or stash changes first
[2026-05-19T20:44:18Z] auto-run start: state=IMPLEMENTATION_APPROVED
[2026-05-19T20:44:18Z] auto-run gate failed: working tree is not clean — commit or stash changes first
[2026-05-19T20:44:52Z] auto-run start: state=IMPLEMENTATION_APPROVED
[2026-05-19T20:44:52Z] auto-run gate failed: working tree is not clean — commit or stash changes first
[2026-05-19T20:45:26Z] auto-run start: state=IMPLEMENTATION_APPROVED
[2026-05-19T20:45:26Z] auto-run gate failed: working tree is not clean — commit or stash changes first
[2026-05-19T20:46:00Z] auto-run start: state=IMPLEMENTATION_APPROVED
[2026-05-19T20:46:00Z] auto-run gate failed: working tree is not clean — commit or stash changes first
[2026-05-19T20:46:34Z] auto-run start: state=IMPLEMENTATION_APPROVED
[2026-05-19T20:46:34Z] auto-run gate failed: working tree is not clean — commit or stash changes first
[2026-05-19T20:47:08Z] auto-run start: state=IMPLEMENTATION_APPROVED
[2026-05-19T20:47:08Z] auto-run gate failed: working tree is not clean — commit or stash changes first
[2026-05-19T20:47:41Z] auto-run start: state=IMPLEMENTATION_APPROVED
[2026-05-19T20:47:41Z] auto-run gate failed: working tree is not clean — commit or stash changes first
[2026-05-19T20:48:16Z] auto-run start: state=IMPLEMENTATION_APPROVED
[2026-05-19T20:48:16Z] auto-run gate failed: working tree is not clean — commit or stash changes first
[2026-05-19T20:48:49Z] auto-run start: state=IMPLEMENTATION_APPROVED
[2026-05-19T20:48:49Z] auto-run gate failed: working tree is not clean — commit or stash changes first
[2026-05-19T20:49:23Z] auto-run start: state=IMPLEMENTATION_APPROVED
[2026-05-19T20:49:23Z] auto-run gate failed: working tree is not clean — commit or stash changes first
[2026-05-19T20:49:56Z] auto-run start: state=IMPLEMENTATION_APPROVED
[2026-05-19T20:49:56Z] auto-run gate failed: working tree is not clean — commit or stash changes first
[2026-05-19T20:50:30Z] auto-run start: state=IMPLEMENTATION_APPROVED
[2026-05-19T20:50:30Z] auto-run gate failed: working tree is not clean — commit or stash changes first
[2026-05-19T20:51:03Z] auto-run start: state=IMPLEMENTATION_APPROVED
[2026-05-19T20:51:03Z] auto-run gate failed: working tree is not clean — commit or stash changes first
[2026-05-19T20:51:37Z] auto-run start: state=IMPLEMENTATION_APPROVED
[2026-05-19T20:51:37Z] auto-run gate failed: working tree is not clean — commit or stash changes first
[2026-05-19T20:52:10Z] auto-run start: state=IMPLEMENTATION_APPROVED
[2026-05-19T20:52:11Z] auto-run gate failed: working tree is not clean — commit or stash changes first
[2026-05-19T20:52:44Z] auto-run start: state=IMPLEMENTATION_APPROVED
[2026-05-19T20:52:44Z] auto-run gate failed: working tree is not clean — commit or stash changes first
[2026-05-19T20:53:18Z] auto-run start: state=IMPLEMENTATION_APPROVED
[2026-05-19T20:53:18Z] auto-run gate failed: working tree is not clean — commit or stash changes first
[2026-05-19T20:53:51Z] auto-run start: state=IMPLEMENTATION_APPROVED
[2026-05-19T20:53:51Z] auto-run gate failed: working tree is not clean — commit or stash changes first
[2026-05-19T20:54:26Z] auto-run start: state=IMPLEMENTATION_APPROVED
[2026-05-19T20:54:26Z] auto-run gate failed: working tree is not clean — commit or stash changes first
[2026-05-19T20:54:59Z] auto-run start: state=IMPLEMENTATION_APPROVED
[2026-05-19T20:54:59Z] auto-run gate failed: working tree is not clean — commit or stash changes first
[2026-05-19T20:55:33Z] auto-run start: state=IMPLEMENTATION_APPROVED
[2026-05-19T20:55:33Z] auto-run gate failed: working tree is not clean — commit or stash changes first
[2026-05-19T20:56:06Z] auto-run start: state=IMPLEMENTATION_APPROVED
[2026-05-19T20:56:06Z] auto-run gate failed: working tree is not clean — commit or stash changes first
[2026-05-19T20:56:40Z] auto-run start: state=IMPLEMENTATION_APPROVED
[2026-05-19T20:56:40Z] auto-run gate failed: working tree is not clean — commit or stash changes first
[2026-05-19T20:57:13Z] auto-run start: state=IMPLEMENTATION_APPROVED
[2026-05-19T20:57:13Z] auto-run gate failed: working tree is not clean — commit or stash changes first
[2026-05-19T20:57:47Z] auto-run start: state=IMPLEMENTATION_APPROVED
[2026-05-19T20:57:47Z] auto-run gate failed: working tree is not clean — commit or stash changes first
[2026-05-19T20:58:20Z] auto-run start: state=IMPLEMENTATION_APPROVED
[2026-05-19T20:58:20Z] auto-run gate failed: working tree is not clean — commit or stash changes first
[2026-05-19T20:58:54Z] auto-run start: state=IMPLEMENTATION_APPROVED
[2026-05-19T20:58:54Z] auto-run gate failed: working tree is not clean — commit or stash changes first
[2026-05-19T20:59:27Z] auto-run start: state=IMPLEMENTATION_APPROVED
[2026-05-19T20:59:27Z] auto-run gate failed: working tree is not clean — commit or stash changes first
[2026-05-19T21:00:01Z] auto-run start: state=IMPLEMENTATION_APPROVED
[2026-05-19T21:00:01Z] auto-run gate failed: working tree is not clean — commit or stash changes first
[2026-05-19T21:00:34Z] auto-run start: state=IMPLEMENTATION_APPROVED
[2026-05-19T21:00:34Z] auto-run gate failed: working tree is not clean — commit or stash changes first
[2026-05-19T21:01:08Z] auto-run start: state=IMPLEMENTATION_APPROVED
[2026-05-19T21:01:08Z] auto-run gate failed: working tree is not clean — commit or stash changes first
[2026-05-19T21:01:41Z] auto-run start: state=IMPLEMENTATION_APPROVED
[2026-05-19T21:01:41Z] auto-run gate failed: working tree is not clean — commit or stash changes first
[2026-05-19T21:02:16Z] auto-run start: state=IMPLEMENTATION_APPROVED
[2026-05-19T21:02:16Z] auto-run gate failed: working tree is not clean — commit or stash changes first
[2026-05-19T21:02:49Z] auto-run start: state=IMPLEMENTATION_APPROVED
[2026-05-19T21:02:49Z] auto-run gate failed: working tree is not clean — commit or stash changes first
[2026-05-19T21:03:23Z] auto-run start: state=IMPLEMENTATION_APPROVED
[2026-05-19T21:03:23Z] auto-run gate failed: working tree is not clean — commit or stash changes first
[2026-05-19T21:03:57Z] auto-run start: state=IMPLEMENTATION_APPROVED
[2026-05-19T21:03:57Z] auto-run gate failed: working tree is not clean — commit or stash changes first
[2026-05-19T21:04:30Z] auto-run start: state=IMPLEMENTATION_APPROVED
[2026-05-19T21:04:30Z] auto-run gate failed: working tree is not clean — commit or stash changes first
[2026-05-19T21:05:04Z] auto-run start: state=IMPLEMENTATION_APPROVED
[2026-05-19T21:05:04Z] auto-run gate failed: working tree is not clean — commit or stash changes first
[2026-05-19T21:05:38Z] auto-run start: state=IMPLEMENTATION_APPROVED
[2026-05-19T21:05:38Z] auto-run gate failed: working tree is not clean — commit or stash changes first
[2026-05-19T21:06:11Z] auto-run start: state=IMPLEMENTATION_APPROVED
[2026-05-19T21:06:11Z] auto-run gate failed: working tree is not clean — commit or stash changes first
[2026-05-19T21:06:44Z] auto-run start: state=IMPLEMENTATION_APPROVED
[2026-05-19T21:06:45Z] auto-run gate failed: working tree is not clean — commit or stash changes first
[2026-05-19T21:07:18Z] auto-run start: state=IMPLEMENTATION_APPROVED
[2026-05-19T21:07:18Z] auto-run gate failed: working tree is not clean — commit or stash changes first
[2026-05-19T21:07:52Z] auto-run start: state=IMPLEMENTATION_APPROVED
[2026-05-19T21:07:52Z] auto-run gate failed: working tree is not clean — commit or stash changes first
[2026-05-19T21:08:26Z] auto-run start: state=IMPLEMENTATION_APPROVED
[2026-05-19T21:08:26Z] auto-run gate failed: working tree is not clean — commit or stash changes first
[2026-05-19T21:08:59Z] auto-run start: state=IMPLEMENTATION_APPROVED
[2026-05-19T21:08:59Z] auto-run gate failed: working tree is not clean — commit or stash changes first
[2026-05-19T21:09:33Z] auto-run start: state=IMPLEMENTATION_APPROVED
[2026-05-19T21:09:33Z] auto-run gate failed: working tree is not clean — commit or stash changes first
[2026-05-19T21:10:07Z] auto-run start: state=IMPLEMENTATION_APPROVED
[2026-05-19T21:10:07Z] auto-run gate failed: working tree is not clean — commit or stash changes first
[2026-05-19T21:10:41Z] auto-run start: state=IMPLEMENTATION_APPROVED
[2026-05-19T21:10:41Z] auto-run gate failed: working tree is not clean — commit or stash changes first
[2026-05-19T21:11:14Z] auto-run start: state=IMPLEMENTATION_APPROVED
[2026-05-19T21:11:14Z] auto-run gate failed: working tree is not clean — commit or stash changes first
[2026-05-19T21:11:48Z] auto-run start: state=IMPLEMENTATION_APPROVED
[2026-05-19T21:11:48Z] auto-run gate failed: working tree is not clean — commit or stash changes first
[2026-05-19T21:12:21Z] auto-run start: state=IMPLEMENTATION_APPROVED
[2026-05-19T21:12:21Z] auto-run gate failed: working tree is not clean — commit or stash changes first
[2026-05-19T21:12:55Z] auto-run start: state=IMPLEMENTATION_APPROVED
[2026-05-19T21:12:55Z] auto-run gate failed: working tree is not clean — commit or stash changes first
[2026-05-19T21:13:28Z] auto-run start: state=IMPLEMENTATION_APPROVED
[2026-05-19T21:13:28Z] auto-run gate failed: working tree is not clean — commit or stash changes first
[2026-05-19T21:14:02Z] auto-run start: state=IMPLEMENTATION_APPROVED
[2026-05-19T21:14:02Z] auto-run gate failed: working tree is not clean — commit or stash changes first
[2026-05-19T21:14:35Z] auto-run start: state=IMPLEMENTATION_APPROVED
[2026-05-19T21:14:36Z] auto-run gate failed: working tree is not clean — commit or stash changes first
[2026-05-19T21:15:09Z] auto-run start: state=IMPLEMENTATION_APPROVED
[2026-05-19T21:15:09Z] auto-run gate failed: working tree is not clean — commit or stash changes first
[2026-05-19T21:15:43Z] auto-run start: state=IMPLEMENTATION_APPROVED
[2026-05-19T21:15:43Z] auto-run gate failed: working tree is not clean — commit or stash changes first
[2026-05-19T21:16:16Z] auto-run start: state=IMPLEMENTATION_APPROVED
[2026-05-19T21:16:16Z] auto-run gate failed: working tree is not clean — commit or stash changes first
[2026-05-19T21:16:50Z] auto-run start: state=IMPLEMENTATION_APPROVED
[2026-05-19T21:16:50Z] auto-run gate failed: working tree is not clean — commit or stash changes first
[2026-05-19T21:17:23Z] auto-run start: state=IMPLEMENTATION_APPROVED
[2026-05-19T21:17:23Z] auto-run gate failed: working tree is not clean — commit or stash changes first
[2026-05-19T21:17:57Z] auto-run start: state=IMPLEMENTATION_APPROVED
[2026-05-19T21:17:57Z] auto-run gate failed: working tree is not clean — commit or stash changes first
[2026-05-19T21:18:30Z] auto-run start: state=IMPLEMENTATION_APPROVED
[2026-05-19T21:18:30Z] auto-run gate failed: working tree is not clean — commit or stash changes first
[2026-05-19T21:19:04Z] auto-run start: state=IMPLEMENTATION_APPROVED
[2026-05-19T21:19:04Z] auto-run gate failed: working tree is not clean — commit or stash changes first
[2026-05-19T21:19:38Z] auto-run start: state=IMPLEMENTATION_APPROVED
[2026-05-19T21:19:38Z] auto-run gate failed: working tree is not clean — commit or stash changes first
[2026-05-19T21:20:11Z] auto-run start: state=IMPLEMENTATION_APPROVED
[2026-05-19T21:20:11Z] auto-run gate failed: working tree is not clean — commit or stash changes first
[2026-05-19T21:20:45Z] auto-run start: state=IMPLEMENTATION_APPROVED
[2026-05-19T21:20:45Z] auto-run gate failed: working tree is not clean — commit or stash changes first
[2026-05-19T21:21:19Z] auto-run start: state=IMPLEMENTATION_APPROVED
[2026-05-19T21:21:19Z] auto-run gate failed: working tree is not clean — commit or stash changes first
[2026-05-19T21:21:52Z] auto-run start: state=IMPLEMENTATION_APPROVED
[2026-05-19T21:21:52Z] auto-run gate failed: working tree is not clean — commit or stash changes first
[2026-05-19T21:22:27Z] auto-run start: state=IMPLEMENTATION_APPROVED
[2026-05-19T21:22:27Z] auto-run gate failed: working tree is not clean — commit or stash changes first
[2026-05-19T21:23:00Z] auto-run start: state=IMPLEMENTATION_APPROVED
[2026-05-19T21:23:00Z] auto-run gate failed: working tree is not clean — commit or stash changes first
[2026-05-19T21:23:34Z] auto-run start: state=IMPLEMENTATION_APPROVED
[2026-05-19T21:23:34Z] auto-run gate failed: working tree is not clean — commit or stash changes first
[2026-05-19T21:24:07Z] auto-run start: state=IMPLEMENTATION_APPROVED
[2026-05-19T21:24:07Z] auto-run gate failed: working tree is not clean — commit or stash changes first
[2026-05-19T21:24:41Z] auto-run start: state=IMPLEMENTATION_APPROVED
[2026-05-19T21:24:41Z] auto-run gate failed: working tree is not clean — commit or stash changes first
[2026-05-19T21:25:14Z] auto-run start: state=IMPLEMENTATION_APPROVED
[2026-05-19T21:25:14Z] auto-run gate failed: working tree is not clean — commit or stash changes first
[2026-05-19T21:25:47Z] auto-run start: state=IMPLEMENTATION_APPROVED
[2026-05-19T21:25:48Z] auto-run gate failed: working tree is not clean — commit or stash changes first
[2026-05-19T21:26:21Z] auto-run start: state=IMPLEMENTATION_APPROVED
[2026-05-19T21:26:21Z] auto-run gate failed: working tree is not clean — commit or stash changes first
[2026-05-19T21:26:55Z] auto-run start: state=IMPLEMENTATION_APPROVED
[2026-05-19T21:26:55Z] auto-run gate failed: working tree is not clean — commit or stash changes first
[2026-05-19T21:27:28Z] auto-run start: state=IMPLEMENTATION_APPROVED
[2026-05-19T21:27:28Z] auto-run gate failed: working tree is not clean — commit or stash changes first
[2026-05-19T21:28:02Z] auto-run start: state=IMPLEMENTATION_APPROVED
[2026-05-19T21:28:02Z] auto-run gate failed: working tree is not clean — commit or stash changes first
[2026-05-19T21:28:36Z] auto-run start: state=IMPLEMENTATION_APPROVED
[2026-05-19T21:28:36Z] auto-run gate failed: working tree is not clean — commit or stash changes first
[2026-05-19T21:29:09Z] auto-run start: state=IMPLEMENTATION_APPROVED
[2026-05-19T21:29:09Z] auto-run gate failed: working tree is not clean — commit or stash changes first
[2026-05-19T21:29:43Z] auto-run start: state=IMPLEMENTATION_APPROVED
[2026-05-19T21:29:43Z] auto-run gate failed: working tree is not clean — commit or stash changes first
[2026-05-19T21:30:17Z] auto-run start: state=IMPLEMENTATION_APPROVED
[2026-05-19T21:30:17Z] auto-run gate failed: working tree is not clean — commit or stash changes first
[2026-05-19T21:30:50Z] auto-run start: state=IMPLEMENTATION_APPROVED
[2026-05-19T21:30:50Z] auto-run gate failed: working tree is not clean — commit or stash changes first
[2026-05-19T21:31:24Z] auto-run start: state=IMPLEMENTATION_APPROVED
[2026-05-19T21:31:24Z] auto-run gate failed: working tree is not clean — commit or stash changes first
[2026-05-19T21:31:58Z] auto-run start: state=IMPLEMENTATION_APPROVED
[2026-05-19T21:31:58Z] auto-run gate failed: working tree is not clean — commit or stash changes first
[2026-05-19T21:32:31Z] auto-run start: state=IMPLEMENTATION_APPROVED
[2026-05-19T21:32:31Z] auto-run gate failed: working tree is not clean — commit or stash changes first
[2026-05-19T21:33:05Z] auto-run start: state=IMPLEMENTATION_APPROVED
[2026-05-19T21:33:05Z] auto-run gate failed: working tree is not clean — commit or stash changes first
[2026-05-19T21:33:38Z] auto-run start: state=IMPLEMENTATION_APPROVED
[2026-05-19T21:33:38Z] auto-run gate failed: working tree is not clean — commit or stash changes first
