[2026-05-14T21:18:14Z] ensure-branch: creating new branch ticket/T021-human-approval-commands
[2026-05-14T21:18:14Z] ensure-branch: done branch=ticket/T021-human-approval-commands
[2026-05-14T21:18:26Z] auto-init: state=INIT branch=ticket/T021-human-approval-commands
[2026-05-14T21:18:26Z] ticket-source: copied 'tickets/TODO/T021-human-approval-commands.md' → runs/T021/ticket.md
[2026-05-14T21:18:31Z] auto-run start: state=INIT
[2026-05-14T21:18:31Z] auto-run gate failed: working tree is not clean — commit or stash changes first
[2026-05-14T21:19:36Z] commit-checkpoint: sha=23b13bf message='T021: checkpoint [INIT] — update workflow artifacts'
[2026-05-14T21:19:46Z] auto-run start: state=INIT
[2026-05-14T21:19:46Z] auto-run: running step=planner
[2026-05-14T21:19:46Z] compose: global-context=docs/ai/global-context.md
[2026-05-14T21:19:46Z] compose: role=ai/roles/planner.md
[2026-05-14T21:19:46Z] compose: skill=ai/skills/workflow-discipline.md
[2026-05-14T21:19:46Z] compose: skill=ai/skills/architecture-discipline.md
[2026-05-14T21:19:46Z] compose: skill=ai/skills/documentation.md
[2026-05-14T21:19:46Z] compose: task (canonical prompt)
[2026-05-14T21:19:46Z] snapshot: runtime-prompt=runs/T021/prompts/planner-attempt-1.md
[2026-05-14T21:20:39Z] auto-run: step=planner done rc=0
[2026-05-14T21:20:39Z] planner validation success
[2026-05-14T21:20:39Z] auto-run: transition INIT → PLAN_REVIEW_NEEDED
[2026-05-14T21:22:26Z] set-state: PLAN_REVIEW_NEEDED → PLAN_APPROVED (human)
[2026-05-14T21:22:32Z] commit-checkpoint: sha=2db4223 message='T021: checkpoint [PLAN_APPROVED] — update workflow artifacts'
[2026-05-14T21:22:37Z] auto-run start: state=PLAN_APPROVED
[2026-05-14T21:22:37Z] auto-run: running step=coder
[2026-05-14T21:22:37Z] compose: global-context=docs/ai/global-context.md
[2026-05-14T21:22:37Z] compose: role=ai/roles/coder.md
[2026-05-14T21:22:37Z] compose: skill=ai/skills/workflow-discipline.md
[2026-05-14T21:22:37Z] compose: skill=ai/skills/git-discipline.md
[2026-05-14T21:22:37Z] compose: skill=ai/skills/code-quality.md
[2026-05-14T21:22:37Z] compose: skill=ai/skills/refactor-safety.md
[2026-05-14T21:22:37Z] compose: skill=ai/skills/security.md
[2026-05-14T21:22:37Z] compose: task (canonical prompt)
[2026-05-14T21:22:37Z] snapshot: runtime-prompt=runs/T021/prompts/coder-attempt-1.md
[2026-05-14T21:23:59Z] auto-run: step=coder done rc=0
[2026-05-14T21:23:59Z] auto-run: transition PLAN_APPROVED → IMPLEMENTATION_REVIEW_NEEDED
[2026-05-14T21:25:11Z] auto-run start: state=IMPLEMENTATION_REVIEW_NEEDED
[2026-05-14T21:25:11Z] auto-run gate failed: working tree is not clean — commit or stash changes first
[2026-05-14T21:25:16Z] commit-checkpoint: sha=7c58853 message='T021: checkpoint [IMPLEMENTATION_REVIEW_NEEDED] — update workflow artifacts'
[2026-05-14T21:25:17Z] auto-run start: state=IMPLEMENTATION_REVIEW_NEEDED
[2026-05-14T21:25:17Z] auto-run: running step=review
[2026-05-14T21:25:17Z] auto-run: review decision context: context_file=runs/T021/reviews/review-decision-context-IMPLEMENTATION_REVIEW_NEEDED.md
[2026-05-14T21:25:17Z] compose: global-context=docs/ai/global-context.md
[2026-05-14T21:25:17Z] compose: role=ai/roles/reviewer.md
[2026-05-14T21:25:17Z] compose: skill=ai/skills/workflow-discipline.md
[2026-05-14T21:25:17Z] compose: skill=ai/skills/code-quality.md
[2026-05-14T21:25:17Z] compose: skill=ai/skills/refactor-safety.md
[2026-05-14T21:25:17Z] compose: skill=ai/skills/security.md
[2026-05-14T21:25:17Z] compose: task (canonical prompt)
[2026-05-14T21:25:17Z] compose: extra-context=runs/T021/reviews/review-decision-context-IMPLEMENTATION_REVIEW_NEEDED.md
[2026-05-14T21:25:17Z] snapshot: runtime-prompt=runs/T021/prompts/review-attempt-1.md
[2026-05-14T21:27:44Z] auto-run: step=review done rc=0
[2026-05-14T21:27:44Z] auto-run: review parsed from: runs/T021/reviews/implementation-review.md
[2026-05-14T21:27:44Z] auto-run: keyword detected: IMPLEMENTATION_APPROVED
[2026-05-14T21:27:44Z] auto-run: transition IMPLEMENTATION_REVIEW_NEEDED → IMPLEMENTATION_APPROVED
[2026-05-14T21:28:41Z] commit-checkpoint: sha=4a89dab message='T021: checkpoint [IMPLEMENTATION_APPROVED] — update workflow artifacts'
[2026-05-14T21:28:46Z] push: pushing branch=ticket/T021-human-approval-commands
[2026-05-14T21:28:49Z] push: done branch=ticket/T021-human-approval-commands
[2026-05-14T21:28:54Z] auto-run start: state=IMPLEMENTATION_APPROVED
[2026-05-14T21:28:54Z] auto-run: running step=tester
[2026-05-14T21:28:54Z] compose: global-context=docs/ai/global-context.md
[2026-05-14T21:28:54Z] compose: role=ai/roles/tester.md
[2026-05-14T21:28:54Z] compose: skill=ai/skills/workflow-discipline.md
[2026-05-14T21:28:54Z] compose: skill=ai/skills/testing.md
[2026-05-14T21:28:54Z] compose: skill=ai/skills/debugging.md
[2026-05-14T21:28:54Z] compose: task (canonical prompt)
[2026-05-14T21:28:54Z] snapshot: runtime-prompt=runs/T021/prompts/tester-attempt-1.md
[2026-05-14T21:31:18Z] set-state: IMPLEMENTATION_APPROVED → TEST_COMPLETE (human)
[2026-05-14T21:31:30Z] auto-run: step=tester done rc=0
[2026-05-14T21:31:30Z] auto-run: transition IMPLEMENTATION_APPROVED → TEST_COMPLETE
[2026-05-14T21:31:35Z] commit-checkpoint: sha=4d0ba08 message='T021: checkpoint [TEST_COMPLETE] — update workflow artifacts'
[2026-05-14T21:31:40Z] push: pushing branch=ticket/T021-human-approval-commands
[2026-05-14T21:31:42Z] push: done branch=ticket/T021-human-approval-commands
[2026-05-14T21:33:37Z] commit-checkpoint: refused — current branch 'ticket/T022-generic-workflow-prompts' does not match state branch 'ticket/T021-human-approval-commands'
