[2026-07-02T06:38:00Z] auto-run start: state=INIT
[2026-07-02T06:38:00Z] auto-run: running step=planner
[2026-07-02T06:38:00Z] prompt: resolved=prompts/generic/planner.md source=generic
[2026-07-02T06:38:00Z] prompt: generic fallback — injecting runs/T222/ticket.md
[2026-07-02T06:38:00Z] compose: global-context=docs/ai/global-context.md
[2026-07-02T06:38:00Z] compose: role=ai/roles/planner.md
[2026-07-02T06:38:00Z] compose: skill=ai/skills/workflow-discipline.md
[2026-07-02T06:38:00Z] compose: skill=ai/skills/architecture-discipline.md
[2026-07-02T06:38:00Z] compose: skill=ai/skills/documentation.md
[2026-07-02T06:38:00Z] compose: task (canonical prompt)
[2026-07-02T06:38:00Z] snapshot: runtime-prompt=runs/T222/prompts/planner-attempt-1.md
[2026-07-02T06:41:25Z] auto-run: step=planner done rc=0
[2026-07-02T07:13:36Z] auto-run start: state=IMPLEMENTATION_APPROVED
[2026-07-02T07:13:36Z] auto-run: running step=tester
[2026-07-02T07:13:37Z] prompt: resolved=prompts/generic/tester.md source=generic
[2026-07-02T07:13:37Z] prompt: generic fallback — injecting runs/T222/ticket.md
[2026-07-02T07:13:37Z] compose: global-context=docs/ai/global-context.md
[2026-07-02T07:13:37Z] compose: role=ai/roles/tester.md
[2026-07-02T07:13:37Z] compose: skill=ai/skills/workflow-discipline.md
[2026-07-02T07:13:37Z] compose: skill=ai/skills/testing.md
[2026-07-02T07:13:37Z] compose: skill=ai/skills/debugging.md
[2026-07-02T07:13:37Z] compose: task (canonical prompt)
[2026-07-02T07:13:37Z] snapshot: runtime-prompt=runs/T222/prompts/tester-attempt-1.md
[2026-07-02T07:23:24Z] auto-run: step=tester done rc=0
[2026-07-02T07:23:24Z] auto-run: transition IMPLEMENTATION_APPROVED → TEST_COMPLETE
[2026-07-02T07:23:24Z] auto-run: auto-commit triggered (step=tester, include_code=True)
[2026-07-02T07:23:24Z] commit-checkpoint: unstaged runtime garbage: ['runs/T222/daemon.lock', 'runs/T222/runtime.log']
[2026-07-02T07:23:25Z] commit-checkpoint: sha=3693705c files=6 title='test(T222/dashboard,workflow): tester — update 6 file(s)'
[2026-07-02T07:23:25Z] auto-run: auto-push triggered
[2026-07-02T07:23:25Z] push: tolerating runtime dirty files (not blocking): ['runs/T222/daemon.lock', 'runs/T222/runtime.log']
[2026-07-02T07:23:25Z] push: pushing branch=ticket/T222-add-dependency-analyzer-reasoning-summary-to-batch
[2026-07-02T07:23:27Z] push: done branch=ticket/T222-add-dependency-analyzer-reasoning-summary-to-batch
[2026-07-02T07:23:27Z] auto-run: TEST_COMPLETE — running PR lifecycle
