[2026-05-15T07:00:48Z] intake: issue=#19 title='T025 — Daemon retry and cooldown policy' branch=ticket/T025-daemon-retry-cooldown
[2026-05-15T07:00:48Z] intake: done
[2026-05-15T07:03:14Z] auto-run start: state=INIT
[2026-05-15T07:03:14Z] auto-run gate failed: working tree is not clean — commit or stash changes first
[2026-05-15T07:03:44Z] commit-checkpoint: sha=a6f9724 message='T025: checkpoint [INIT] — update workflow artifacts'
[2026-05-15T07:04:12Z] auto-run start: state=INIT
[2026-05-15T07:04:12Z] auto-run: running step=planner
[2026-05-15T07:04:12Z] prompt: resolved=prompts/generic/planner.md source=generic
[2026-05-15T07:04:12Z] prompt: generic fallback — injecting runs/T025/ticket.md
[2026-05-15T07:04:12Z] compose: global-context=docs/ai/global-context.md
[2026-05-15T07:04:12Z] compose: role=ai/roles/planner.md
[2026-05-15T07:04:12Z] compose: skill=ai/skills/workflow-discipline.md
[2026-05-15T07:04:12Z] compose: skill=ai/skills/architecture-discipline.md
[2026-05-15T07:04:12Z] compose: skill=ai/skills/documentation.md
[2026-05-15T07:04:12Z] compose: task (canonical prompt)
[2026-05-15T07:04:12Z] snapshot: runtime-prompt=runs/T025/prompts/planner-attempt-1.md
[2026-05-15T07:07:13Z] auto-run: step=planner done rc=0
[2026-05-15T07:07:13Z] planner validation success
[2026-05-15T07:07:13Z] auto-run: transition INIT → PLAN_REVIEW_NEEDED
[2026-05-15T07:09:08Z] human-approval: approve-plan — PLAN_REVIEW_NEEDED → PLAN_APPROVED
[2026-05-15T07:09:12Z] commit-checkpoint: sha=30deed3 message='T025: checkpoint [PLAN_APPROVED] — update workflow artifacts'
[2026-05-15T07:09:18Z] auto-run start: state=PLAN_APPROVED
[2026-05-15T07:09:18Z] auto-run: running step=coder
[2026-05-15T07:09:18Z] prompt: resolved=prompts/generic/coder.md source=generic
[2026-05-15T07:09:18Z] prompt: generic fallback — injecting runs/T025/ticket.md
[2026-05-15T07:09:18Z] compose: global-context=docs/ai/global-context.md
[2026-05-15T07:09:18Z] compose: role=ai/roles/coder.md
[2026-05-15T07:09:18Z] compose: skill=ai/skills/workflow-discipline.md
[2026-05-15T07:09:18Z] compose: skill=ai/skills/git-discipline.md
[2026-05-15T07:09:18Z] compose: skill=ai/skills/code-quality.md
[2026-05-15T07:09:18Z] compose: skill=ai/skills/refactor-safety.md
[2026-05-15T07:09:18Z] compose: skill=ai/skills/security.md
[2026-05-15T07:09:18Z] compose: task (canonical prompt)
[2026-05-15T07:09:18Z] snapshot: runtime-prompt=runs/T025/prompts/coder-attempt-1.md
[2026-05-15T07:13:48Z] auto-run: step=coder done rc=0
[2026-05-15T07:13:48Z] auto-run: transition PLAN_APPROVED → IMPLEMENTATION_REVIEW_NEEDED
[2026-05-15T07:13:58Z] commit-checkpoint: sha=af808e5 message='T025: checkpoint [IMPLEMENTATION_REVIEW_NEEDED] — update workflow artifacts'
[2026-05-15T07:14:00Z] auto-run start: state=IMPLEMENTATION_REVIEW_NEEDED
[2026-05-15T07:14:00Z] auto-run: running step=review
[2026-05-15T07:14:00Z] auto-run: review decision context: context_file=runs/T025/reviews/review-decision-context-IMPLEMENTATION_REVIEW_NEEDED.md
[2026-05-15T07:14:00Z] prompt: resolved=prompts/generic/review.md source=generic
[2026-05-15T07:14:00Z] prompt: generic fallback — injecting runs/T025/ticket.md
[2026-05-15T07:14:00Z] compose: global-context=docs/ai/global-context.md
[2026-05-15T07:14:00Z] compose: role=ai/roles/reviewer.md
[2026-05-15T07:14:00Z] compose: skill=ai/skills/workflow-discipline.md
[2026-05-15T07:14:00Z] compose: skill=ai/skills/code-quality.md
[2026-05-15T07:14:00Z] compose: skill=ai/skills/refactor-safety.md
[2026-05-15T07:14:00Z] compose: skill=ai/skills/security.md
[2026-05-15T07:14:00Z] compose: task (canonical prompt)
[2026-05-15T07:14:00Z] compose: extra-context=runs/T025/reviews/review-decision-context-IMPLEMENTATION_REVIEW_NEEDED.md
[2026-05-15T07:14:00Z] snapshot: runtime-prompt=runs/T025/prompts/review-attempt-1.md
[2026-05-15T07:16:48Z] auto-run: step=review done rc=0
[2026-05-15T07:16:48Z] auto-run: review parsed from: runs/T025/reviews/implementation-review.md
[2026-05-15T07:16:48Z] auto-run: keyword detected: IMPLEMENTATION_APPROVED
[2026-05-15T07:16:48Z] auto-run: transition IMPLEMENTATION_REVIEW_NEEDED → IMPLEMENTATION_APPROVED
[2026-05-15T07:18:29Z] commit-checkpoint: sha=03cf63a message='T025: checkpoint [IMPLEMENTATION_APPROVED] — update workflow artifacts'
[2026-05-15T07:18:34Z] auto-run start: state=IMPLEMENTATION_APPROVED
[2026-05-15T07:18:34Z] auto-run: running step=tester
[2026-05-15T07:18:34Z] prompt: resolved=prompts/generic/tester.md source=generic
[2026-05-15T07:18:34Z] prompt: generic fallback — injecting runs/T025/ticket.md
[2026-05-15T07:18:34Z] compose: global-context=docs/ai/global-context.md
[2026-05-15T07:18:34Z] compose: role=ai/roles/tester.md
[2026-05-15T07:18:34Z] compose: skill=ai/skills/workflow-discipline.md
[2026-05-15T07:18:34Z] compose: skill=ai/skills/testing.md
[2026-05-15T07:18:34Z] compose: skill=ai/skills/debugging.md
[2026-05-15T07:18:34Z] compose: task (canonical prompt)
[2026-05-15T07:18:34Z] snapshot: runtime-prompt=runs/T025/prompts/tester-attempt-1.md
[2026-05-15T07:19:43Z] auto-run: step=tester done rc=0
[2026-05-15T07:19:43Z] auto-run: transition IMPLEMENTATION_APPROVED → TEST_COMPLETE
[2026-05-15T07:20:01Z] commit-checkpoint: sha=35c00db message='T025: checkpoint [TEST_COMPLETE] — update workflow artifacts'
[2026-05-15T07:20:05Z] push: pushing branch=ticket/T025-daemon-retry-cooldown
[2026-05-15T07:20:07Z] push: done branch=ticket/T025-daemon-retry-cooldown
[2026-05-15T07:43:42Z] commit-checkpoint: refused — current branch 'ticket/T026-continuous-checkpoint-pr-lifecycle' does not match state branch 'ticket/T025-daemon-retry-cooldown'
