[2026-05-11T21:52:37Z] auto-init: state=INIT branch=ticket/T010-runtime-prompt-snapshot
[2026-05-11T21:52:37Z] auto-run start: state=INIT
[2026-05-11T21:52:37Z] auto-run: running step=planner
[2026-05-11T21:52:37Z] compose: global-context=docs/ai/global-context.md
[2026-05-11T21:52:37Z] compose: role=ai/roles/planner.md
[2026-05-11T21:52:37Z] compose: skill=ai/skills/workflow-discipline.md
[2026-05-11T21:52:37Z] compose: skill=ai/skills/architecture-discipline.md
[2026-05-11T21:52:37Z] compose: skill=ai/skills/documentation.md
[2026-05-11T21:52:37Z] compose: task (canonical prompt)
[2026-05-11T21:53:53Z] auto-run: step=planner done rc=0
[2026-05-11T21:53:53Z] planner validation failed: section manquante: «contexte»
[2026-05-11T21:53:53Z] planner validation failed: section manquante: «objectif»
[2026-05-11T21:53:53Z] planner validation failed: section manquante: «inclus»
[2026-05-11T21:53:53Z] planner validation failed: section manquante: «critères d'acceptation»
[2026-05-11T21:53:53Z] planner validation: rejected — state unchanged
[2026-05-11T22:00:59Z] set-state: INIT → PLAN_APPROVED (human)
[2026-05-11T22:01:12Z] auto-run start: state=PLAN_APPROVED
[2026-05-11T22:01:12Z] auto-run: running step=coder
[2026-05-11T22:01:12Z] compose: global-context=docs/ai/global-context.md
[2026-05-11T22:01:12Z] compose: role=ai/roles/coder.md
[2026-05-11T22:01:12Z] compose: skill=ai/skills/workflow-discipline.md
[2026-05-11T22:01:12Z] compose: skill=ai/skills/git-discipline.md
[2026-05-11T22:01:12Z] compose: skill=ai/skills/code-quality.md
[2026-05-11T22:01:12Z] compose: skill=ai/skills/refactor-safety.md
[2026-05-11T22:01:12Z] compose: skill=ai/skills/security.md
[2026-05-11T22:01:12Z] compose: task (canonical prompt)
[2026-05-11T22:02:04Z] compose: global-context=docs/ai/global-context.md
[2026-05-11T22:02:04Z] compose: role=ai/roles/coder.md
[2026-05-11T22:02:04Z] compose: skill=ai/skills/workflow-discipline.md
[2026-05-11T22:02:04Z] compose: skill=ai/skills/git-discipline.md
[2026-05-11T22:02:04Z] compose: skill=ai/skills/code-quality.md
[2026-05-11T22:02:04Z] compose: skill=ai/skills/refactor-safety.md
[2026-05-11T22:02:04Z] compose: skill=ai/skills/security.md
[2026-05-11T22:02:04Z] compose: task (canonical prompt)
[2026-05-11T22:02:04Z] prompt-snapshot: runs/T010/prompts/coder-attempt-1.md
[2026-05-11T22:02:08Z] compose: global-context=docs/ai/global-context.md
[2026-05-11T22:02:08Z] compose: role=ai/roles/coder.md
[2026-05-11T22:02:08Z] compose: skill=ai/skills/workflow-discipline.md
[2026-05-11T22:02:08Z] compose: skill=ai/skills/git-discipline.md
[2026-05-11T22:02:08Z] compose: skill=ai/skills/code-quality.md
[2026-05-11T22:02:08Z] compose: skill=ai/skills/refactor-safety.md
[2026-05-11T22:02:08Z] compose: skill=ai/skills/security.md
[2026-05-11T22:02:08Z] compose: task (canonical prompt)
[2026-05-11T22:02:08Z] prompt-snapshot: runs/T010/prompts/coder-attempt-2.md
[2026-05-11T22:02:17Z] auto-run: step=coder done rc=0
[2026-05-11T22:02:17Z] auto-run: transition PLAN_APPROVED → IMPLEMENTATION_REVIEW_NEEDED
[2026-05-11T22:06:40Z] auto-run start: state=IMPLEMENTATION_REVIEW_NEEDED
[2026-05-11T22:06:40Z] auto-run gate failed: working tree is not clean — commit or stash changes before running --auto
[2026-05-11T22:07:08Z] auto-run start: state=IMPLEMENTATION_REVIEW_NEEDED
[2026-05-11T22:07:08Z] auto-run: running step=review
[2026-05-11T22:07:08Z] compose: global-context=docs/ai/global-context.md
[2026-05-11T22:07:08Z] compose: role=ai/roles/reviewer.md
[2026-05-11T22:07:08Z] compose: skill=ai/skills/workflow-discipline.md
[2026-05-11T22:07:08Z] compose: skill=ai/skills/code-quality.md
[2026-05-11T22:07:08Z] compose: skill=ai/skills/refactor-safety.md
[2026-05-11T22:07:08Z] compose: skill=ai/skills/security.md
[2026-05-11T22:07:08Z] compose: task (canonical prompt)
[2026-05-11T22:07:08Z] prompt-snapshot: runs/T010/prompts/review-attempt-1.md
[2026-05-11T22:08:56Z] auto-run: step=review done rc=0
[2026-05-11T22:08:56Z] auto-run: review parsed from: runs/T010/reviews/implementation-review.md
[2026-05-11T22:08:56Z] auto-run: no keyword found in runs/T010/reviews/implementation-review.md
[2026-05-11T22:11:50Z] set-state: IMPLEMENTATION_REVIEW_NEEDED → IMPLEMENTATION_APPROVED (human)
[2026-05-11T22:11:56Z] auto-run start: state=IMPLEMENTATION_APPROVED
[2026-05-11T22:11:56Z] auto-run gate failed: working tree is not clean — commit or stash changes before running --auto
[2026-05-11T22:12:57Z] set-state: IMPLEMENTATION_APPROVED → IMPLEMENTATION_APPROVED (human)
[2026-05-11T22:13:10Z] auto-run start: state=IMPLEMENTATION_APPROVED
[2026-05-11T22:13:10Z] auto-run: running step=tester
[2026-05-11T22:13:10Z] compose: global-context=docs/ai/global-context.md
[2026-05-11T22:13:10Z] compose: role=ai/roles/tester.md
[2026-05-11T22:13:10Z] compose: skill=ai/skills/workflow-discipline.md
[2026-05-11T22:13:10Z] compose: skill=ai/skills/testing.md
[2026-05-11T22:13:10Z] compose: skill=ai/skills/debugging.md
[2026-05-11T22:13:10Z] compose: task (canonical prompt)
[2026-05-11T22:13:10Z] prompt-snapshot: runs/T010/prompts/tester-attempt-1.md
[2026-05-11T22:14:37Z] compose: global-context=docs/ai/global-context.md
[2026-05-11T22:14:37Z] compose: role=ai/roles/tester.md
[2026-05-11T22:14:37Z] compose: skill=ai/skills/workflow-discipline.md
[2026-05-11T22:14:37Z] compose: skill=ai/skills/testing.md
[2026-05-11T22:14:37Z] compose: skill=ai/skills/debugging.md
[2026-05-11T22:14:37Z] compose: task (canonical prompt)
[2026-05-11T22:14:37Z] prompt-snapshot: runs/T010/prompts/tester-attempt-2.md
[2026-05-11T22:14:47Z] compose: global-context=docs/ai/global-context.md
[2026-05-11T22:14:47Z] compose: role=ai/roles/tester.md
[2026-05-11T22:14:47Z] compose: skill=ai/skills/workflow-discipline.md
[2026-05-11T22:14:47Z] compose: skill=ai/skills/testing.md
[2026-05-11T22:14:47Z] compose: skill=ai/skills/debugging.md
[2026-05-11T22:14:47Z] compose: task (canonical prompt)
[2026-05-11T22:14:51Z] compose: global-context=docs/ai/global-context.md
[2026-05-11T22:14:51Z] compose: role=ai/roles/tester.md
[2026-05-11T22:14:51Z] compose: skill=ai/skills/workflow-discipline.md
[2026-05-11T22:14:51Z] compose: skill=ai/skills/testing.md
[2026-05-11T22:14:51Z] compose: skill=ai/skills/debugging.md
[2026-05-11T22:14:51Z] compose: task (canonical prompt)
[2026-05-11T22:14:51Z] compose: extra-context=runs/T010/tests/extra-context-test.md
[2026-05-11T22:14:51Z] prompt-snapshot: runs/T010/prompts/tester-attempt-3.md
[2026-05-11T22:14:55Z] compose: global-context=docs/ai/global-context.md
[2026-05-11T22:14:55Z] compose: role=ai/roles/tester.md
[2026-05-11T22:14:55Z] compose: skill=ai/skills/workflow-discipline.md
[2026-05-11T22:14:55Z] compose: skill=ai/skills/testing.md
[2026-05-11T22:14:55Z] compose: skill=ai/skills/debugging.md
[2026-05-11T22:14:55Z] compose: task (canonical prompt)
[2026-05-11T22:14:55Z] prompt-snapshot: runs/T010/prompts/tester-attempt-4.md
[2026-05-11T22:15:57Z] compose: global-context=docs/ai/global-context.md
[2026-05-11T22:15:57Z] compose: role=ai/roles/tester.md
[2026-05-11T22:15:57Z] compose: skill=ai/skills/workflow-discipline.md
[2026-05-11T22:15:57Z] compose: skill=ai/skills/testing.md
[2026-05-11T22:15:57Z] compose: skill=ai/skills/debugging.md
[2026-05-11T22:15:57Z] compose: task (canonical prompt)
[2026-05-11T22:15:57Z] compose: show-prompt runtime rendering
[2026-05-11T22:16:52Z] auto-run: step=tester done rc=0
[2026-05-11T22:16:52Z] auto-run: transition IMPLEMENTATION_APPROVED → TEST_COMPLETE
[2026-05-11T22:17:10Z] auto-run start: state=TEST_COMPLETE
[2026-05-11T22:17:10Z] auto-run: workflow complete (TEST_COMPLETE)
