[2026-05-28T17:04:28Z] auto-run start: state=INIT
[2026-05-28T17:04:28Z] auto-run: running step=planner
[2026-05-28T17:04:28Z] prompt: resolved=prompts/generic/planner.md source=generic
[2026-05-28T17:04:28Z] prompt: generic fallback — injecting runs/T155/ticket.md
[2026-05-28T17:04:28Z] compose: global-context=docs/ai/global-context.md
[2026-05-28T17:04:28Z] compose: role=ai/roles/planner.md
[2026-05-28T17:04:28Z] compose: skill=ai/skills/workflow-discipline.md
[2026-05-28T17:04:28Z] compose: skill=ai/skills/architecture-discipline.md
[2026-05-28T17:04:28Z] compose: skill=ai/skills/documentation.md
[2026-05-28T17:04:28Z] compose: task (canonical prompt)
[2026-05-28T17:04:28Z] snapshot: runtime-prompt=runs/T155/prompts/planner-attempt-1.md
[2026-05-28T17:05:02Z] auto-run start: state=INIT
[2026-05-28T17:05:02Z] auto-run: running step=planner
[2026-05-28T17:05:02Z] prompt: resolved=prompts/generic/planner.md source=generic
[2026-05-28T17:05:02Z] prompt: generic fallback — injecting runs/T155/ticket.md
[2026-05-28T17:05:02Z] compose: global-context=docs/ai/global-context.md
[2026-05-28T17:05:02Z] compose: role=ai/roles/planner.md
[2026-05-28T17:05:02Z] compose: skill=ai/skills/workflow-discipline.md
[2026-05-28T17:05:02Z] compose: skill=ai/skills/architecture-discipline.md
[2026-05-28T17:05:02Z] compose: skill=ai/skills/documentation.md
[2026-05-28T17:05:02Z] compose: task (canonical prompt)
[2026-05-28T17:05:02Z] snapshot: runtime-prompt=runs/T155/prompts/planner-attempt-2.md
[2026-05-28T17:06:32Z] auto-run: step=planner done rc=0
