[2026-06-09T17:14:27Z] auto-run start: state=INIT
[2026-06-09T17:14:27Z] auto-run: running step=planner
[2026-06-09T17:14:27Z] prompt: resolved=prompts/generic/planner.md source=generic
[2026-06-09T17:14:27Z] prompt: generic fallback — injecting runs/T185/ticket.md
[2026-06-09T17:14:27Z] compose: global-context=docs/ai/global-context.md
[2026-06-09T17:14:27Z] compose: role=ai/roles/planner.md
[2026-06-09T17:14:27Z] compose: skill=ai/skills/workflow-discipline.md
[2026-06-09T17:14:27Z] compose: skill=ai/skills/architecture-discipline.md
[2026-06-09T17:14:27Z] compose: skill=ai/skills/documentation.md
[2026-06-09T17:14:27Z] compose: task (canonical prompt)
[2026-06-09T17:14:27Z] snapshot: runtime-prompt=runs/T185/prompts/planner-attempt-1.md
[2026-06-09T17:17:31Z] auto-run: step=planner done rc=0
[2026-06-09T17:17:34Z] planner checkpoint: committed
[2026-06-09T17:17:34Z] planner checkpoint: pushed
[2026-06-09T17:17:34Z] planner validation success
[2026-06-09T17:17:34Z] auto-run: transition INIT → PLAN_REVIEW_NEEDED
[2026-06-09T17:17:34Z] auto-run: auto-commit triggered (step=planner, include_code=True)
[2026-06-09T17:17:34Z] commit-checkpoint: unstaged runtime garbage: ['runs/T185/runtime.log']
[2026-06-09T17:17:34Z] commit-checkpoint: sha=0aeca08d files=2 title='docs(T185/workflow): planner — update 2 file(s)'
[2026-06-09T17:17:34Z] auto-run: auto-push triggered
[2026-06-09T17:17:34Z] push: tolerating runtime dirty files (not blocking): ['runs/T185/runtime.log']
[2026-06-09T17:17:34Z] push: pushing branch=ticket/T185-t185-auto-register-current-ai-dev-factory-project
[2026-06-09T17:17:36Z] push: done branch=ticket/T185-t185-auto-register-current-ai-dev-factory-project
