[2026-05-15T11:54:51Z] auto-run start: state=INIT
[2026-05-15T11:54:51Z] auto-run: running step=planner
[2026-05-15T11:54:51Z] prompt: resolved=prompts/generic/planner.md source=generic
[2026-05-15T11:54:51Z] prompt: generic fallback — injecting runs/T030/ticket.md
[2026-05-15T11:54:51Z] compose: global-context=docs/ai/global-context.md
[2026-05-15T11:54:51Z] compose: role=ai/roles/planner.md
[2026-05-15T11:54:51Z] compose: skill=ai/skills/workflow-discipline.md
[2026-05-15T11:54:51Z] compose: skill=ai/skills/architecture-discipline.md
[2026-05-15T11:54:51Z] compose: skill=ai/skills/documentation.md
[2026-05-15T11:54:51Z] compose: task (canonical prompt)
[2026-05-15T11:54:51Z] snapshot: runtime-prompt=runs/T030/prompts/planner-attempt-1.md
[2026-05-15T11:57:50Z] auto-run: step=planner done rc=0
[2026-05-15T11:57:50Z] planner validation success
[2026-05-15T11:57:50Z] auto-run: transition INIT → PLAN_REVIEW_NEEDED
[2026-05-15T11:59:51Z] human-approval: approve-plan — PLAN_REVIEW_NEEDED → PLAN_APPROVED
[2026-05-15T12:00:05Z] commit-checkpoint: sha=73755ad message='T030: checkpoint [PLAN_APPROVED] — update workflow artifacts'
[2026-05-15T12:01:14Z] auto-run start: state=PLAN_APPROVED
[2026-05-15T12:01:14Z] auto-run: running step=coder
[2026-05-15T12:01:14Z] prompt: resolved=prompts/generic/coder.md source=generic
[2026-05-15T12:01:14Z] prompt: generic fallback — injecting runs/T030/ticket.md
[2026-05-15T12:01:14Z] compose: global-context=docs/ai/global-context.md
[2026-05-15T12:01:14Z] compose: role=ai/roles/coder.md
[2026-05-15T12:01:14Z] compose: skill=ai/skills/workflow-discipline.md
[2026-05-15T12:01:14Z] compose: skill=ai/skills/git-discipline.md
[2026-05-15T12:01:14Z] compose: skill=ai/skills/code-quality.md
[2026-05-15T12:01:14Z] compose: skill=ai/skills/refactor-safety.md
[2026-05-15T12:01:14Z] compose: skill=ai/skills/security.md
[2026-05-15T12:01:14Z] compose: task (canonical prompt)
[2026-05-15T12:01:14Z] snapshot: runtime-prompt=runs/T030/prompts/coder-attempt-1.md
[2026-05-15T12:11:44Z] auto-run: step=coder done rc=0
[2026-05-15T12:11:44Z] auto-run: transition PLAN_APPROVED → IMPLEMENTATION_REVIEW_NEEDED
[2026-05-15T12:11:59Z] commit-checkpoint: sha=58e178e message='T030: checkpoint [IMPLEMENTATION_REVIEW_NEEDED] — update workflow artifacts'
[2026-05-15T12:12:13Z] auto-run start: state=IMPLEMENTATION_REVIEW_NEEDED
[2026-05-15T12:12:13Z] auto-run gate failed: working tree is not clean — commit or stash changes first
[2026-05-15T12:12:35Z] commit-checkpoint: refused — nothing to commit in runs/
[2026-05-15T12:13:08Z] commit-checkpoint: sha=10420d3 message='T030: checkpoint [IMPLEMENTATION_REVIEW_NEEDED] — update workflow artifacts'
[2026-05-15T12:13:19Z] auto-run start: state=IMPLEMENTATION_REVIEW_NEEDED
[2026-05-15T12:13:19Z] auto-run: running step=review
[2026-05-15T12:13:19Z] auto-run: review decision context: context_file=runs/T030/reviews/review-decision-context-IMPLEMENTATION_REVIEW_NEEDED.md
[2026-05-15T12:13:19Z] prompt: resolved=prompts/generic/review.md source=generic
[2026-05-15T12:13:19Z] prompt: generic fallback — injecting runs/T030/ticket.md
[2026-05-15T12:13:19Z] compose: global-context=docs/ai/global-context.md
[2026-05-15T12:13:19Z] compose: role=ai/roles/reviewer.md
[2026-05-15T12:13:19Z] compose: skill=ai/skills/workflow-discipline.md
[2026-05-15T12:13:19Z] compose: skill=ai/skills/code-quality.md
[2026-05-15T12:13:19Z] compose: skill=ai/skills/refactor-safety.md
[2026-05-15T12:13:19Z] compose: skill=ai/skills/security.md
[2026-05-15T12:13:19Z] compose: task (canonical prompt)
[2026-05-15T12:13:19Z] compose: extra-context=runs/T030/reviews/review-decision-context-IMPLEMENTATION_REVIEW_NEEDED.md
[2026-05-15T12:13:19Z] snapshot: runtime-prompt=runs/T030/prompts/review-attempt-1.md
[2026-05-15T12:17:27Z] auto-run: step=review done rc=0
[2026-05-15T12:17:27Z] auto-run: review parsed from: runs/T030/reviews/implementation-review.md
[2026-05-15T12:17:27Z] auto-run: review keyword detected: IMPLEMENTATION_FIX_REQUIRED
[2026-05-15T12:17:27Z] auto-run: transition IMPLEMENTATION_REVIEW_NEEDED → IMPLEMENTATION_FIX_REQUIRED
[2026-05-15T12:17:27Z] auto-run: fix artifact written: runs/T030/fixes/implementation-fix-1.md
[2026-05-15T12:17:35Z] commit-checkpoint: sha=684c502 message='T030: checkpoint [IMPLEMENTATION_FIX_REQUIRED] — update workflow artifacts'
[2026-05-15T12:17:41Z] auto-run start: state=IMPLEMENTATION_FIX_REQUIRED
[2026-05-15T12:17:41Z] auto-run: running step=coder
[2026-05-15T12:17:41Z] auto-run: fix context: previous_output=runs/T030/implementation-output.md
[2026-05-15T12:17:41Z] auto-run: fix context: review=runs/T030/reviews/implementation-review.md
[2026-05-15T12:17:41Z] auto-run: fix context: fix_instructions=runs/T030/fixes/implementation-fix-1.md
[2026-05-15T12:17:41Z] auto-run: fix context: context_file=runs/T030/fixes/context-20260515T121741Z.md
[2026-05-15T12:17:41Z] prompt: resolved=prompts/generic/coder.md source=generic
[2026-05-15T12:17:41Z] prompt: generic fallback — injecting runs/T030/ticket.md
[2026-05-15T12:17:41Z] compose: global-context=docs/ai/global-context.md
[2026-05-15T12:17:41Z] compose: role=ai/roles/coder.md
[2026-05-15T12:17:41Z] compose: skill=ai/skills/workflow-discipline.md
[2026-05-15T12:17:41Z] compose: skill=ai/skills/git-discipline.md
[2026-05-15T12:17:41Z] compose: skill=ai/skills/code-quality.md
[2026-05-15T12:17:41Z] compose: skill=ai/skills/refactor-safety.md
[2026-05-15T12:17:41Z] compose: skill=ai/skills/security.md
[2026-05-15T12:17:41Z] compose: task (canonical prompt)
[2026-05-15T12:17:41Z] compose: extra-context=runs/T030/fixes/context-20260515T121741Z.md
[2026-05-15T12:17:41Z] snapshot: runtime-prompt=runs/T030/prompts/coder-attempt-2.md
[2026-05-15T12:27:33Z] auto-run: step=coder done rc=0
[2026-05-15T12:27:33Z] auto-run: transition IMPLEMENTATION_FIX_REQUIRED → IMPLEMENTATION_REVIEW_NEEDED
[2026-05-15T12:28:27Z] commit-checkpoint: sha=233ccdc message='T030: checkpoint [IMPLEMENTATION_REVIEW_NEEDED] — update workflow artifacts'
[2026-05-15T12:28:28Z] auto-run start: state=IMPLEMENTATION_REVIEW_NEEDED
[2026-05-15T12:28:28Z] auto-run: running step=review
[2026-05-15T12:28:28Z] auto-run: review decision context: context_file=runs/T030/reviews/review-decision-context-IMPLEMENTATION_REVIEW_NEEDED.md
[2026-05-15T12:28:28Z] prompt: resolved=prompts/generic/review.md source=generic
[2026-05-15T12:28:28Z] prompt: generic fallback — injecting runs/T030/ticket.md
[2026-05-15T12:28:28Z] compose: global-context=docs/ai/global-context.md
[2026-05-15T12:28:28Z] compose: role=ai/roles/reviewer.md
[2026-05-15T12:28:28Z] compose: skill=ai/skills/workflow-discipline.md
[2026-05-15T12:28:28Z] compose: skill=ai/skills/code-quality.md
[2026-05-15T12:28:28Z] compose: skill=ai/skills/refactor-safety.md
[2026-05-15T12:28:28Z] compose: skill=ai/skills/security.md
[2026-05-15T12:28:28Z] compose: task (canonical prompt)
[2026-05-15T12:28:28Z] compose: extra-context=runs/T030/reviews/review-decision-context-IMPLEMENTATION_REVIEW_NEEDED.md
[2026-05-15T12:28:28Z] snapshot: runtime-prompt=runs/T030/prompts/review-attempt-2.md
[2026-05-15T12:30:45Z] auto-run: step=review done rc=0
[2026-05-15T12:30:45Z] auto-run: review parsed from: runs/T030/reviews/implementation-review.md
[2026-05-15T12:30:45Z] auto-run: review keyword detected: IMPLEMENTATION_APPROVED
[2026-05-15T12:30:45Z] auto-run: transition IMPLEMENTATION_REVIEW_NEEDED → IMPLEMENTATION_APPROVED
[2026-05-15T12:31:18Z] commit-checkpoint: sha=b4b38af message='T030: checkpoint [IMPLEMENTATION_APPROVED] — update workflow artifacts'
[2026-05-15T12:31:28Z] auto-run start: state=IMPLEMENTATION_APPROVED
[2026-05-15T12:31:28Z] auto-run: running step=tester
[2026-05-15T12:31:28Z] prompt: resolved=prompts/generic/tester.md source=generic
[2026-05-15T12:31:28Z] prompt: generic fallback — injecting runs/T030/ticket.md
[2026-05-15T12:31:28Z] compose: global-context=docs/ai/global-context.md
[2026-05-15T12:31:28Z] compose: role=ai/roles/tester.md
[2026-05-15T12:31:28Z] compose: skill=ai/skills/workflow-discipline.md
[2026-05-15T12:31:28Z] compose: skill=ai/skills/testing.md
[2026-05-15T12:31:28Z] compose: skill=ai/skills/debugging.md
[2026-05-15T12:31:28Z] compose: task (canonical prompt)
[2026-05-15T12:31:28Z] snapshot: runtime-prompt=runs/T030/prompts/tester-attempt-1.md
[2026-05-15T12:32:41Z] auto-run: step=tester done rc=0
[2026-05-15T12:32:41Z] auto-run: transition IMPLEMENTATION_APPROVED → TEST_COMPLETE
[2026-05-15T12:32:49Z] commit-checkpoint: sha=473ef40 message='T030: checkpoint [TEST_COMPLETE] — update workflow artifacts'
[2026-05-15T12:32:59Z] push: pushing branch=ticket/T030-t030-live-daemon-activity-feed-and-auto-refresh
[2026-05-15T12:33:02Z] push: done branch=ticket/T030-t030-live-daemon-activity-feed-and-auto-refresh
[2026-05-15T12:53:54Z] auto-run start: state=TEST_COMPLETE
[2026-05-15T12:53:54Z] auto-run: workflow complete (TEST_COMPLETE)
