[2026-06-09T09:41:34Z] auto-run start: state=INIT
[2026-06-09T09:41:35Z] auto-run: running step=planner
[2026-06-09T09:41:35Z] prompt: resolved=prompts/generic/planner.md source=generic
[2026-06-09T09:41:35Z] prompt: generic fallback — injecting runs/T180/ticket.md
[2026-06-09T09:41:35Z] compose: global-context=docs/ai/global-context.md
[2026-06-09T09:41:35Z] compose: role=ai/roles/planner.md
[2026-06-09T09:41:35Z] compose: skill=ai/skills/workflow-discipline.md
[2026-06-09T09:41:35Z] compose: skill=ai/skills/architecture-discipline.md
[2026-06-09T09:41:35Z] compose: skill=ai/skills/documentation.md
[2026-06-09T09:41:35Z] compose: task (canonical prompt)
[2026-06-09T09:41:35Z] snapshot: runtime-prompt=runs/T180/prompts/planner-attempt-1.md
[2026-06-09T09:45:37Z] auto-run: step=planner done rc=0
[2026-06-09T09:45:39Z] planner checkpoint: committed
[2026-06-09T09:45:39Z] planner checkpoint: pushed
[2026-06-09T09:45:39Z] planner validation success
[2026-06-09T09:45:39Z] auto-run: transition INIT → PLAN_REVIEW_NEEDED
[2026-06-09T09:45:39Z] auto-run: auto-commit triggered (step=planner, include_code=True)
[2026-06-09T09:45:39Z] commit-checkpoint: unstaged runtime garbage: ['runs/T180/runtime.log']
[2026-06-09T09:45:39Z] commit-checkpoint: sha=b78b15d7 files=2 title='docs(T180/workflow): planner — update 2 file(s)'
[2026-06-09T09:45:39Z] auto-run: auto-push triggered
[2026-06-09T09:45:39Z] push: tolerating runtime dirty files (not blocking): ['runs/T180/runtime.log']
[2026-06-09T09:45:39Z] push: pushing branch=ticket/T180-t180-healthcheck-failure-logs-must-prioritize-acti
[2026-06-09T09:45:41Z] push: done branch=ticket/T180-t180-healthcheck-failure-logs-must-prioritize-acti
[2026-06-09T09:50:49Z] auto-run start: state=PLAN_APPROVED
[2026-06-09T09:50:49Z] auto-run: running step=coder
[2026-06-09T09:50:49Z] prompt: resolved=prompts/generic/coder.md source=generic
[2026-06-09T09:50:49Z] prompt: generic fallback — injecting runs/T180/ticket.md
[2026-06-09T09:50:49Z] compose: global-context=docs/ai/global-context.md
[2026-06-09T09:50:49Z] compose: role=ai/roles/coder.md
[2026-06-09T09:50:49Z] compose: skill=ai/skills/workflow-discipline.md
[2026-06-09T09:50:49Z] compose: skill=ai/skills/git-discipline.md
[2026-06-09T09:50:49Z] compose: skill=ai/skills/code-quality.md
[2026-06-09T09:50:49Z] compose: skill=ai/skills/refactor-safety.md
[2026-06-09T09:50:49Z] compose: skill=ai/skills/security.md
[2026-06-09T09:50:49Z] compose: task (canonical prompt)
[2026-06-09T09:50:49Z] snapshot: runtime-prompt=runs/T180/prompts/coder-attempt-1.md
[2026-06-09T12:19:28Z] auto-run start: state=IMPLEMENTATION_APPROVED
[2026-06-09T12:19:28Z] auto-run: running step=tester
[2026-06-09T12:19:28Z] prompt: resolved=prompts/generic/tester.md source=generic
[2026-06-09T12:19:28Z] prompt: generic fallback — injecting runs/T180/ticket.md
[2026-06-09T12:19:28Z] compose: global-context=docs/ai/global-context.md
[2026-06-09T12:19:28Z] compose: role=ai/roles/tester.md
[2026-06-09T12:19:28Z] compose: skill=ai/skills/workflow-discipline.md
[2026-06-09T12:19:28Z] compose: skill=ai/skills/testing.md
[2026-06-09T12:19:28Z] compose: skill=ai/skills/debugging.md
[2026-06-09T12:19:28Z] compose: task (canonical prompt)
[2026-06-09T12:19:28Z] snapshot: runtime-prompt=runs/T180/prompts/tester-attempt-1.md
