[2026-06-26T07:43:56Z] auto-run start: state=INIT
[2026-06-26T07:43:56Z] auto-run: running step=planner
[2026-06-26T07:43:57Z] prompt: resolved=prompts/generic/planner.md source=generic
[2026-06-26T07:43:57Z] prompt: generic fallback — injecting runs/T216/ticket.md
[2026-06-26T07:43:57Z] compose: global-context=docs/ai/global-context.md
[2026-06-26T07:43:57Z] compose: role=ai/roles/planner.md
[2026-06-26T07:43:57Z] compose: skill=ai/skills/workflow-discipline.md
[2026-06-26T07:43:57Z] compose: skill=ai/skills/architecture-discipline.md
[2026-06-26T07:43:57Z] compose: skill=ai/skills/documentation.md
[2026-06-26T07:43:57Z] compose: task (canonical prompt)
[2026-06-26T07:43:57Z] snapshot: runtime-prompt=runs/T216/prompts/planner-attempt-1.md
[2026-06-26T07:47:26Z] auto-run: step=planner done rc=0
[2026-06-26T07:49:33Z] auto-run start: state=INIT
[2026-06-26T07:49:33Z] auto-run: running step=planner
[2026-06-26T07:49:33Z] prompt: resolved=prompts/generic/planner.md source=generic
[2026-06-26T07:49:33Z] prompt: generic fallback — injecting runs/T216/ticket.md
[2026-06-26T07:49:33Z] compose: global-context=docs/ai/global-context.md
[2026-06-26T07:49:33Z] compose: role=ai/roles/planner.md
[2026-06-26T07:49:33Z] compose: skill=ai/skills/workflow-discipline.md
[2026-06-26T07:49:33Z] compose: skill=ai/skills/architecture-discipline.md
[2026-06-26T07:49:33Z] compose: skill=ai/skills/documentation.md
[2026-06-26T07:49:33Z] compose: task (canonical prompt)
[2026-06-26T07:49:33Z] snapshot: runtime-prompt=runs/T216/prompts/planner-attempt-2.md
[2026-06-26T07:53:30Z] auto-run: step=planner done rc=0
[2026-06-26T07:53:32Z] planner checkpoint: committed
[2026-06-26T07:53:32Z] planner checkpoint: pushed
[2026-06-26T07:53:32Z] planner validation success
[2026-06-26T07:53:32Z] auto-run: transition INIT → PLAN_REVIEW_NEEDED
[2026-06-26T07:53:32Z] auto-run: auto-commit triggered (step=planner, include_code=True)
[2026-06-26T07:53:32Z] commit-checkpoint: unstaged runtime garbage: ['runs/T216/runtime.log']
[2026-06-26T07:53:32Z] commit-checkpoint: sha=2fd9d6c9 files=2 title='docs(T216/workflow): planner — update 2 file(s)'
[2026-06-26T07:53:32Z] auto-run: auto-push triggered
[2026-06-26T07:53:33Z] push: tolerating runtime dirty files (not blocking): ['runs/T216/runtime.log']
[2026-06-26T07:53:33Z] push: pushing branch=ticket/T216-fix-global-settings-page-empty-when-no-runtime-set
[2026-06-26T07:53:34Z] push: done branch=ticket/T216-fix-global-settings-page-empty-when-no-runtime-set
[2026-06-26T08:03:03Z] auto-run start: state=IMPLEMENTATION_APPROVED
[2026-06-26T08:03:03Z] auto-run: running step=tester
[2026-06-26T08:03:03Z] prompt: resolved=prompts/generic/tester.md source=generic
[2026-06-26T08:03:03Z] prompt: generic fallback — injecting runs/T216/ticket.md
[2026-06-26T08:03:03Z] compose: global-context=docs/ai/global-context.md
[2026-06-26T08:03:03Z] compose: role=ai/roles/tester.md
[2026-06-26T08:03:03Z] compose: skill=ai/skills/workflow-discipline.md
[2026-06-26T08:03:03Z] compose: skill=ai/skills/testing.md
[2026-06-26T08:03:03Z] compose: skill=ai/skills/debugging.md
[2026-06-26T08:03:03Z] compose: task (canonical prompt)
[2026-06-26T08:03:03Z] snapshot: runtime-prompt=runs/T216/prompts/tester-attempt-1.md
