[2026-05-15T08:41:34Z] intake: issue=#23 title='T027 — Robust review decision parsing and fix artifact generation' branch=ticket/T027-robust-review-fix-loop
[2026-05-15T08:41:34Z] intake: done
[2026-05-15T08:41:39Z] auto-run start: state=INIT
[2026-05-15T08:41:39Z] auto-run gate failed: working tree is not clean — commit or stash changes first
[2026-05-15T08:41:56Z] commit-checkpoint: sha=f16bd67 message='T027: checkpoint [INIT] — update workflow artifacts'
[2026-05-15T08:41:58Z] auto-run start: state=INIT
[2026-05-15T08:41:58Z] auto-run: running step=planner
[2026-05-15T08:41:58Z] prompt: resolved=prompts/generic/planner.md source=generic
[2026-05-15T08:41:58Z] prompt: generic fallback — injecting runs/T027/ticket.md
[2026-05-15T08:41:58Z] compose: global-context=docs/ai/global-context.md
[2026-05-15T08:41:58Z] compose: role=ai/roles/planner.md
[2026-05-15T08:41:58Z] compose: skill=ai/skills/workflow-discipline.md
[2026-05-15T08:41:58Z] compose: skill=ai/skills/architecture-discipline.md
[2026-05-15T08:41:58Z] compose: skill=ai/skills/documentation.md
[2026-05-15T08:41:58Z] compose: task (canonical prompt)
[2026-05-15T08:41:58Z] snapshot: runtime-prompt=runs/T027/prompts/planner-attempt-1.md
[2026-05-15T08:44:19Z] auto-run: step=planner done rc=0
[2026-05-15T08:44:19Z] planner validation success
[2026-05-15T08:44:19Z] auto-run: transition INIT → PLAN_REVIEW_NEEDED
[2026-05-15T08:48:46Z] human-approval: approve-plan — PLAN_REVIEW_NEEDED → PLAN_APPROVED
[2026-05-15T08:48:51Z] commit-checkpoint: sha=6756eea message='T027: checkpoint [PLAN_APPROVED] — update workflow artifacts'
[2026-05-15T08:48:56Z] auto-run start: state=PLAN_APPROVED
[2026-05-15T08:48:56Z] auto-run: running step=coder
[2026-05-15T08:48:56Z] prompt: resolved=prompts/generic/coder.md source=generic
[2026-05-15T08:48:56Z] prompt: generic fallback — injecting runs/T027/ticket.md
[2026-05-15T08:48:56Z] compose: global-context=docs/ai/global-context.md
[2026-05-15T08:48:56Z] compose: role=ai/roles/coder.md
[2026-05-15T08:48:56Z] compose: skill=ai/skills/workflow-discipline.md
[2026-05-15T08:48:56Z] compose: skill=ai/skills/git-discipline.md
[2026-05-15T08:48:56Z] compose: skill=ai/skills/code-quality.md
[2026-05-15T08:48:56Z] compose: skill=ai/skills/refactor-safety.md
[2026-05-15T08:48:56Z] compose: skill=ai/skills/security.md
[2026-05-15T08:48:56Z] compose: task (canonical prompt)
[2026-05-15T08:48:56Z] snapshot: runtime-prompt=runs/T027/prompts/coder-attempt-1.md
[2026-05-15T08:51:39Z] auto-run: step=coder done rc=0
[2026-05-15T08:51:39Z] auto-run: transition PLAN_APPROVED → IMPLEMENTATION_REVIEW_NEEDED
[2026-05-15T08:53:49Z] commit-checkpoint: sha=414a43c message='T027: checkpoint [IMPLEMENTATION_REVIEW_NEEDED] — update workflow artifacts'
[2026-05-15T08:53:50Z] auto-run start: state=IMPLEMENTATION_REVIEW_NEEDED
[2026-05-15T08:53:50Z] auto-run: running step=review
[2026-05-15T08:53:50Z] auto-run: review decision context: context_file=runs/T027/reviews/review-decision-context-IMPLEMENTATION_REVIEW_NEEDED.md
[2026-05-15T08:53:50Z] prompt: resolved=prompts/generic/review.md source=generic
[2026-05-15T08:53:50Z] prompt: generic fallback — injecting runs/T027/ticket.md
[2026-05-15T08:53:50Z] compose: global-context=docs/ai/global-context.md
[2026-05-15T08:53:50Z] compose: role=ai/roles/reviewer.md
[2026-05-15T08:53:50Z] compose: skill=ai/skills/workflow-discipline.md
[2026-05-15T08:53:50Z] compose: skill=ai/skills/code-quality.md
[2026-05-15T08:53:50Z] compose: skill=ai/skills/refactor-safety.md
[2026-05-15T08:53:50Z] compose: skill=ai/skills/security.md
[2026-05-15T08:53:50Z] compose: task (canonical prompt)
[2026-05-15T08:53:50Z] compose: extra-context=runs/T027/reviews/review-decision-context-IMPLEMENTATION_REVIEW_NEEDED.md
[2026-05-15T08:53:50Z] snapshot: runtime-prompt=runs/T027/prompts/review-attempt-1.md
[2026-05-15T08:56:14Z] auto-run: step=review done rc=0
[2026-05-15T08:56:14Z] auto-run: review parsed from: runs/T027/reviews/implementation-review.md
[2026-05-15T08:56:14Z] auto-run: review keyword detected: IMPLEMENTATION_APPROVED
[2026-05-15T08:56:14Z] auto-run: transition IMPLEMENTATION_REVIEW_NEEDED → IMPLEMENTATION_APPROVED
[2026-05-15T09:01:36Z] commit-checkpoint: sha=fe1f2d2 message='T027: checkpoint [IMPLEMENTATION_APPROVED] — update workflow artifacts'
[2026-05-15T09:01:40Z] auto-run start: state=IMPLEMENTATION_APPROVED
[2026-05-15T09:01:40Z] auto-run: running step=tester
[2026-05-15T09:01:40Z] prompt: resolved=prompts/generic/tester.md source=generic
[2026-05-15T09:01:40Z] prompt: generic fallback — injecting runs/T027/ticket.md
[2026-05-15T09:01:40Z] compose: global-context=docs/ai/global-context.md
[2026-05-15T09:01:40Z] compose: role=ai/roles/tester.md
[2026-05-15T09:01:40Z] compose: skill=ai/skills/workflow-discipline.md
[2026-05-15T09:01:40Z] compose: skill=ai/skills/testing.md
[2026-05-15T09:01:40Z] compose: skill=ai/skills/debugging.md
[2026-05-15T09:01:40Z] compose: task (canonical prompt)
[2026-05-15T09:01:40Z] snapshot: runtime-prompt=runs/T027/prompts/tester-attempt-1.md
[2026-05-15T09:02:45Z] auto-run: step=tester done rc=0
[2026-05-15T09:02:45Z] auto-run: transition IMPLEMENTATION_APPROVED → TEST_COMPLETE
[2026-05-15T09:03:17Z] commit-checkpoint: sha=bfa6e8d message='T027: checkpoint [TEST_COMPLETE] — update workflow artifacts'
[2026-05-15T09:03:25Z] push: pushing branch=ticket/T027-robust-review-fix-loop
[2026-05-15T09:03:27Z] push: done branch=ticket/T027-robust-review-fix-loop
