[2026-06-02T15:07:53Z] auto-run start: state=INIT
[2026-06-02T15:07:53Z] auto-run: running step=planner
[2026-06-02T15:07:53Z] prompt: resolved=prompts/generic/planner.md source=generic
[2026-06-02T15:07:53Z] prompt: generic fallback — injecting runs/T169/ticket.md
[2026-06-02T15:07:53Z] compose: global-context=docs/ai/global-context.md
[2026-06-02T15:07:53Z] compose: role=ai/roles/planner.md
[2026-06-02T15:07:53Z] compose: skill=ai/skills/workflow-discipline.md
[2026-06-02T15:07:53Z] compose: skill=ai/skills/architecture-discipline.md
[2026-06-02T15:07:53Z] compose: skill=ai/skills/documentation.md
[2026-06-02T15:07:53Z] compose: task (canonical prompt)
[2026-06-02T15:07:53Z] snapshot: runtime-prompt=runs/T169/prompts/planner-attempt-1.md
[2026-06-02T15:14:44Z] auto-run: step=planner done rc=0
[2026-06-02T15:14:47Z] planner checkpoint: committed
[2026-06-02T15:14:47Z] planner checkpoint: pushed
[2026-06-02T15:14:47Z] planner validation success
[2026-06-02T15:14:47Z] auto-run: transition INIT → PLAN_REVIEW_NEEDED
[2026-06-02T15:14:47Z] auto-run: auto-commit triggered (step=planner, include_code=True)
[2026-06-02T15:14:47Z] commit-checkpoint: unstaged runtime garbage: ['runs/T169/runtime.log']
[2026-06-02T15:14:47Z] commit-checkpoint: sha=54a67ac0 files=2 title='docs(T169/workflow): planner — update 2 file(s)'
[2026-06-02T15:14:47Z] auto-run: auto-push triggered
[2026-06-02T15:14:47Z] push: tolerating runtime dirty files (not blocking): ['runs/T169/runtime.log']
[2026-06-02T15:14:47Z] push: pushing branch=ticket/T169-t169-fix-docker-compose-env-interpolation-ignoring
[2026-06-02T15:14:50Z] push: done branch=ticket/T169-t169-fix-docker-compose-env-interpolation-ignoring
[2026-06-02T15:16:33Z] auto-run start: state=PLAN_APPROVED
[2026-06-02T15:16:33Z] auto-run: running step=coder
[2026-06-02T15:16:33Z] prompt: resolved=prompts/generic/coder.md source=generic
[2026-06-02T15:16:33Z] prompt: generic fallback — injecting runs/T169/ticket.md
[2026-06-02T15:16:33Z] compose: global-context=docs/ai/global-context.md
[2026-06-02T15:16:33Z] compose: role=ai/roles/coder.md
[2026-06-02T15:16:33Z] compose: skill=ai/skills/workflow-discipline.md
[2026-06-02T15:16:33Z] compose: skill=ai/skills/git-discipline.md
[2026-06-02T15:16:33Z] compose: skill=ai/skills/code-quality.md
[2026-06-02T15:16:33Z] compose: skill=ai/skills/refactor-safety.md
[2026-06-02T15:16:33Z] compose: skill=ai/skills/security.md
[2026-06-02T15:16:33Z] compose: task (canonical prompt)
[2026-06-02T15:16:33Z] snapshot: runtime-prompt=runs/T169/prompts/coder-attempt-1.md
[2026-06-02T15:32:14Z] auto-run start: state=PLAN_APPROVED
[2026-06-02T15:32:14Z] auto-run: running step=coder
[2026-06-02T15:32:14Z] prompt: resolved=prompts/generic/coder.md source=generic
[2026-06-02T15:32:14Z] prompt: generic fallback — injecting runs/T169/ticket.md
[2026-06-02T15:32:14Z] compose: global-context=docs/ai/global-context.md
[2026-06-02T15:32:14Z] compose: role=ai/roles/coder.md
[2026-06-02T15:32:14Z] compose: skill=ai/skills/workflow-discipline.md
[2026-06-02T15:32:14Z] compose: skill=ai/skills/git-discipline.md
[2026-06-02T15:32:14Z] compose: skill=ai/skills/code-quality.md
[2026-06-02T15:32:14Z] compose: skill=ai/skills/refactor-safety.md
[2026-06-02T15:32:14Z] compose: skill=ai/skills/security.md
[2026-06-02T15:32:14Z] compose: task (canonical prompt)
[2026-06-02T15:32:14Z] snapshot: runtime-prompt=runs/T169/prompts/coder-attempt-2.md
[2026-06-02T15:32:15Z] auto-run: runtime failure: empty_output (rc=1)
[2026-06-02T15:32:15Z] auto-run: step=coder done rc=1
[2026-06-02T15:32:15Z] auto-run: runtime failure: empty_output (rc=1)
[2026-06-02T15:32:15Z] auto-run: step=coder failed rc=1, state unchanged=PLAN_APPROVED
