[2026-05-22T15:12:52Z] auto-run start: state=INIT
[2026-05-22T15:12:52Z] auto-run: running step=planner
[2026-05-22T15:12:52Z] prompt: resolved=prompts/generic/planner.md source=generic
[2026-05-22T15:12:52Z] prompt: generic fallback — injecting runs/T138/ticket.md
[2026-05-22T15:12:52Z] compose: global-context=docs/ai/global-context.md
[2026-05-22T15:12:52Z] compose: role=ai/roles/planner.md
[2026-05-22T15:12:52Z] compose: skill=ai/skills/workflow-discipline.md
[2026-05-22T15:12:52Z] compose: skill=ai/skills/architecture-discipline.md
[2026-05-22T15:12:52Z] compose: skill=ai/skills/documentation.md
[2026-05-22T15:12:52Z] compose: task (canonical prompt)
[2026-05-22T15:12:52Z] snapshot: runtime-prompt=runs/T138/prompts/planner-attempt-1.md
[2026-05-22T15:16:16Z] auto-run: step=planner done rc=0
[2026-05-22T15:16:18Z] planner checkpoint: committed
[2026-05-22T15:16:18Z] planner checkpoint: pushed
[2026-05-22T15:16:18Z] planner validation success
[2026-05-22T15:16:18Z] auto-run: transition INIT → PLAN_REVIEW_NEEDED
[2026-05-22T15:16:18Z] auto-run: auto-commit triggered (step=planner, include_code=True)
[2026-05-22T15:16:18Z] commit-checkpoint: unstaged runtime garbage: ['runs/T138/runtime.log']
[2026-05-22T15:16:18Z] commit-checkpoint: sha=c0e040f5 files=2 title='docs(T138/workflow): planner — update 2 file(s)'
[2026-05-22T15:16:18Z] auto-run: auto-push triggered
[2026-05-22T15:16:18Z] push: tolerating runtime dirty files (not blocking): ['runs/T138/runtime.log']
[2026-05-22T15:16:18Z] push: pushing branch=ticket/T138-t138-generic-ai-sandbox-auto-fix-loop
[2026-05-22T15:16:21Z] push: done branch=ticket/T138-t138-generic-ai-sandbox-auto-fix-loop
