[2026-06-23T01:21:54Z] auto-run start: state=INIT
[2026-06-23T01:21:54Z] auto-run: running step=planner
[2026-06-23T01:21:54Z] prompt: resolved=prompts/generic/planner.md source=generic
[2026-06-23T01:21:54Z] prompt: generic fallback — injecting runs/T205/ticket.md
[2026-06-23T01:21:54Z] compose: global-context=docs/ai/global-context.md
[2026-06-23T01:21:54Z] compose: role=ai/roles/planner.md
[2026-06-23T01:21:54Z] compose: skill=ai/skills/workflow-discipline.md
[2026-06-23T01:21:54Z] compose: skill=ai/skills/architecture-discipline.md
[2026-06-23T01:21:54Z] compose: skill=ai/skills/documentation.md
[2026-06-23T01:21:54Z] compose: task (canonical prompt)
[2026-06-23T01:21:54Z] snapshot: runtime-prompt=runs/T205/prompts/planner-attempt-1.md
[2026-06-23T01:23:02Z] auto-run: step=planner done rc=0
[2026-06-23T01:23:05Z] planner checkpoint: committed
[2026-06-23T01:23:05Z] planner checkpoint: pushed
[2026-06-23T01:23:05Z] planner validation success
[2026-06-23T01:23:05Z] auto-run: transition INIT → PLAN_REVIEW_NEEDED
[2026-06-23T01:23:05Z] auto-run: auto-commit triggered (step=planner, include_code=True)
[2026-06-23T01:23:05Z] commit-checkpoint: unstaged runtime garbage: ['runs/T205/runtime.log']
[2026-06-23T01:23:05Z] commit-checkpoint: sha=284f21ad files=2 title='docs(T205/workflow): planner — update 2 file(s)'
[2026-06-23T01:23:05Z] auto-run: auto-push triggered
[2026-06-23T01:23:05Z] push: tolerating runtime dirty files (not blocking): ['runs/T205/runtime.log']
[2026-06-23T01:23:05Z] push: pushing branch=ticket/T205-t205-compact-ticket-intelligence-ui-with-expandabl
[2026-06-23T01:23:07Z] push: done branch=ticket/T205-t205-compact-ticket-intelligence-ui-with-expandabl
