[2026-06-22T15:44:38Z] auto-run start: state=INIT
[2026-06-22T15:44:38Z] auto-run: running step=planner
[2026-06-22T15:44:38Z] prompt: resolved=prompts/generic/planner.md source=generic
[2026-06-22T15:44:38Z] prompt: generic fallback — injecting runs/T204/ticket.md
[2026-06-22T15:44:38Z] compose: global-context=docs/ai/global-context.md
[2026-06-22T15:44:38Z] compose: role=ai/roles/planner.md
[2026-06-22T15:44:38Z] compose: skill=ai/skills/workflow-discipline.md
[2026-06-22T15:44:38Z] compose: skill=ai/skills/architecture-discipline.md
[2026-06-22T15:44:38Z] compose: skill=ai/skills/documentation.md
[2026-06-22T15:44:38Z] compose: task (canonical prompt)
[2026-06-22T15:44:38Z] snapshot: runtime-prompt=runs/T204/prompts/planner-attempt-1.md
[2026-06-22T15:47:54Z] auto-run: step=planner done rc=0
[2026-06-22T15:47:56Z] planner checkpoint: committed
[2026-06-22T15:47:56Z] planner checkpoint: pushed
[2026-06-22T15:47:56Z] planner validation success
[2026-06-22T15:47:56Z] auto-run: transition INIT → PLAN_REVIEW_NEEDED
[2026-06-22T15:47:56Z] auto-run: auto-commit triggered (step=planner, include_code=True)
[2026-06-22T15:47:57Z] commit-checkpoint: unstaged runtime garbage: ['runs/T204/runtime.log']
[2026-06-22T15:47:57Z] commit-checkpoint: sha=0f1329dd files=2 title='docs(T204/workflow): planner — update 2 file(s)'
[2026-06-22T15:47:57Z] auto-run: auto-push triggered
[2026-06-22T15:47:57Z] push: tolerating runtime dirty files (not blocking): ['runs/T204/runtime.log']
[2026-06-22T15:47:57Z] push: pushing branch=ticket/T204-t204-add-ticket-operations-panel-for-guarded-manua
[2026-06-22T15:47:59Z] push: done branch=ticket/T204-t204-add-ticket-operations-panel-for-guarded-manua
