[2026-05-26T09:48:07Z] auto-run start: state=INIT
[2026-05-26T09:48:07Z] auto-run: running step=planner
[2026-05-26T09:48:07Z] prompt: resolved=prompts/generic/planner.md source=generic
[2026-05-26T09:48:07Z] prompt: generic fallback — injecting runs/T151/ticket.md
[2026-05-26T09:48:07Z] compose: global-context=docs/ai/global-context.md
[2026-05-26T09:48:07Z] compose: role=ai/roles/planner.md
[2026-05-26T09:48:07Z] compose: skill=ai/skills/workflow-discipline.md
[2026-05-26T09:48:07Z] compose: skill=ai/skills/architecture-discipline.md
[2026-05-26T09:48:07Z] compose: skill=ai/skills/documentation.md
[2026-05-26T09:48:07Z] compose: task (canonical prompt)
[2026-05-26T09:48:07Z] snapshot: runtime-prompt=runs/T151/prompts/planner-attempt-1.md
[2026-05-26T09:52:01Z] auto-run: step=planner done rc=0
[2026-05-26T09:52:04Z] planner checkpoint: committed
[2026-05-26T09:52:04Z] planner checkpoint: pushed
[2026-05-26T09:52:04Z] planner validation success
[2026-05-26T09:52:04Z] auto-run: transition INIT → PLAN_REVIEW_NEEDED
[2026-05-26T09:52:04Z] auto-run: auto-commit triggered (step=planner, include_code=True)
[2026-05-26T09:52:04Z] commit-checkpoint: unstaged runtime garbage: ['runs/T151/runtime.log']
[2026-05-26T09:52:04Z] commit-checkpoint: sha=e8d5232a files=2 title='docs(T151/workflow): planner — update 2 file(s)'
[2026-05-26T09:52:04Z] auto-run: auto-push triggered
[2026-05-26T09:52:04Z] push: tolerating runtime dirty files (not blocking): ['runs/T151/runtime.log']
[2026-05-26T09:52:04Z] push: pushing branch=ticket/T151-t151-deployment-environments-dashboard
[2026-05-26T09:52:06Z] push: done branch=ticket/T151-t151-deployment-environments-dashboard
[2026-05-26T10:18:14Z] auto-run start: state=PLAN_FIX_REQUIRED
[2026-05-26T10:18:14Z] auto-run: running step=planner
[2026-05-26T10:18:14Z] auto-run: fix context: previous_output=runs/T151/plan.md
[2026-05-26T10:18:14Z] auto-run: fix context: review=runs/T151/reviews/plan-review.md
[2026-05-26T10:18:14Z] auto-run: fix context: fix_instructions=runs/T151/fixes/plan-fix-1.md
[2026-05-26T10:18:14Z] auto-run: fix context: context_file=runs/T151/fixes/context-20260526T101814Z.md
[2026-05-26T10:18:14Z] prompt: resolved=prompts/generic/planner.md source=generic
[2026-05-26T10:18:14Z] prompt: generic fallback — injecting runs/T151/ticket.md
[2026-05-26T10:18:14Z] compose: global-context=docs/ai/global-context.md
[2026-05-26T10:18:14Z] compose: role=ai/roles/planner.md
[2026-05-26T10:18:14Z] compose: skill=ai/skills/workflow-discipline.md
[2026-05-26T10:18:14Z] compose: skill=ai/skills/architecture-discipline.md
[2026-05-26T10:18:14Z] compose: skill=ai/skills/documentation.md
[2026-05-26T10:18:14Z] compose: task (canonical prompt)
[2026-05-26T10:18:14Z] compose: extra-context=runs/T151/fixes/context-20260526T101814Z.md
[2026-05-26T10:18:14Z] snapshot: runtime-prompt=runs/T151/prompts/planner-attempt-2.md
[2026-05-26T10:21:20Z] auto-run: step=planner done rc=0
[2026-05-26T10:23:36Z] auto-run start: state=PLAN_FIX_REQUIRED
[2026-05-26T10:23:36Z] auto-run: running step=planner
[2026-05-26T10:23:36Z] auto-run: fix context: previous_output=runs/T151/plan.md
[2026-05-26T10:23:36Z] auto-run: fix context: review=runs/T151/reviews/plan-review.md
[2026-05-26T10:23:36Z] auto-run: fix context: fix_instructions=runs/T151/fixes/plan-fix-1.md
[2026-05-26T10:23:36Z] auto-run: fix context: context_file=runs/T151/fixes/context-20260526T102336Z.md
[2026-05-26T10:23:36Z] prompt: resolved=prompts/generic/planner.md source=generic
[2026-05-26T10:23:36Z] prompt: generic fallback — injecting runs/T151/ticket.md
[2026-05-26T10:23:36Z] compose: global-context=docs/ai/global-context.md
[2026-05-26T10:23:36Z] compose: role=ai/roles/planner.md
[2026-05-26T10:23:36Z] compose: skill=ai/skills/workflow-discipline.md
[2026-05-26T10:23:36Z] compose: skill=ai/skills/architecture-discipline.md
[2026-05-26T10:23:36Z] compose: skill=ai/skills/documentation.md
[2026-05-26T10:23:36Z] compose: task (canonical prompt)
[2026-05-26T10:23:36Z] compose: extra-context=runs/T151/fixes/context-20260526T102336Z.md
[2026-05-26T10:23:36Z] snapshot: runtime-prompt=runs/T151/prompts/planner-attempt-3.md
[2026-05-26T10:26:28Z] auto-run: step=planner done rc=0
[2026-05-26T10:28:47Z] auto-run start: state=PLAN_FIX_REQUIRED
[2026-05-26T10:28:47Z] auto-run: running step=planner
[2026-05-26T10:28:47Z] auto-run: fix context: previous_output=runs/T151/plan.md
[2026-05-26T10:28:47Z] auto-run: fix context: review=runs/T151/reviews/plan-review.md
[2026-05-26T10:28:47Z] auto-run: fix context: fix_instructions=runs/T151/fixes/plan-fix-1.md
[2026-05-26T10:28:47Z] auto-run: fix context: context_file=runs/T151/fixes/context-20260526T102847Z.md
[2026-05-26T10:28:47Z] prompt: resolved=prompts/generic/planner.md source=generic
[2026-05-26T10:28:47Z] prompt: generic fallback — injecting runs/T151/ticket.md
[2026-05-26T10:28:47Z] compose: global-context=docs/ai/global-context.md
[2026-05-26T10:28:47Z] compose: role=ai/roles/planner.md
[2026-05-26T10:28:47Z] compose: skill=ai/skills/workflow-discipline.md
[2026-05-26T10:28:47Z] compose: skill=ai/skills/architecture-discipline.md
[2026-05-26T10:28:47Z] compose: skill=ai/skills/documentation.md
[2026-05-26T10:28:47Z] compose: task (canonical prompt)
[2026-05-26T10:28:47Z] compose: extra-context=runs/T151/fixes/context-20260526T102847Z.md
[2026-05-26T10:28:47Z] snapshot: runtime-prompt=runs/T151/prompts/planner-attempt-4.md
[2026-05-26T10:32:43Z] auto-run: step=planner done rc=0
[2026-05-26T10:32:45Z] planner checkpoint: committed
[2026-05-26T10:32:45Z] planner checkpoint: pushed
[2026-05-26T10:32:45Z] planner validation success
[2026-05-26T10:32:45Z] auto-run: transition PLAN_FIX_REQUIRED → PLAN_REVIEW_NEEDED
[2026-05-26T10:32:45Z] auto-run: auto-commit triggered (step=planner, include_code=True)
[2026-05-26T10:32:45Z] commit-checkpoint: unstaged runtime garbage: ['runs/T151/runtime.log']
[2026-05-26T10:32:45Z] commit-checkpoint: sha=f9bed792 files=2 title='docs(T151/workflow): planner — update 2 file(s)'
[2026-05-26T10:32:45Z] auto-run: auto-push triggered
[2026-05-26T10:32:45Z] push: tolerating runtime dirty files (not blocking): ['runs/T151/runtime.log']
[2026-05-26T10:32:45Z] push: pushing branch=ticket/T151-t151-deployment-environments-dashboard
[2026-05-26T10:32:48Z] push: done branch=ticket/T151-t151-deployment-environments-dashboard
