[2026-06-02T07:45:54Z] auto-run start: state=INIT
[2026-06-02T07:45:54Z] auto-run: running step=planner
[2026-06-02T07:45:54Z] prompt: resolved=prompts/generic/planner.md source=generic
[2026-06-02T07:45:54Z] prompt: generic fallback — injecting runs/T166/ticket.md
[2026-06-02T07:45:54Z] compose: global-context=docs/ai/global-context.md
[2026-06-02T07:45:54Z] compose: role=ai/roles/planner.md
[2026-06-02T07:45:54Z] compose: skill=ai/skills/workflow-discipline.md
[2026-06-02T07:45:54Z] compose: skill=ai/skills/architecture-discipline.md
[2026-06-02T07:45:54Z] compose: skill=ai/skills/documentation.md
[2026-06-02T07:45:54Z] compose: task (canonical prompt)
[2026-06-02T07:45:54Z] snapshot: runtime-prompt=runs/T166/prompts/planner-attempt-1.md
[2026-06-02T07:52:55Z] auto-run: step=planner done rc=0
[2026-06-02T07:52:58Z] planner checkpoint: committed
[2026-06-02T07:52:58Z] planner checkpoint: pushed
[2026-06-02T07:52:58Z] planner validation success
[2026-06-02T07:52:58Z] auto-run: transition INIT → PLAN_REVIEW_NEEDED
[2026-06-02T07:52:58Z] auto-run: auto-commit triggered (step=planner, include_code=True)
[2026-06-02T07:52:58Z] commit-checkpoint: unstaged runtime garbage: ['runs/T166/runtime.log']
[2026-06-02T07:52:58Z] commit-checkpoint: sha=f47643dc files=2 title='docs(T166/workflow): planner — update 2 file(s)'
[2026-06-02T07:52:58Z] auto-run: auto-push triggered
[2026-06-02T07:52:58Z] push: tolerating runtime dirty files (not blocking): ['runs/T166/runtime.log']
[2026-06-02T07:52:58Z] push: pushing branch=ticket/T166-t166-diagnose-and-fix-routed-backend-502-after-rou
[2026-06-02T07:53:00Z] push: done branch=ticket/T166-t166-diagnose-and-fix-routed-backend-502-after-rou
