[2026-05-12T11:51:04Z] ensure-branch: creating new branch ticket/T017-workflow-aware-commit-and-push
[2026-05-12T11:51:04Z] ensure-branch: done branch=ticket/T017-workflow-aware-commit-and-push
[2026-05-12T11:51:09Z] auto-init: state=INIT branch=ticket/T017-workflow-aware-commit-and-push
[2026-05-12T11:51:15Z] auto-run start: state=INIT
[2026-05-12T11:51:15Z] auto-run: running step=planner
[2026-05-12T11:51:15Z] compose: global-context=docs/ai/global-context.md
[2026-05-12T11:51:15Z] compose: role=ai/roles/planner.md
[2026-05-12T11:51:15Z] compose: skill=ai/skills/workflow-discipline.md
[2026-05-12T11:51:15Z] compose: skill=ai/skills/architecture-discipline.md
[2026-05-12T11:51:15Z] compose: skill=ai/skills/documentation.md
[2026-05-12T11:51:15Z] compose: task (canonical prompt)
[2026-05-12T11:51:15Z] snapshot: runtime-prompt=runs/T017/prompts/planner-attempt-1.md
[2026-05-12T11:52:36Z] auto-run: step=planner done rc=0
[2026-05-12T11:52:36Z] planner validation success
[2026-05-12T11:52:36Z] auto-run: transition INIT → PLAN_REVIEW_NEEDED
[2026-05-12T11:54:26Z] set-state: PLAN_REVIEW_NEEDED → PLAN_APPROVED (human)
[2026-05-12T11:54:30Z] commit-checkpoint: sha=cfe0e8a message='T017: checkpoint [PLAN_APPROVED] — update workflow artifacts'
[2026-05-12T11:54:36Z] auto-run start: state=PLAN_APPROVED
[2026-05-12T11:54:36Z] auto-run: running step=coder
[2026-05-12T11:54:36Z] compose: global-context=docs/ai/global-context.md
[2026-05-12T11:54:36Z] compose: role=ai/roles/coder.md
[2026-05-12T11:54:36Z] compose: skill=ai/skills/workflow-discipline.md
[2026-05-12T11:54:36Z] compose: skill=ai/skills/git-discipline.md
[2026-05-12T11:54:36Z] compose: skill=ai/skills/code-quality.md
[2026-05-12T11:54:36Z] compose: skill=ai/skills/refactor-safety.md
[2026-05-12T11:54:36Z] compose: skill=ai/skills/security.md
[2026-05-12T11:54:36Z] compose: task (canonical prompt)
[2026-05-12T11:54:36Z] snapshot: runtime-prompt=runs/T017/prompts/coder-attempt-1.md
[2026-05-12T11:55:51Z] auto-run: step=coder done rc=1
[2026-05-12T11:55:51Z] auto-run: step=coder failed rc=1, state unchanged=PLAN_APPROVED
[2026-05-12T15:21:32Z] auto-run start: state=PLAN_APPROVED
[2026-05-12T15:21:32Z] auto-run gate failed: working tree is not clean — commit or stash changes first
[2026-05-12T15:21:47Z] commit-checkpoint: sha=011ca3c message='T017: checkpoint [PLAN_APPROVED] — update workflow artifacts'
[2026-05-12T15:21:53Z] auto-run start: state=PLAN_APPROVED
[2026-05-12T15:21:53Z] auto-run: running step=coder
[2026-05-12T15:21:53Z] compose: global-context=docs/ai/global-context.md
[2026-05-12T15:21:53Z] compose: role=ai/roles/coder.md
[2026-05-12T15:21:53Z] compose: skill=ai/skills/workflow-discipline.md
[2026-05-12T15:21:53Z] compose: skill=ai/skills/git-discipline.md
[2026-05-12T15:21:53Z] compose: skill=ai/skills/code-quality.md
[2026-05-12T15:21:53Z] compose: skill=ai/skills/refactor-safety.md
[2026-05-12T15:21:53Z] compose: skill=ai/skills/security.md
[2026-05-12T15:21:53Z] compose: task (canonical prompt)
[2026-05-12T15:21:53Z] snapshot: runtime-prompt=runs/T017/prompts/coder-attempt-2.md
[2026-05-12T15:27:53Z] auto-run: step=coder done rc=0
[2026-05-12T15:27:53Z] auto-run: transition PLAN_APPROVED → IMPLEMENTATION_REVIEW_NEEDED
[2026-05-12T15:28:04Z] commit-checkpoint: sha=dc62d81 message='T017: checkpoint [IMPLEMENTATION_REVIEW_NEEDED] — update workflow artifacts'
[2026-05-12T15:28:07Z] auto-run start: state=IMPLEMENTATION_REVIEW_NEEDED
[2026-05-12T15:28:07Z] auto-run gate failed: working tree is not clean — commit or stash changes first
[2026-05-12T15:28:24Z] auto-run start: state=IMPLEMENTATION_REVIEW_NEEDED
[2026-05-12T15:28:24Z] auto-run: running step=review
[2026-05-12T15:28:24Z] auto-run: review decision context: context_file=runs/T017/reviews/review-decision-context-IMPLEMENTATION_REVIEW_NEEDED.md
[2026-05-12T15:28:24Z] compose: global-context=docs/ai/global-context.md
[2026-05-12T15:28:24Z] compose: role=ai/roles/reviewer.md
[2026-05-12T15:28:24Z] compose: skill=ai/skills/workflow-discipline.md
[2026-05-12T15:28:24Z] compose: skill=ai/skills/code-quality.md
[2026-05-12T15:28:24Z] compose: skill=ai/skills/refactor-safety.md
[2026-05-12T15:28:24Z] compose: skill=ai/skills/security.md
[2026-05-12T15:28:24Z] compose: task (canonical prompt)
[2026-05-12T15:28:24Z] compose: extra-context=runs/T017/reviews/review-decision-context-IMPLEMENTATION_REVIEW_NEEDED.md
[2026-05-12T15:28:24Z] snapshot: runtime-prompt=runs/T017/prompts/review-attempt-1.md
[2026-05-12T15:29:27Z] auto-run: step=review done rc=0
[2026-05-12T15:29:27Z] auto-run: review parsed from: runs/T017/reviews/implementation-review.md
[2026-05-12T15:29:27Z] auto-run: keyword detected: IMPLEMENTATION_APPROVED
[2026-05-12T15:29:27Z] auto-run: transition IMPLEMENTATION_REVIEW_NEEDED → IMPLEMENTATION_APPROVED
[2026-05-12T15:32:03Z] commit-checkpoint: sha=3b76297 message='T017: checkpoint [IMPLEMENTATION_APPROVED] — update workflow artifacts'
[2026-05-12T15:32:11Z] push: pushing branch=ticket/T017-workflow-aware-commit-and-push
[2026-05-12T15:32:13Z] push: done branch=ticket/T017-workflow-aware-commit-and-push
[2026-05-12T15:32:28Z] auto-run start: state=IMPLEMENTATION_APPROVED
[2026-05-12T15:32:28Z] auto-run: running step=tester
[2026-05-12T15:32:28Z] compose: global-context=docs/ai/global-context.md
[2026-05-12T15:32:28Z] compose: role=ai/roles/tester.md
[2026-05-12T15:32:28Z] compose: skill=ai/skills/workflow-discipline.md
[2026-05-12T15:32:28Z] compose: skill=ai/skills/testing.md
[2026-05-12T15:32:28Z] compose: skill=ai/skills/debugging.md
[2026-05-12T15:32:28Z] compose: task (canonical prompt)
[2026-05-12T15:32:28Z] snapshot: runtime-prompt=runs/T017/prompts/tester-attempt-1.md
[2026-05-12T15:32:51Z] commit-checkpoint: sha=696f140 message='T017: checkpoint [IMPLEMENTATION_APPROVED] — update workflow artifacts'
[2026-05-12T15:33:15Z] auto-run: step=tester done rc=0
[2026-05-12T15:33:15Z] auto-run: transition IMPLEMENTATION_APPROVED → TEST_COMPLETE
[2026-05-12T15:34:08Z] commit-checkpoint: sha=98f40d0 message='T017: checkpoint [TEST_COMPLETE] — update workflow artifacts'
[2026-05-12T15:34:13Z] push: pushing branch=ticket/T017-workflow-aware-commit-and-push
[2026-05-12T15:34:15Z] push: done branch=ticket/T017-workflow-aware-commit-and-push
