[2026-06-21T20:21:38Z] auto-run start: state=INIT
[2026-06-21T20:21:38Z] auto-run: running step=planner
[2026-06-21T20:21:38Z] prompt: resolved=prompts/generic/planner.md source=generic
[2026-06-21T20:21:38Z] prompt: generic fallback — injecting runs/T201/ticket.md
[2026-06-21T20:21:38Z] compose: global-context=docs/ai/global-context.md
[2026-06-21T20:21:38Z] compose: role=ai/roles/planner.md
[2026-06-21T20:21:38Z] compose: skill=ai/skills/workflow-discipline.md
[2026-06-21T20:21:38Z] compose: skill=ai/skills/architecture-discipline.md
[2026-06-21T20:21:38Z] compose: skill=ai/skills/documentation.md
[2026-06-21T20:21:38Z] compose: task (canonical prompt)
[2026-06-21T20:21:38Z] snapshot: runtime-prompt=runs/T201/prompts/planner-attempt-1.md
[2026-06-21T20:24:22Z] auto-run: step=planner done rc=0
[2026-06-21T20:24:24Z] planner checkpoint: committed
[2026-06-21T20:24:24Z] planner checkpoint: pushed
[2026-06-21T20:24:24Z] planner validation success
[2026-06-21T20:24:24Z] auto-run: transition INIT → PLAN_REVIEW_NEEDED
[2026-06-21T20:24:24Z] auto-run: auto-commit triggered (step=planner, include_code=True)
[2026-06-21T20:24:24Z] commit-checkpoint: unstaged runtime garbage: ['runs/T201/runtime.log']
[2026-06-21T20:24:24Z] commit-checkpoint: sha=de76f643 files=2 title='docs(T201/workflow): planner — update 2 file(s)'
[2026-06-21T20:24:24Z] auto-run: auto-push triggered
[2026-06-21T20:24:24Z] push: tolerating runtime dirty files (not blocking): ['runs/T201/runtime.log']
[2026-06-21T20:24:24Z] push: pushing branch=ticket/T201-t201-add-execution-rules-engine-and-policy-based-t
[2026-06-21T20:24:26Z] push: done branch=ticket/T201-t201-add-execution-rules-engine-and-policy-based-t
[2026-06-21T20:33:38Z] auto-run start: state=PLAN_FIX_REQUIRED
[2026-06-21T20:33:38Z] auto-run: running step=planner
[2026-06-21T20:33:38Z] auto-run: fix context: previous_output=runs/T201/plan.md
[2026-06-21T20:33:38Z] auto-run: fix context: review=runs/T201/reviews/plan-review-ready-to-take-rule-alignment.md
[2026-06-21T20:33:38Z] auto-run: fix context: fix_instructions=runs/T201/fixes/plan-fix-ready-to-take-rule-alignment.md
[2026-06-21T20:33:38Z] auto-run: fix context: context_file=runs/T201/fixes/context-20260621T203338Z.md
[2026-06-21T20:33:38Z] prompt: resolved=prompts/generic/planner.md source=generic
[2026-06-21T20:33:38Z] prompt: generic fallback — injecting runs/T201/ticket.md
[2026-06-21T20:33:38Z] compose: global-context=docs/ai/global-context.md
[2026-06-21T20:33:38Z] compose: role=ai/roles/planner.md
[2026-06-21T20:33:38Z] compose: skill=ai/skills/workflow-discipline.md
[2026-06-21T20:33:38Z] compose: skill=ai/skills/architecture-discipline.md
[2026-06-21T20:33:38Z] compose: skill=ai/skills/documentation.md
[2026-06-21T20:33:38Z] compose: task (canonical prompt)
[2026-06-21T20:33:38Z] compose: extra-context=runs/T201/fixes/context-20260621T203338Z.md
[2026-06-21T20:33:38Z] snapshot: runtime-prompt=runs/T201/prompts/planner-attempt-2.md
[2026-06-21T20:34:43Z] auto-run: step=planner done rc=0
[2026-06-21T20:36:54Z] auto-run start: state=PLAN_FIX_REQUIRED
[2026-06-21T20:36:54Z] auto-run: running step=planner
[2026-06-21T20:36:54Z] auto-run: fix context: previous_output=runs/T201/plan.md
[2026-06-21T20:36:54Z] auto-run: fix context: review=runs/T201/reviews/plan-review-ready-to-take-rule-alignment.md
[2026-06-21T20:36:54Z] auto-run: fix context: fix_instructions=runs/T201/fixes/plan-fix-ready-to-take-rule-alignment.md
[2026-06-21T20:36:54Z] auto-run: fix context: context_file=runs/T201/fixes/context-20260621T203654Z.md
[2026-06-21T20:36:54Z] prompt: resolved=prompts/generic/planner.md source=generic
[2026-06-21T20:36:54Z] prompt: generic fallback — injecting runs/T201/ticket.md
[2026-06-21T20:36:54Z] compose: global-context=docs/ai/global-context.md
[2026-06-21T20:36:54Z] compose: role=ai/roles/planner.md
[2026-06-21T20:36:54Z] compose: skill=ai/skills/workflow-discipline.md
[2026-06-21T20:36:54Z] compose: skill=ai/skills/architecture-discipline.md
[2026-06-21T20:36:54Z] compose: skill=ai/skills/documentation.md
[2026-06-21T20:36:54Z] compose: task (canonical prompt)
[2026-06-21T20:36:54Z] compose: extra-context=runs/T201/fixes/context-20260621T203654Z.md
[2026-06-21T20:36:54Z] snapshot: runtime-prompt=runs/T201/prompts/planner-attempt-3.md
[2026-06-21T20:38:40Z] auto-run: step=planner done rc=0
[2026-06-21T20:38:42Z] planner checkpoint: committed
[2026-06-21T20:38:42Z] planner checkpoint: pushed
[2026-06-21T20:38:42Z] planner validation success
[2026-06-21T20:38:42Z] auto-run: transition PLAN_FIX_REQUIRED → PLAN_REVIEW_NEEDED
[2026-06-21T20:38:42Z] auto-run: auto-commit triggered (step=planner, include_code=True)
[2026-06-21T20:38:42Z] commit-checkpoint: unstaged runtime garbage: ['runs/T201/runtime.log']
[2026-06-21T20:38:42Z] commit-checkpoint: sha=58f389ca files=2 title='docs(T201/workflow): planner — update 2 file(s)'
[2026-06-21T20:38:42Z] auto-run: auto-push triggered
[2026-06-21T20:38:42Z] push: tolerating runtime dirty files (not blocking): ['runs/T201/runtime.log']
[2026-06-21T20:38:42Z] push: pushing branch=ticket/T201-t201-add-execution-rules-engine-and-policy-based-t
[2026-06-21T20:38:44Z] push: done branch=ticket/T201-t201-add-execution-rules-engine-and-policy-based-t
[2026-06-21T20:41:30Z] auto-run start: state=PLAN_FIX_REQUIRED
[2026-06-21T20:41:30Z] auto-run: running step=planner
[2026-06-21T20:41:30Z] auto-run: fix context: previous_output=runs/T201/plan.md
[2026-06-21T20:41:30Z] auto-run: fix context: review=runs/T201/reviews/plan-review-ready-to-take-rule-alignment.md
[2026-06-21T20:41:30Z] auto-run: fix context: fix_instructions=runs/T201/fixes/plan-fix-replace-summary-with-full-plan.md
[2026-06-21T20:41:30Z] auto-run: fix context: context_file=runs/T201/fixes/context-20260621T204130Z.md
[2026-06-21T20:41:30Z] prompt: resolved=prompts/generic/planner.md source=generic
[2026-06-21T20:41:30Z] prompt: generic fallback — injecting runs/T201/ticket.md
[2026-06-21T20:41:30Z] compose: global-context=docs/ai/global-context.md
[2026-06-21T20:41:30Z] compose: role=ai/roles/planner.md
[2026-06-21T20:41:30Z] compose: skill=ai/skills/workflow-discipline.md
[2026-06-21T20:41:30Z] compose: skill=ai/skills/architecture-discipline.md
[2026-06-21T20:41:30Z] compose: skill=ai/skills/documentation.md
[2026-06-21T20:41:30Z] compose: task (canonical prompt)
[2026-06-21T20:41:30Z] compose: extra-context=runs/T201/fixes/context-20260621T204130Z.md
[2026-06-21T20:41:30Z] snapshot: runtime-prompt=runs/T201/prompts/planner-attempt-4.md
[2026-06-21T20:43:46Z] auto-run: step=planner done rc=0
[2026-06-21T20:45:57Z] auto-run start: state=PLAN_FIX_REQUIRED
[2026-06-21T20:45:57Z] auto-run: running step=planner
[2026-06-21T20:45:57Z] auto-run: fix context: previous_output=runs/T201/plan.md
[2026-06-21T20:45:57Z] auto-run: fix context: review=runs/T201/reviews/plan-review-ready-to-take-rule-alignment.md
[2026-06-21T20:45:57Z] auto-run: fix context: fix_instructions=runs/T201/fixes/plan-fix-replace-summary-with-full-plan.md
[2026-06-21T20:45:57Z] auto-run: fix context: context_file=runs/T201/fixes/context-20260621T204557Z.md
[2026-06-21T20:45:57Z] prompt: resolved=prompts/generic/planner.md source=generic
[2026-06-21T20:45:57Z] prompt: generic fallback — injecting runs/T201/ticket.md
[2026-06-21T20:45:57Z] compose: global-context=docs/ai/global-context.md
[2026-06-21T20:45:57Z] compose: role=ai/roles/planner.md
[2026-06-21T20:45:57Z] compose: skill=ai/skills/workflow-discipline.md
[2026-06-21T20:45:57Z] compose: skill=ai/skills/architecture-discipline.md
[2026-06-21T20:45:57Z] compose: skill=ai/skills/documentation.md
[2026-06-21T20:45:57Z] compose: task (canonical prompt)
[2026-06-21T20:45:57Z] compose: extra-context=runs/T201/fixes/context-20260621T204557Z.md
[2026-06-21T20:45:57Z] snapshot: runtime-prompt=runs/T201/prompts/planner-attempt-5.md
[2026-06-21T20:48:16Z] auto-run: step=planner done rc=0
[2026-06-21T20:48:18Z] planner checkpoint: committed
[2026-06-21T20:48:18Z] planner checkpoint: pushed
[2026-06-21T20:48:18Z] planner validation success
[2026-06-21T20:48:18Z] auto-run: transition PLAN_FIX_REQUIRED → PLAN_REVIEW_NEEDED
[2026-06-21T20:48:18Z] auto-run: auto-commit triggered (step=planner, include_code=True)
[2026-06-21T20:48:18Z] commit-checkpoint: unstaged runtime garbage: ['runs/T201/runtime.log']
[2026-06-21T20:48:18Z] commit-checkpoint: sha=f43602fe files=2 title='docs(T201/workflow): planner — update 2 file(s)'
[2026-06-21T20:48:18Z] auto-run: auto-push triggered
[2026-06-21T20:48:18Z] push: tolerating runtime dirty files (not blocking): ['runs/T201/runtime.log']
[2026-06-21T20:48:18Z] push: pushing branch=ticket/T201-t201-add-execution-rules-engine-and-policy-based-t
[2026-06-21T20:48:20Z] push: done branch=ticket/T201-t201-add-execution-rules-engine-and-policy-based-t
[2026-06-21T20:51:06Z] auto-run start: state=PLAN_FIX_REQUIRED
[2026-06-21T20:51:06Z] auto-run: running step=planner
[2026-06-21T20:51:06Z] auto-run: fix context: previous_output=runs/T201/plan.md
[2026-06-21T20:51:06Z] auto-run: fix context: review=runs/T201/reviews/plan-review-ready-to-take-rule-alignment.md
[2026-06-21T20:51:06Z] auto-run: fix context: fix_instructions=runs/T201/fixes/plan-fix-plan-file-must-contain-real-content.md
[2026-06-21T20:51:06Z] auto-run: fix context: context_file=runs/T201/fixes/context-20260621T205106Z.md
[2026-06-21T20:51:06Z] prompt: resolved=prompts/generic/planner.md source=generic
[2026-06-21T20:51:06Z] prompt: generic fallback — injecting runs/T201/ticket.md
[2026-06-21T20:51:06Z] compose: global-context=docs/ai/global-context.md
[2026-06-21T20:51:06Z] compose: role=ai/roles/planner.md
[2026-06-21T20:51:06Z] compose: skill=ai/skills/workflow-discipline.md
[2026-06-21T20:51:06Z] compose: skill=ai/skills/architecture-discipline.md
[2026-06-21T20:51:06Z] compose: skill=ai/skills/documentation.md
[2026-06-21T20:51:06Z] compose: task (canonical prompt)
[2026-06-21T20:51:06Z] compose: extra-context=runs/T201/fixes/context-20260621T205106Z.md
[2026-06-21T20:51:06Z] snapshot: runtime-prompt=runs/T201/prompts/planner-attempt-6.md
[2026-06-21T20:54:17Z] auto-run: step=planner done rc=0
[2026-06-21T20:54:19Z] planner checkpoint: committed
[2026-06-21T20:54:19Z] planner checkpoint: pushed
[2026-06-21T20:54:19Z] planner validation success
[2026-06-21T20:54:19Z] auto-run: transition PLAN_FIX_REQUIRED → PLAN_REVIEW_NEEDED
[2026-06-21T20:54:19Z] auto-run: auto-commit triggered (step=planner, include_code=True)
[2026-06-21T20:54:19Z] commit-checkpoint: unstaged runtime garbage: ['runs/T201/runtime.log']
[2026-06-21T20:54:19Z] commit-checkpoint: sha=75a5503c files=2 title='docs(T201/workflow): planner — update 2 file(s)'
[2026-06-21T20:54:19Z] auto-run: auto-push triggered
[2026-06-21T20:54:20Z] push: tolerating runtime dirty files (not blocking): ['runs/T201/runtime.log']
[2026-06-21T20:54:20Z] push: pushing branch=ticket/T201-t201-add-execution-rules-engine-and-policy-based-t
[2026-06-21T20:54:21Z] push: done branch=ticket/T201-t201-add-execution-rules-engine-and-policy-based-t
[2026-06-21T20:56:36Z] auto-run start: state=PLAN_FIX_REQUIRED
[2026-06-21T20:56:36Z] auto-run: running step=planner
[2026-06-21T20:56:36Z] auto-run: fix context: previous_output=runs/T201/plan.md
[2026-06-21T20:56:36Z] auto-run: fix context: review=runs/T201/reviews/plan-review-ready-to-take-rule-alignment.md
[2026-06-21T20:56:36Z] auto-run: fix context: fix_instructions=runs/T201/fixes/plan-fix-plan-file-must-contain-real-content.md
[2026-06-21T20:56:36Z] auto-run: fix context: context_file=runs/T201/fixes/context-20260621T205636Z.md
[2026-06-21T20:56:36Z] prompt: resolved=prompts/generic/planner.md source=generic
[2026-06-21T20:56:36Z] prompt: generic fallback — injecting runs/T201/ticket.md
[2026-06-21T20:56:36Z] compose: global-context=docs/ai/global-context.md
[2026-06-21T20:56:36Z] compose: role=ai/roles/planner.md
[2026-06-21T20:56:36Z] compose: skill=ai/skills/workflow-discipline.md
[2026-06-21T20:56:36Z] compose: skill=ai/skills/architecture-discipline.md
[2026-06-21T20:56:36Z] compose: skill=ai/skills/documentation.md
[2026-06-21T20:56:36Z] compose: task (canonical prompt)
[2026-06-21T20:56:36Z] compose: extra-context=runs/T201/fixes/context-20260621T205636Z.md
[2026-06-21T20:56:36Z] snapshot: runtime-prompt=runs/T201/prompts/planner-attempt-7.md
[2026-06-21T21:00:47Z] auto-run: step=planner done rc=0
[2026-06-21T21:00:49Z] planner checkpoint: committed
[2026-06-21T21:00:49Z] planner checkpoint: pushed
[2026-06-21T21:00:49Z] planner validation success
[2026-06-21T21:00:49Z] auto-run: transition PLAN_FIX_REQUIRED → PLAN_REVIEW_NEEDED
[2026-06-21T21:00:49Z] auto-run: auto-commit triggered (step=planner, include_code=True)
[2026-06-21T21:00:49Z] commit-checkpoint: unstaged runtime garbage: ['runs/T201/runtime.log']
[2026-06-21T21:00:49Z] commit-checkpoint: sha=3ef95c1c files=2 title='docs(T201/workflow): planner — update 2 file(s)'
[2026-06-21T21:00:49Z] auto-run: auto-push triggered
[2026-06-21T21:00:49Z] push: tolerating runtime dirty files (not blocking): ['runs/T201/runtime.log']
[2026-06-21T21:00:49Z] push: pushing branch=ticket/T201-t201-add-execution-rules-engine-and-policy-based-t
[2026-06-21T21:00:51Z] push: done branch=ticket/T201-t201-add-execution-rules-engine-and-policy-based-t
[2026-06-21T21:03:06Z] auto-run start: state=PLAN_FIX_REQUIRED
[2026-06-21T21:03:06Z] auto-run: running step=planner
[2026-06-21T21:03:06Z] auto-run: fix context: previous_output=runs/T201/plan.md
[2026-06-21T21:03:06Z] auto-run: fix context: review=runs/T201/reviews/plan-review-ready-to-take-rule-alignment.md
[2026-06-21T21:03:06Z] auto-run: fix context: fix_instructions=runs/T201/fixes/plan-fix-discard-and-rewrite-complete-plan.md
[2026-06-21T21:03:06Z] auto-run: fix context: context_file=runs/T201/fixes/context-20260621T210306Z.md
[2026-06-21T21:03:06Z] prompt: resolved=prompts/generic/planner.md source=generic
[2026-06-21T21:03:06Z] prompt: generic fallback — injecting runs/T201/ticket.md
[2026-06-21T21:03:06Z] compose: global-context=docs/ai/global-context.md
[2026-06-21T21:03:06Z] compose: role=ai/roles/planner.md
[2026-06-21T21:03:06Z] compose: skill=ai/skills/workflow-discipline.md
[2026-06-21T21:03:06Z] compose: skill=ai/skills/architecture-discipline.md
[2026-06-21T21:03:06Z] compose: skill=ai/skills/documentation.md
[2026-06-21T21:03:06Z] compose: task (canonical prompt)
[2026-06-21T21:03:06Z] compose: extra-context=runs/T201/fixes/context-20260621T210306Z.md
[2026-06-21T21:03:06Z] snapshot: runtime-prompt=runs/T201/prompts/planner-attempt-8.md
[2026-06-21T21:06:14Z] auto-run: step=planner done rc=0
[2026-06-21T21:06:17Z] planner checkpoint: committed
[2026-06-21T21:06:17Z] planner checkpoint: pushed
[2026-06-21T21:06:17Z] planner validation success
[2026-06-21T21:06:17Z] auto-run: transition PLAN_FIX_REQUIRED → PLAN_REVIEW_NEEDED
[2026-06-21T21:06:17Z] auto-run: auto-commit triggered (step=planner, include_code=True)
[2026-06-21T21:06:17Z] commit-checkpoint: unstaged runtime garbage: ['runs/T201/runtime.log']
[2026-06-21T21:06:17Z] commit-checkpoint: sha=01fcd9a3 files=2 title='docs(T201/workflow): planner — update 2 file(s)'
[2026-06-21T21:06:17Z] auto-run: auto-push triggered
[2026-06-21T21:06:17Z] push: tolerating runtime dirty files (not blocking): ['runs/T201/runtime.log']
[2026-06-21T21:06:17Z] push: pushing branch=ticket/T201-t201-add-execution-rules-engine-and-policy-based-t
[2026-06-21T21:06:19Z] push: done branch=ticket/T201-t201-add-execution-rules-engine-and-policy-based-t
[2026-06-21T21:08:01Z] auto-run start: state=PLAN_FIX_REQUIRED
[2026-06-21T21:08:01Z] auto-run: running step=planner
[2026-06-21T21:08:01Z] auto-run: fix context: previous_output=runs/T201/plan.md
[2026-06-21T21:08:01Z] auto-run: fix context: review=runs/T201/reviews/plan-review-ready-to-take-rule-alignment.md
[2026-06-21T21:08:01Z] auto-run: fix context: fix_instructions=runs/T201/fixes/plan-fix-discard-and-rewrite-complete-plan.md
[2026-06-21T21:08:01Z] auto-run: fix context: context_file=runs/T201/fixes/context-20260621T210801Z.md
[2026-06-21T21:08:01Z] prompt: resolved=prompts/generic/planner.md source=generic
[2026-06-21T21:08:01Z] prompt: generic fallback — injecting runs/T201/ticket.md
[2026-06-21T21:08:01Z] compose: global-context=docs/ai/global-context.md
[2026-06-21T21:08:01Z] compose: role=ai/roles/planner.md
[2026-06-21T21:08:01Z] compose: skill=ai/skills/workflow-discipline.md
[2026-06-21T21:08:01Z] compose: skill=ai/skills/architecture-discipline.md
[2026-06-21T21:08:01Z] compose: skill=ai/skills/documentation.md
[2026-06-21T21:08:01Z] compose: task (canonical prompt)
[2026-06-21T21:08:01Z] compose: extra-context=runs/T201/fixes/context-20260621T210801Z.md
[2026-06-21T21:08:01Z] snapshot: runtime-prompt=runs/T201/prompts/planner-attempt-9.md
[2026-06-21T21:10:07Z] auto-run: step=planner done rc=0
[2026-06-21T21:10:10Z] planner checkpoint: committed
[2026-06-21T21:10:10Z] planner checkpoint: pushed
[2026-06-21T21:10:10Z] planner validation success
[2026-06-21T21:10:10Z] auto-run: transition PLAN_FIX_REQUIRED → PLAN_REVIEW_NEEDED
[2026-06-21T21:10:10Z] auto-run: auto-commit triggered (step=planner, include_code=True)
[2026-06-21T21:10:10Z] commit-checkpoint: unstaged runtime garbage: ['runs/T201/runtime.log']
[2026-06-21T21:10:10Z] commit-checkpoint: sha=265e3760 files=2 title='docs(T201/workflow): planner — update 2 file(s)'
[2026-06-21T21:10:10Z] auto-run: auto-push triggered
[2026-06-21T21:10:10Z] push: tolerating runtime dirty files (not blocking): ['runs/T201/runtime.log']
[2026-06-21T21:10:10Z] push: pushing branch=ticket/T201-t201-add-execution-rules-engine-and-policy-based-t
[2026-06-21T21:10:12Z] push: done branch=ticket/T201-t201-add-execution-rules-engine-and-policy-based-t
[2026-06-21T22:00:55Z] auto-run start: state=PLAN_FIX_REQUIRED
[2026-06-21T22:00:55Z] auto-run: running step=planner
[2026-06-21T22:00:55Z] auto-run: fix context: previous_output=runs/T201/plan.md
[2026-06-21T22:00:55Z] auto-run: fix context: review=runs/T201/reviews/plan-review-ready-to-take-rule-alignment.md
[2026-06-21T22:00:55Z] auto-run: fix context: fix_instructions=runs/T201/fixes/plan-fix-discard-and-rewrite-complete-plan.md
[2026-06-21T22:00:55Z] auto-run: fix context: context_file=runs/T201/fixes/context-20260621T220055Z.md
[2026-06-21T22:00:55Z] prompt: resolved=prompts/generic/planner.md source=generic
[2026-06-21T22:00:55Z] prompt: generic fallback — injecting runs/T201/ticket.md
[2026-06-21T22:00:55Z] compose: global-context=docs/ai/global-context.md
[2026-06-21T22:00:55Z] compose: role=ai/roles/planner.md
[2026-06-21T22:00:55Z] compose: skill=ai/skills/workflow-discipline.md
[2026-06-21T22:00:55Z] compose: skill=ai/skills/architecture-discipline.md
[2026-06-21T22:00:55Z] compose: skill=ai/skills/documentation.md
[2026-06-21T22:00:55Z] compose: task (canonical prompt)
[2026-06-21T22:00:55Z] compose: extra-context=runs/T201/fixes/context-20260621T220055Z.md
[2026-06-21T22:00:55Z] snapshot: runtime-prompt=runs/T201/prompts/planner-attempt-10.md
[2026-06-21T22:02:21Z] auto-run: step=planner done rc=0
[2026-06-21T22:02:23Z] planner checkpoint: committed
[2026-06-21T22:02:23Z] planner checkpoint: pushed
[2026-06-21T22:02:23Z] planner validation success
[2026-06-21T22:02:23Z] auto-run: transition PLAN_FIX_REQUIRED → PLAN_REVIEW_NEEDED
[2026-06-21T22:02:23Z] auto-run: auto-commit triggered (step=planner, include_code=True)
[2026-06-21T22:02:23Z] commit-checkpoint: unstaged runtime garbage: ['runs/T201/runtime.log']
[2026-06-21T22:02:23Z] commit-checkpoint: sha=d543b055 files=2 title='docs(T201/workflow): planner — update 2 file(s)'
[2026-06-21T22:02:23Z] auto-run: auto-push triggered
[2026-06-21T22:02:23Z] push: tolerating runtime dirty files (not blocking): ['runs/T201/runtime.log']
[2026-06-21T22:02:23Z] push: pushing branch=ticket/T201-t201-add-execution-rules-engine-and-policy-based-t
[2026-06-21T22:02:25Z] push: done branch=ticket/T201-t201-add-execution-rules-engine-and-policy-based-t
[2026-06-22T06:40:50Z] auto-run start: state=PLAN_FIX_REQUIRED
[2026-06-22T06:40:50Z] auto-run: running step=planner
[2026-06-22T06:40:50Z] auto-run: fix context: previous_output=runs/T201/plan.md
[2026-06-22T06:40:50Z] auto-run: fix context: review=runs/T201/reviews/plan-review-ready-to-take-rule-alignment.md
[2026-06-22T06:40:50Z] auto-run: fix context: fix_instructions=runs/T201/fixes/plan-fix-discard-and-rewrite-complete-plan.md
[2026-06-22T06:40:50Z] auto-run: fix context: context_file=runs/T201/fixes/context-20260622T064050Z.md
[2026-06-22T06:40:50Z] prompt: resolved=prompts/generic/planner.md source=generic
[2026-06-22T06:40:50Z] prompt: generic fallback — injecting runs/T201/ticket.md
[2026-06-22T06:40:50Z] compose: global-context=docs/ai/global-context.md
[2026-06-22T06:40:50Z] compose: role=ai/roles/planner.md
[2026-06-22T06:40:50Z] compose: skill=ai/skills/workflow-discipline.md
[2026-06-22T06:40:50Z] compose: skill=ai/skills/architecture-discipline.md
[2026-06-22T06:40:50Z] compose: skill=ai/skills/documentation.md
[2026-06-22T06:40:50Z] compose: task (canonical prompt)
[2026-06-22T06:40:50Z] compose: extra-context=runs/T201/fixes/context-20260622T064050Z.md
[2026-06-22T06:40:50Z] snapshot: runtime-prompt=runs/T201/prompts/planner-attempt-11.md
[2026-06-22T06:41:59Z] auto-run: step=planner done rc=0
