[2026-05-12T09:05:11Z] ensure-branch: creating new branch ticket/T015-dynamic-review-decision-keywords
[2026-05-12T09:05:11Z] ensure-branch: done branch=ticket/T015-dynamic-review-decision-keywords
[2026-05-12T09:05:18Z] auto-init: state=INIT branch=ticket/T015-dynamic-review-decision-keywords
[2026-05-12T09:05:23Z] auto-run start: state=INIT
[2026-05-12T09:05:23Z] auto-run: running step=planner
[2026-05-12T09:05:23Z] compose: global-context=docs/ai/global-context.md
[2026-05-12T09:05:23Z] compose: role=ai/roles/planner.md
[2026-05-12T09:05:23Z] compose: skill=ai/skills/workflow-discipline.md
[2026-05-12T09:05:23Z] compose: skill=ai/skills/architecture-discipline.md
[2026-05-12T09:05:23Z] compose: skill=ai/skills/documentation.md
[2026-05-12T09:05:23Z] compose: task (canonical prompt)
[2026-05-12T09:07:59Z] auto-run: step=planner done rc=0
[2026-05-12T09:07:59Z] planner validation failed: section manquante: «contexte» (attendu: ## contexte | ## diagnostic | ## contexte et diagnostic | ## contexte technique)
[2026-05-12T09:07:59Z] planner validation failed: section manquante: «objectif» (attendu: ## objectif | ## objectifs | ## but)
[2026-05-12T09:07:59Z] planner validation failed: section manquante: «hors scope» (attendu: ## hors scope | ## hors périmètre | ## non inclus | ## exclusions)
[2026-05-12T09:07:59Z] planner validation failed: section manquante: «critères d’acceptation» (attendu: ## critères d’acceptation | ## critères | ## validation | ## critères de validation | ## acceptance criteria)
[2026-05-12T09:07:59Z] planner validation: rejected — state unchanged
[2026-05-12T09:12:46Z] set-state: INIT → PLAN_APPROVED (human)
[2026-05-12T09:12:50Z] commit-checkpoint: sha=367afa3 message='T015: checkpoint [PLAN_APPROVED] — update workflow artifacts'
[2026-05-12T09:12:53Z] auto-run start: state=PLAN_APPROVED
[2026-05-12T09:12:53Z] auto-run: running step=coder
[2026-05-12T09:12:54Z] compose: global-context=docs/ai/global-context.md
[2026-05-12T09:12:54Z] compose: role=ai/roles/coder.md
[2026-05-12T09:12:54Z] compose: skill=ai/skills/workflow-discipline.md
[2026-05-12T09:12:54Z] compose: skill=ai/skills/git-discipline.md
[2026-05-12T09:12:54Z] compose: skill=ai/skills/code-quality.md
[2026-05-12T09:12:54Z] compose: skill=ai/skills/refactor-safety.md
[2026-05-12T09:12:54Z] compose: skill=ai/skills/security.md
[2026-05-12T09:12:54Z] compose: task (canonical prompt)
[2026-05-12T09:14:51Z] auto-run: step=coder done rc=0
[2026-05-12T09:14:51Z] auto-run: transition PLAN_APPROVED → IMPLEMENTATION_REVIEW_NEEDED
[2026-05-12T09:16:56Z] auto-run start: state=IMPLEMENTATION_REVIEW_NEEDED
[2026-05-12T09:16:56Z] auto-run gate failed: working tree is not clean — commit or stash changes first
[2026-05-12T09:17:16Z] auto-run start: state=IMPLEMENTATION_REVIEW_NEEDED
[2026-05-12T09:17:16Z] auto-run: running step=review
[2026-05-12T09:17:16Z] auto-run: review decision context: context_file=runs/T015/reviews/review-decision-context-IMPLEMENTATION_REVIEW_NEEDED.md
[2026-05-12T09:17:16Z] compose: global-context=docs/ai/global-context.md
[2026-05-12T09:17:16Z] compose: role=ai/roles/reviewer.md
[2026-05-12T09:17:16Z] compose: skill=ai/skills/workflow-discipline.md
[2026-05-12T09:17:16Z] compose: skill=ai/skills/code-quality.md
[2026-05-12T09:17:16Z] compose: skill=ai/skills/refactor-safety.md
[2026-05-12T09:17:16Z] compose: skill=ai/skills/security.md
[2026-05-12T09:17:16Z] compose: task (canonical prompt)
[2026-05-12T09:17:16Z] compose: extra-context=runs/T015/reviews/review-decision-context-IMPLEMENTATION_REVIEW_NEEDED.md
[2026-05-12T09:18:56Z] auto-run: step=review done rc=0
[2026-05-12T09:18:56Z] auto-run: review parsed from: runs/T015/reviews/implementation-review.md
[2026-05-12T09:18:56Z] auto-run: keyword detected: IMPLEMENTATION_APPROVED
[2026-05-12T09:18:56Z] auto-run: transition IMPLEMENTATION_REVIEW_NEEDED → IMPLEMENTATION_APPROVED
[2026-05-12T09:21:37Z] commit-checkpoint: sha=90de15d message='T015: checkpoint [IMPLEMENTATION_APPROVED] — update workflow artifacts'
[2026-05-12T09:21:51Z] auto-run start: state=IMPLEMENTATION_APPROVED
[2026-05-12T09:21:51Z] auto-run: running step=tester
[2026-05-12T09:21:51Z] compose: global-context=docs/ai/global-context.md
[2026-05-12T09:21:51Z] compose: role=ai/roles/tester.md
[2026-05-12T09:21:51Z] compose: skill=ai/skills/workflow-discipline.md
[2026-05-12T09:21:51Z] compose: skill=ai/skills/testing.md
[2026-05-12T09:21:51Z] compose: skill=ai/skills/debugging.md
[2026-05-12T09:21:51Z] compose: task (canonical prompt)
[2026-05-12T09:22:53Z] auto-run: step=tester done rc=0
[2026-05-12T09:22:53Z] auto-run: transition IMPLEMENTATION_APPROVED → TEST_COMPLETE
[2026-05-12T09:23:56Z] commit-checkpoint: sha=474610d message='T015: checkpoint [TEST_COMPLETE] — update workflow artifacts'
