[2026-05-21T19:23:31Z] auto-run start: state=INIT
[2026-05-21T19:23:31Z] auto-run: running step=planner
[2026-05-21T19:23:31Z] prompt: resolved=prompts/generic/planner.md source=generic
[2026-05-21T19:23:31Z] prompt: generic fallback — injecting runs/T129/ticket.md
[2026-05-21T19:23:31Z] compose: global-context=docs/ai/global-context.md
[2026-05-21T19:23:31Z] compose: role=ai/roles/planner.md
[2026-05-21T19:23:31Z] compose: skill=ai/skills/workflow-discipline.md
[2026-05-21T19:23:31Z] compose: skill=ai/skills/architecture-discipline.md
[2026-05-21T19:23:31Z] compose: skill=ai/skills/documentation.md
[2026-05-21T19:23:31Z] compose: task (canonical prompt)
[2026-05-21T19:23:31Z] snapshot: runtime-prompt=runs/T129/prompts/planner-attempt-1.md
[2026-05-21T19:27:02Z] auto-run: step=planner done rc=0
[2026-05-21T19:27:04Z] planner checkpoint: committed
[2026-05-21T19:27:04Z] planner checkpoint: pushed
[2026-05-21T19:27:04Z] planner validation success
[2026-05-21T19:27:04Z] auto-run: transition INIT → PLAN_REVIEW_NEEDED
[2026-05-21T19:27:04Z] auto-run: auto-commit triggered (step=planner, include_code=True)
[2026-05-21T19:27:04Z] commit-checkpoint: unstaged runtime garbage: ['runs/T129/runtime.log']
[2026-05-21T19:27:04Z] commit-checkpoint: sha=6cec94d4 files=2 title='docs(T129/workflow): planner — update 2 file(s)'
[2026-05-21T19:27:04Z] auto-run: auto-push triggered
[2026-05-21T19:27:04Z] push: tolerating runtime dirty files (not blocking): ['runs/T129/runtime.log']
[2026-05-21T19:27:04Z] push: pushing branch=ticket/T129-t129-deployer-execution-and-healthchecks
[2026-05-21T19:27:06Z] push: done branch=ticket/T129-t129-deployer-execution-and-healthchecks
[2026-05-21T19:45:58Z] auto-run start: state=IMPLEMENTATION_APPROVED
[2026-05-21T19:45:58Z] auto-run: running step=tester
[2026-05-21T19:45:58Z] prompt: resolved=prompts/generic/tester.md source=generic
[2026-05-21T19:45:58Z] prompt: generic fallback — injecting runs/T129/ticket.md
[2026-05-21T19:45:58Z] compose: global-context=docs/ai/global-context.md
[2026-05-21T19:45:58Z] compose: role=ai/roles/tester.md
[2026-05-21T19:45:58Z] compose: skill=ai/skills/workflow-discipline.md
[2026-05-21T19:45:58Z] compose: skill=ai/skills/testing.md
[2026-05-21T19:45:58Z] compose: skill=ai/skills/debugging.md
[2026-05-21T19:45:58Z] compose: task (canonical prompt)
[2026-05-21T19:45:58Z] snapshot: runtime-prompt=runs/T129/prompts/tester-attempt-1.md
