[2026-05-21T18:44:43Z] auto-run start: state=INIT
[2026-05-21T18:44:43Z] auto-run: running step=planner
[2026-05-21T18:44:43Z] prompt: resolved=prompts/generic/planner.md source=generic
[2026-05-21T18:44:43Z] prompt: generic fallback — injecting runs/T128/ticket.md
[2026-05-21T18:44:43Z] compose: global-context=docs/ai/global-context.md
[2026-05-21T18:44:43Z] compose: role=ai/roles/planner.md
[2026-05-21T18:44:43Z] compose: skill=ai/skills/workflow-discipline.md
[2026-05-21T18:44:43Z] compose: skill=ai/skills/architecture-discipline.md
[2026-05-21T18:44:43Z] compose: skill=ai/skills/documentation.md
[2026-05-21T18:44:43Z] compose: task (canonical prompt)
[2026-05-21T18:44:43Z] snapshot: runtime-prompt=runs/T128/prompts/planner-attempt-1.md
[2026-05-21T18:48:03Z] auto-run: step=planner done rc=0
[2026-05-21T18:50:29Z] auto-run start: state=INIT
[2026-05-21T18:50:29Z] auto-run: running step=planner
[2026-05-21T18:50:29Z] prompt: resolved=prompts/generic/planner.md source=generic
[2026-05-21T18:50:29Z] prompt: generic fallback — injecting runs/T128/ticket.md
[2026-05-21T18:50:29Z] compose: global-context=docs/ai/global-context.md
[2026-05-21T18:50:29Z] compose: role=ai/roles/planner.md
[2026-05-21T18:50:29Z] compose: skill=ai/skills/workflow-discipline.md
[2026-05-21T18:50:29Z] compose: skill=ai/skills/architecture-discipline.md
[2026-05-21T18:50:29Z] compose: skill=ai/skills/documentation.md
[2026-05-21T18:50:29Z] compose: task (canonical prompt)
[2026-05-21T18:50:29Z] snapshot: runtime-prompt=runs/T128/prompts/planner-attempt-2.md
[2026-05-21T18:52:20Z] auto-run: step=planner done rc=0
[2026-05-21T18:52:22Z] planner checkpoint: committed
[2026-05-21T18:52:22Z] planner checkpoint: pushed
[2026-05-21T18:52:22Z] planner validation success
[2026-05-21T18:52:22Z] auto-run: transition INIT → PLAN_REVIEW_NEEDED
[2026-05-21T18:52:22Z] auto-run: auto-commit triggered (step=planner, include_code=True)
[2026-05-21T18:52:22Z] commit-checkpoint: unstaged runtime garbage: ['runs/T128/runtime.log']
[2026-05-21T18:52:22Z] commit-checkpoint: sha=07f60b6d files=2 title='docs(T128/workflow): planner — update 2 file(s)'
[2026-05-21T18:52:22Z] auto-run: auto-push triggered
[2026-05-21T18:52:22Z] push: tolerating runtime dirty files (not blocking): ['runs/T128/runtime.log']
[2026-05-21T18:52:22Z] push: pushing branch=ticket/T128-t128-host-supervisor-for-daemon-and-deployment-job
[2026-05-21T18:52:25Z] push: done branch=ticket/T128-t128-host-supervisor-for-daemon-and-deployment-job
[2026-05-21T18:57:38Z] auto-run start: state=PLAN_APPROVED
[2026-05-21T18:57:38Z] auto-run: running step=coder
[2026-05-21T18:57:38Z] prompt: resolved=prompts/generic/coder.md source=generic
[2026-05-21T18:57:38Z] prompt: generic fallback — injecting runs/T128/ticket.md
[2026-05-21T18:57:38Z] compose: global-context=docs/ai/global-context.md
[2026-05-21T18:57:38Z] compose: role=ai/roles/coder.md
[2026-05-21T18:57:38Z] compose: skill=ai/skills/workflow-discipline.md
[2026-05-21T18:57:38Z] compose: skill=ai/skills/git-discipline.md
[2026-05-21T18:57:38Z] compose: skill=ai/skills/code-quality.md
[2026-05-21T18:57:38Z] compose: skill=ai/skills/refactor-safety.md
[2026-05-21T18:57:38Z] compose: skill=ai/skills/security.md
[2026-05-21T18:57:38Z] compose: task (canonical prompt)
[2026-05-21T18:57:38Z] snapshot: runtime-prompt=runs/T128/prompts/coder-attempt-1.md
[2026-05-21T19:07:28Z] human-approval: refused 'approve-plan' — expected 'PLAN_REVIEW_NEEDED', got 'PLAN_APPROVED'
[2026-05-21T19:09:58Z] auto-run start: state=IMPLEMENTATION_REVIEW_NEEDED
[2026-05-21T19:09:58Z] auto-run: running step=review
[2026-05-21T19:09:58Z] auto-run: review decision context: context_file=runs/T128/reviews/review-decision-context-IMPLEMENTATION_REVIEW_NEEDED.md
[2026-05-21T19:09:58Z] prompt: resolved=prompts/generic/review.md source=generic
[2026-05-21T19:09:58Z] prompt: generic fallback — injecting runs/T128/ticket.md
[2026-05-21T19:09:58Z] compose: global-context=docs/ai/global-context.md
[2026-05-21T19:09:58Z] compose: role=ai/roles/reviewer.md
[2026-05-21T19:09:58Z] compose: skill=ai/skills/workflow-discipline.md
[2026-05-21T19:09:58Z] compose: skill=ai/skills/code-quality.md
[2026-05-21T19:09:58Z] compose: skill=ai/skills/refactor-safety.md
[2026-05-21T19:09:58Z] compose: skill=ai/skills/security.md
[2026-05-21T19:09:58Z] compose: task (canonical prompt)
[2026-05-21T19:09:58Z] compose: extra-context=runs/T128/reviews/review-decision-context-IMPLEMENTATION_REVIEW_NEEDED.md
[2026-05-21T19:09:58Z] snapshot: runtime-prompt=runs/T128/prompts/review-attempt-1.md
[2026-05-21T19:14:57Z] auto-run start: state=IMPLEMENTATION_APPROVED
[2026-05-21T19:14:57Z] auto-run: running step=tester
[2026-05-21T19:14:57Z] prompt: resolved=prompts/generic/tester.md source=generic
[2026-05-21T19:14:57Z] prompt: generic fallback — injecting runs/T128/ticket.md
[2026-05-21T19:14:57Z] compose: global-context=docs/ai/global-context.md
[2026-05-21T19:14:57Z] compose: role=ai/roles/tester.md
[2026-05-21T19:14:57Z] compose: skill=ai/skills/workflow-discipline.md
[2026-05-21T19:14:57Z] compose: skill=ai/skills/testing.md
[2026-05-21T19:14:57Z] compose: skill=ai/skills/debugging.md
[2026-05-21T19:14:57Z] compose: task (canonical prompt)
[2026-05-21T19:14:57Z] snapshot: runtime-prompt=runs/T128/prompts/tester-attempt-1.md
[2026-05-21T19:22:01Z] auto-run: step=tester done rc=0
[2026-05-21T19:22:01Z] auto-run: transition IMPLEMENTATION_APPROVED → TEST_COMPLETE
[2026-05-21T19:22:01Z] auto-run: auto-commit triggered (step=tester, include_code=True)
[2026-05-21T19:22:01Z] commit-checkpoint: unstaged runtime garbage: ['runs/T128/runtime.log']
[2026-05-21T19:22:01Z] commit-checkpoint: sha=42c0082e files=3 title='test(T128/workflow): tester — update 3 file(s)'
[2026-05-21T19:22:01Z] auto-run: auto-push triggered
[2026-05-21T19:22:01Z] push: tolerating runtime dirty files (not blocking): ['runs/T128/runtime.log']
[2026-05-21T19:22:01Z] push: pushing branch=ticket/T128-t128-host-supervisor-for-daemon-and-deployment-job
[2026-05-21T19:22:03Z] push: done branch=ticket/T128-t128-host-supervisor-for-daemon-and-deployment-job
