[2026-05-15T17:23:01Z] commit-checkpoint: skipped missing scope paths: package.json, package-lock.json
[2026-05-15T17:23:01Z] commit-checkpoint: sha=0c71ba6 message='T001: checkpoint [unknown] — update workflow artifacts'
[2026-05-15T17:23:01Z] push: warning — state.json absent, branch not verified
[2026-05-15T17:23:01Z] push: pushing branch=ticket/T001-work
[2026-05-15T17:23:02Z] push: failed branch=ticket/T001-work
[2026-05-15T21:30:43Z] commit-checkpoint: skipped missing scope paths: package.json, package-lock.json
[2026-05-15T21:30:44Z] commit-checkpoint: sha=5a420d9 message='T001: checkpoint [unknown] — update workflow artifacts'
[2026-05-15T21:30:44Z] push: warning — state.json absent, branch not verified
[2026-05-15T21:30:44Z] push: pushing branch=ticket/T001-work
[2026-05-15T21:30:44Z] push: failed branch=ticket/T001-work
[2026-05-15T21:31:15Z] commit-checkpoint: skipped missing scope paths: package.json, package-lock.json
[2026-05-15T21:31:15Z] commit-checkpoint: refused — nothing to commit in runs/
[2026-05-15T21:31:35Z] commit-checkpoint: skipped missing scope paths: package.json, package-lock.json
[2026-05-15T21:31:35Z] commit-checkpoint: refused — nothing to commit in runs/
[2026-05-15T21:33:55Z] commit-checkpoint: skipped missing scope paths: package.json, package-lock.json
[2026-05-15T21:33:55Z] commit-checkpoint: refused — nothing to commit in runs/
[2026-05-15T22:20:31Z] commit-checkpoint: skipped missing scope paths: package.json, package-lock.json
[2026-05-15T22:20:32Z] commit-checkpoint: sha=3f5ce33 message='T001: checkpoint [unknown] — update workflow artifacts'
[2026-05-15T22:20:32Z] push: warning — state.json absent, branch not verified
[2026-05-15T22:20:32Z] push: pushing branch=ticket/T001-work
[2026-05-15T22:20:32Z] push: failed branch=ticket/T001-work
[2026-05-15T22:20:32Z] commit-checkpoint: skipped missing scope paths: package.json, package-lock.json
[2026-05-15T22:20:32Z] commit-checkpoint: refused — nothing to commit in runs/
[2026-05-15T22:20:32Z] push: warning — state.json absent, branch not verified
[2026-05-15T22:20:32Z] push: pushing branch=ticket/T001-work
[2026-05-15T22:20:32Z] push: failed branch=ticket/T001-work
[2026-05-15T22:21:14Z] commit-checkpoint: skipped missing scope paths: package.json, package-lock.json
[2026-05-15T22:21:15Z] commit-checkpoint: refused — nothing to commit in runs/
[2026-05-15T22:21:15Z] push: warning — state.json absent, branch not verified
[2026-05-15T22:21:15Z] push: pushing branch=ticket/T001-work
[2026-05-15T22:21:15Z] push: failed branch=ticket/T001-work
[2026-05-15T22:21:15Z] commit-checkpoint: skipped missing scope paths: package.json, package-lock.json
[2026-05-15T22:21:15Z] commit-checkpoint: refused — nothing to commit in runs/
[2026-05-15T22:21:15Z] push: warning — state.json absent, branch not verified
[2026-05-15T22:21:15Z] push: pushing branch=ticket/T001-work
[2026-05-15T22:21:15Z] push: failed branch=ticket/T001-work
[2026-05-15T23:53:09Z] commit-checkpoint: skipped missing scope paths: package.json, package-lock.json
[2026-05-15T23:53:10Z] commit-checkpoint: sha=8fa7964 message='T001: checkpoint [unknown] — update workflow artifacts'
[2026-05-15T23:53:10Z] push: warning — state.json absent, branch not verified
[2026-05-15T23:53:10Z] push: pushing branch=ticket/T001-work
[2026-05-15T23:53:10Z] push: failed branch=ticket/T001-work
[2026-05-15T23:53:10Z] commit-checkpoint: skipped missing scope paths: package.json, package-lock.json
[2026-05-15T23:53:10Z] commit-checkpoint: refused — nothing to commit in runs/
[2026-05-15T23:53:10Z] push: warning — state.json absent, branch not verified
[2026-05-15T23:53:10Z] push: pushing branch=ticket/T001-work
[2026-05-15T23:53:10Z] push: failed branch=ticket/T001-work
[2026-05-15T23:53:15Z] commit-checkpoint: skipped missing scope paths: package.json, package-lock.json
[2026-05-15T23:53:15Z] commit-checkpoint: refused — nothing to commit in runs/
[2026-05-15T23:53:15Z] push: warning — state.json absent, branch not verified
[2026-05-15T23:53:15Z] push: pushing branch=ticket/T001-work
[2026-05-15T23:53:15Z] push: failed branch=ticket/T001-work
[2026-05-15T23:53:15Z] commit-checkpoint: skipped missing scope paths: package.json, package-lock.json
[2026-05-15T23:53:15Z] commit-checkpoint: refused — nothing to commit in runs/
[2026-05-15T23:53:15Z] push: warning — state.json absent, branch not verified
[2026-05-15T23:53:15Z] push: pushing branch=ticket/T001-work
[2026-05-15T23:53:15Z] push: failed branch=ticket/T001-work
[2026-05-15T23:53:35Z] commit-checkpoint: skipped missing scope paths: package.json, package-lock.json
[2026-05-15T23:53:35Z] commit-checkpoint: refused — nothing to commit in runs/
[2026-05-15T23:53:35Z] push: warning — state.json absent, branch not verified
[2026-05-15T23:53:35Z] push: pushing branch=ticket/T001-work
[2026-05-15T23:53:35Z] push: failed branch=ticket/T001-work
[2026-05-15T23:53:35Z] commit-checkpoint: skipped missing scope paths: package.json, package-lock.json
[2026-05-15T23:53:35Z] commit-checkpoint: refused — nothing to commit in runs/
[2026-05-15T23:53:35Z] push: warning — state.json absent, branch not verified
[2026-05-15T23:53:35Z] push: pushing branch=ticket/T001-work
[2026-05-15T23:53:35Z] push: failed branch=ticket/T001-work
