[2026-05-21T22:48:36Z] auto-run start: state=INIT
[2026-05-21T22:48:36Z] auto-run: running step=planner
[2026-05-21T22:48:36Z] prompt: resolved=prompts/generic/planner.md source=generic
[2026-05-21T22:48:36Z] prompt: generic fallback — injecting runs/T134/ticket.md
[2026-05-21T22:48:36Z] compose: global-context=docs/ai/global-context.md
[2026-05-21T22:48:36Z] compose: role=ai/roles/planner.md
[2026-05-21T22:48:36Z] compose: skill=ai/skills/workflow-discipline.md
[2026-05-21T22:48:36Z] compose: skill=ai/skills/architecture-discipline.md
[2026-05-21T22:48:36Z] compose: skill=ai/skills/documentation.md
[2026-05-21T22:48:36Z] compose: task (canonical prompt)
[2026-05-21T22:48:36Z] snapshot: runtime-prompt=runs/T134/prompts/planner-attempt-1.md
[2026-05-21T22:50:47Z] auto-run: step=planner done rc=0
[2026-05-21T22:50:49Z] planner checkpoint: committed
[2026-05-21T22:50:49Z] planner checkpoint: pushed
[2026-05-21T22:50:49Z] planner validation success
[2026-05-21T22:50:49Z] auto-run: transition INIT → PLAN_REVIEW_NEEDED
[2026-05-21T22:50:49Z] auto-run: auto-commit triggered (step=planner, include_code=True)
[2026-05-21T22:50:49Z] commit-checkpoint: unstaged runtime garbage: ['runs/T134/runtime.log']
[2026-05-21T22:50:49Z] commit-checkpoint: sha=070e1bf5 files=2 title='docs(T134/workflow): planner — update 2 file(s)'
[2026-05-21T22:50:49Z] auto-run: auto-push triggered
[2026-05-21T22:50:49Z] push: tolerating runtime dirty files (not blocking): ['runs/T134/runtime.log']
[2026-05-21T22:50:49Z] push: pushing branch=ticket/T134-t134-deploy-and-healthcheck-fix-loop-in-sandbox
[2026-05-21T22:50:51Z] push: done branch=ticket/T134-t134-deploy-and-healthcheck-fix-loop-in-sandbox
