[2026-05-14T22:24:52Z] ensure-branch: creating new branch ticket/T024-daemon-github-issue-polling
[2026-05-14T22:24:52Z] ensure-branch: done branch=ticket/T024-daemon-github-issue-polling
[2026-05-14T22:24:57Z] auto-init: state=INIT branch=ticket/T024-daemon-github-issue-polling
[2026-05-14T22:24:57Z] ticket-source: copied 'tickets/TODO/T024-daemon-github-issue-polling.md' → runs/T024/ticket.md
[2026-05-14T22:25:02Z] auto-run start: state=INIT
[2026-05-14T22:25:02Z] auto-run gate failed: working tree is not clean — commit or stash changes first
[2026-05-14T22:25:16Z] commit-checkpoint: sha=b7c04bc message='T024: checkpoint [INIT] — update workflow artifacts'
[2026-05-14T22:25:19Z] auto-run start: state=INIT
[2026-05-14T22:25:19Z] auto-run: running step=planner
[2026-05-14T22:25:19Z] prompt: resolved=prompts/generic/planner.md source=generic
[2026-05-14T22:25:19Z] prompt: generic fallback — injecting runs/T024/ticket.md
[2026-05-14T22:25:19Z] compose: global-context=docs/ai/global-context.md
[2026-05-14T22:25:19Z] compose: role=ai/roles/planner.md
[2026-05-14T22:25:19Z] compose: skill=ai/skills/workflow-discipline.md
[2026-05-14T22:25:19Z] compose: skill=ai/skills/architecture-discipline.md
[2026-05-14T22:25:19Z] compose: skill=ai/skills/documentation.md
[2026-05-14T22:25:19Z] compose: task (canonical prompt)
[2026-05-14T22:25:19Z] snapshot: runtime-prompt=runs/T024/prompts/planner-attempt-1.md
[2026-05-14T22:28:56Z] auto-run: step=planner done rc=0
[2026-05-14T22:28:56Z] planner validation success
[2026-05-14T22:28:56Z] auto-run: transition INIT → PLAN_REVIEW_NEEDED
[2026-05-14T22:30:23Z] human-approval: approve-plan — PLAN_REVIEW_NEEDED → PLAN_APPROVED
[2026-05-14T22:30:28Z] commit-checkpoint: sha=81a813e message='T024: checkpoint [PLAN_APPROVED] — update workflow artifacts'
[2026-05-14T22:30:32Z] auto-run start: state=PLAN_APPROVED
[2026-05-14T22:30:32Z] auto-run: running step=coder
[2026-05-14T22:30:32Z] prompt: resolved=prompts/generic/coder.md source=generic
[2026-05-14T22:30:32Z] prompt: generic fallback — injecting runs/T024/ticket.md
[2026-05-14T22:30:32Z] compose: global-context=docs/ai/global-context.md
[2026-05-14T22:30:32Z] compose: role=ai/roles/coder.md
[2026-05-14T22:30:32Z] compose: skill=ai/skills/workflow-discipline.md
[2026-05-14T22:30:32Z] compose: skill=ai/skills/git-discipline.md
[2026-05-14T22:30:32Z] compose: skill=ai/skills/code-quality.md
[2026-05-14T22:30:32Z] compose: skill=ai/skills/refactor-safety.md
[2026-05-14T22:30:32Z] compose: skill=ai/skills/security.md
[2026-05-14T22:30:32Z] compose: task (canonical prompt)
[2026-05-14T22:30:32Z] snapshot: runtime-prompt=runs/T024/prompts/coder-attempt-1.md
[2026-05-14T22:34:50Z] auto-run: step=coder done rc=0
[2026-05-14T22:34:50Z] auto-run: transition PLAN_APPROVED → IMPLEMENTATION_REVIEW_NEEDED
[2026-05-14T22:35:09Z] commit-checkpoint: sha=dbdebf8 message='T024: checkpoint [IMPLEMENTATION_REVIEW_NEEDED] — update workflow artifacts'
[2026-05-14T22:35:11Z] auto-run start: state=IMPLEMENTATION_REVIEW_NEEDED
[2026-05-14T22:35:11Z] auto-run: running step=review
[2026-05-14T22:35:11Z] auto-run: review decision context: context_file=runs/T024/reviews/review-decision-context-IMPLEMENTATION_REVIEW_NEEDED.md
[2026-05-14T22:35:11Z] prompt: resolved=prompts/generic/review.md source=generic
[2026-05-14T22:35:11Z] prompt: generic fallback — injecting runs/T024/ticket.md
[2026-05-14T22:35:11Z] compose: global-context=docs/ai/global-context.md
[2026-05-14T22:35:11Z] compose: role=ai/roles/reviewer.md
[2026-05-14T22:35:11Z] compose: skill=ai/skills/workflow-discipline.md
[2026-05-14T22:35:11Z] compose: skill=ai/skills/code-quality.md
[2026-05-14T22:35:11Z] compose: skill=ai/skills/refactor-safety.md
[2026-05-14T22:35:11Z] compose: skill=ai/skills/security.md
[2026-05-14T22:35:11Z] compose: task (canonical prompt)
[2026-05-14T22:35:11Z] compose: extra-context=runs/T024/reviews/review-decision-context-IMPLEMENTATION_REVIEW_NEEDED.md
[2026-05-14T22:35:11Z] snapshot: runtime-prompt=runs/T024/prompts/review-attempt-1.md
[2026-05-14T22:37:14Z] runtime failure: process_failed (rc=1)
[2026-05-14T22:37:14Z] auto-run: runtime failure: process_failed (rc=1)
[2026-05-14T22:37:14Z] auto-run: step=review done rc=1
[2026-05-14T22:37:14Z] auto-run: runtime failure: process_failed (rc=1)
[2026-05-14T22:37:14Z] auto-run: step=review failed rc=1, state unchanged=IMPLEMENTATION_REVIEW_NEEDED
[2026-05-15T06:33:39Z] commit-checkpoint: sha=95515b4 message='T024: checkpoint [IMPLEMENTATION_REVIEW_NEEDED] — update workflow artifacts'
[2026-05-15T06:33:43Z] auto-run start: state=IMPLEMENTATION_REVIEW_NEEDED
[2026-05-15T06:33:43Z] auto-run: running step=review
[2026-05-15T06:33:43Z] auto-run: review decision context: context_file=runs/T024/reviews/review-decision-context-IMPLEMENTATION_REVIEW_NEEDED.md
[2026-05-15T06:33:43Z] prompt: resolved=prompts/generic/review.md source=generic
[2026-05-15T06:33:43Z] prompt: generic fallback — injecting runs/T024/ticket.md
[2026-05-15T06:33:43Z] compose: global-context=docs/ai/global-context.md
[2026-05-15T06:33:43Z] compose: role=ai/roles/reviewer.md
[2026-05-15T06:33:43Z] compose: skill=ai/skills/workflow-discipline.md
[2026-05-15T06:33:43Z] compose: skill=ai/skills/code-quality.md
[2026-05-15T06:33:43Z] compose: skill=ai/skills/refactor-safety.md
[2026-05-15T06:33:43Z] compose: skill=ai/skills/security.md
[2026-05-15T06:33:43Z] compose: task (canonical prompt)
[2026-05-15T06:33:43Z] compose: extra-context=runs/T024/reviews/review-decision-context-IMPLEMENTATION_REVIEW_NEEDED.md
[2026-05-15T06:33:43Z] snapshot: runtime-prompt=runs/T024/prompts/review-attempt-2.md
[2026-05-15T06:35:57Z] auto-run: step=review done rc=0
[2026-05-15T06:35:57Z] auto-run: review parsed from: runs/T024/reviews/implementation-review.md
[2026-05-15T06:35:57Z] auto-run: keyword detected: IMPLEMENTATION_APPROVED
[2026-05-15T06:35:57Z] auto-run: transition IMPLEMENTATION_REVIEW_NEEDED → IMPLEMENTATION_APPROVED
[2026-05-15T06:37:02Z] commit-checkpoint: sha=fe099be message='T024: checkpoint [IMPLEMENTATION_APPROVED] — update workflow artifacts'
[2026-05-15T06:37:06Z] auto-run start: state=IMPLEMENTATION_APPROVED
[2026-05-15T06:37:06Z] auto-run: running step=tester
[2026-05-15T06:37:06Z] prompt: resolved=prompts/generic/tester.md source=generic
[2026-05-15T06:37:06Z] prompt: generic fallback — injecting runs/T024/ticket.md
[2026-05-15T06:37:06Z] compose: global-context=docs/ai/global-context.md
[2026-05-15T06:37:06Z] compose: role=ai/roles/tester.md
[2026-05-15T06:37:06Z] compose: skill=ai/skills/workflow-discipline.md
[2026-05-15T06:37:06Z] compose: skill=ai/skills/testing.md
[2026-05-15T06:37:06Z] compose: skill=ai/skills/debugging.md
[2026-05-15T06:37:06Z] compose: task (canonical prompt)
[2026-05-15T06:37:06Z] snapshot: runtime-prompt=runs/T024/prompts/tester-attempt-1.md
[2026-05-15T06:39:29Z] set-state: IMPLEMENTATION_APPROVED → TEST_COMPLETE (human)
[2026-05-15T06:39:50Z] auto-run: step=tester done rc=0
[2026-05-15T06:39:50Z] auto-run: transition IMPLEMENTATION_APPROVED → TEST_COMPLETE
[2026-05-15T06:52:31Z] commit-checkpoint: sha=8682f45 message='T024: checkpoint [TEST_COMPLETE] — update workflow artifacts'
[2026-05-15T06:52:52Z] push: pushing branch=ticket/T024-daemon-github-issue-polling
[2026-05-15T06:52:54Z] push: done branch=ticket/T024-daemon-github-issue-polling
