[2026-06-22T14:04:04Z] auto-run start: state=INIT
[2026-06-22T14:04:04Z] auto-run: running step=planner
[2026-06-22T14:04:04Z] prompt: resolved=prompts/generic/planner.md source=generic
[2026-06-22T14:04:04Z] prompt: generic fallback — injecting runs/T203/ticket.md
[2026-06-22T14:04:04Z] compose: global-context=docs/ai/global-context.md
[2026-06-22T14:04:04Z] compose: role=ai/roles/planner.md
[2026-06-22T14:04:04Z] compose: skill=ai/skills/workflow-discipline.md
[2026-06-22T14:04:04Z] compose: skill=ai/skills/architecture-discipline.md
[2026-06-22T14:04:04Z] compose: skill=ai/skills/documentation.md
[2026-06-22T14:04:04Z] compose: task (canonical prompt)
[2026-06-22T14:04:04Z] snapshot: runtime-prompt=runs/T203/prompts/planner-attempt-1.md
[2026-06-22T14:06:37Z] auto-run: step=planner done rc=0
[2026-06-22T14:06:39Z] planner checkpoint: committed
[2026-06-22T14:06:39Z] planner checkpoint: pushed
[2026-06-22T14:06:39Z] planner validation success
[2026-06-22T14:06:39Z] auto-run: transition INIT → PLAN_REVIEW_NEEDED
[2026-06-22T14:06:39Z] auto-run: auto-commit triggered (step=planner, include_code=True)
[2026-06-22T14:06:39Z] commit-checkpoint: unstaged runtime garbage: ['runs/T203/runtime.log']
[2026-06-22T14:06:39Z] commit-checkpoint: sha=2e073dc3 files=2 title='docs(T203/workflow): planner — update 2 file(s)'
[2026-06-22T14:06:39Z] auto-run: auto-push triggered
[2026-06-22T14:06:39Z] push: tolerating runtime dirty files (not blocking): ['runs/T203/runtime.log']
[2026-06-22T14:06:39Z] push: pushing branch=ticket/T203-t203-add-stuck-ticket-diagnostics-and-recommended
[2026-06-22T14:06:42Z] push: done branch=ticket/T203-t203-add-stuck-ticket-diagnostics-and-recommended
