[2026-05-23T18:22:36Z] auto-run start: state=INIT
[2026-05-23T18:22:36Z] auto-run: running step=planner
[2026-05-23T18:22:36Z] prompt: resolved=prompts/generic/planner.md source=generic
[2026-05-23T18:22:36Z] prompt: generic fallback — injecting runs/T145/ticket.md
[2026-05-23T18:22:36Z] compose: global-context=docs/ai/global-context.md
[2026-05-23T18:22:36Z] compose: role=ai/roles/planner.md
[2026-05-23T18:22:36Z] compose: skill=ai/skills/workflow-discipline.md
[2026-05-23T18:22:36Z] compose: skill=ai/skills/architecture-discipline.md
[2026-05-23T18:22:36Z] compose: skill=ai/skills/documentation.md
[2026-05-23T18:22:36Z] compose: task (canonical prompt)
[2026-05-23T18:22:36Z] snapshot: runtime-prompt=runs/T145/prompts/planner-attempt-1.md
[2026-05-23T18:24:42Z] auto-run: step=planner done rc=0
[2026-05-23T18:24:44Z] planner checkpoint: committed
[2026-05-23T18:24:44Z] planner checkpoint: pushed
[2026-05-23T18:24:44Z] planner validation success
[2026-05-23T18:24:44Z] auto-run: transition INIT → PLAN_REVIEW_NEEDED
[2026-05-23T18:24:44Z] auto-run: auto-commit triggered (step=planner, include_code=True)
[2026-05-23T18:24:45Z] commit-checkpoint: unstaged runtime garbage: ['runs/T145/runtime.log']
[2026-05-23T18:24:45Z] commit-checkpoint: sha=0e19db00 files=2 title='docs(T145/workflow): planner — update 2 file(s)'
[2026-05-23T18:24:45Z] auto-run: auto-push triggered
[2026-05-23T18:24:45Z] push: tolerating runtime dirty files (not blocking): ['runs/T145/runtime.log']
[2026-05-23T18:24:45Z] push: pushing branch=ticket/T145-t145-harden-conflict-resolver-workflow
[2026-05-23T18:24:47Z] push: done branch=ticket/T145-t145-harden-conflict-resolver-workflow
[2026-05-23T19:30:32Z] auto-run start: state=IMPLEMENTATION_APPROVED
[2026-05-23T19:30:32Z] auto-run: running step=tester
[2026-05-23T19:30:32Z] prompt: resolved=prompts/generic/tester.md source=generic
[2026-05-23T19:30:32Z] prompt: generic fallback — injecting runs/T145/ticket.md
[2026-05-23T19:30:32Z] compose: global-context=docs/ai/global-context.md
[2026-05-23T19:30:32Z] compose: role=ai/roles/tester.md
[2026-05-23T19:30:32Z] compose: skill=ai/skills/workflow-discipline.md
[2026-05-23T19:30:32Z] compose: skill=ai/skills/testing.md
[2026-05-23T19:30:32Z] compose: skill=ai/skills/debugging.md
[2026-05-23T19:30:32Z] compose: task (canonical prompt)
[2026-05-23T19:30:32Z] snapshot: runtime-prompt=runs/T145/prompts/tester-attempt-1.md
[2026-05-23T19:33:17Z] auto-run: step=tester done rc=0
[2026-05-23T19:33:17Z] auto-run: transition IMPLEMENTATION_APPROVED → TEST_COMPLETE
[2026-05-23T19:33:17Z] auto-run: auto-commit triggered (step=tester, include_code=True)
[2026-05-23T19:33:17Z] commit-checkpoint: unstaged runtime garbage: ['runs/T145/runtime.log']
[2026-05-23T19:33:17Z] commit-checkpoint: sha=7f878bc8 files=4 title='test(T145/workflow): tester — update 4 file(s)'
[2026-05-23T19:33:17Z] auto-run: auto-push triggered
[2026-05-23T19:33:17Z] push: tolerating runtime dirty files (not blocking): ['runs/T145/runtime.log']
[2026-05-23T19:33:17Z] push: pushing branch=ticket/T145-t145-harden-conflict-resolver-workflow
[2026-05-23T19:33:19Z] push: done branch=ticket/T145-t145-harden-conflict-resolver-workflow
