[2026-05-15T15:18:20Z] intake: issue=#37 title='T033 — Automatic workflow checkpoint commits after daemon/intake steps' branch=ticket/T033-t033-automatic-workflow-checkpoint-commits-after-d
[2026-05-15T15:18:20Z] intake: done
[2026-05-15T15:18:20Z] auto-run start: state=INIT
[2026-05-15T15:18:20Z] auto-run gate failed: working tree is not clean — commit or stash changes first
[2026-05-15T15:18:51Z] auto-run start: state=INIT
[2026-05-15T15:18:51Z] auto-run gate failed: working tree is not clean — commit or stash changes first
[2026-05-15T15:19:06Z] commit-checkpoint: skipped missing scope paths: package.json, package-lock.json
[2026-05-15T15:19:06Z] commit-checkpoint: sha=d332f3a message='T033: checkpoint [INIT] — update workflow artifacts'
[2026-05-15T15:19:21Z] auto-run start: state=INIT
[2026-05-15T15:19:21Z] auto-run: running step=planner
[2026-05-15T15:19:21Z] prompt: resolved=prompts/generic/planner.md source=generic
[2026-05-15T15:19:21Z] prompt: generic fallback — injecting runs/T033/ticket.md
[2026-05-15T15:19:21Z] compose: global-context=docs/ai/global-context.md
[2026-05-15T15:19:21Z] compose: role=ai/roles/planner.md
[2026-05-15T15:19:21Z] compose: skill=ai/skills/workflow-discipline.md
[2026-05-15T15:19:21Z] compose: skill=ai/skills/architecture-discipline.md
[2026-05-15T15:19:21Z] compose: skill=ai/skills/documentation.md
[2026-05-15T15:19:21Z] compose: task (canonical prompt)
[2026-05-15T15:19:21Z] snapshot: runtime-prompt=runs/T033/prompts/planner-attempt-1.md
[2026-05-15T15:26:37Z] auto-run: step=planner done rc=0
[2026-05-15T15:26:37Z] planner validation success
[2026-05-15T15:26:37Z] auto-run: transition INIT → PLAN_REVIEW_NEEDED
[2026-05-15T15:28:02Z] commit-checkpoint: skipped missing scope paths: package.json, package-lock.json
[2026-05-15T15:28:02Z] commit-checkpoint: sha=7b50d1f message='T033: checkpoint [PLAN_REVIEW_NEEDED] — update workflow artifacts'
[2026-05-15T15:29:13Z] commit-checkpoint: skipped missing scope paths: package.json, package-lock.json
[2026-05-15T15:29:13Z] commit-checkpoint: sha=58b580c message='T033: checkpoint [PLAN_REVIEW_NEEDED] — update workflow artifacts'
[2026-05-15T15:29:20Z] human-approval: approve-plan — PLAN_REVIEW_NEEDED → PLAN_APPROVED
[2026-05-15T15:29:40Z] auto-run start: state=PLAN_APPROVED
[2026-05-15T15:29:40Z] auto-run: running step=coder
[2026-05-15T15:29:40Z] prompt: resolved=prompts/generic/coder.md source=generic
[2026-05-15T15:29:40Z] prompt: generic fallback — injecting runs/T033/ticket.md
[2026-05-15T15:29:40Z] compose: global-context=docs/ai/global-context.md
[2026-05-15T15:29:40Z] compose: role=ai/roles/coder.md
[2026-05-15T15:29:40Z] compose: skill=ai/skills/workflow-discipline.md
[2026-05-15T15:29:40Z] compose: skill=ai/skills/git-discipline.md
[2026-05-15T15:29:40Z] compose: skill=ai/skills/code-quality.md
[2026-05-15T15:29:40Z] compose: skill=ai/skills/refactor-safety.md
[2026-05-15T15:29:40Z] compose: skill=ai/skills/security.md
[2026-05-15T15:29:40Z] compose: task (canonical prompt)
[2026-05-15T15:29:40Z] snapshot: runtime-prompt=runs/T033/prompts/coder-attempt-1.md
[2026-05-15T15:42:24Z] auto-run: step=coder done rc=0
[2026-05-15T15:42:24Z] auto-run: transition PLAN_APPROVED → IMPLEMENTATION_REVIEW_NEEDED
[2026-05-15T15:42:55Z] auto-run start: state=IMPLEMENTATION_REVIEW_NEEDED
[2026-05-15T15:42:55Z] auto-run gate failed: working tree is not clean — commit or stash changes first
[2026-05-15T15:43:26Z] auto-run start: state=IMPLEMENTATION_REVIEW_NEEDED
[2026-05-15T15:43:26Z] auto-run gate failed: working tree is not clean — commit or stash changes first
[2026-05-15T15:43:56Z] commit-checkpoint: skipped missing scope paths: package.json, package-lock.json
[2026-05-15T15:43:56Z] commit-checkpoint: sha=dd13cac message='T033: checkpoint [IMPLEMENTATION_REVIEW_NEEDED] — update workflow artifacts'
[2026-05-15T15:43:56Z] auto-run start: state=IMPLEMENTATION_REVIEW_NEEDED
[2026-05-15T15:43:56Z] auto-run: running step=review
[2026-05-15T15:43:56Z] auto-run: review decision context: context_file=runs/T033/reviews/review-decision-context-IMPLEMENTATION_REVIEW_NEEDED.md
[2026-05-15T15:43:57Z] prompt: resolved=prompts/generic/review.md source=generic
[2026-05-15T15:43:57Z] prompt: generic fallback — injecting runs/T033/ticket.md
[2026-05-15T15:43:57Z] compose: global-context=docs/ai/global-context.md
[2026-05-15T15:43:57Z] compose: role=ai/roles/reviewer.md
[2026-05-15T15:43:57Z] compose: skill=ai/skills/workflow-discipline.md
[2026-05-15T15:43:57Z] compose: skill=ai/skills/code-quality.md
[2026-05-15T15:43:57Z] compose: skill=ai/skills/refactor-safety.md
[2026-05-15T15:43:57Z] compose: skill=ai/skills/security.md
[2026-05-15T15:43:57Z] compose: task (canonical prompt)
[2026-05-15T15:43:57Z] compose: extra-context=runs/T033/reviews/review-decision-context-IMPLEMENTATION_REVIEW_NEEDED.md
[2026-05-15T15:43:57Z] snapshot: runtime-prompt=runs/T033/prompts/review-attempt-1.md
[2026-05-15T15:44:14Z] commit-checkpoint: skipped missing scope paths: package.json, package-lock.json
[2026-05-15T15:44:14Z] commit-checkpoint: sha=d0f0ddb message='T033: checkpoint [IMPLEMENTATION_REVIEW_NEEDED] — update workflow artifacts'
[2026-05-15T15:46:45Z] commit-checkpoint: skipped missing scope paths: package.json, package-lock.json
[2026-05-15T15:46:45Z] commit-checkpoint: refused — nothing to commit in runs/
[2026-05-15T15:50:17Z] auto-run: step=review done rc=0
[2026-05-15T15:50:17Z] auto-run: review parsed from: runs/T033/reviews/implementation-review.md
[2026-05-15T15:50:17Z] auto-run: review keyword detected: IMPLEMENTATION_APPROVED
[2026-05-15T15:50:17Z] auto-run: transition IMPLEMENTATION_REVIEW_NEEDED → IMPLEMENTATION_APPROVED
[2026-05-15T15:50:48Z] auto-run start: state=IMPLEMENTATION_APPROVED
[2026-05-15T15:50:48Z] auto-run gate failed: working tree is not clean — commit or stash changes first
[2026-05-15T15:51:19Z] auto-run start: state=IMPLEMENTATION_APPROVED
[2026-05-15T15:51:19Z] auto-run gate failed: working tree is not clean — commit or stash changes first
[2026-05-15T15:51:33Z] commit-checkpoint: skipped missing scope paths: package.json, package-lock.json
[2026-05-15T15:51:34Z] commit-checkpoint: sha=0066539 message='T033: checkpoint [IMPLEMENTATION_APPROVED] — update workflow artifacts'
[2026-05-15T15:51:49Z] auto-run start: state=IMPLEMENTATION_APPROVED
[2026-05-15T15:51:50Z] auto-run: running step=tester
[2026-05-15T15:51:50Z] prompt: resolved=prompts/generic/tester.md source=generic
[2026-05-15T15:51:50Z] prompt: generic fallback — injecting runs/T033/ticket.md
[2026-05-15T15:51:50Z] compose: global-context=docs/ai/global-context.md
[2026-05-15T15:51:50Z] compose: role=ai/roles/tester.md
[2026-05-15T15:51:50Z] compose: skill=ai/skills/workflow-discipline.md
[2026-05-15T15:51:50Z] compose: skill=ai/skills/testing.md
[2026-05-15T15:51:50Z] compose: skill=ai/skills/debugging.md
[2026-05-15T15:51:50Z] compose: task (canonical prompt)
[2026-05-15T15:51:50Z] snapshot: runtime-prompt=runs/T033/prompts/tester-attempt-1.md
[2026-05-15T15:55:14Z] auto-run: step=tester done rc=0
[2026-05-15T15:55:14Z] auto-run: transition IMPLEMENTATION_APPROVED → TEST_COMPLETE
[2026-05-15T15:58:51Z] commit-checkpoint: skipped missing scope paths: package.json, package-lock.json
[2026-05-15T15:58:52Z] commit-checkpoint: sha=c1bb7cb message='T033: checkpoint [TEST_COMPLETE] — update workflow artifacts'
[2026-05-15T15:58:52Z] push: pushing branch=ticket/T033-t033-automatic-workflow-checkpoint-commits-after-d
[2026-05-15T15:58:54Z] push: done branch=ticket/T033-t033-automatic-workflow-checkpoint-commits-after-d
[2026-05-15T16:06:38Z] commit-checkpoint: refused — current branch 'ticket/T100-t034-visual-workflow-timeline-in-dashboard' does not match state branch 'ticket/T033-t033-automatic-workflow-checkpoint-commits-after-d'
[2026-05-15T16:06:38Z] push: refused — current branch 'ticket/T100-t034-visual-workflow-timeline-in-dashboard' does not match state branch 'ticket/T033-t033-automatic-workflow-checkpoint-commits-after-d'
