[2026-06-21T16:08:15Z] auto-run start: state=INIT
[2026-06-21T16:08:15Z] auto-run: running step=planner
[2026-06-21T16:08:15Z] prompt: resolved=prompts/generic/planner.md source=generic
[2026-06-21T16:08:15Z] prompt: generic fallback — injecting runs/T198/ticket.md
[2026-06-21T16:08:15Z] compose: global-context=docs/ai/global-context.md
[2026-06-21T16:08:15Z] compose: role=ai/roles/planner.md
[2026-06-21T16:08:15Z] compose: skill=ai/skills/workflow-discipline.md
[2026-06-21T16:08:15Z] compose: skill=ai/skills/architecture-discipline.md
[2026-06-21T16:08:15Z] compose: skill=ai/skills/documentation.md
[2026-06-21T16:08:15Z] compose: task (canonical prompt)
[2026-06-21T16:08:15Z] snapshot: runtime-prompt=runs/T198/prompts/planner-attempt-1.md
[2026-06-21T16:08:22Z] runtime failure: process_failed (rc=1)
[2026-06-21T16:08:22Z] auto-run: runtime failure: process_failed (rc=1)
[2026-06-21T16:08:22Z] auto-run: step=planner done rc=1
[2026-06-21T16:08:22Z] auto-run: runtime failure: process_failed (rc=1)
[2026-06-21T16:08:22Z] auto-run: step=planner failed rc=1, state unchanged=INIT
[2026-06-21T16:40:47Z] auto-run start: state=INIT
[2026-06-21T16:40:47Z] auto-run: running step=planner
[2026-06-21T16:40:47Z] prompt: resolved=prompts/generic/planner.md source=generic
[2026-06-21T16:40:47Z] prompt: generic fallback — injecting runs/T198/ticket.md
[2026-06-21T16:40:47Z] compose: global-context=docs/ai/global-context.md
[2026-06-21T16:40:47Z] compose: role=ai/roles/planner.md
[2026-06-21T16:40:47Z] compose: skill=ai/skills/workflow-discipline.md
[2026-06-21T16:40:47Z] compose: skill=ai/skills/architecture-discipline.md
[2026-06-21T16:40:47Z] compose: skill=ai/skills/documentation.md
[2026-06-21T16:40:47Z] compose: task (canonical prompt)
[2026-06-21T16:40:47Z] snapshot: runtime-prompt=runs/T198/prompts/planner-attempt-6.md
[2026-06-21T16:42:39Z] auto-run: step=planner done rc=0
[2026-06-21T16:42:41Z] planner checkpoint: committed
[2026-06-21T16:42:41Z] planner checkpoint: pushed
[2026-06-21T16:42:41Z] planner validation success
[2026-06-21T16:42:41Z] auto-run: transition INIT → PLAN_REVIEW_NEEDED
[2026-06-21T16:42:41Z] auto-run: auto-commit triggered (step=planner, include_code=True)
[2026-06-21T16:42:42Z] commit-checkpoint: unstaged runtime garbage: ['runs/T198/runtime.log']
[2026-06-21T16:42:42Z] commit-checkpoint: sha=b8987040 files=2 title='docs(T198/workflow): planner — update 2 file(s)'
[2026-06-21T16:42:42Z] auto-run: auto-push triggered
[2026-06-21T16:42:42Z] push: tolerating runtime dirty files (not blocking): ['runs/T198/runtime.log']
[2026-06-21T16:42:42Z] push: pushing branch=ticket/T198-add-ticket-readiness-evaluator-and-execution-eligi
[2026-06-21T16:42:44Z] push: done branch=ticket/T198-add-ticket-readiness-evaluator-and-execution-eligi
[2026-06-21T16:48:10Z] auto-run start: state=PLAN_FIX_REQUIRED
[2026-06-21T16:48:10Z] auto-run: running step=planner
[2026-06-21T16:48:10Z] auto-run: fix context: previous_output=runs/T198/plan.md
[2026-06-21T16:48:10Z] auto-run: fix context: review=runs/T198/reviews/plan-review-dependency-source-and-status-normalization.md
[2026-06-21T16:48:10Z] auto-run: fix context: fix_instructions=runs/T198/fixes/plan-fix-dependency-source-and-status-normalization.md
[2026-06-21T16:48:10Z] auto-run: fix context: context_file=runs/T198/fixes/context-20260621T164810Z.md
[2026-06-21T16:48:10Z] prompt: resolved=prompts/generic/planner.md source=generic
[2026-06-21T16:48:10Z] prompt: generic fallback — injecting runs/T198/ticket.md
[2026-06-21T16:48:10Z] compose: global-context=docs/ai/global-context.md
[2026-06-21T16:48:10Z] compose: role=ai/roles/planner.md
[2026-06-21T16:48:10Z] compose: skill=ai/skills/workflow-discipline.md
[2026-06-21T16:48:10Z] compose: skill=ai/skills/architecture-discipline.md
[2026-06-21T16:48:10Z] compose: skill=ai/skills/documentation.md
[2026-06-21T16:48:10Z] compose: task (canonical prompt)
[2026-06-21T16:48:10Z] compose: extra-context=runs/T198/fixes/context-20260621T164810Z.md
[2026-06-21T16:48:10Z] snapshot: runtime-prompt=runs/T198/prompts/planner-attempt-7.md
[2026-06-21T16:49:09Z] auto-run: step=planner done rc=0
[2026-06-21T16:49:11Z] planner checkpoint: committed
[2026-06-21T16:49:11Z] planner checkpoint: pushed
[2026-06-21T16:49:11Z] planner validation success
[2026-06-21T16:49:11Z] auto-run: transition PLAN_FIX_REQUIRED → PLAN_REVIEW_NEEDED
[2026-06-21T16:49:11Z] auto-run: auto-commit triggered (step=planner, include_code=True)
[2026-06-21T16:49:11Z] commit-checkpoint: unstaged runtime garbage: ['runs/T198/runtime.log']
[2026-06-21T16:49:11Z] commit-checkpoint: sha=8fd4a140 files=2 title='docs(T198/workflow): planner — update 2 file(s)'
[2026-06-21T16:49:11Z] auto-run: auto-push triggered
[2026-06-21T16:49:11Z] push: tolerating runtime dirty files (not blocking): ['runs/T198/runtime.log']
[2026-06-21T16:49:11Z] push: pushing branch=ticket/T198-add-ticket-readiness-evaluator-and-execution-eligi
[2026-06-21T16:49:13Z] push: done branch=ticket/T198-add-ticket-readiness-evaluator-and-execution-eligi
[2026-06-21T16:51:00Z] auto-run start: state=PLAN_APPROVED
[2026-06-21T16:51:01Z] auto-run: running step=coder
[2026-06-21T16:51:01Z] prompt: resolved=prompts/generic/coder.md source=generic
[2026-06-21T16:51:01Z] prompt: generic fallback — injecting runs/T198/ticket.md
[2026-06-21T16:51:01Z] compose: global-context=docs/ai/global-context.md
[2026-06-21T16:51:01Z] compose: role=ai/roles/coder.md
[2026-06-21T16:51:01Z] compose: skill=ai/skills/workflow-discipline.md
[2026-06-21T16:51:01Z] compose: skill=ai/skills/git-discipline.md
[2026-06-21T16:51:01Z] compose: skill=ai/skills/code-quality.md
[2026-06-21T16:51:01Z] compose: skill=ai/skills/refactor-safety.md
[2026-06-21T16:51:01Z] compose: skill=ai/skills/security.md
[2026-06-21T16:51:01Z] compose: task (canonical prompt)
[2026-06-21T16:51:01Z] snapshot: runtime-prompt=runs/T198/prompts/coder-attempt-1.md
[2026-06-21T17:19:51Z] auto-run start: state=IMPLEMENTATION_REVIEW_NEEDED
[2026-06-21T17:19:51Z] auto-run: running step=review
[2026-06-21T17:19:51Z] auto-run: review decision context: context_file=runs/T198/reviews/review-decision-context-IMPLEMENTATION_REVIEW_NEEDED.md
[2026-06-21T17:19:51Z] prompt: resolved=prompts/generic/review.md source=generic
[2026-06-21T17:19:51Z] prompt: generic fallback — injecting runs/T198/ticket.md
[2026-06-21T17:19:51Z] compose: global-context=docs/ai/global-context.md
[2026-06-21T17:19:51Z] compose: role=ai/roles/reviewer.md
[2026-06-21T17:19:51Z] compose: skill=ai/skills/workflow-discipline.md
[2026-06-21T17:19:51Z] compose: skill=ai/skills/code-quality.md
[2026-06-21T17:19:51Z] compose: skill=ai/skills/refactor-safety.md
[2026-06-21T17:19:51Z] compose: skill=ai/skills/security.md
[2026-06-21T17:19:51Z] compose: task (canonical prompt)
[2026-06-21T17:19:51Z] compose: extra-context=runs/T198/reviews/review-decision-context-IMPLEMENTATION_REVIEW_NEEDED.md
[2026-06-21T17:19:51Z] snapshot: runtime-prompt=runs/T198/prompts/review-attempt-2.md
[2026-06-21T17:32:27Z] auto-run start: state=IMPLEMENTATION_APPROVED
[2026-06-21T17:32:27Z] auto-run: running step=tester
[2026-06-21T17:32:27Z] prompt: resolved=prompts/generic/tester.md source=generic
[2026-06-21T17:32:27Z] prompt: generic fallback — injecting runs/T198/ticket.md
[2026-06-21T17:32:27Z] compose: global-context=docs/ai/global-context.md
[2026-06-21T17:32:27Z] compose: role=ai/roles/tester.md
[2026-06-21T17:32:27Z] compose: skill=ai/skills/workflow-discipline.md
[2026-06-21T17:32:27Z] compose: skill=ai/skills/testing.md
[2026-06-21T17:32:27Z] compose: skill=ai/skills/debugging.md
[2026-06-21T17:32:27Z] compose: task (canonical prompt)
[2026-06-21T17:32:27Z] snapshot: runtime-prompt=runs/T198/prompts/tester-attempt-1.md
[2026-06-21T17:49:30Z] auto-run: step=tester done rc=0
[2026-06-21T17:49:30Z] auto-run: transition IMPLEMENTATION_APPROVED → TEST_COMPLETE
[2026-06-21T17:49:30Z] auto-run: auto-commit triggered (step=tester, include_code=True)
[2026-06-21T17:49:30Z] commit-checkpoint: unstaged runtime garbage: ['runs/T198/runtime.log']
[2026-06-21T17:49:30Z] commit-checkpoint: sha=e1b4a38d files=3 title='test(T198/workflow): tester — update 3 file(s)'
[2026-06-21T17:49:30Z] auto-run: auto-push triggered
[2026-06-21T17:49:30Z] push: tolerating runtime dirty files (not blocking): ['runs/T198/runtime.log']
[2026-06-21T17:49:30Z] push: pushing branch=ticket/T198-add-ticket-readiness-evaluator-and-execution-eligi
[2026-06-21T17:49:32Z] push: done branch=ticket/T198-add-ticket-readiness-evaluator-and-execution-eligi
