[2026-05-21T21:57:10Z] auto-run start: state=INIT
[2026-05-21T21:57:10Z] auto-run: running step=planner
[2026-05-21T21:57:10Z] prompt: resolved=prompts/generic/planner.md source=generic
[2026-05-21T21:57:10Z] prompt: generic fallback — injecting runs/T131/ticket.md
[2026-05-21T21:57:10Z] compose: global-context=docs/ai/global-context.md
[2026-05-21T21:57:10Z] compose: role=ai/roles/planner.md
[2026-05-21T21:57:10Z] compose: skill=ai/skills/workflow-discipline.md
[2026-05-21T21:57:10Z] compose: skill=ai/skills/architecture-discipline.md
[2026-05-21T21:57:10Z] compose: skill=ai/skills/documentation.md
[2026-05-21T21:57:10Z] compose: task (canonical prompt)
[2026-05-21T21:57:10Z] snapshot: runtime-prompt=runs/T131/prompts/planner-attempt-1.md
[2026-05-21T22:00:51Z] auto-run: step=planner done rc=0
[2026-05-21T22:00:53Z] planner checkpoint: committed
[2026-05-21T22:00:53Z] planner checkpoint: pushed
[2026-05-21T22:00:53Z] planner validation success
[2026-05-21T22:00:53Z] auto-run: transition INIT → PLAN_REVIEW_NEEDED
[2026-05-21T22:00:53Z] auto-run: auto-commit triggered (step=planner, include_code=True)
[2026-05-21T22:00:53Z] commit-checkpoint: unstaged runtime garbage: ['runs/T131/runtime.log']
[2026-05-21T22:00:54Z] commit-checkpoint: sha=dada51f1 files=2 title='docs(T131/workflow): planner — update 2 file(s)'
[2026-05-21T22:00:54Z] auto-run: auto-push triggered
[2026-05-21T22:00:54Z] push: tolerating runtime dirty files (not blocking): ['runs/T131/runtime.log']
[2026-05-21T22:00:54Z] push: pushing branch=ticket/T131-t131-supervisor-daemon-persistence-and-unexpected
[2026-05-21T22:00:56Z] push: done branch=ticket/T131-t131-supervisor-daemon-persistence-and-unexpected
[2026-05-21T22:36:09Z] auto-run start: state=IMPLEMENTATION_APPROVED
[2026-05-21T22:36:09Z] auto-run: running step=tester
[2026-05-21T22:36:10Z] prompt: resolved=prompts/generic/tester.md source=generic
[2026-05-21T22:36:10Z] prompt: generic fallback — injecting runs/T131/ticket.md
[2026-05-21T22:36:10Z] compose: global-context=docs/ai/global-context.md
[2026-05-21T22:36:10Z] compose: role=ai/roles/tester.md
[2026-05-21T22:36:10Z] compose: skill=ai/skills/workflow-discipline.md
[2026-05-21T22:36:10Z] compose: skill=ai/skills/testing.md
[2026-05-21T22:36:10Z] compose: skill=ai/skills/debugging.md
[2026-05-21T22:36:10Z] compose: task (canonical prompt)
[2026-05-21T22:36:10Z] snapshot: runtime-prompt=runs/T131/prompts/tester-attempt-1.md
[2026-05-21T22:38:48Z] auto-run: step=tester done rc=0
[2026-05-21T22:38:48Z] auto-run: transition IMPLEMENTATION_APPROVED → TEST_COMPLETE
[2026-05-21T22:38:48Z] auto-run: auto-commit triggered (step=tester, include_code=True)
[2026-05-21T22:38:48Z] commit-checkpoint: unstaged runtime garbage: ['runs/T131/runtime.log']
[2026-05-21T22:38:48Z] commit-checkpoint: sha=88089795 files=5 title='test(T131/dashboard,workflow): tester — update 5 file(s)'
[2026-05-21T22:38:48Z] auto-run: auto-push triggered
[2026-05-21T22:38:48Z] push: tolerating runtime dirty files (not blocking): ['runs/T131/runtime.log']
[2026-05-21T22:38:48Z] push: pushing branch=ticket/T131-t131-supervisor-daemon-persistence-and-unexpected
