[2026-05-15T16:30:57Z] intake: issue=#41 title='T101 — Runtime hardening: checkpoint, timeline mapping, ticket ids and PR ordering' branch=ticket/T101-t101-runtime-hardening-checkpoint-timeline-mapping
[2026-05-15T16:30:57Z] intake: done
[2026-05-15T16:30:57Z] bootstrap checkpoint completed
[2026-05-15T16:30:59Z] checkpoint push for T101
[2026-05-15T16:30:59Z] commit-checkpoint: skipped missing scope paths: package.json, package-lock.json
[2026-05-15T16:30:59Z] commit-checkpoint: sha=2fc7598 message='T101: checkpoint [INIT] — update workflow artifacts'
[2026-05-15T16:30:59Z] auto-run start: state=INIT
[2026-05-15T16:30:59Z] auto-run: running step=planner
[2026-05-15T16:31:00Z] prompt: resolved=prompts/generic/planner.md source=generic
[2026-05-15T16:31:00Z] prompt: generic fallback — injecting runs/T101/ticket.md
[2026-05-15T16:31:00Z] compose: global-context=docs/ai/global-context.md
[2026-05-15T16:31:00Z] compose: role=ai/roles/planner.md
[2026-05-15T16:31:00Z] compose: skill=ai/skills/workflow-discipline.md
[2026-05-15T16:31:00Z] compose: skill=ai/skills/architecture-discipline.md
[2026-05-15T16:31:00Z] compose: skill=ai/skills/documentation.md
[2026-05-15T16:31:00Z] compose: task (canonical prompt)
[2026-05-15T16:31:00Z] snapshot: runtime-prompt=runs/T101/prompts/planner-attempt-1.md
[2026-05-15T16:38:19Z] auto-run: step=planner done rc=0
[2026-05-15T16:38:19Z] planner validation success
[2026-05-15T16:38:19Z] auto-run: transition INIT → PLAN_REVIEW_NEEDED
[2026-05-15T16:47:04Z] commit-checkpoint: skipped missing scope paths: package.json, package-lock.json
[2026-05-15T16:47:04Z] commit-checkpoint: sha=fb00941 message='T101: checkpoint [PLAN_REVIEW_NEEDED] — update workflow artifacts'
[2026-05-15T16:47:04Z] push: pushing branch=ticket/T101-t101-runtime-hardening-checkpoint-timeline-mapping
[2026-05-15T16:47:06Z] push: done branch=ticket/T101-t101-runtime-hardening-checkpoint-timeline-mapping
[2026-05-15T16:55:18Z] commit-checkpoint: skipped missing scope paths: package.json, package-lock.json
[2026-05-15T16:55:18Z] commit-checkpoint: sha=3650a45 message='T101: checkpoint [PLAN_REVIEW_NEEDED] — update workflow artifacts'
[2026-05-15T16:55:18Z] push: pushing branch=ticket/T101-t101-runtime-hardening-checkpoint-timeline-mapping
[2026-05-15T16:55:20Z] push: done branch=ticket/T101-t101-runtime-hardening-checkpoint-timeline-mapping
[2026-05-15T16:55:22Z] human-approval: approve-plan — PLAN_REVIEW_NEEDED → PLAN_APPROVED
[2026-05-15T16:55:41Z] auto-run start: state=PLAN_APPROVED
[2026-05-15T16:55:41Z] auto-run: running step=coder
[2026-05-15T16:55:41Z] prompt: resolved=prompts/generic/coder.md source=generic
[2026-05-15T16:55:41Z] prompt: generic fallback — injecting runs/T101/ticket.md
[2026-05-15T16:55:41Z] compose: global-context=docs/ai/global-context.md
[2026-05-15T16:55:41Z] compose: role=ai/roles/coder.md
[2026-05-15T16:55:41Z] compose: skill=ai/skills/workflow-discipline.md
[2026-05-15T16:55:41Z] compose: skill=ai/skills/git-discipline.md
[2026-05-15T16:55:41Z] compose: skill=ai/skills/code-quality.md
[2026-05-15T16:55:41Z] compose: skill=ai/skills/refactor-safety.md
[2026-05-15T16:55:41Z] compose: skill=ai/skills/security.md
[2026-05-15T16:55:41Z] compose: task (canonical prompt)
[2026-05-15T16:55:41Z] snapshot: runtime-prompt=runs/T101/prompts/coder-attempt-1.md
[2026-05-15T17:02:42Z] auto-run: step=coder done rc=0
[2026-05-15T17:02:42Z] auto-run: transition PLAN_APPROVED → IMPLEMENTATION_REVIEW_NEEDED
[2026-05-15T17:16:32Z] commit-checkpoint: skipped missing scope paths: package.json, package-lock.json
[2026-05-15T17:16:33Z] commit-checkpoint: sha=77c1f3b message='T101: checkpoint [IMPLEMENTATION_REVIEW_NEEDED] — update workflow artifacts'
[2026-05-15T17:16:33Z] push: pushing branch=ticket/T101-t101-runtime-hardening-checkpoint-timeline-mapping
[2026-05-15T17:16:35Z] push: done branch=ticket/T101-t101-runtime-hardening-checkpoint-timeline-mapping
[2026-05-15T17:17:01Z] auto-run start: state=IMPLEMENTATION_REVIEW_NEEDED
[2026-05-15T17:17:01Z] auto-run: running step=review
[2026-05-15T17:17:01Z] auto-run: review decision context: context_file=runs/T101/reviews/review-decision-context-IMPLEMENTATION_REVIEW_NEEDED.md
[2026-05-15T17:17:01Z] prompt: resolved=prompts/generic/review.md source=generic
[2026-05-15T17:17:01Z] prompt: generic fallback — injecting runs/T101/ticket.md
[2026-05-15T17:17:01Z] compose: global-context=docs/ai/global-context.md
[2026-05-15T17:17:01Z] compose: role=ai/roles/reviewer.md
[2026-05-15T17:17:01Z] compose: skill=ai/skills/workflow-discipline.md
[2026-05-15T17:17:01Z] compose: skill=ai/skills/code-quality.md
[2026-05-15T17:17:01Z] compose: skill=ai/skills/refactor-safety.md
[2026-05-15T17:17:01Z] compose: skill=ai/skills/security.md
[2026-05-15T17:17:01Z] compose: task (canonical prompt)
[2026-05-15T17:17:01Z] compose: extra-context=runs/T101/reviews/review-decision-context-IMPLEMENTATION_REVIEW_NEEDED.md
[2026-05-15T17:17:01Z] snapshot: runtime-prompt=runs/T101/prompts/review-attempt-1.md
[2026-05-15T17:21:19Z] auto-run: step=review done rc=0
[2026-05-15T17:21:19Z] auto-run: review parsed from: runs/T101/reviews/implementation-review.md
[2026-05-15T17:21:19Z] auto-run: review keyword detected: IMPLEMENTATION_FIX_REQUIRED
[2026-05-15T17:21:19Z] auto-run: transition IMPLEMENTATION_REVIEW_NEEDED → IMPLEMENTATION_FIX_REQUIRED
[2026-05-15T17:21:19Z] auto-run: fix artifact written: runs/T101/fixes/implementation-fix-1.md
[2026-05-15T17:21:50Z] commit-checkpoint: skipped missing scope paths: package.json, package-lock.json
[2026-05-15T17:21:50Z] commit-checkpoint: sha=7a4e620 message='T101: checkpoint [IMPLEMENTATION_FIX_REQUIRED] — update workflow artifacts'
[2026-05-15T17:21:50Z] auto-run start: state=IMPLEMENTATION_FIX_REQUIRED
[2026-05-15T17:21:50Z] auto-run: running step=coder
[2026-05-15T17:21:50Z] auto-run: fix context: previous_output=runs/T101/implementation-output.md
[2026-05-15T17:21:50Z] auto-run: fix context: review=runs/T101/reviews/implementation-review.md
[2026-05-15T17:21:50Z] auto-run: fix context: fix_instructions=runs/T101/fixes/implementation-fix-1.md
[2026-05-15T17:21:50Z] auto-run: fix context: context_file=runs/T101/fixes/context-20260515T172150Z.md
[2026-05-15T17:21:50Z] prompt: resolved=prompts/generic/coder.md source=generic
[2026-05-15T17:21:50Z] prompt: generic fallback — injecting runs/T101/ticket.md
[2026-05-15T17:21:50Z] compose: global-context=docs/ai/global-context.md
[2026-05-15T17:21:50Z] compose: role=ai/roles/coder.md
[2026-05-15T17:21:50Z] compose: skill=ai/skills/workflow-discipline.md
[2026-05-15T17:21:50Z] compose: skill=ai/skills/git-discipline.md
[2026-05-15T17:21:50Z] compose: skill=ai/skills/code-quality.md
[2026-05-15T17:21:50Z] compose: skill=ai/skills/refactor-safety.md
[2026-05-15T17:21:50Z] compose: skill=ai/skills/security.md
[2026-05-15T17:21:50Z] compose: task (canonical prompt)
[2026-05-15T17:21:50Z] compose: extra-context=runs/T101/fixes/context-20260515T172150Z.md
[2026-05-15T17:21:50Z] snapshot: runtime-prompt=runs/T101/prompts/coder-attempt-2.md
[2026-05-15T17:23:17Z] auto-run: step=coder done rc=0
[2026-05-15T17:23:17Z] auto-run: transition IMPLEMENTATION_FIX_REQUIRED → IMPLEMENTATION_REVIEW_NEEDED
[2026-05-15T17:23:48Z] commit-checkpoint: skipped missing scope paths: package.json, package-lock.json
[2026-05-15T17:23:48Z] commit-checkpoint: sha=33ed3a6 message='T101: checkpoint [IMPLEMENTATION_REVIEW_NEEDED] — update workflow artifacts'
[2026-05-15T17:23:48Z] auto-run start: state=IMPLEMENTATION_REVIEW_NEEDED
[2026-05-15T17:23:48Z] auto-run: running step=review
[2026-05-15T17:23:48Z] auto-run: review decision context: context_file=runs/T101/reviews/review-decision-context-IMPLEMENTATION_REVIEW_NEEDED.md
[2026-05-15T17:23:48Z] prompt: resolved=prompts/generic/review.md source=generic
[2026-05-15T17:23:48Z] prompt: generic fallback — injecting runs/T101/ticket.md
[2026-05-15T17:23:48Z] compose: global-context=docs/ai/global-context.md
[2026-05-15T17:23:48Z] compose: role=ai/roles/reviewer.md
[2026-05-15T17:23:48Z] compose: skill=ai/skills/workflow-discipline.md
[2026-05-15T17:23:48Z] compose: skill=ai/skills/code-quality.md
[2026-05-15T17:23:48Z] compose: skill=ai/skills/refactor-safety.md
[2026-05-15T17:23:48Z] compose: skill=ai/skills/security.md
[2026-05-15T17:23:48Z] compose: task (canonical prompt)
[2026-05-15T17:23:48Z] compose: extra-context=runs/T101/reviews/review-decision-context-IMPLEMENTATION_REVIEW_NEEDED.md
[2026-05-15T17:23:48Z] snapshot: runtime-prompt=runs/T101/prompts/review-attempt-2.md
[2026-05-15T17:26:37Z] auto-run: step=review done rc=0
[2026-05-15T17:26:37Z] auto-run: review parsed from: runs/T101/reviews/implementation-review.md
[2026-05-15T17:26:37Z] auto-run: review keyword detected: IMPLEMENTATION_APPROVED
[2026-05-15T17:26:37Z] auto-run: transition IMPLEMENTATION_REVIEW_NEEDED → IMPLEMENTATION_APPROVED
[2026-05-15T17:27:08Z] commit-checkpoint: skipped missing scope paths: package.json, package-lock.json
[2026-05-15T17:27:08Z] commit-checkpoint: sha=ab4117a message='T101: checkpoint [IMPLEMENTATION_APPROVED] — update workflow artifacts'
[2026-05-15T17:27:08Z] auto-run start: state=IMPLEMENTATION_APPROVED
[2026-05-15T17:27:08Z] auto-run: running step=tester
[2026-05-15T17:27:08Z] prompt: resolved=prompts/generic/tester.md source=generic
[2026-05-15T17:27:08Z] prompt: generic fallback — injecting runs/T101/ticket.md
[2026-05-15T17:27:08Z] compose: global-context=docs/ai/global-context.md
[2026-05-15T17:27:08Z] compose: role=ai/roles/tester.md
[2026-05-15T17:27:08Z] compose: skill=ai/skills/workflow-discipline.md
[2026-05-15T17:27:08Z] compose: skill=ai/skills/testing.md
[2026-05-15T17:27:08Z] compose: skill=ai/skills/debugging.md
[2026-05-15T17:27:08Z] compose: task (canonical prompt)
[2026-05-15T17:27:08Z] snapshot: runtime-prompt=runs/T101/prompts/tester-attempt-1.md
[2026-05-15T17:30:30Z] auto-run: step=tester done rc=0
[2026-05-15T17:30:30Z] auto-run: transition IMPLEMENTATION_APPROVED → TEST_COMPLETE
[2026-05-15T20:59:58Z] commit-checkpoint: skipped missing scope paths: package.json, package-lock.json
[2026-05-15T20:59:59Z] commit-checkpoint: sha=0f54dc1 message='T101: checkpoint [TEST_COMPLETE] — update workflow artifacts'
[2026-05-15T20:59:59Z] push: pushing branch=ticket/T101-t101-runtime-hardening-checkpoint-timeline-mapping
[2026-05-15T21:00:01Z] push: done branch=ticket/T101-t101-runtime-hardening-checkpoint-timeline-mapping
[2026-05-15T21:02:12Z] commit-checkpoint: refused — current branch 'ticket/T102-t102-daemon-intake-synchronization-queue-policy-an' does not match state branch 'ticket/T101-t101-runtime-hardening-checkpoint-timeline-mapping'
[2026-05-15T21:07:37Z] commit-checkpoint: refused — current branch 'ticket/T102-t102-daemon-intake-synchronization-queue-policy-an' does not match state branch 'ticket/T101-t101-runtime-hardening-checkpoint-timeline-mapping'
[2026-05-15T21:08:08Z] commit-checkpoint: refused — current branch 'ticket/T102-t102-daemon-intake-synchronization-queue-policy-an' does not match state branch 'ticket/T101-t101-runtime-hardening-checkpoint-timeline-mapping'
[2026-05-15T21:08:39Z] commit-checkpoint: refused — current branch 'ticket/T102-t102-daemon-intake-synchronization-queue-policy-an' does not match state branch 'ticket/T101-t101-runtime-hardening-checkpoint-timeline-mapping'
[2026-05-15T21:09:08Z] archive-daemon: daemon_archived=true
