[2026-06-24T14:41:51Z] auto-run start: state=INIT
[2026-06-24T14:41:51Z] auto-run: running step=planner
[2026-06-24T14:41:51Z] prompt: resolved=prompts/generic/planner.md source=generic
[2026-06-24T14:41:51Z] prompt: generic fallback — injecting runs/T212/ticket.md
[2026-06-24T14:41:51Z] compose: global-context=docs/ai/global-context.md
[2026-06-24T14:41:51Z] compose: role=ai/roles/planner.md
[2026-06-24T14:41:51Z] compose: skill=ai/skills/workflow-discipline.md
[2026-06-24T14:41:51Z] compose: skill=ai/skills/architecture-discipline.md
[2026-06-24T14:41:51Z] compose: skill=ai/skills/documentation.md
[2026-06-24T14:41:51Z] compose: task (canonical prompt)
[2026-06-24T14:41:51Z] snapshot: runtime-prompt=runs/T212/prompts/planner-attempt-1.md
[2026-06-24T14:47:06Z] auto-run: step=planner done rc=0
[2026-06-24T14:47:08Z] planner checkpoint: committed
[2026-06-24T14:47:08Z] planner checkpoint: pushed
[2026-06-24T14:47:08Z] planner validation success
[2026-06-24T14:47:08Z] auto-run: transition INIT → PLAN_REVIEW_NEEDED
[2026-06-24T14:47:08Z] auto-run: auto-commit triggered (step=planner, include_code=True)
[2026-06-24T14:47:08Z] commit-checkpoint: unstaged runtime garbage: ['runs/T212/runtime.log']
[2026-06-24T14:47:08Z] commit-checkpoint: sha=09ee4807 files=2 title='docs(T212/workflow): planner — update 2 file(s)'
[2026-06-24T14:47:08Z] auto-run: auto-push triggered
[2026-06-24T14:47:08Z] push: tolerating runtime dirty files (not blocking): ['runs/T212/runtime.log']
[2026-06-24T14:47:08Z] push: pushing branch=ticket/T212-add-advisory-ticket-dispatcher-service-with-option
[2026-06-24T14:47:10Z] push: done branch=ticket/T212-add-advisory-ticket-dispatcher-service-with-option
[2026-06-24T15:23:05Z] auto-run start: state=IMPLEMENTATION_APPROVED
[2026-06-24T15:23:05Z] auto-run: running step=tester
[2026-06-24T15:23:05Z] prompt: resolved=prompts/generic/tester.md source=generic
[2026-06-24T15:23:05Z] prompt: generic fallback — injecting runs/T212/ticket.md
[2026-06-24T15:23:05Z] compose: global-context=docs/ai/global-context.md
[2026-06-24T15:23:05Z] compose: role=ai/roles/tester.md
[2026-06-24T15:23:05Z] compose: skill=ai/skills/workflow-discipline.md
[2026-06-24T15:23:05Z] compose: skill=ai/skills/testing.md
[2026-06-24T15:23:05Z] compose: skill=ai/skills/debugging.md
[2026-06-24T15:23:05Z] compose: task (canonical prompt)
[2026-06-24T15:23:05Z] snapshot: runtime-prompt=runs/T212/prompts/tester-attempt-1.md
[2026-06-24T15:57:44Z] auto-run: step=tester done rc=0
[2026-06-24T15:57:44Z] auto-run: transition IMPLEMENTATION_APPROVED → TEST_COMPLETE
[2026-06-24T15:57:44Z] auto-run: auto-commit triggered (step=tester, include_code=True)
[2026-06-24T15:57:44Z] commit-checkpoint: unstaged runtime garbage: ['runs/T212/runtime.log']
[2026-06-24T15:57:44Z] commit-checkpoint: sha=808d657a files=4 title='test(T212/dashboard,workflow): tester — update 4 file(s)'
[2026-06-24T15:57:44Z] auto-run: auto-push triggered
[2026-06-24T15:57:44Z] push: tolerating runtime dirty files (not blocking): ['runs/T212/runtime.log']
[2026-06-24T15:57:44Z] push: pushing branch=ticket/T212-add-advisory-ticket-dispatcher-service-with-option
[2026-06-24T15:57:46Z] push: done branch=ticket/T212-add-advisory-ticket-dispatcher-service-with-option
