[2026-06-25T17:24:57Z] auto-run start: state=INIT
[2026-06-25T17:24:58Z] auto-run: running step=planner
[2026-06-25T17:24:58Z] prompt: resolved=prompts/generic/planner.md source=generic
[2026-06-25T17:24:58Z] prompt: generic fallback — injecting runs/T215/ticket.md
[2026-06-25T17:24:58Z] compose: global-context=docs/ai/global-context.md
[2026-06-25T17:24:58Z] compose: role=ai/roles/planner.md
[2026-06-25T17:24:58Z] compose: skill=ai/skills/workflow-discipline.md
[2026-06-25T17:24:58Z] compose: skill=ai/skills/architecture-discipline.md
[2026-06-25T17:24:58Z] compose: skill=ai/skills/documentation.md
[2026-06-25T17:24:58Z] compose: task (canonical prompt)
[2026-06-25T17:24:58Z] snapshot: runtime-prompt=runs/T215/prompts/planner-attempt-1.md
[2026-06-25T17:29:29Z] auto-run: step=planner done rc=0
[2026-06-25T17:29:31Z] planner checkpoint: committed
[2026-06-25T17:29:31Z] planner checkpoint: pushed
[2026-06-25T17:29:31Z] planner validation success
[2026-06-25T17:29:31Z] auto-run: transition INIT → PLAN_REVIEW_NEEDED
[2026-06-25T17:29:31Z] auto-run: auto-commit triggered (step=planner, include_code=True)
[2026-06-25T17:29:32Z] commit-checkpoint: unstaged runtime garbage: ['runs/T215/runtime.log']
[2026-06-25T17:29:32Z] commit-checkpoint: sha=a36463f0 files=2 title='docs(T215/workflow): planner — update 2 file(s)'
[2026-06-25T17:29:32Z] auto-run: auto-push triggered
[2026-06-25T17:29:32Z] push: tolerating runtime dirty files (not blocking): ['runs/T215/runtime.log']
[2026-06-25T17:29:32Z] push: pushing branch=ticket/T215-add-global-runtime-settings-page-backed-by-databas
[2026-06-25T17:29:34Z] push: done branch=ticket/T215-add-global-runtime-settings-page-backed-by-databas
[2026-06-25T20:46:55Z] auto-run start: state=PLAN_APPROVED
[2026-06-25T20:46:55Z] auto-run: running step=coder
[2026-06-25T20:46:55Z] prompt: resolved=prompts/generic/coder.md source=generic
[2026-06-25T20:46:55Z] prompt: generic fallback — injecting runs/T215/ticket.md
[2026-06-25T20:46:55Z] compose: global-context=docs/ai/global-context.md
[2026-06-25T20:46:55Z] compose: role=ai/roles/coder.md
[2026-06-25T20:46:55Z] compose: skill=ai/skills/workflow-discipline.md
[2026-06-25T20:46:55Z] compose: skill=ai/skills/git-discipline.md
[2026-06-25T20:46:55Z] compose: skill=ai/skills/code-quality.md
[2026-06-25T20:46:55Z] compose: skill=ai/skills/refactor-safety.md
[2026-06-25T20:46:55Z] compose: skill=ai/skills/security.md
[2026-06-25T20:46:55Z] compose: task (canonical prompt)
[2026-06-25T20:46:55Z] snapshot: runtime-prompt=runs/T215/prompts/coder-attempt-1.md
[2026-06-25T21:15:22Z] auto-run start: state=IMPLEMENTATION_REVIEW_NEEDED
[2026-06-25T21:15:22Z] auto-run: running step=review
[2026-06-25T21:15:22Z] auto-run: review decision context: context_file=runs/T215/reviews/review-decision-context-IMPLEMENTATION_REVIEW_NEEDED.md
[2026-06-25T21:15:22Z] prompt: resolved=prompts/generic/review.md source=generic
[2026-06-25T21:15:22Z] prompt: generic fallback — injecting runs/T215/ticket.md
[2026-06-25T21:15:22Z] compose: global-context=docs/ai/global-context.md
[2026-06-25T21:15:22Z] compose: role=ai/roles/reviewer.md
[2026-06-25T21:15:22Z] compose: skill=ai/skills/workflow-discipline.md
[2026-06-25T21:15:22Z] compose: skill=ai/skills/code-quality.md
[2026-06-25T21:15:22Z] compose: skill=ai/skills/refactor-safety.md
[2026-06-25T21:15:22Z] compose: skill=ai/skills/security.md
[2026-06-25T21:15:22Z] compose: task (canonical prompt)
[2026-06-25T21:15:22Z] compose: extra-context=runs/T215/reviews/review-decision-context-IMPLEMENTATION_REVIEW_NEEDED.md
[2026-06-25T21:15:22Z] snapshot: runtime-prompt=runs/T215/prompts/review-attempt-1.md
[2026-06-25T21:31:18Z] auto-run start: state=IMPLEMENTATION_APPROVED
[2026-06-25T21:31:18Z] auto-run: running step=tester
[2026-06-25T21:31:18Z] prompt: resolved=prompts/generic/tester.md source=generic
[2026-06-25T21:31:18Z] prompt: generic fallback — injecting runs/T215/ticket.md
[2026-06-25T21:31:18Z] compose: global-context=docs/ai/global-context.md
[2026-06-25T21:31:18Z] compose: role=ai/roles/tester.md
[2026-06-25T21:31:18Z] compose: skill=ai/skills/workflow-discipline.md
[2026-06-25T21:31:18Z] compose: skill=ai/skills/testing.md
[2026-06-25T21:31:18Z] compose: skill=ai/skills/debugging.md
[2026-06-25T21:31:18Z] compose: task (canonical prompt)
[2026-06-25T21:31:18Z] snapshot: runtime-prompt=runs/T215/prompts/tester-attempt-1.md
[2026-06-25T21:56:34Z] auto-run: step=tester done rc=0
[2026-06-25T21:56:34Z] auto-run: transition IMPLEMENTATION_APPROVED → TEST_COMPLETE
[2026-06-25T21:56:34Z] auto-run: auto-commit triggered (step=tester, include_code=True)
[2026-06-25T21:56:35Z] commit-checkpoint: unstaged runtime garbage: ['runs/T215/runtime.log']
[2026-06-25T21:56:35Z] commit-checkpoint: sha=780f243e files=4 title='test(T215/workflow): tester — update 4 file(s)'
[2026-06-25T21:56:35Z] auto-run: auto-push triggered
[2026-06-25T21:56:35Z] push: tolerating runtime dirty files (not blocking): ['runs/T215/runtime.log']
[2026-06-25T21:56:35Z] push: pushing branch=ticket/T215-add-global-runtime-settings-page-backed-by-databas
[2026-06-25T21:56:37Z] push: done branch=ticket/T215-add-global-runtime-settings-page-backed-by-databas
