[2026-06-05T10:02:25Z] auto-run start: state=INIT
[2026-06-05T10:02:25Z] auto-run: running step=planner
[2026-06-05T10:02:25Z] prompt: resolved=prompts/generic/planner.md source=generic
[2026-06-05T10:02:25Z] prompt: generic fallback — injecting runs/T177/ticket.md
[2026-06-05T10:02:25Z] compose: global-context=docs/ai/global-context.md
[2026-06-05T10:02:25Z] compose: role=ai/roles/planner.md
[2026-06-05T10:02:25Z] compose: skill=ai/skills/workflow-discipline.md
[2026-06-05T10:02:25Z] compose: skill=ai/skills/architecture-discipline.md
[2026-06-05T10:02:25Z] compose: skill=ai/skills/documentation.md
[2026-06-05T10:02:25Z] compose: task (canonical prompt)
[2026-06-05T10:02:25Z] snapshot: runtime-prompt=runs/T177/prompts/planner-attempt-1.md
[2026-06-05T10:06:14Z] auto-run: step=planner done rc=0
[2026-06-05T10:06:16Z] planner checkpoint: committed
[2026-06-05T10:06:16Z] planner checkpoint: pushed
[2026-06-05T10:06:16Z] planner validation success
[2026-06-05T10:06:16Z] auto-run: transition INIT → PLAN_REVIEW_NEEDED
[2026-06-05T10:06:16Z] auto-run: auto-commit triggered (step=planner, include_code=True)
[2026-06-05T10:06:16Z] commit-checkpoint: unstaged runtime garbage: ['runs/T177/runtime.log']
[2026-06-05T10:06:16Z] commit-checkpoint: sha=7c1aedda files=2 title='docs(T177/workflow): planner — update 2 file(s)'
[2026-06-05T10:06:16Z] auto-run: auto-push triggered
[2026-06-05T10:06:16Z] push: tolerating runtime dirty files (not blocking): ['runs/T177/runtime.log']
[2026-06-05T10:06:16Z] push: pushing branch=ticket/T177-t177-fix-environment-runtime-root-override-propaga
[2026-06-05T10:06:19Z] push: done branch=ticket/T177-t177-fix-environment-runtime-root-override-propaga
[2026-06-05T10:17:44Z] auto-run start: state=IMPLEMENTATION_APPROVED
[2026-06-05T10:17:44Z] auto-run: running step=tester
[2026-06-05T10:17:44Z] prompt: resolved=prompts/generic/tester.md source=generic
[2026-06-05T10:17:44Z] prompt: generic fallback — injecting runs/T177/ticket.md
[2026-06-05T10:17:44Z] compose: global-context=docs/ai/global-context.md
[2026-06-05T10:17:44Z] compose: role=ai/roles/tester.md
[2026-06-05T10:17:44Z] compose: skill=ai/skills/workflow-discipline.md
[2026-06-05T10:17:44Z] compose: skill=ai/skills/testing.md
[2026-06-05T10:17:44Z] compose: skill=ai/skills/debugging.md
[2026-06-05T10:17:44Z] compose: task (canonical prompt)
[2026-06-05T10:17:44Z] snapshot: runtime-prompt=runs/T177/prompts/tester-attempt-1.md
[2026-06-05T10:23:07Z] auto-run start: state=IMPLEMENTATION_APPROVED
[2026-06-05T10:23:07Z] auto-run: running step=tester
[2026-06-05T10:23:07Z] prompt: resolved=prompts/generic/tester.md source=generic
[2026-06-05T10:23:07Z] prompt: generic fallback — injecting runs/T177/ticket.md
[2026-06-05T10:23:07Z] compose: global-context=docs/ai/global-context.md
[2026-06-05T10:23:07Z] compose: role=ai/roles/tester.md
[2026-06-05T10:23:07Z] compose: skill=ai/skills/workflow-discipline.md
[2026-06-05T10:23:07Z] compose: skill=ai/skills/testing.md
[2026-06-05T10:23:07Z] compose: skill=ai/skills/debugging.md
[2026-06-05T10:23:07Z] compose: task (canonical prompt)
[2026-06-05T10:23:07Z] snapshot: runtime-prompt=runs/T177/prompts/tester-attempt-2.md
[2026-06-05T10:23:07Z] auto-run: runtime failure: empty_output (rc=1)
[2026-06-05T10:23:07Z] auto-run: step=tester done rc=1
[2026-06-05T10:23:07Z] auto-run: runtime failure: empty_output (rc=1)
[2026-06-05T10:23:07Z] auto-run: step=tester failed rc=1, state unchanged=IMPLEMENTATION_APPROVED
