[2026-05-15T09:18:28Z] intake: issue=#25 title='T028 — Control API foundation and dashboard-ready orchestration layer' branch=ticket/T028-control-api-foundation
[2026-05-15T09:18:28Z] intake: done
[2026-05-15T09:18:41Z] commit-checkpoint: sha=33a45b2 message='T028: checkpoint [INIT] — update workflow artifacts'
[2026-05-15T09:18:47Z] auto-run start: state=INIT
[2026-05-15T09:18:47Z] auto-run: running step=planner
[2026-05-15T09:18:47Z] prompt: resolved=prompts/generic/planner.md source=generic
[2026-05-15T09:18:47Z] prompt: generic fallback — injecting runs/T028/ticket.md
[2026-05-15T09:18:47Z] compose: global-context=docs/ai/global-context.md
[2026-05-15T09:18:47Z] compose: role=ai/roles/planner.md
[2026-05-15T09:18:47Z] compose: skill=ai/skills/workflow-discipline.md
[2026-05-15T09:18:47Z] compose: skill=ai/skills/architecture-discipline.md
[2026-05-15T09:18:47Z] compose: skill=ai/skills/documentation.md
[2026-05-15T09:18:47Z] compose: task (canonical prompt)
[2026-05-15T09:18:47Z] snapshot: runtime-prompt=runs/T028/prompts/planner-attempt-1.md
[2026-05-15T09:21:48Z] auto-run: step=planner done rc=0
[2026-05-15T09:21:48Z] planner validation success
[2026-05-15T09:21:48Z] auto-run: transition INIT → PLAN_REVIEW_NEEDED
[2026-05-15T09:24:24Z] human-approval: approve-plan — PLAN_REVIEW_NEEDED → PLAN_APPROVED
[2026-05-15T09:24:29Z] commit-checkpoint: sha=e7a949e message='T028: checkpoint [PLAN_APPROVED] — update workflow artifacts'
[2026-05-15T09:24:33Z] auto-run start: state=PLAN_APPROVED
[2026-05-15T09:24:33Z] auto-run: running step=coder
[2026-05-15T09:24:33Z] prompt: resolved=prompts/generic/coder.md source=generic
[2026-05-15T09:24:33Z] prompt: generic fallback — injecting runs/T028/ticket.md
[2026-05-15T09:24:33Z] compose: global-context=docs/ai/global-context.md
[2026-05-15T09:24:33Z] compose: role=ai/roles/coder.md
[2026-05-15T09:24:33Z] compose: skill=ai/skills/workflow-discipline.md
[2026-05-15T09:24:33Z] compose: skill=ai/skills/git-discipline.md
[2026-05-15T09:24:33Z] compose: skill=ai/skills/code-quality.md
[2026-05-15T09:24:33Z] compose: skill=ai/skills/refactor-safety.md
[2026-05-15T09:24:33Z] compose: skill=ai/skills/security.md
[2026-05-15T09:24:33Z] compose: task (canonical prompt)
[2026-05-15T09:24:33Z] snapshot: runtime-prompt=runs/T028/prompts/coder-attempt-1.md
[2026-05-15T09:31:09Z] auto-run: step=coder done rc=0
[2026-05-15T09:31:09Z] auto-run: transition PLAN_APPROVED → IMPLEMENTATION_REVIEW_NEEDED
[2026-05-15T09:32:28Z] commit-checkpoint: out-of-scope skipped: ['services/']
[2026-05-15T09:32:28Z] commit-checkpoint: sha=59a99ce message='T028: checkpoint [IMPLEMENTATION_REVIEW_NEEDED] — update workflow artifacts'
[2026-05-15T09:32:30Z] auto-run start: state=IMPLEMENTATION_REVIEW_NEEDED
[2026-05-15T09:32:30Z] auto-run gate failed: working tree is not clean — commit or stash changes first
[2026-05-15T09:32:40Z] commit-checkpoint: refused — nothing to commit in runs/
[2026-05-15T09:32:43Z] auto-run start: state=IMPLEMENTATION_REVIEW_NEEDED
[2026-05-15T09:32:43Z] auto-run gate failed: working tree is not clean — commit or stash changes first
[2026-05-15T09:33:01Z] commit-checkpoint: refused — nothing to commit in runs/
[2026-05-15T09:34:27Z] commit-checkpoint: refused — nothing to commit in runs/
[2026-05-15T09:34:50Z] auto-run start: state=IMPLEMENTATION_REVIEW_NEEDED
[2026-05-15T09:34:50Z] auto-run: running step=review
[2026-05-15T09:34:50Z] auto-run: review decision context: context_file=runs/T028/reviews/review-decision-context-IMPLEMENTATION_REVIEW_NEEDED.md
[2026-05-15T09:34:50Z] prompt: resolved=prompts/generic/review.md source=generic
[2026-05-15T09:34:50Z] prompt: generic fallback — injecting runs/T028/ticket.md
[2026-05-15T09:34:50Z] compose: global-context=docs/ai/global-context.md
[2026-05-15T09:34:50Z] compose: role=ai/roles/reviewer.md
[2026-05-15T09:34:50Z] compose: skill=ai/skills/workflow-discipline.md
[2026-05-15T09:34:50Z] compose: skill=ai/skills/code-quality.md
[2026-05-15T09:34:50Z] compose: skill=ai/skills/refactor-safety.md
[2026-05-15T09:34:50Z] compose: skill=ai/skills/security.md
[2026-05-15T09:34:50Z] compose: task (canonical prompt)
[2026-05-15T09:34:50Z] compose: extra-context=runs/T028/reviews/review-decision-context-IMPLEMENTATION_REVIEW_NEEDED.md
[2026-05-15T09:34:50Z] snapshot: runtime-prompt=runs/T028/prompts/review-attempt-1.md
[2026-05-15T09:38:19Z] auto-run: step=review done rc=0
[2026-05-15T09:38:19Z] auto-run: review parsed from: runs/T028/reviews/implementation-review.md
[2026-05-15T09:38:19Z] auto-run: review keyword detected: IMPLEMENTATION_APPROVED
[2026-05-15T09:38:19Z] auto-run: transition IMPLEMENTATION_REVIEW_NEEDED → IMPLEMENTATION_APPROVED
[2026-05-15T09:42:45Z] commit-checkpoint: failed to stage apps
[2026-05-15T09:43:03Z] commit-checkpoint: failed to stage apps
[2026-05-15T09:43:53Z] commit-checkpoint: failed to stage apps/
[2026-05-15T09:44:15Z] commit-checkpoint: sha=5dc6994 message='T028: checkpoint [IMPLEMENTATION_APPROVED] — update workflow artifacts'
[2026-05-15T09:44:22Z] auto-run start: state=IMPLEMENTATION_APPROVED
[2026-05-15T09:44:22Z] auto-run: running step=tester
[2026-05-15T09:44:22Z] prompt: resolved=prompts/generic/tester.md source=generic
[2026-05-15T09:44:22Z] prompt: generic fallback — injecting runs/T028/ticket.md
[2026-05-15T09:44:22Z] compose: global-context=docs/ai/global-context.md
[2026-05-15T09:44:22Z] compose: role=ai/roles/tester.md
[2026-05-15T09:44:22Z] compose: skill=ai/skills/workflow-discipline.md
[2026-05-15T09:44:22Z] compose: skill=ai/skills/testing.md
[2026-05-15T09:44:22Z] compose: skill=ai/skills/debugging.md
[2026-05-15T09:44:22Z] compose: task (canonical prompt)
[2026-05-15T09:44:22Z] snapshot: runtime-prompt=runs/T028/prompts/tester-attempt-1.md
[2026-05-15T09:45:53Z] auto-run: step=tester done rc=0
[2026-05-15T09:45:53Z] auto-run: transition IMPLEMENTATION_APPROVED → TEST_COMPLETE
[2026-05-15T09:47:15Z] commit-checkpoint: sha=19b232d message='T028: checkpoint [TEST_COMPLETE] — update workflow artifacts'
[2026-05-15T09:47:24Z] push: pushing branch=ticket/T028-control-api-foundation
[2026-05-15T09:47:26Z] push: done branch=ticket/T028-control-api-foundation
