[2026-06-12T15:05:25Z] auto-run start: state=INIT
[2026-06-12T15:05:25Z] auto-run: running step=planner
[2026-06-12T15:05:25Z] prompt: resolved=prompts/generic/planner.md source=generic
[2026-06-12T15:05:25Z] prompt: generic fallback — injecting runs/T188/ticket.md
[2026-06-12T15:05:25Z] compose: global-context=docs/ai/global-context.md
[2026-06-12T15:05:25Z] compose: role=ai/roles/planner.md
[2026-06-12T15:05:25Z] compose: skill=ai/skills/workflow-discipline.md
[2026-06-12T15:05:25Z] compose: skill=ai/skills/architecture-discipline.md
[2026-06-12T15:05:25Z] compose: skill=ai/skills/documentation.md
[2026-06-12T15:05:25Z] compose: task (canonical prompt)
[2026-06-12T15:05:25Z] snapshot: runtime-prompt=runs/T188/prompts/planner-attempt-1.md
[2026-06-12T15:07:40Z] auto-run: step=planner done rc=0
[2026-06-12T15:07:42Z] planner checkpoint: committed
[2026-06-12T15:07:42Z] planner checkpoint: pushed
[2026-06-12T15:07:42Z] planner validation success
[2026-06-12T15:07:42Z] auto-run: transition INIT → PLAN_REVIEW_NEEDED
[2026-06-12T15:07:42Z] auto-run: auto-commit triggered (step=planner, include_code=True)
[2026-06-12T15:07:42Z] commit-checkpoint: unstaged runtime garbage: ['runs/T188/runtime.log']
[2026-06-12T15:07:42Z] commit-checkpoint: sha=d804b0e8 files=2 title='docs(T188/workflow): planner — update 2 file(s)'
[2026-06-12T15:07:42Z] auto-run: auto-push triggered
[2026-06-12T15:07:42Z] push: tolerating runtime dirty files (not blocking): ['runs/T188/runtime.log']
[2026-06-12T15:07:42Z] push: pushing branch=ticket/T188-t188-route-all-host-filesystem-project-import-and
[2026-06-12T15:07:44Z] push: done branch=ticket/T188-t188-route-all-host-filesystem-project-import-and
[2026-06-12T15:11:02Z] auto-run start: state=PLAN_APPROVED
[2026-06-12T15:11:02Z] auto-run: running step=coder
[2026-06-12T15:11:02Z] prompt: resolved=prompts/generic/coder.md source=generic
[2026-06-12T15:11:02Z] prompt: generic fallback — injecting runs/T188/ticket.md
[2026-06-12T15:11:02Z] compose: global-context=docs/ai/global-context.md
[2026-06-12T15:11:02Z] compose: role=ai/roles/coder.md
[2026-06-12T15:11:02Z] compose: skill=ai/skills/workflow-discipline.md
[2026-06-12T15:11:02Z] compose: skill=ai/skills/git-discipline.md
[2026-06-12T15:11:02Z] compose: skill=ai/skills/code-quality.md
[2026-06-12T15:11:02Z] compose: skill=ai/skills/refactor-safety.md
[2026-06-12T15:11:02Z] compose: skill=ai/skills/security.md
[2026-06-12T15:11:02Z] compose: task (canonical prompt)
[2026-06-12T15:11:02Z] snapshot: runtime-prompt=runs/T188/prompts/coder-attempt-1.md
[2026-06-12T17:58:17Z] auto-run start: state=IMPLEMENTATION_APPROVED
[2026-06-12T17:58:17Z] auto-run: running step=tester
[2026-06-12T17:58:17Z] prompt: resolved=prompts/generic/tester.md source=generic
[2026-06-12T17:58:17Z] prompt: generic fallback — injecting runs/T188/ticket.md
[2026-06-12T17:58:17Z] compose: global-context=docs/ai/global-context.md
[2026-06-12T17:58:17Z] compose: role=ai/roles/tester.md
[2026-06-12T17:58:17Z] compose: skill=ai/skills/workflow-discipline.md
[2026-06-12T17:58:17Z] compose: skill=ai/skills/testing.md
[2026-06-12T17:58:17Z] compose: skill=ai/skills/debugging.md
[2026-06-12T17:58:17Z] compose: task (canonical prompt)
[2026-06-12T17:58:17Z] snapshot: runtime-prompt=runs/T188/prompts/tester-attempt-1.md
[2026-06-12T18:08:22Z] auto-run: step=tester done rc=0
[2026-06-12T18:08:22Z] auto-run: transition IMPLEMENTATION_APPROVED → TEST_COMPLETE
[2026-06-12T18:08:22Z] auto-run: auto-commit triggered (step=tester, include_code=True)
[2026-06-12T18:08:22Z] commit-checkpoint: unstaged runtime garbage: ['runs/T188/runtime.log']
[2026-06-12T18:08:22Z] commit-checkpoint: sha=790478e2 files=4 title='test(T188/workflow): tester — update 4 file(s)'
[2026-06-12T18:08:22Z] auto-run: auto-push triggered
[2026-06-12T18:08:22Z] push: tolerating runtime dirty files (not blocking): ['runs/T188/runtime.log']
[2026-06-12T18:08:22Z] push: pushing branch=ticket/T188-t188-route-all-host-filesystem-project-import-and
