[2026-05-12T22:16:33Z] ensure-branch: creating new branch ticket/T019-normalize-task-source
[2026-05-12T22:16:33Z] ensure-branch: done branch=ticket/T019-normalize-task-source
[2026-05-12T22:16:38Z] auto-init: state=INIT branch=ticket/T019-normalize-task-source
[2026-05-12T22:16:44Z] auto-run start: state=INIT
[2026-05-12T22:16:44Z] auto-run: running step=planner
[2026-05-12T22:16:44Z] compose: global-context=docs/ai/global-context.md
[2026-05-12T22:16:44Z] compose: role=ai/roles/planner.md
[2026-05-12T22:16:44Z] compose: skill=ai/skills/workflow-discipline.md
[2026-05-12T22:16:44Z] compose: skill=ai/skills/architecture-discipline.md
[2026-05-12T22:16:44Z] compose: skill=ai/skills/documentation.md
[2026-05-12T22:16:44Z] compose: task (canonical prompt)
[2026-05-12T22:16:44Z] snapshot: runtime-prompt=runs/T019/prompts/planner-attempt-1.md
[2026-05-12T22:18:14Z] auto-run: step=planner done rc=0
[2026-05-12T22:18:14Z] planner validation success
[2026-05-12T22:18:14Z] auto-run: transition INIT → PLAN_REVIEW_NEEDED
[2026-05-12T22:19:17Z] set-state: PLAN_REVIEW_NEEDED → PLAN_APPROVED (human)
[2026-05-12T22:19:23Z] commit-checkpoint: sha=38c46a1 message='T019: checkpoint [PLAN_APPROVED] — update workflow artifacts'
[2026-05-12T22:19:30Z] auto-run start: state=PLAN_APPROVED
[2026-05-12T22:19:30Z] auto-run: running step=coder
[2026-05-12T22:19:30Z] compose: global-context=docs/ai/global-context.md
[2026-05-12T22:19:30Z] compose: role=ai/roles/coder.md
[2026-05-12T22:19:30Z] compose: skill=ai/skills/workflow-discipline.md
[2026-05-12T22:19:30Z] compose: skill=ai/skills/git-discipline.md
[2026-05-12T22:19:30Z] compose: skill=ai/skills/code-quality.md
[2026-05-12T22:19:30Z] compose: skill=ai/skills/refactor-safety.md
[2026-05-12T22:19:30Z] compose: skill=ai/skills/security.md
[2026-05-12T22:19:30Z] compose: task (canonical prompt)
[2026-05-12T22:19:30Z] snapshot: runtime-prompt=runs/T019/prompts/coder-attempt-1.md
[2026-05-12T22:21:09Z] auto-run: step=coder done rc=0
[2026-05-12T22:21:09Z] auto-run: transition PLAN_APPROVED → IMPLEMENTATION_REVIEW_NEEDED
[2026-05-12T22:21:20Z] commit-checkpoint: sha=f67ad1a message='T019: checkpoint [IMPLEMENTATION_REVIEW_NEEDED] — update workflow artifacts'
[2026-05-12T22:21:23Z] auto-run start: state=IMPLEMENTATION_REVIEW_NEEDED
[2026-05-12T22:21:23Z] auto-run: running step=review
[2026-05-12T22:21:23Z] auto-run: review decision context: context_file=runs/T019/reviews/review-decision-context-IMPLEMENTATION_REVIEW_NEEDED.md
[2026-05-12T22:21:23Z] compose: global-context=docs/ai/global-context.md
[2026-05-12T22:21:23Z] compose: role=ai/roles/reviewer.md
[2026-05-12T22:21:23Z] compose: skill=ai/skills/workflow-discipline.md
[2026-05-12T22:21:23Z] compose: skill=ai/skills/code-quality.md
[2026-05-12T22:21:23Z] compose: skill=ai/skills/refactor-safety.md
[2026-05-12T22:21:23Z] compose: skill=ai/skills/security.md
[2026-05-12T22:21:23Z] compose: task (canonical prompt)
[2026-05-12T22:21:23Z] compose: extra-context=runs/T019/reviews/review-decision-context-IMPLEMENTATION_REVIEW_NEEDED.md
[2026-05-12T22:21:23Z] snapshot: runtime-prompt=runs/T019/prompts/review-attempt-1.md
[2026-05-12T22:22:52Z] auto-run: step=review done rc=0
[2026-05-12T22:22:52Z] auto-run: review parsed from: runs/T019/reviews/implementation-review.md
[2026-05-12T22:22:52Z] auto-run: keyword detected: IMPLEMENTATION_APPROVED
[2026-05-12T22:22:52Z] auto-run: transition IMPLEMENTATION_REVIEW_NEEDED → IMPLEMENTATION_APPROVED
[2026-05-12T22:24:09Z] set-state: IMPLEMENTATION_APPROVED → IMPLEMENTATION_APPROVED (human)
[2026-05-12T22:24:17Z] commit-checkpoint: sha=4788220 message='T019: checkpoint [IMPLEMENTATION_APPROVED] — update workflow artifacts'
[2026-05-12T22:24:29Z] auto-run start: state=IMPLEMENTATION_APPROVED
[2026-05-12T22:24:29Z] auto-run: running step=tester
[2026-05-12T22:24:29Z] compose: global-context=docs/ai/global-context.md
[2026-05-12T22:24:29Z] compose: role=ai/roles/tester.md
[2026-05-12T22:24:29Z] compose: skill=ai/skills/workflow-discipline.md
[2026-05-12T22:24:29Z] compose: skill=ai/skills/testing.md
[2026-05-12T22:24:29Z] compose: skill=ai/skills/debugging.md
[2026-05-12T22:24:29Z] compose: task (canonical prompt)
[2026-05-12T22:24:29Z] snapshot: runtime-prompt=runs/T019/prompts/tester-attempt-1.md
[2026-05-12T22:25:05Z] auto-run: step=tester done rc=0
[2026-05-12T22:25:05Z] auto-run: transition IMPLEMENTATION_APPROVED → TEST_COMPLETE
[2026-05-12T22:25:31Z] commit-checkpoint: sha=c5a3e4d message='T019: checkpoint [TEST_COMPLETE] — update workflow artifacts'
[2026-05-12T22:25:50Z] push: pushing branch=ticket/T019-normalize-task-source
[2026-05-12T22:25:52Z] push: done branch=ticket/T019-normalize-task-source
[2026-05-12T22:48:12Z] commit-checkpoint: refused — current branch 'ticket/T020-local-workflow-daemon' does not match state branch 'ticket/T019-normalize-task-source'
